Archive member included to satisfy reference by file (symbol)

build/cooja/mtype746.a(simEnvChange.o)
                              build/cooja/mtype746.o (simDontFallAsleep)
build/cooja/mtype746.a(cooja_mt.o)
                              build/cooja/mtype746.o (cooja_mt_start)
build/cooja/mtype746.a(cooja_mtarch.o)
                              build/cooja/mtype746.a(cooja_mt.o) (cooja_mtarch_start)
build/cooja/mtype746.a(rtimer-arch.o)
                              build/cooja/mtype746.o (rtimer_arch_check)
build/cooja/mtype746.a(beep.o)
                              build/cooja/mtype746.o (beep_interface)
build/cooja/mtype746.a(leds-arch.o)
                              build/cooja/mtype746.o (leds_interface)
build/cooja/mtype746.a(moteid.o)
                              build/cooja/mtype746.o (moteid_interface)
build/cooja/mtype746.a(pir-sensor.o)
                              build/cooja/mtype746.o (pir_interface)
build/cooja/mtype746.a(rs232.o)
                              build/cooja/mtype746.o (rs232_interface)
build/cooja/mtype746.a(vib-sensor.o)
                              build/cooja/mtype746.o (vib_interface)
build/cooja/mtype746.a(clock.o)
                              build/cooja/mtype746.o (clock_interface)
build/cooja/mtype746.a(cooja-log.o)
                              build/cooja/mtype746.o (simlog_interface)
build/cooja/mtype746.a(cfs-cooja.o)
                              build/cooja/mtype746.o (cfs_interface)
build/cooja/mtype746.a(cooja-radio.o)
                              build/cooja/mtype746.o (radio_interface)
build/cooja/mtype746.a(eeprom.o)
                              build/cooja/mtype746.o (eeprom_interface)
build/cooja/mtype746.a(random.o)
                              build/cooja/mtype746.a(moteid.o) (random_init)
build/cooja/mtype746.a(sensors.o)
                              build/cooja/mtype746.a(pir-sensor.o) (sensors_changed)
build/cooja/mtype746.a(leds.o)
                              build/cooja/mtype746.a(leds-arch.o) (leds_get)
build/cooja/mtype746.a(gpio-hal-arch.o)
                              build/cooja/mtype746.a(leds-arch.o) (gpio_hal_arch_register_pin_callback)
build/cooja/mtype746.a(buttons.o)
                              build/cooja/mtype746.o (button_interface)
build/cooja/mtype746.a(contiki-main.o)
                              build/cooja/mtype746.o (main)
build/cooja/mtype746.a(autostart.o)
                              build/cooja/mtype746.a(contiki-main.o) (autostart_start)
build/cooja/mtype746.a(ctimer.o)
                              build/cooja/mtype746.a(contiki-main.o) (ctimer_init)
build/cooja/mtype746.a(log.o)
                              build/cooja/mtype746.a(contiki-main.o) (curr_log_level_main)
build/cooja/mtype746.a(energest.o)
                              build/cooja/mtype746.a(contiki-main.o) (energest_init)
build/cooja/mtype746.a(etimer.o)
                              build/cooja/mtype746.a(contiki-main.o) (etimer_process)
build/cooja/mtype746.a(node-id.o)
                              build/cooja/mtype746.a(contiki-main.o) (node_id)
build/cooja/mtype746.a(rtimer.o)
                              build/cooja/mtype746.a(contiki-main.o) (rtimer_init)
build/cooja/mtype746.a(process.o)
                              build/cooja/mtype746.a(ctimer.o) (process_current)
build/cooja/mtype746.a(timer.o)
                              build/cooja/mtype746.a(etimer.o) (timer_set)
build/cooja/mtype746.a(list.o)
                              build/cooja/mtype746.a(ctimer.o) (list_init)
build/cooja/mtype746.a(button-hal.o)
                              build/cooja/mtype746.o (button_hal_init)
build/cooja/mtype746.a(serial-line.o)
                              build/cooja/mtype746.a(rs232.o) (serial_line_input_byte)
build/cooja/mtype746.a(gpio-hal.o)
                              build/cooja/mtype746.a(button-hal.o) (gpio_hal_register_handler)
build/cooja/mtype746.a(queuebuf.o)
                              build/cooja/mtype746.a(contiki-main.o) (queuebuf_init)
build/cooja/mtype746.a(packetbuf.o)
                              build/cooja/mtype746.a(cooja-radio.o) (packetbuf_clear)
build/cooja/mtype746.a(netstack.o)
                              build/cooja/mtype746.a(contiki-main.o) (netstack_init)
build/cooja/mtype746.a(linkaddr.o)
                              build/cooja/mtype746.a(contiki-main.o) (linkaddr_node_addr)
build/cooja/mtype746.a(csma.o)
                              build/cooja/mtype746.a(cooja-radio.o) (csma_driver)
build/cooja/mtype746.a(csma-output.o)
                              build/cooja/mtype746.a(csma.o) (csma_output_packet)
build/cooja/mtype746.a(uip-ds6.o)
                              udp_unicast.o (uip_ds6_set_addr_iid)
build/cooja/mtype746.a(uip-ds6-route.o)
                              build/cooja/mtype746.a(uip-ds6.o) (uip_ds6_route_init)
build/cooja/mtype746.a(tcpip.o)
                              build/cooja/mtype746.a(contiki-main.o) (tcpip_process)
build/cooja/mtype746.a(uip6.o)
[...]
Memory Configuration

Name             Origin             Length             Attributes
*default*        0x0000000000000000 0xffffffffffffffff

Linker script and memory map

LOAD /usr/lib/gcc/i686-linux-gnu/7/../../../i386-linux-gnu/crti.o
LOAD /usr/lib/gcc/i686-linux-gnu/7/crtbeginS.o
LOAD udp_unicast.o
LOAD build/cooja/mtype746.o
LOAD build/cooja/mtype746.a
LOAD /usr/lib/gcc/i686-linux-gnu/7/libgcc.a
LOAD /usr/lib/gcc/i686-linux-gnu/7/libgcc_s.so
START GROUP
LOAD /usr/lib/gcc/i686-linux-gnu/7/libgcc_s.so.1
LOAD /usr/lib/gcc/i686-linux-gnu/7/libgcc.a
END GROUP
LOAD /usr/lib/gcc/i686-linux-gnu/7/../../../i386-linux-gnu/libc.so
START GROUP
LOAD /lib/i386-linux-gnu/libc.so.6
LOAD /usr/lib/i386-linux-gnu/libc_nonshared.a
LOAD /lib/i386-linux-gnu/ld-linux.so.2
END GROUP
LOAD /usr/lib/gcc/i686-linux-gnu/7/libgcc.a
LOAD /usr/lib/gcc/i686-linux-gnu/7/libgcc_s.so
START GROUP
LOAD /usr/lib/gcc/i686-linux-gnu/7/libgcc_s.so.1
LOAD /usr/lib/gcc/i686-linux-gnu/7/libgcc.a
END GROUP
LOAD /usr/lib/gcc/i686-linux-gnu/7/crtendS.o
LOAD /usr/lib/gcc/i686-linux-gnu/7/../../../i386-linux-gnu/crtn.o
                0x0000000000000114                . = (SEGMENT_START ("text-segment", 0x0) + SIZEOF_HEADERS)

.note.gnu.build-id
                0x0000000000000114       0x24
 *(.note.gnu.build-id)
 .note.gnu.build-id
                0x0000000000000114       0x24 /usr/lib/gcc/i686-linux-gnu/7/../../../i386-linux-gnu/crti.o

.hash
 *(.hash)

.gnu.hash       0x0000000000000138     0x1438
 *(.gnu.hash)
 .gnu.hash      0x0000000000000138     0x1438 /usr/lib/gcc/i686-linux-gnu/7/../../../i386-linux-gnu/crti.o

.dynsym         0x0000000000001570     0x2920
 *(.dynsym)
 .dynsym        0x0000000000001570     0x2920 /usr/lib/gcc/i686-linux-gnu/7/../../../i386-linux-gnu/crti.o

.dynstr         0x0000000000003e90     0x2ec8
 *(.dynstr)
 .dynstr        0x0000000000003e90     0x2ec8 /usr/lib/gcc/i686-linux-gnu/7/../../../i386-linux-gnu/crti.o

.gnu.version    0x0000000000006d58      0x524
 *(.gnu.version)
 .gnu.version   0x0000000000006d58      0x524 /usr/lib/gcc/i686-linux-gnu/7/../../../i386-linux-gnu/crti.o

.gnu.version_d  0x000000000000727c        0x0
 *(.gnu.version_d)
 .gnu.version_d
                0x000000000000727c        0x0 /usr/lib/gcc/i686-linux-gnu/7/../../../i386-linux-gnu/crti.o

.gnu.version_r  0x000000000000727c       0x40
 *(.gnu.version_r)
 .gnu.version_r
                0x000000000000727c       0x40 /usr/lib/gcc/i686-linux-gnu/7/../../../i386-linux-gnu/crti.o

.rel.dyn        0x00000000000072bc      0xdb8
 *(.rel.init)
 .rel.init      0x00000000000072bc        0x0 /usr/lib/gcc/i686-linux-gnu/7/../../../i386-linux-gnu/crti.o
 *(.rel.text .rel.text.* .rel.gnu.linkonce.t.*)
 .rel.text      0x00000000000072bc      0x4f8 /usr/lib/gcc/i686-linux-gnu/7/../../../i386-linux-gnu/crti.o
 *(.rel.fini)
 .rel.fini      0x00000000000077b4        0x0 /usr/lib/gcc/i686-linux-gnu/7/../../../i386-linux-gnu/crti.o
 *(.rel.rodata .rel.rodata.* .rel.gnu.linkonce.r.*)
 *(.rel.data.rel.ro .rel.data.rel.ro.* .rel.gnu.linkonce.d.rel.ro.*)
 .rel.data.rel.ro.local
                0x00000000000077b4      0x208 /usr/lib/gcc/i686-linux-gnu/7/../../../i386-linux-gnu/crti.o
 .rel.data.rel.ro
                0x00000000000079bc       0xb0 /usr/lib/gcc/i686-linux-gnu/7/../../../i386-linux-gnu/crti.o
 *(.rel.data .rel.data.* .rel.gnu.linkonce.d.*)
 .rel.data.rel.local
                0x0000000000007a6c      0x2f0 /usr/lib/gcc/i686-linux-gnu/7/../../../i386-linux-gnu/crti.o
 .rel.data.rel  0x0000000000007d5c       0x78 /usr/lib/gcc/i686-linux-gnu/7/../../../i386-linux-gnu/crti.o
 *(.rel.tdata .rel.tdata.* .rel.gnu.linkonce.td.*)
 *(.rel.tbss .rel.tbss.* .rel.gnu.linkonce.tb.*)
 *(.rel.ctors)
 *(.rel.dtors)
 *(.rel.got)
 .rel.got       0x0000000000007dd4      0x290 /usr/lib/gcc/i686-linux-gnu/7/../../../i386-linux-gnu/crti.o
 *(.rel.bss .rel.bss.* .rel.gnu.linkonce.b.*)
 *(.rel.ifunc)
 .rel.ifunc     0x0000000000008064        0x0 /usr/lib/gcc/i686-linux-gnu/7/../../../i386-linux-gnu/crti.o
 .rel.fini_array
                0x0000000000008064        0x8 /usr/lib/gcc/i686-linux-gnu/7/../../../i386-linux-gnu/crti.o
 .rel.init_array
                0x000000000000806c        0x8 /usr/lib/gcc/i686-linux-gnu/7/../../../i386-linux-gnu/crti.o

.rel.plt        0x0000000000008074      0x948
 *(.rel.plt)
 .rel.plt       0x0000000000008074      0x948 /usr/lib/gcc/i686-linux-gnu/7/../../../i386-linux-gnu/crti.o
 *(.rel.iplt)

.init           0x00000000000089bc       0x23
 *(SORT_NONE(.init))
 .init          0x00000000000089bc       0x1e /usr/lib/gcc/i686-linux-gnu/7/../../../i386-linux-gnu/crti.o
                0x00000000000089bc                _init
 .init          0x00000000000089da        0x5 /usr/lib/gcc/i686-linux-gnu/7/../../../i386-linux-gnu/crtn.o

.plt            0x00000000000089e0     0x12a0
 *(.plt)
 .plt           0x00000000000089e0     0x12a0 /usr/lib/gcc/i686-linux-gnu/7/../../../i386-linux-gnu/crti.o
 *(.iplt)

.plt.got        0x0000000000009c80       0x18
 *(.plt.got)
 .plt.got       0x0000000000009c80       0x18 /usr/lib/gcc/i686-linux-gnu/7/../../../i386-linux-gnu/crti.o

.plt.sec
 *(.plt.sec)

.text           0x0000000000009ca0    0x17eb4
 *(.text.unlikely .text.*_unlikely .text.unlikely.*)
 *(.text.exit .text.exit.*)
 *(.text.startup .text.startup.*)
 *(.text.hot .text.hot.*)
 *(.text .stub .text.* .gnu.linkonce.t.*)
 .text          0x0000000000009ca0        0x0 /usr/lib/gcc/i686-linux-gnu/7/../../../i386-linux-gnu/crti.o
 .gnu.linkonce.t.__x86.get_pc_thunk.bx
                0x0000000000009ca0        0x4 /usr/lib/gcc/i686-linux-gnu/7/../../../i386-linux-gnu/crti.o
                0x0000000000009ca0                __x86.get_pc_thunk.bx
 *fill*         0x0000000000009ca4        0xc 
 .text          0x0000000000009cb0       0xe9 /usr/lib/gcc/i686-linux-gnu/7/crtbeginS.o
 .text.__x86.get_pc_thunk.dx
                0x0000000000009d99        0x4 /usr/lib/gcc/i686-linux-gnu/7/crtbeginS.o
                0x0000000000009d99                __x86.get_pc_thunk.dx
 .text          0x0000000000009d9d      0x347 udp_unicast.o
 .text.__x86.get_pc_thunk.ax
                0x000000000000a0e4        0x4 udp_unicast.o
                0x000000000000a0e4                __x86.get_pc_thunk.ax
 .text          0x000000000000a0e8      0x36b build/cooja/mtype746.o
                0x000000000000a19a                platform_init_stage_one
                0x000000000000a1bd                platform_init_stage_two
                0x000000000000a1e0                platform_init_stage_three
                0x000000000000a203                platform_main_loop
                0x000000000000a2a9                Java_org_contikios_cooja_corecomm_Lib11_init
                0x000000000000a2f7                Java_org_contikios_cooja_corecomm_Lib11_getMemory
                0x000000000000a337                Java_org_contikios_cooja_corecomm_Lib11_setMemory
                0x000000000000a3a8                Java_org_contikios_cooja_corecomm_Lib11_tick
                0x000000000000a432                Java_org_contikios_cooja_corecomm_Lib11_setReferenceAddress
 .text          0x000000000000a453       0x8d build/cooja/mtype746.a(simEnvChange.o)
                0x000000000000a453                doActionsBeforeTick
                0x000000000000a499                doActionsAfterTick
 .text          0x000000000000a4e0       0xb6 build/cooja/mtype746.a(cooja_mt.o)
                0x000000000000a4e0                cooja_mt_start
                0x000000000000a51a                cooja_mt_exec
                0x000000000000a561                cooja_mt_yield
 .text          0x000000000000a596       0xf2 build/cooja/mtype746.a(cooja_mtarch.o)
                0x000000000000a596                cooja_mtarch_start
                0x000000000000a61a                cooja_sw
                0x000000000000a648                cooja_mtarch_exec
                0x000000000000a673                cooja_mtarch_yield
 .text          0x000000000000a688      0x127 build/cooja/mtype746.a(rtimer-arch.o)
                0x000000000000a688                rtimer_arch_init
                0x000000000000a6b7                rtimer_arch_schedule
                0x000000000000a6f9                rtimer_arch_next
                0x000000000000a713                rtimer_arch_pending
                0x000000000000a72a                rtimer_arch_check
                0x000000000000a795                rtimer_arch_now
 .text.__x86.get_pc_thunk.cx
                0x000000000000a7af        0x4 build/cooja/mtype746.a(rtimer-arch.o)
                0x000000000000a7af                __x86.get_pc_thunk.cx
 .text          0x000000000000a7b3      0x101 build/cooja/mtype746.a(beep.o)
                0x000000000000a7b3                beep_alarm
                0x000000000000a7cc                beep_beep
                0x000000000000a7e5                beep
                0x000000000000a7fe                beep_down
                0x000000000000a817                beep_on
                0x000000000000a830                beep_off
                0x000000000000a849                beep_spinup
                0x000000000000a862                beep_quick
                0x000000000000a87b                beep_long
 .text          0x000000000000a8b4       0x9f build/cooja/mtype746.a(leds-arch.o)
                0x000000000000a8d8                leds_arch_init
 .text          0x000000000000a953       0x56 build/cooja/mtype746.a(moteid.o)
 .text          0x000000000000a9a9      0x101 build/cooja/mtype746.a(pir-sensor.o)
 .text          0x000000000000aaaa      0x1cc build/cooja/mtype746.a(rs232.o)
                0x000000000000aaaa                rs232_init
                0x000000000000aaba                rs232_set_speed
                0x000000000000aad3                rs232_set_input
                0x000000000000aaec                rs232_send
                0x000000000000ab22                rs232_print
                0x000000000000ab50                slip_arch_writeb
 .text          0x000000000000ac76      0x101 build/cooja/mtype746.a(vib-sensor.o)
 .text          0x000000000000ad77       0x7a build/cooja/mtype746.a(clock.o)
                0x000000000000ad77                clock_init
                0x000000000000ad87                clock_time
                0x000000000000ad9e                clock_seconds
                0x000000000000adc1                clock_delay
 .text          0x000000000000adf1      0x2b5 build/cooja/mtype746.a(cooja-log.o)
                0x000000000000adf1                simlog_char
                0x000000000000ae55                simlog
                0x000000000000aeef                log_message
                0x000000000000af3e                log_set_putchar_with_slip
                0x000000000000af57                log_putchar
                0x000000000000afe2                log_puts
                0x000000000000b014                log_printf
 .text          0x000000000000b0a6      0x36c build/cooja/mtype746.a(cfs-cooja.o)
                0x000000000000b0a6                cfs_open
                0x000000000000b11e                cfs_close
                0x000000000000b135                cfs_read
                0x000000000000b1e9                cfs_write
                0x000000000000b2e7                cfs_seek
                0x000000000000b384                cfs_remove
                0x000000000000b3ba                cfs_opendir
                0x000000000000b3ce                cfs_readdir
                0x000000000000b3e2                cfs_closedir
 .text          0x000000000000b412      0x78b build/cooja/mtype746.a(cooja-radio.o)
                0x000000000000b480                radio_set_channel
                0x000000000000b499                radio_set_txpower
                0x000000000000b4bc                radio_signal_strength_last
                0x000000000000b4d1                radio_signal_strength_current
                0x000000000000b4e6                radio_LQI
 .text          0x000000000000bb9d      0x130 build/cooja/mtype746.a(eeprom.o)
                0x000000000000bb9d                eeprom_init
                0x000000000000bbad                eeprom_read
                0x000000000000bc2d                eeprom_write
 .text          0x000000000000bccd       0x4e build/cooja/mtype746.a(random.o)
                0x000000000000bccd                random_init
                0x000000000000bcfd                random_rand
 .text          0x000000000000bd1b      0x332 build/cooja/mtype746.a(sensors.o)
                0x000000000000bd62                sensors_first
                0x000000000000bd79                sensors_next
                0x000000000000bda4                sensors_changed
                0x000000000000bdf1                sensors_find
 .text          0x000000000000c04d      0x3fc build/cooja/mtype746.a(leds.o)
                0x000000000000c04d                leds_init
                0x000000000000c0a5                leds_single_on
                0x000000000000c11d                leds_single_off
                0x000000000000c195                leds_single_toggle
                0x000000000000c1d9                leds_on
                0x000000000000c271                leds_off
                0x000000000000c309                leds_toggle
                0x000000000000c36f                leds_set
                0x000000000000c3a5                leds_get
 .text          0x000000000000c449      0x401 build/cooja/mtype746.a(gpio-hal-arch.o)
                0x000000000000c449                gpio_hal_arch_register_pin_callback
                0x000000000000c4ca                gpio_hal_arch_init
                0x000000000000c524                gpio_hal_arch_no_port_interrupt_enable
                0x000000000000c55e                gpio_hal_arch_no_port_interrupt_disable
                0x000000000000c598                gpio_hal_arch_no_port_pin_cfg_set
                0x000000000000c5c7                gpio_hal_arch_no_port_pin_cfg_get
                0x000000000000c5f7                gpio_hal_arch_no_port_pin_set_input
                0x000000000000c613                gpio_hal_arch_no_port_pin_set_output
                0x000000000000c62f                gpio_hal_arch_no_port_set_pin
                0x000000000000c65a                gpio_hal_arch_no_port_clear_pin
                0x000000000000c685                gpio_hal_arch_no_port_read_pin
                0x000000000000c6b7                gpio_hal_arch_no_port_write_pin
                0x000000000000c6eb                gpio_hal_arch_no_port_set_pins
                0x000000000000c73c                gpio_hal_arch_no_port_clear_pins
                0x000000000000c78d                gpio_hal_arch_no_port_read_pins
                0x000000000000c7e0                gpio_hal_arch_no_port_write_pins
 .text          0x000000000000c84a       0xc6 build/cooja/mtype746.a(buttons.o)
 .text          0x000000000000c910      0x3c1 build/cooja/mtype746.a(contiki-main.o)
                0x000000000000c910                main
 .text          0x000000000000ccd1       0xb0 build/cooja/mtype746.a(autostart.o)
                0x000000000000ccd1                autostart_start
                0x000000000000cd2a                autostart_exit
 .text          0x000000000000cd81      0x400 build/cooja/mtype746.a(ctimer.o)
                0x000000000000cec4                ctimer_init
                0x000000000000cf09                ctimer_set
                0x000000000000cf3c                ctimer_set_with_process
                0x000000000000cfd3                ctimer_reset
                0x000000000000d041                ctimer_restart
                0x000000000000d0af                ctimer_stop
                0x000000000000d10f                ctimer_expired
 .text          0x000000000000d181      0x4a3 build/cooja/mtype746.a(log.o)
                0x000000000000d181                log_6addr
                0x000000000000d1e5                log_6addr_compact_snprint
                0x000000000000d2a5                log_6addr_compact
                0x000000000000d309                log_lladdr
                0x000000000000d390                log_lladdr_compact
                0x000000000000d40d                log_bytes
                0x000000000000d461                log_set_level
                0x000000000000d53f                log_get_level
                0x000000000000d5d0                log_level_to_str
 .text          0x000000000000d624       0x39 build/cooja/mtype746.a(energest.o)
                0x000000000000d624                energest_init
                0x000000000000d634                energest_flush
                0x000000000000d644                energest_get_total_time
 .text          0x000000000000d65d      0x527 build/cooja/mtype746.a(etimer.o)
                0x000000000000d8b2                etimer_request_poll
                0x000000000000d963                etimer_set
                0x000000000000d99c                etimer_reset_with_new_interval
                0x000000000000d9db                etimer_reset
                0x000000000000da11                etimer_restart
                0x000000000000da47                etimer_adjust
                0x000000000000da6e                etimer_expired
                0x000000000000da8b                etimer_expiration_time
                0x000000000000daa7                etimer_start_time
                0x000000000000dabb                etimer_pending
                0x000000000000dad8                etimer_next_expiration_time
                0x000000000000db00                etimer_stop
 .text          0x000000000000db84       0x36 build/cooja/mtype746.a(node-id.o)
                0x000000000000db84                node_id_init
 .text          0x000000000000dbba      0x122 build/cooja/mtype746.a(rtimer.o)
                0x000000000000dbba                rtimer_init
                0x000000000000dbd9                rtimer_set
                0x000000000000dc67                rtimer_run_next
 .text          0x000000000000dcdc      0x5cb build/cooja/mtype746.a(process.o)
                0x000000000000dcdc                process_alloc_event
                0x000000000000dcfd                process_start
                0x000000000000df02                process_exit
                0x000000000000df2a                process_init
                0x000000000000e0f2                process_run
                0x000000000000e135                process_nevents
                0x000000000000e15a                process_post
                0x000000000000e207                process_post_synch
                0x000000000000e24d                process_poll
                0x000000000000e289                process_is_running
 .text.__x86.get_pc_thunk.si
                0x000000000000e2a7        0x4 build/cooja/mtype746.a(process.o)
                0x000000000000e2a7                __x86.get_pc_thunk.si
 .text          0x000000000000e2ab       0xf6 build/cooja/mtype746.a(timer.o)
                0x000000000000e2ab                timer_set
                0x000000000000e2da                timer_reset
                0x000000000000e311                timer_restart
                0x000000000000e337                timer_expired
                0x000000000000e375                timer_remaining
 .text          0x000000000000e3a1      0x311 build/cooja/mtype746.a(list.o)
                0x000000000000e3a1                list_init
                0x000000000000e3ba                list_head
                0x000000000000e3ce                list_copy
                0x000000000000e3e8                list_tail
                0x000000000000e428                list_add
                0x000000000000e47e                list_push
                0x000000000000e4b4                list_chop
                0x000000000000e528                list_pop
                0x000000000000e55a                list_remove
                0x000000000000e5cc                list_length
                0x000000000000e604                list_insert
                0x000000000000e653                list_item_next
                0x000000000000e674                list_contains
 .text          0x000000000000e6b2      0x566 build/cooja/mtype746.a(button-hal.o)
                0x000000000000e8a6                button_hal_get_by_id
                0x000000000000e8f0                button_hal_get_by_index
                0x000000000000e92a                button_hal_get_state
                0x000000000000e98c                button_hal_init
 .text          0x000000000000ec18      0x242 build/cooja/mtype746.a(serial-line.o)
                0x000000000000ec18                serial_line_input_byte
                0x000000000000ee10                serial_line_init
 .text          0x000000000000ee5a      0x1d6 build/cooja/mtype746.a(gpio-hal.o)
                0x000000000000ee5a                gpio_hal_register_handler
                0x000000000000ee88                gpio_hal_event_handler
                0x000000000000eef5                gpio_hal_init
                0x000000000000ef24                gpio_hal_arch_port_toggle_pin
                0x000000000000ef6f                gpio_hal_arch_port_toggle_pins
                0x000000000000efac                gpio_hal_arch_no_port_toggle_pin
                0x000000000000eff9                gpio_hal_arch_no_port_toggle_pins
 .text          0x000000000000f030      0x3a9 build/cooja/mtype746.a(queuebuf.o)
                0x000000000000f044                queuebuf_init
                0x000000000000f080                queuebuf_numfree
                0x000000000000f0aa                queuebuf_new_from_packetbuf
                0x000000000000f15e                queuebuf_update_attr_from_packetbuf
                0x000000000000f1a2                queuebuf_update_from_packetbuf
                0x000000000000f201                queuebuf_free
                0x000000000000f25f                queuebuf_to_packetbuf
                0x000000000000f2dc                queuebuf_dataptr
                0x000000000000f328                queuebuf_datalen
                0x000000000000f355                queuebuf_addr
                0x000000000000f394                queuebuf_attr
                0x000000000000f3c9                queuebuf_debug_print
 .text          0x000000000000f3d9      0x4dd build/cooja/mtype746.a(packetbuf.o)
                0x000000000000f3d9                packetbuf_clear
                0x000000000000f40f                packetbuf_copyfrom
                0x000000000000f46f                packetbuf_copyto
                0x000000000000f50d                packetbuf_hdralloc
                0x000000000000f59d                packetbuf_hdrreduce
                0x000000000000f5ef                packetbuf_set_datalen
                0x000000000000f614                packetbuf_dataptr
                0x000000000000f63b                packetbuf_hdrptr
                0x000000000000f650                packetbuf_datalen
                0x000000000000f666                packetbuf_hdrlen
                0x000000000000f685                packetbuf_totlen
                0x000000000000f6a5                packetbuf_remaininglen
                0x000000000000f6c2                packetbuf_attr_clear
                0x000000000000f728                packetbuf_attr_copyto
                0x000000000000f76e                packetbuf_attr_copyfrom
                0x000000000000f7b4                packetbuf_set_attr
                0x000000000000f7ea                packetbuf_attr
                0x000000000000f810                packetbuf_set_addr
                0x000000000000f858                packetbuf_addr
                0x000000000000f882                packetbuf_holds_broadcast
 .text          0x000000000000f8b6      0x13c build/cooja/mtype746.a(netstack.o)
                0x000000000000f8b6                netstack_process_ip_callback
                0x000000000000f957                netstack_ip_packet_processor_add
                0x000000000000f98b                uip_ds6_ip_packet_processor_rm
                0x000000000000f9b9                netstack_init
 .text          0x000000000000f9f2       0x75 build/cooja/mtype746.a(linkaddr.o)
                0x000000000000f9f2                linkaddr_copy
                0x000000000000fa12                linkaddr_cmp
                0x000000000000fa45                linkaddr_set_node_addr
 .text          0x000000000000fa67      0x2ae build/cooja/mtype746.a(csma.o)
 .text          0x000000000000fd15      0xa6f build/cooja/mtype746.a(csma-output.o)
                0x0000000000010487                csma_output_packet
                0x0000000000010736                csma_output_init
 .text          0x0000000000010784      0xe47 build/cooja/mtype746.a(uip-ds6.o)
                0x0000000000010784                uip_ds6_default_prefix
                0x0000000000010799                uip_ds6_set_default_prefix
                0x00000000000107cf                uip_ds6_init
                0x0000000000010a6a                uip_ds6_periodic
                0x0000000000010b12                uip_ds6_list_loop
                0x0000000000010be1                uip_ds6_prefix_add
                0x0000000000010ca8                uip_ds6_prefix_rm
                0x0000000000010cc5                uip_ds6_prefix_lookup
                0x0000000000010d18                uip_ds6_is_addr_onlink
                0x0000000000010da5                uip_ds6_addr_add
                0x0000000000010ee7                uip_ds6_addr_rm
                0x0000000000010fa6                uip_ds6_addr_lookup
                0x0000000000010ff6                uip_ds6_get_link_local
                0x0000000000011094                uip_ds6_get_global
                0x0000000000011132                uip_ds6_maddr_add
                0x00000000000111ae                uip_ds6_maddr_rm
                0x00000000000111cb                uip_ds6_maddr_lookup
                0x000000000001121e                uip_ds6_aaddr_add
                0x0000000000011297                uip_ds6_aaddr_rm
                0x00000000000112b4                uip_ds6_aaddr_lookup
                0x0000000000011304                uip_ds6_select_src
                0x0000000000011472                uip_ds6_set_addr_iid
                0x00000000000114a7                uip_ds6_set_lladdr_from_iid
                0x00000000000114da                get_match_length
                0x0000000000011575                uip_ds6_compute_reachable_time
 .text          0x00000000000115cb      0x453 build/cooja/mtype746.a(uip-ds6-route.o)
                0x000000000001162d                uip_ds6_route_init
                0x0000000000011669                uip_ds6_route_count_nexthop_neighbors
                0x000000000001167d                uip_ds6_route_nexthop
                0x0000000000011691                uip_ds6_route_head
                0x00000000000116a5                uip_ds6_route_next
                0x00000000000116b9                uip_ds6_route_is_nexthop
                0x00000000000116cd                uip_ds6_route_num_routes
                0x00000000000116e1                uip_ds6_route_lookup
                0x00000000000116f5                uip_ds6_route_add
                0x0000000000011712                uip_ds6_route_rm
                0x0000000000011722                uip_ds6_route_rm_by_nexthop
                0x0000000000011732                uip_ds6_defrt_head
                0x000000000001175c                uip_ds6_defrt_add
                0x000000000001181c                uip_ds6_defrt_rm
                0x0000000000011895                uip_ds6_defrt_lookup
                0x000000000001190c                uip_ds6_defrt_choose
                0x0000000000011992                uip_ds6_defrt_periodic
 .text          0x0000000000011a1e      0x870 build/cooja/mtype746.a(tcpip.o)
                0x0000000000011a44                tcpip_output
                0x0000000000011af3                udp_attach
                0x0000000000011b15                udp_new
                0x0000000000011b6f                udp_broadcast_new
                0x0000000000011d0f                tcpip_input
                0x0000000000011f05                tcpip_ipv6_output
                0x0000000000012141                tcpip_poll_udp
                0x0000000000012171                tcpip_uipcall
 .text          0x000000000001228e     0x1520 build/cooja/mtype746.a(uip6.o)
                0x0000000000012347                uip_chksum
                0x000000000001243f                uip_icmp6chksum
                0x000000000001245e                uip_udpchksum
                0x000000000001247d                uip_init
                0x00000000000124dc                uip_remove_ext_hdr
                0x00000000000125d7                uip_udp_new
                0x0000000000012950                uip_process
                0x000000000001363e                uip_htons
                0x000000000001366a                uip_htonl
                0x00000000000136b4                uip_send
 .text          0x00000000000137ae      0x43e build/cooja/mtype746.a(uip-ds6-nbr.o)
                0x00000000000137ae                uip_ds6_neighbors_init
                0x00000000000137e4                uip_ds6_nbr_add
                0x000000000001387e                uip_ds6_nbr_rm
                0x00000000000138dd                uip_ds6_nbr_update_ll
                0x00000000000139da                uip_ds6_nbr_get_ipaddr
                0x00000000000139f9                uip_ds6_nbr_get_ll
                0x0000000000013a26                uip_ds6_nbr_num
                0x0000000000013a80                uip_ds6_nbr_head
                0x0000000000013aaa                uip_ds6_nbr_next
                0x0000000000013ad7                uip_ds6_nbr_lookup
                0x0000000000013b3e                uip_ds6_nbr_ll_lookup
                0x0000000000013b6b                uip_ds6_nbr_ipaddr_from_lladdr
                0x0000000000013b9e                uip_ds6_nbr_lladdr_from_ipaddr
                0x0000000000013bdc                uip_ds6_link_callback
 .text          0x0000000000013bec      0x810 build/cooja/mtype746.a(uip-nd6.o)
                0x00000000000143d1                uip_nd6_init
 .text          0x00000000000143fc      0x44d build/cooja/mtype746.a(simple-udp.o)
                0x000000000001443a                simple_udp_send
                0x00000000000144ac                simple_udp_sendto
                0x0000000000014517                simple_udp_sendto_port
                0x0000000000014580                simple_udp_register
 .text          0x0000000000014849     0x33b0 build/cooja/mtype746.a(sicslowpan.o)
                0x0000000000014f47                netstack_sniffer_add
                0x0000000000014f60                netstack_sniffer_remove
                0x0000000000017bb8                sicslowpan_init
                0x0000000000017be4                sicslowpan_get_last_rssi
 .text          0x0000000000017bf9      0x51a build/cooja/mtype746.a(uiplib.o)
                0x0000000000017bf9                uiplib_ip6addrconv
                0x0000000000017dbf                uiplib_ip4addrconv
                0x0000000000017e8c                uiplib_ipaddr_print
                0x0000000000017ef0                uiplib_ipaddr_snprint
 .text          0x0000000000018113      0x610 build/cooja/mtype746.a(rpl.o)
                0x0000000000018113                rpl_lollipop_greater_than
                0x0000000000018176                rpl_get_global_address
                0x00000000000182ac                rpl_link_callback
                0x000000000001830f                rpl_has_joined
                0x0000000000018345                rpl_is_reachable
                0x00000000000183e8                rpl_reset_prefix
                0x0000000000018464                rpl_set_prefix_from_addr
                0x0000000000018576                rpl_set_prefix
                0x00000000000186ea                rpl_set_leaf_only
                0x000000000001870d                rpl_get_leaf_only
 .text          0x0000000000018723     0x1491 build/cooja/mtype746.a(rpl-icmp6.o)
                0x0000000000018880                rpl_icmp6_update_nbr_table
                0x0000000000018932                rpl_icmp6_dis_output
                0x0000000000018f47                rpl_icmp6_dio_output
                0x00000000000197a0                rpl_icmp6_dao_output
                0x0000000000019acd                rpl_icmp6_dao_ack_output
                0x0000000000019b54                rpl_icmp6_init
 .text          0x0000000000019bb4      0x2e4 build/cooja/mtype746.a(rpl-dag-root.o)
                0x0000000000019bb4                rpl_dag_root_print_links
                0x0000000000019d0d                rpl_dag_root_set_prefix
                0x0000000000019d48                rpl_dag_root_start
                0x0000000000019e56                rpl_dag_root_is_root
 .text          0x0000000000019e98       0x6b build/cooja/mtype746.a(watchdog.o)
                0x0000000000019e98                watchdog_init
                0x0000000000019ea8                watchdog_start
                0x0000000000019eb8                watchdog_periodic
                0x0000000000019ee3                watchdog_stop
                0x0000000000019ef3                watchdog_reboot
 .text          0x0000000000019f03       0x75 build/cooja/mtype746.a(int-master.o)
                0x0000000000019f03                int_master_enable
                0x0000000000019f1d                int_master_read_and_disable
                0x0000000000019f45                int_master_status_set
                0x0000000000019f5e                int_master_is_enabled
 .text          0x0000000000019f78      0x11d build/cooja/mtype746.a(stimer.o)
                0x0000000000019f78                stimer_set
                0x0000000000019fa7                stimer_reset
                0x0000000000019fde                stimer_restart
                0x000000000001a004                stimer_expired
                0x000000000001a040                stimer_remaining
                0x000000000001a06c                stimer_elapsed
 .text          0x000000000001a095      0x188 build/cooja/mtype746.a(ringbuf.o)
                0x000000000001a095                ringbuf_init
                0x000000000001a0d1                ringbuf_put
                0x000000000001a159                ringbuf_get
                0x000000000001a1d0                ringbuf_size
                0x000000000001a1ec                ringbuf_elements
 .text          0x000000000001a21d      0x1ec build/cooja/mtype746.a(memb.o)
                0x000000000001a21d                memb_init
                0x000000000001a281                memb_alloc
                0x000000000001a2ee                memb_free
                0x000000000001a36f                memb_inmemb
                0x000000000001a3b8                memb_numfree
 .text          0x000000000001a409       0x31 build/cooja/mtype746.a(assert.o)
                0x000000000001a409                _xassert
 .text          0x000000000001a43a      0xb68 build/cooja/mtype746.a(nbr-table.o)
                0x000000000001a7dc                nbr_table_count_entries
                0x000000000001a889                nbr_table_gc_get_worst
                0x000000000001a8c9                nbr_table_can_accept_new
                0x000000000001aa52                nbr_table_entry_is_allowed
                0x000000000001aaf2                nbr_table_register
                0x000000000001ab70                nbr_table_is_registered
                0x000000000001abb5                nbr_table_head
                0x000000000001ac22                nbr_table_next
                0x000000000001ac94                nbr_table_add_lladdr
                0x000000000001ade3                nbr_table_get_from_lladdr
                0x000000000001ae40                nbr_table_remove
                0x000000000001ae8b                nbr_table_lock
                0x000000000001aeb1                nbr_table_unlock
                0x000000000001aed7                nbr_table_get_lladdr
                0x000000000001af0d                nbr_table_clear
                0x000000000001af52                nbr_table_key_head
                0x000000000001af7c                nbr_table_key_next
 .text          0x000000000001afa2      0x450 build/cooja/mtype746.a(link-stats.o)
                0x000000000001afa2                link_stats_from_lladdr
                0x000000000001afcf                link_stats_get_lladdr
                0x000000000001affc                link_stats_is_fresh
                0x000000000001b049                guess_etx_from_rssi
                0x000000000001b0cf                link_stats_packet_sent
                0x000000000001b213                link_stats_input_callback
                0x000000000001b347                link_stats_reset
                0x000000000001b3a9                link_stats_init
 .text          0x000000000001b3f2      0x1a8 build/cooja/mtype746.a(mac-sequence.o)
                0x000000000001b3f2                mac_sequence_is_duplicate
                0x000000000001b4b2                mac_sequence_register_seqno
 .text          0x000000000001b59a       0x2d build/cooja/mtype746.a(mac.o)
                0x000000000001b59a                mac_call_sent_callback
 .text          0x000000000001b5c7      0x477 build/cooja/mtype746.a(framer-802154.o)
                0x000000000001b76a                framer_802154_setup_params
 .text          0x000000000001ba3e      0xc1a build/cooja/mtype746.a(frame802154.o)
                0x000000000001ba79                frame802154_get_pan_id
                0x000000000001ba8f                frame802154_set_pan_id
                0x000000000001bab4                frame802154_has_panid
                0x000000000001bc6d                frame802154_check_dest_panid
                0x000000000001bcff                frame802154_is_broadcast_addr
                0x000000000001bd56                frame802154_extract_linkaddr
                0x000000000001bfdf                frame802154_hdrlen
                0x000000000001c05c                frame802154_create_fcf
                0x000000000001c11e                frame802154_create
                0x000000000001c2a9                frame802154_parse_fcf
                0x000000000001c395                frame802154_parse
 .text          0x000000000001c658       0x4e build/cooja/mtype746.a(csma-security.o)
                0x000000000001c658                csma_security_create_frame
                0x000000000001c689                csma_security_parse_frame
 .text          0x000000000001c6a6      0x5d3 build/cooja/mtype746.a(uipbuf.o)
                0x000000000001c6a6                uipbuf_clear
                0x000000000001c6dd                uipbuf_add_ext_hdr
                0x000000000001c778                uipbuf_set_len
                0x000000000001c7b2                uipbuf_set_len_field
                0x000000000001c7e8                uipbuf_get_len_field
                0x000000000001c812                uipbuf_get_next_header
                0x000000000001c963                uipbuf_get_last_header
                0x000000000001c9e6                uipbuf_search_header
                0x000000000001caaa                uipbuf_get_attr
                0x000000000001cadb                uipbuf_set_attr
                0x000000000001cb1c                uipbuf_set_default_attr
                0x000000000001cb5d                uipbuf_clear_attr
                0x000000000001cb9d                uipbuf_set_attr_flag
                0x000000000001cbc9                uipbuf_clr_attr_flag
                0x000000000001cbfb                uipbuf_is_attr_flag
                0x000000000001cc29                uipbuf_init
 .text          0x000000000001cc79      0x8b7 build/cooja/mtype746.a(uip-icmp6.o)
                0x000000000001ccfe                uip_icmp6_input
                0x000000000001cd5f                uip_icmp6_register_input_handler
                0x000000000001cf13                uip_icmp6_error_output
                0x000000000001d255                uip_icmp6_send
                0x000000000001d483                uip_icmp6_echo_reply_callback_add
                0x000000000001d4c6                uip_icmp6_echo_reply_callback_rm
                0x000000000001d4f4                uip_icmp6_init
 .text          0x000000000001d530      0x772 build/cooja/mtype746.a(uip-sr.o)
                0x000000000001d530                uip_sr_num_nodes
                0x000000000001d5dc                uip_sr_get_node
                0x000000000001d643                uip_sr_is_addr_reachable
                0x000000000001d700                uip_sr_expire_parent
                0x000000000001d753                uip_sr_update_node
                0x000000000001d897                uip_sr_init
                0x000000000001d8dd                uip_sr_node_head
                0x000000000001d907                uip_sr_node_next
                0x000000000001d92d                uip_sr_periodic
                0x000000000001da49                uip_sr_free_all
                0x000000000001dace                uip_sr_link_snprint
 .text          0x000000000001dca2      0x1a5 build/cooja/mtype746.a(uip-packetqueue)
                0x000000000001dce2                uip_packetqueue_new
                0x000000000001dcfb                uip_packetqueue_alloc
                0x000000000001dd6a                uip_packetqueue_free
                0x000000000001ddc2                uip_packetqueue_buf
                0x000000000001dde9                uip_packetqueue_buflen
                0x000000000001de14                uip_packetqueue_set_buflen
 .text          0x000000000001de47      0x152 build/cooja/mtype746.a(uip-udp-packet.)
                0x000000000001de47                uip_udp_packet_send
                0x000000000001dec0                uip_udp_packet_sendto
 .text          0x000000000001df99       0x8d build/cooja/mtype746.a(rpl-nbr-policy.)
                0x000000000001dfe5                rpl_nbr_gc_get_worst
 .text          0x000000000001e026      0xaad build/cooja/mtype746.a(rpl-neighbor.o)
                0x000000000001e0c2                rpl_neighbor_snprint
                0x000000000001e3aa                rpl_neighbor_print_list
                0x000000000001e47d                rpl_neighbor_count
                0x000000000001e560                rpl_neighbor_get_from_lladdr
                0x000000000001e58d                rpl_neighbor_is_acceptable_parent
                0x000000000001e5d3                rpl_neighbor_get_link_metric
                0x000000000001e619                rpl_neighbor_rank_via_nbr
                0x000000000001e65f                rpl_neighbor_get_lladdr
                0x000000000001e68c                rpl_neighbor_get_ipaddr
                0x000000000001e6c2                rpl_neighbor_get_link_stats
                0x000000000001e6f8                rpl_neighbor_is_fresh
                0x000000000001e72e                rpl_neighbor_is_parent
                0x000000000001e765                rpl_neighbor_set_preferred_parent
                0x000000000001e81f                rpl_neighbor_remove_all
                0x000000000001e88c                rpl_neighbor_get_from_ipaddr
                0x000000000001e9c6                rpl_neighbor_select_best
                0x000000000001eaa1                rpl_neighbor_init
 .text          0x000000000001ead3     0x11f4 build/cooja/mtype746.a(rpl-dag.o)
                0x000000000001ead3                rpl_dag_state_to_str
                0x000000000001eb21                rpl_dag_get_root_ipaddr
                0x000000000001eb71                rpl_dag_leave
                0x000000000001ec27                rpl_dag_poison_and_leave
                0x000000000001ec53                rpl_dag_periodic
                0x000000000001ed18                rpl_is_addr_in_our_dag
                0x000000000001ed77                rpl_get_default_instance
                0x000000000001eda1                rpl_get_any_dag
                0x000000000001ee17                rpl_refresh_routes
                0x000000000001ee7a                rpl_global_repair
                0x000000000001ef4b                rpl_local_repair
                0x000000000001efb0                rpl_dag_ready_to_advertise
                0x000000000001f009                rpl_dag_update_state
                0x000000000001f885                rpl_process_dio
                0x000000000001f920                rpl_process_dis
                0x000000000001f976                rpl_process_dao
                0x000000000001fa17                rpl_process_dao_ack
                0x000000000001fad3                rpl_process_hbh
                0x000000000001fb33                rpl_dag_init_root
                0x000000000001fc95                rpl_dag_init
 .text          0x000000000001fcc7      0xd8d build/cooja/mtype746.a(rpl-timers.o)
                0x000000000001fcc7                rpl_timers_schedule_periodic_dis
                0x000000000001fe71                rpl_timers_dio_reset
                0x000000000001ffe9                rpl_timers_schedule_unicast_dio
                0x00000000000201bc                rpl_timers_schedule_dao
                0x00000000000202c2                rpl_timers_schedule_dao_ack
                0x0000000000020391                rpl_timers_notify_dao_ack
                0x0000000000020417                get_probing_delay
                0x000000000002045c                get_probing_target
                0x0000000000020691                rpl_schedule_probing
                0x00000000000206dd                rpl_schedule_probing_now
                0x0000000000020777                rpl_timers_unschedule_leaving
                0x00000000000207d1                rpl_timers_schedule_leaving
                0x0000000000020836                rpl_timers_init
                0x00000000000208f8                rpl_timers_stop_dag_timers
                0x00000000000209b5                rpl_timers_unschedule_state_update
                0x00000000000209f1                rpl_timers_schedule_state_update
 .text          0x0000000000020a54      0xd42 build/cooja/mtype746.a(rpl-ext-header.)
                0x0000000000020a54                rpl_ext_header_srh_get_next_hop
                0x0000000000020b5f                rpl_ext_header_srh_update
                0x0000000000021191                rpl_ext_header_hbh_update
                0x0000000000021510                rpl_ext_header_update
                0x00000000000215bf                rpl_ext_header_remove
 .text          0x0000000000021796      0x39b build/cooja/mtype746.a(rpl-mrhof.o)
 *fill*         0x0000000000021b31        0xf 
 .text          0x0000000000021b40       0x14 /usr/lib/i386-linux-gnu/libc_nonshared.a(stack_chk_fail_local.oS)
                0x0000000000021b40                __stack_chk_fail_local
 .text          0x0000000000021b54        0x0 /usr/lib/gcc/i686-linux-gnu/7/crtendS.o
 .text          0x0000000000021b54        0x0 /usr/lib/gcc/i686-linux-gnu/7/../../../i386-linux-gnu/crtn.o
 *(.gnu.warning)

.fini           0x0000000000021b54       0x14
 *(SORT_NONE(.fini))
 .fini          0x0000000000021b54        0xf /usr/lib/gcc/i686-linux-gnu/7/../../../i386-linux-gnu/crti.o
                0x0000000000021b54                _fini
 .fini          0x0000000000021b63        0x5 /usr/lib/gcc/i686-linux-gnu/7/../../../i386-linux-gnu/crtn.o
                [!provide]                        PROVIDE (__etext = .)
                [!provide]                        PROVIDE (_etext = .)
                [!provide]                        PROVIDE (etext = .)

.rodata         0x0000000000021b68      0x5cf
 *(.rodata .rodata.* .gnu.linkonce.r.*)
 .rodata        0x0000000000021b68       0x6a udp_unicast.o
 *fill*         0x0000000000021bd2        0x2 
 .rodata        0x0000000000021bd4        0x6 build/cooja/mtype746.a(leds-arch.o)
                0x0000000000021bd4                leds_arch_leds
 .rodata        0x0000000000021bda        0x4 build/cooja/mtype746.a(pir-sensor.o)
 .rodata        0x0000000000021bde        0x6 build/cooja/mtype746.a(rs232.o)
 .rodata        0x0000000000021be4        0xa build/cooja/mtype746.a(vib-sensor.o)
 *fill*         0x0000000000021bee        0x2 
 .rodata        0x0000000000021bf0       0x27 build/cooja/mtype746.a(cfs-cooja.o)
 *fill*         0x0000000000021c17        0x1 
 .rodata        0x0000000000021c18       0x68 build/cooja/mtype746.a(cooja-radio.o)
 .rodata        0x0000000000021c80        0x8 build/cooja/mtype746.a(sensors.o)
 .rodata        0x0000000000021c88       0x14 build/cooja/mtype746.a(buttons.o)
                0x0000000000021c94                button_hal_button_count
 .rodata        0x0000000000021c9c       0xf4 build/cooja/mtype746.a(contiki-main.o)
 .rodata        0x0000000000021d90        0xf build/cooja/mtype746.a(ctimer.o)
 *fill*         0x0000000000021d9f        0x1 
 .rodata        0x0000000000021da0       0xc4 build/cooja/mtype746.a(log.o)
 .rodata        0x0000000000021e64        0xc build/cooja/mtype746.a(etimer.o)
 .rodata        0x0000000000021e70       0x13 build/cooja/mtype746.a(button-hal.o)
 .rodata        0x0000000000021e83        0xe build/cooja/mtype746.a(serial-line.o)
 *fill*         0x0000000000021e91        0x3 
 .rodata        0x0000000000021e94        0x8 build/cooja/mtype746.a(linkaddr.o)
                0x0000000000021e94                linkaddr_null
 .rodata        0x0000000000021e9c        0x5 build/cooja/mtype746.a(csma.o)
 *fill*         0x0000000000021ea1        0x3 
 .rodata        0x0000000000021ea4       0x24 build/cooja/mtype746.a(csma-output.o)
 .rodata        0x0000000000021ec8       0x4d build/cooja/mtype746.a(uip-ds6-route.o)
 .rodata        0x0000000000021f15        0xd build/cooja/mtype746.a(tcpip.o)
 .rodata        0x0000000000021f22       0x13 build/cooja/mtype746.a(simple-udp.o)
 *fill*         0x0000000000021f35        0x3 
 .rodata        0x0000000000021f38       0x1f build/cooja/mtype746.a(sicslowpan.o)
                0x0000000000021f38                unc_llconf
                0x0000000000021f3c                unc_ctxconf
                0x0000000000021f40                unc_mxconf
                0x0000000000021f44                llprefix
 .rodata        0x0000000000021f57       0x2d build/cooja/mtype746.a(uiplib.o)
 .rodata        0x0000000000021f84        0x9 build/cooja/mtype746.a(rpl.o)
 *fill*         0x0000000000021f8d        0x3 
 .rodata        0x0000000000021f90       0x25 build/cooja/mtype746.a(assert.o)
 .rodata        0x0000000000021fb5       0x44 build/cooja/mtype746.a(uip-sr.o)
 *fill*         0x0000000000021ff9        0x3 
 .rodata        0x0000000000021ffc       0x58 build/cooja/mtype746.a(rpl-neighbor.o)
 .rodata        0x0000000000022054       0xd7 build/cooja/mtype746.a(rpl-dag.o)
 .rodata        0x000000000002212b        0xc build/cooja/mtype746.a(rpl-timers.o)

.rodata1
 *(.rodata1)

.eh_frame_hdr   0x0000000000022138     0x1684
 *(.eh_frame_hdr)
 .eh_frame_hdr  0x0000000000022138     0x1684 udp_unicast.o
                0x0000000000022138                __GNU_EH_FRAME_HDR
 *(.eh_frame_entry .eh_frame_entry.*)

.eh_frame       0x00000000000237bc     0x6110
 *(.eh_frame)
 .eh_frame      0x00000000000237bc       0x3c /usr/lib/gcc/i686-linux-gnu/7/../../../i386-linux-gnu/crti.o
                                         0x40 (size before relaxing)
 .eh_frame      0x00000000000237f8       0x14 /usr/lib/gcc/i686-linux-gnu/7/../../../i386-linux-gnu/crti.o
                                         0x2c (size before relaxing)
 .eh_frame      0x000000000002380c       0x80 udp_unicast.o
                                         0xac (size before relaxing)
 .eh_frame      0x000000000002388c      0x198 build/cooja/mtype746.o
                                        0x1ec (size before relaxing)
 .eh_frame      0x0000000000023a24       0x48 build/cooja/mtype746.a(simEnvChange.o)
                                         0x74 (size before relaxing)
 .eh_frame      0x0000000000023a6c       0x6c build/cooja/mtype746.a(cooja_mt.o)
                                         0x98 (size before relaxing)
 .eh_frame      0x0000000000023ad8       0x88 build/cooja/mtype746.a(cooja_mtarch.o)
                                         0xc8 (size before relaxing)
 .eh_frame      0x0000000000023b60       0xe4 build/cooja/mtype746.a(rtimer-arch.o)
                                        0x110 (size before relaxing)
 .eh_frame      0x0000000000023c44      0x160 build/cooja/mtype746.a(beep.o)
                                        0x18c (size before relaxing)
 .eh_frame      0x0000000000023da4       0x88 build/cooja/mtype746.a(leds-arch.o)
                                         0xc8 (size before relaxing)
 .eh_frame      0x0000000000023e2c       0x44 build/cooja/mtype746.a(moteid.o)
                                         0x70 (size before relaxing)
 .eh_frame      0x0000000000023e70       0xa4 build/cooja/mtype746.a(pir-sensor.o)
                                         0xe4 (size before relaxing)
 .eh_frame      0x0000000000023f14      0x110 build/cooja/mtype746.a(rs232.o)
                                        0x150 (size before relaxing)
 .eh_frame      0x0000000000024024       0xa4 build/cooja/mtype746.a(vib-sensor.o)
                                         0xe4 (size before relaxing)
 .eh_frame      0x00000000000240c8       0xc0 build/cooja/mtype746.a(clock.o)
                                         0xec (size before relaxing)
 .eh_frame      0x0000000000024188      0x130 build/cooja/mtype746.a(cooja-log.o)
                                        0x170 (size before relaxing)
 .eh_frame      0x00000000000242b8      0x16c build/cooja/mtype746.a(cfs-cooja.o)
                                        0x1ac (size before relaxing)
 .eh_frame      0x0000000000024424      0x374 build/cooja/mtype746.a(cooja-radio.o)
                                        0x3b4 (size before relaxing)
 .eh_frame      0x0000000000024798       0xa8 build/cooja/mtype746.a(eeprom.o)
                                         0xe8 (size before relaxing)
 .eh_frame      0x0000000000024840       0x48 build/cooja/mtype746.a(random.o)
                                         0x74 (size before relaxing)
 .eh_frame      0x0000000000024888       0xd0 build/cooja/mtype746.a(sensors.o)
                                        0x110 (size before relaxing)
 .eh_frame      0x0000000000024958      0x140 build/cooja/mtype746.a(leds.o)
                                        0x180 (size before relaxing)
 .eh_frame      0x0000000000024a98      0x228 build/cooja/mtype746.a(gpio-hal-arch.o)
                                        0x27c (size before relaxing)
 .eh_frame      0x0000000000024cc0       0xa4 build/cooja/mtype746.a(buttons.o)
                                         0xe4 (size before relaxing)
 .eh_frame      0x0000000000024d64       0x38 build/cooja/mtype746.a(contiki-main.o)
                                         0x64 (size before relaxing)
 .eh_frame      0x0000000000024d9c       0x48 build/cooja/mtype746.a(autostart.o)
                                         0x74 (size before relaxing)
 .eh_frame      0x0000000000024de4      0x11c build/cooja/mtype746.a(ctimer.o)
                                        0x15c (size before relaxing)
 .eh_frame      0x0000000000024f00      0x144 build/cooja/mtype746.a(log.o)
                                        0x184 (size before relaxing)
 .eh_frame      0x0000000000025044       0x60 build/cooja/mtype746.a(energest.o)
                                         0x8c (size before relaxing)
 .eh_frame      0x00000000000250a4      0x204 build/cooja/mtype746.a(etimer.o)
                                        0x244 (size before relaxing)
 .eh_frame      0x00000000000252a8       0x20 build/cooja/mtype746.a(node-id.o)
                                         0x4c (size before relaxing)
 .eh_frame      0x00000000000252c8       0x6c build/cooja/mtype746.a(rtimer.o)
                                         0xc0 (size before relaxing)
 .eh_frame      0x0000000000025334      0x1ec build/cooja/mtype746.a(process.o)
                                        0x22c (size before relaxing)
 .eh_frame      0x0000000000025520       0xb4 build/cooja/mtype746.a(timer.o)
                                         0xe0 (size before relaxing)
 .eh_frame      0x00000000000255d4      0x1a0 build/cooja/mtype746.a(list.o)
                                        0x1cc (size before relaxing)
 .eh_frame      0x0000000000025774      0x188 build/cooja/mtype746.a(button-hal.o)
                                        0x1c8 (size before relaxing)
 .eh_frame      0x00000000000258fc       0x6c build/cooja/mtype746.a(serial-line.o)
                                         0x98 (size before relaxing)
 .eh_frame      0x0000000000025968       0xfc build/cooja/mtype746.a(gpio-hal.o)
                                        0x13c (size before relaxing)
 .eh_frame      0x0000000000025a64      0x1c0 build/cooja/mtype746.a(queuebuf.o)
                                        0x200 (size before relaxing)
 .eh_frame      0x0000000000025c24      0x2b0 build/cooja/mtype746.a(packetbuf.o)
                                        0x2f0 (size before relaxing)
 .eh_frame      0x0000000000025ed4       0x90 build/cooja/mtype746.a(netstack.o)
                                         0xd0 (size before relaxing)
 .eh_frame      0x0000000000025f64       0x64 build/cooja/mtype746.a(linkaddr.o)
                                         0x90 (size before relaxing)
 .eh_frame      0x0000000000025fc8       0xf0 build/cooja/mtype746.a(csma.o)
                                        0x130 (size before relaxing)
 .eh_frame      0x00000000000260b8      0x1f8 build/cooja/mtype746.a(csma-output.o)
                                        0x238 (size before relaxing)
 .eh_frame      0x00000000000262b0      0x364 build/cooja/mtype746.a(uip-ds6.o)
                                        0x3a4 (size before relaxing)
 .eh_frame      0x0000000000026614      0x260 build/cooja/mtype746.a(uip-ds6-route.o)
                                        0x2a0 (size before relaxing)
 .eh_frame      0x0000000000026874      0x270 build/cooja/mtype746.a(tcpip.o)
                                        0x2b0 (size before relaxing)
 .eh_frame      0x0000000000026ae4      0x20c build/cooja/mtype746.a(uip6.o)
                                        0x24c (size before relaxing)
 .eh_frame      0x0000000000026cf0      0x1e8 build/cooja/mtype746.a(uip-ds6-nbr.o)
                                        0x228 (size before relaxing)
 .eh_frame      0x0000000000026ed8       0x8c build/cooja/mtype746.a(uip-nd6.o)
                                         0xe0 (size before relaxing)
 .eh_frame      0x0000000000026f64       0xe8 build/cooja/mtype746.a(simple-udp.o)
                                        0x128 (size before relaxing)
 .eh_frame      0x000000000002704c      0x354 build/cooja/mtype746.a(sicslowpan.o)
                                        0x3a8 (size before relaxing)
 .eh_frame      0x00000000000273a0       0x9c build/cooja/mtype746.a(uiplib.o)
                                         0xdc (size before relaxing)
 .eh_frame      0x000000000002743c      0x1fc build/cooja/mtype746.a(rpl.o)
                                        0x23c (size before relaxing)
 .eh_frame      0x0000000000027638      0x1f0 build/cooja/mtype746.a(rpl-icmp6.o)
                                        0x230 (size before relaxing)
 .eh_frame      0x0000000000027828       0xb0 build/cooja/mtype746.a(rpl-dag-root.o)
                                         0xf0 (size before relaxing)
 .eh_frame      0x00000000000278d8       0xa4 build/cooja/mtype746.a(watchdog.o)
                                         0xd0 (size before relaxing)
 .eh_frame      0x000000000002797c       0x80 build/cooja/mtype746.a(int-master.o)
                                         0xac (size before relaxing)
 .eh_frame      0x00000000000279fc       0xd8 build/cooja/mtype746.a(stimer.o)
                                        0x104 (size before relaxing)
 .eh_frame      0x0000000000027ad4       0xa0 build/cooja/mtype746.a(ringbuf.o)
                                         0xcc (size before relaxing)
 .eh_frame      0x0000000000027b74       0xa4 build/cooja/mtype746.a(memb.o)
                                         0xe4 (size before relaxing)
 .eh_frame      0x0000000000027c18       0x24 build/cooja/mtype746.a(assert.o)
                                         0x50 (size before relaxing)
 .eh_frame      0x0000000000027c3c      0x428 build/cooja/mtype746.a(nbr-table.o)
                                        0x468 (size before relaxing)
 .eh_frame      0x0000000000028064      0x140 build/cooja/mtype746.a(link-stats.o)
                                        0x180 (size before relaxing)
 .eh_frame      0x00000000000281a4       0x50 build/cooja/mtype746.a(mac-sequence.o)
                                         0x7c (size before relaxing)
 .eh_frame      0x00000000000281f4       0x20 build/cooja/mtype746.a(mac.o)
                                         0x4c (size before relaxing)
 .eh_frame      0x0000000000028214       0xb4 build/cooja/mtype746.a(framer-802154.o)
                                         0xf4 (size before relaxing)
 .eh_frame      0x00000000000282c8      0x1b0 build/cooja/mtype746.a(frame802154.o)
                                        0x1f0 (size before relaxing)
 .eh_frame      0x0000000000028478       0x44 build/cooja/mtype746.a(csma-security.o)
                                         0x84 (size before relaxing)
 .eh_frame      0x00000000000284bc      0x204 build/cooja/mtype746.a(uipbuf.o)
                                        0x230 (size before relaxing)
 .eh_frame      0x00000000000286c0      0x170 build/cooja/mtype746.a(uip-icmp6.o)
                                        0x1b0 (size before relaxing)
 .eh_frame      0x0000000000028830      0x1ac build/cooja/mtype746.a(uip-sr.o)
                                        0x1ec (size before relaxing)
 .eh_frame      0x00000000000289dc       0xec build/cooja/mtype746.a(uip-packetqueue)
                                        0x12c (size before relaxing)
 .eh_frame      0x0000000000028ac8       0x44 build/cooja/mtype746.a(uip-udp-packet.)
                                         0x84 (size before relaxing)
 .eh_frame      0x0000000000028b0c       0x48 build/cooja/mtype746.a(rpl-nbr-policy.)
                                         0x88 (size before relaxing)
 .eh_frame      0x0000000000028b54      0x2ec build/cooja/mtype746.a(rpl-neighbor.o)
                                        0x340 (size before relaxing)
 .eh_frame      0x0000000000028e40      0x3c0 build/cooja/mtype746.a(rpl-dag.o)
                                        0x414 (size before relaxing)
 .eh_frame      0x0000000000029200      0x418 build/cooja/mtype746.a(rpl-timers.o)
                                        0x458 (size before relaxing)
 .eh_frame      0x0000000000029618      0x144 build/cooja/mtype746.a(rpl-ext-header.)
                                        0x184 (size before relaxing)
 .eh_frame      0x000000000002975c      0x150 build/cooja/mtype746.a(rpl-mrhof.o)
                                        0x190 (size before relaxing)
 .eh_frame      0x00000000000298ac       0x1c /usr/lib/i386-linux-gnu/libc_nonshared.a(stack_chk_fail_local.oS)
                                         0x48 (size before relaxing)
 .eh_frame      0x00000000000298c8        0x4 /usr/lib/gcc/i686-linux-gnu/7/crtendS.o
 *(.eh_frame.*)

.gcc_except_table
 *(.gcc_except_table .gcc_except_table.*)

.gnu_extab
 *(.gnu_extab*)

.exception_ranges
 *(.exception_ranges .exception_ranges*)
                0x000000000002ac18                . = DATA_SEGMENT_ALIGN (CONSTANT (MAXPAGESIZE), CONSTANT (COMMONPAGESIZE))

.eh_frame
 *(.eh_frame)
 *(.eh_frame.*)

.gnu_extab
 *(.gnu_extab)

.gcc_except_table
 *(.gcc_except_table .gcc_except_table.*)

.exception_ranges
 *(.exception_ranges .exception_ranges*)

.tdata
 *(.tdata .tdata.* .gnu.linkonce.td.*)

.tbss
 *(.tbss .tbss.* .gnu.linkonce.tb.*)
 *(.tcommon)

.preinit_array
 *(.preinit_array)

.init_array     0x000000000002ac18        0x4
 *(SORT_BY_INIT_PRIORITY(.init_array.*) SORT_BY_INIT_PRIORITY(.ctors.*))
 *(.init_array EXCLUDE_FILE(*crtend?.o *crtend.o *crtbegin?.o *crtbegin.o) .ctors)
 .init_array    0x000000000002ac18        0x4 /usr/lib/gcc/i686-linux-gnu/7/crtbeginS.o

.fini_array     0x000000000002ac1c        0x4
 *(SORT_BY_INIT_PRIORITY(.fini_array.*) SORT_BY_INIT_PRIORITY(.dtors.*))
 *(.fini_array EXCLUDE_FILE(*crtend?.o *crtend.o *crtbegin?.o *crtbegin.o) .dtors)
 .fini_array    0x000000000002ac1c        0x4 /usr/lib/gcc/i686-linux-gnu/7/crtbeginS.o

.ctors
 *crtbegin.o(.ctors)
 *crtbegin?.o(.ctors)
 *(EXCLUDE_FILE(*crtend?.o *crtend.o) .ctors)
 *(SORT_BY_NAME(.ctors.*))
 *(.ctors)

.dtors
 *crtbegin.o(.dtors)
 *crtbegin?.o(.dtors)
 *(EXCLUDE_FILE(*crtend?.o *crtend.o) .dtors)
 *(SORT_BY_NAME(.dtors.*))
 *(.dtors)

.jcr
 *(.jcr)

.data.rel.ro    0x000000000002ac20      0x198
 *(.data.rel.ro.local* .gnu.linkonce.d.rel.ro.local.*)
 .data.rel.ro.local
                0x000000000002ac20        0x8 udp_unicast.o
                0x000000000002ac20                autostart_processes
 .data.rel.ro.local
                0x000000000002ac28        0x8 build/cooja/mtype746.a(beep.o)
                0x000000000002ac28                beep_interface
 .data.rel.ro.local
                0x000000000002ac30        0x8 build/cooja/mtype746.a(leds-arch.o)
                0x000000000002ac30                leds_interface
 .data.rel.ro.local
                0x000000000002ac38        0x8 build/cooja/mtype746.a(moteid.o)
                0x000000000002ac38                moteid_interface
 .data.rel.ro.local
                0x000000000002ac40       0x18 build/cooja/mtype746.a(pir-sensor.o)
                0x000000000002ac40                pir_interface
                0x000000000002ac48                pir_sensor
 .data.rel.ro.local
                0x000000000002ac58        0x8 build/cooja/mtype746.a(rs232.o)
                0x000000000002ac58                rs232_interface
 .data.rel.ro.local
                0x000000000002ac60       0x18 build/cooja/mtype746.a(vib-sensor.o)
                0x000000000002ac60                vib_interface
                0x000000000002ac68                vib_sensor
 .data.rel.ro.local
                0x000000000002ac78        0x8 build/cooja/mtype746.a(clock.o)
                0x000000000002ac78                clock_interface
 .data.rel.ro.local
                0x000000000002ac80        0x8 build/cooja/mtype746.a(cooja-log.o)
                0x000000000002ac80                simlog_interface
 .data.rel.ro.local
                0x000000000002ac88        0x8 build/cooja/mtype746.a(cfs-cooja.o)
                0x000000000002ac88                cfs_interface
 *fill*         0x000000000002ac90       0x10 
 .data.rel.ro.local
                0x000000000002aca0       0x58 build/cooja/mtype746.a(cooja-radio.o)
                0x000000000002aca0                radio_interface
                0x000000000002acc0                cooja_radio_driver
 .data.rel.ro.local
                0x000000000002acf8        0x8 build/cooja/mtype746.a(eeprom.o)
                0x000000000002acf8                eeprom_interface
 .data.rel.ro.local
                0x000000000002ad00       0x18 build/cooja/mtype746.a(buttons.o)
                0x000000000002ad00                button_interface
                0x000000000002ad08                button_sensor
 .data.rel.ro.local
                0x000000000002ad18       0x1c build/cooja/mtype746.a(csma.o)
                0x000000000002ad18                csma_driver
 .data.rel.ro.local
                0x000000000002ad34       0x10 build/cooja/mtype746.a(sicslowpan.o)
                0x000000000002ad34                sicslowpan_driver
 .data.rel.ro.local
                0x000000000002ad44        0xc build/cooja/mtype746.a(framer-802154.o)
                0x000000000002ad44                framer_802154
 *(.data.rel.ro .data.rel.ro.* .gnu.linkonce.d.rel.ro.*)
 .data.rel.ro   0x000000000002ad50        0x0 /usr/lib/gcc/i686-linux-gnu/7/../../../i386-linux-gnu/crti.o
 *fill*         0x000000000002ad50       0x10 
 .data.rel.ro   0x000000000002ad60       0x54 build/cooja/mtype746.a(rpl.o)
                0x000000000002ad60                rpl_lite_driver
 .data.rel.ro   0x000000000002adb4        0x4 build/cooja/mtype746.a(rpl-dag.o)

.dynamic        0x000000000002adb8       0xf0
 *(.dynamic)
 .dynamic       0x000000000002adb8       0xf0 /usr/lib/gcc/i686-linux-gnu/7/../../../i386-linux-gnu/crti.o
                0x000000000002adb8                _DYNAMIC

.got            0x000000000002aea8      0x148
 *(.got)
 .got           0x000000000002aea8      0x148 /usr/lib/gcc/i686-linux-gnu/7/../../../i386-linux-gnu/crti.o
 *(.igot)
                0x000000000002aff4                . = DATA_SEGMENT_RELRO_END (., (SIZEOF (.got.plt) >= 0xc)?0xc:0x0)

.got.plt        0x000000000002b000      0x4b0
 *(.got.plt)
 .got.plt       0x000000000002b000      0x4b0 /usr/lib/gcc/i686-linux-gnu/7/../../../i386-linux-gnu/crti.o
                0x000000000002b000                _GLOBAL_OFFSET_TABLE_
 *(.igot.plt)

.data           0x000000000002b4c0      0x384
 *(.data .data.* .gnu.linkonce.d.*)
 .data          0x000000000002b4c0        0x0 /usr/lib/gcc/i686-linux-gnu/7/../../../i386-linux-gnu/crti.o
 .data          0x000000000002b4c0        0x0 /usr/lib/gcc/i686-linux-gnu/7/crtbeginS.o
 .data.rel.local
                0x000000000002b4c0        0x4 /usr/lib/gcc/i686-linux-gnu/7/crtbeginS.o
                0x000000000002b4c0                __dso_handle
 .data          0x000000000002b4c4        0x0 udp_unicast.o
 .data.rel.local
                0x000000000002b4c4       0x10 udp_unicast.o
                0x000000000002b4c4                unicast_example_process
 .data          0x000000000002b4d4        0x0 build/cooja/mtype746.o
 *fill*         0x000000000002b4d4        0xc 
 .data.rel      0x000000000002b4e0       0x44 build/cooja/mtype746.o
                0x000000000002b4e0                simInterfaces
                0x000000000002b514                sensors
 .data          0x000000000002b524        0x0 build/cooja/mtype746.a(simEnvChange.o)
 .data          0x000000000002b524        0x0 build/cooja/mtype746.a(cooja_mt.o)
 .data          0x000000000002b524        0x0 build/cooja/mtype746.a(cooja_mtarch.o)
 .data          0x000000000002b524        0x0 build/cooja/mtype746.a(rtimer-arch.o)
 .data          0x000000000002b524        0x0 build/cooja/mtype746.a(beep.o)
 .data          0x000000000002b524        0x0 build/cooja/mtype746.a(leds-arch.o)
 .data          0x000000000002b524        0x0 build/cooja/mtype746.a(moteid.o)
 .data          0x000000000002b524        0x0 build/cooja/mtype746.a(pir-sensor.o)
 .data          0x000000000002b524        0x0 build/cooja/mtype746.a(rs232.o)
 .data          0x000000000002b524        0x0 build/cooja/mtype746.a(vib-sensor.o)
 .data          0x000000000002b524        0x0 build/cooja/mtype746.a(clock.o)
 .data          0x000000000002b524        0x0 build/cooja/mtype746.a(cooja-log.o)
 .data          0x000000000002b524        0x0 build/cooja/mtype746.a(cfs-cooja.o)
 .data          0x000000000002b524       0x20 build/cooja/mtype746.a(cooja-radio.o)
                0x000000000002b524                simRadioHWOn
                0x000000000002b528                simSignalStrength
                0x000000000002b52c                simLastSignalStrength
                0x000000000002b530                simPower
                0x000000000002b534                simRadioChannel
                0x000000000002b538                simLQI
                0x000000000002b53c                simLastLQI
 .data.rel.local
                0x000000000002b544       0x10 build/cooja/mtype746.a(cooja-radio.o)
                0x000000000002b544                cooja_radio_process
 .data          0x000000000002b554        0x0 build/cooja/mtype746.a(eeprom.o)
 .data          0x000000000002b554        0x0 build/cooja/mtype746.a(random.o)
 .data          0x000000000002b554        0x0 build/cooja/mtype746.a(sensors.o)
 .data.rel.local
                0x000000000002b554       0x10 build/cooja/mtype746.a(sensors.o)
                0x000000000002b554                sensors_process
 .data          0x000000000002b564        0x0 build/cooja/mtype746.a(leds.o)
 .data          0x000000000002b564        0x0 build/cooja/mtype746.a(gpio-hal-arch.o)
 .data          0x000000000002b564        0x1 build/cooja/mtype746.a(buttons.o)
                0x000000000002b564                simButtonIsActive
 *fill*         0x000000000002b565       0x1b 
 .data.rel.local
                0x000000000002b580       0x58 build/cooja/mtype746.a(buttons.o)
                0x000000000002b5d0                button_hal_buttons
 .data          0x000000000002b5d8        0x0 build/cooja/mtype746.a(contiki-main.o)
 .data          0x000000000002b5d8        0x0 build/cooja/mtype746.a(autostart.o)
 .data          0x000000000002b5d8        0x0 build/cooja/mtype746.a(ctimer.o)
 .data.rel.local
                0x000000000002b5d8       0x14 build/cooja/mtype746.a(ctimer.o)
                0x000000000002b5dc                ctimer_process
 .data          0x000000000002b5ec        0x4 build/cooja/mtype746.a(log.o)
                0x000000000002b5ec                curr_log_level_main
 *fill*         0x000000000002b5f0       0x10 
 .data.rel.local
                0x000000000002b600       0x9c build/cooja/mtype746.a(log.o)
                0x000000000002b600                all_modules
 .data          0x000000000002b69c        0x0 build/cooja/mtype746.a(energest.o)
 .data          0x000000000002b69c        0x0 build/cooja/mtype746.a(etimer.o)
 .data.rel.local
                0x000000000002b69c       0x10 build/cooja/mtype746.a(etimer.o)
                0x000000000002b69c                etimer_process
 .data          0x000000000002b6ac        0x0 build/cooja/mtype746.a(node-id.o)
 .data          0x000000000002b6ac        0x0 build/cooja/mtype746.a(rtimer.o)
 .data          0x000000000002b6ac        0x0 build/cooja/mtype746.a(process.o)
 .data          0x000000000002b6ac        0x0 build/cooja/mtype746.a(timer.o)
 .data          0x000000000002b6ac        0x0 build/cooja/mtype746.a(list.o)
 .data          0x000000000002b6ac        0x0 build/cooja/mtype746.a(button-hal.o)
 .data.rel.local
                0x000000000002b6ac       0x10 build/cooja/mtype746.a(button-hal.o)
                0x000000000002b6ac                button_hal_process
 .data          0x000000000002b6bc        0x0 build/cooja/mtype746.a(serial-line.o)
 .data.rel.local
                0x000000000002b6bc       0x10 build/cooja/mtype746.a(serial-line.o)
                0x000000000002b6bc                serial_line_process
 .data          0x000000000002b6cc        0x0 build/cooja/mtype746.a(gpio-hal.o)
 .data.rel.local
                0x000000000002b6cc        0x4 build/cooja/mtype746.a(gpio-hal.o)
 .data          0x000000000002b6d0        0x0 build/cooja/mtype746.a(queuebuf.o)
 .data.rel.local
                0x000000000002b6d0       0x18 build/cooja/mtype746.a(queuebuf.o)
 .data          0x000000000002b6e8        0x0 build/cooja/mtype746.a(packetbuf.o)
 .data.rel.local
                0x000000000002b6e8        0x4 build/cooja/mtype746.a(packetbuf.o)
 .data          0x000000000002b6ec        0x0 build/cooja/mtype746.a(netstack.o)
 .data.rel.local
                0x000000000002b6ec        0x4 build/cooja/mtype746.a(netstack.o)
 .data          0x000000000002b6f0        0x0 build/cooja/mtype746.a(linkaddr.o)
 .data          0x000000000002b6f0        0x0 build/cooja/mtype746.a(csma.o)
 .data          0x000000000002b6f0        0x0 build/cooja/mtype746.a(csma-output.o)
 .data.rel.local
                0x000000000002b6f0       0x28 build/cooja/mtype746.a(csma-output.o)
 .data          0x000000000002b718        0x0 build/cooja/mtype746.a(uip-ds6.o)
 .data          0x000000000002b718        0x0 build/cooja/mtype746.a(uip-ds6-route.o)
 .data.rel.local
                0x000000000002b718       0x10 build/cooja/mtype746.a(uip-ds6-route.o)
 .data          0x000000000002b728        0x0 build/cooja/mtype746.a(tcpip.o)
 .data.rel.local
                0x000000000002b728       0x10 build/cooja/mtype746.a(tcpip.o)
                0x000000000002b728                tcpip_process
 .data          0x000000000002b738        0x0 build/cooja/mtype746.a(uip6.o)
 .data          0x000000000002b738        0x0 build/cooja/mtype746.a(uip-ds6-nbr.o)
 .data.rel.local
                0x000000000002b738       0x14 build/cooja/mtype746.a(uip-ds6-nbr.o)
 .data          0x000000000002b74c        0x0 build/cooja/mtype746.a(uip-nd6.o)
 .data.rel.local
                0x000000000002b74c        0xc build/cooja/mtype746.a(uip-nd6.o)
 .data          0x000000000002b758        0x0 build/cooja/mtype746.a(simple-udp.o)
 .data.rel.local
                0x000000000002b758       0x10 build/cooja/mtype746.a(simple-udp.o)
                0x000000000002b758                simple_udp_process
 .data          0x000000000002b768        0x0 build/cooja/mtype746.a(sicslowpan.o)
 .data          0x000000000002b768        0x0 build/cooja/mtype746.a(uiplib.o)
 .data          0x000000000002b768        0x0 build/cooja/mtype746.a(rpl.o)
 .data          0x000000000002b768        0x0 build/cooja/mtype746.a(rpl-icmp6.o)
 .data.rel.local
                0x000000000002b768       0x30 build/cooja/mtype746.a(rpl-icmp6.o)
 .data          0x000000000002b798        0x0 build/cooja/mtype746.a(rpl-dag-root.o)
 .data          0x000000000002b798        0x0 build/cooja/mtype746.a(watchdog.o)
 .data          0x000000000002b798        0x0 build/cooja/mtype746.a(int-master.o)
 .data          0x000000000002b798        0x0 build/cooja/mtype746.a(stimer.o)
 .data          0x000000000002b798        0x0 build/cooja/mtype746.a(ringbuf.o)
 .data          0x000000000002b798        0x0 build/cooja/mtype746.a(memb.o)
 .data          0x000000000002b798        0x0 build/cooja/mtype746.a(assert.o)
 .data          0x000000000002b798        0x0 build/cooja/mtype746.a(nbr-table.o)
 .data.rel.local
                0x000000000002b798       0x10 build/cooja/mtype746.a(nbr-table.o)
 .data          0x000000000002b7a8        0x0 build/cooja/mtype746.a(link-stats.o)
 .data.rel.local
                0x000000000002b7a8       0x14 build/cooja/mtype746.a(link-stats.o)
 .data          0x000000000002b7bc        0x0 build/cooja/mtype746.a(mac-sequence.o)
 .data          0x000000000002b7bc        0x0 build/cooja/mtype746.a(mac.o)
 .data          0x000000000002b7bc        0x0 build/cooja/mtype746.a(framer-802154.o)
 .data          0x000000000002b7bc        0x2 build/cooja/mtype746.a(frame802154.o)
 .data          0x000000000002b7be        0x0 build/cooja/mtype746.a(csma-security.o)
 .data          0x000000000002b7be        0x0 build/cooja/mtype746.a(uipbuf.o)
 .data          0x000000000002b7be        0x0 build/cooja/mtype746.a(uip-icmp6.o)
 *fill*         0x000000000002b7be        0x2 
 .data.rel.local
                0x000000000002b7c0       0x20 build/cooja/mtype746.a(uip-icmp6.o)
 .data          0x000000000002b7e0        0x0 build/cooja/mtype746.a(uip-sr.o)
 .data.rel.local
                0x000000000002b7e0       0x10 build/cooja/mtype746.a(uip-sr.o)
 .data          0x000000000002b7f0        0x0 build/cooja/mtype746.a(uip-packetqueue)
 .data.rel.local
                0x000000000002b7f0        0xc build/cooja/mtype746.a(uip-packetqueue)
 .data          0x000000000002b7fc        0x0 build/cooja/mtype746.a(uip-udp-packet.)
 .data          0x000000000002b7fc        0x0 build/cooja/mtype746.a(rpl-nbr-policy.)
 .data          0x000000000002b7fc        0x0 build/cooja/mtype746.a(rpl-neighbor.o)
 .data.rel.local
                0x000000000002b7fc       0x14 build/cooja/mtype746.a(rpl-neighbor.o)
                0x000000000002b80c                rpl_neighbors
 .data          0x000000000002b810        0x0 build/cooja/mtype746.a(rpl-dag.o)
 .data          0x000000000002b810        0x0 build/cooja/mtype746.a(rpl-timers.o)
 .data          0x000000000002b810        0x0 build/cooja/mtype746.a(rpl-ext-header.)
 .data          0x000000000002b810        0x0 build/cooja/mtype746.a(rpl-mrhof.o)
 *fill*         0x000000000002b810       0x10 
 .data.rel.local
                0x000000000002b820       0x24 build/cooja/mtype746.a(rpl-mrhof.o)
                0x000000000002b820                rpl_mrhof
 .data          0x000000000002b844        0x0 /usr/lib/i386-linux-gnu/libc_nonshared.a(stack_chk_fail_local.oS)
 .data          0x000000000002b844        0x0 /usr/lib/gcc/i686-linux-gnu/7/crtendS.o
 .data          0x000000000002b844        0x0 /usr/lib/gcc/i686-linux-gnu/7/../../../i386-linux-gnu/crtn.o

.tm_clone_table
                0x000000000002b844        0x0
 .tm_clone_table
                0x000000000002b844        0x0 /usr/lib/gcc/i686-linux-gnu/7/crtbeginS.o
 .tm_clone_table
                0x000000000002b844        0x0 /usr/lib/gcc/i686-linux-gnu/7/crtendS.o

.data1
 *(.data1)
                0x000000000002b844                _edata = .
                [!provide]                        PROVIDE (edata = .)
                0x000000000002b844                . = .
                0x000000000002b844                __bss_start = .

.bss            0x000000000002b860    0x13d24
 *(.dynbss)
 .dynbss        0x000000000002b860        0x0 /usr/lib/gcc/i686-linux-gnu/7/../../../i386-linux-gnu/crti.o
 *(.bss .bss.* .gnu.linkonce.b.*)
 .bss           0x000000000002b860        0x0 /usr/lib/gcc/i686-linux-gnu/7/../../../i386-linux-gnu/crti.o
 .bss           0x000000000002b860        0x1 /usr/lib/gcc/i686-linux-gnu/7/crtbeginS.o
 *fill*         0x000000000002b861       0x1f 
 .bss           0x000000000002b880       0x44 udp_unicast.o
 *fill*         0x000000000002b8c4       0x1c 
 .bss           0x000000000002b8e0     0x2040 build/cooja/mtype746.o
 .bss           0x000000000002d920        0x1 build/cooja/mtype746.a(simEnvChange.o)
                0x000000000002d920                simDontFallAsleep
 *fill*         0x000000000002d921        0x3 
 .bss           0x000000000002d924        0x4 build/cooja/mtype746.a(cooja_mt.o)
 .bss           0x000000000002d928        0x4 build/cooja/mtype746.a(cooja_mtarch.o)
 .bss           0x000000000002d92c        0x0 build/cooja/mtype746.a(rtimer-arch.o)
 .bss           0x000000000002d92c        0x0 build/cooja/mtype746.a(beep.o)
 .bss           0x000000000002d92c        0x1 build/cooja/mtype746.a(leds-arch.o)
                0x000000000002d92c                simLedsValue
 .bss           0x000000000002d92d        0x0 build/cooja/mtype746.a(moteid.o)
 .bss           0x000000000002d92d        0x1 build/cooja/mtype746.a(pir-sensor.o)
                0x000000000002d92d                simPirValue
 *fill*         0x000000000002d92e        0x2 
 .bss           0x000000000002d930        0x4 build/cooja/mtype746.a(rs232.o)
 .bss           0x000000000002d934        0x1 build/cooja/mtype746.a(vib-sensor.o)
                0x000000000002d934                simVibValue
 .bss           0x000000000002d935        0x0 build/cooja/mtype746.a(clock.o)
 *fill*         0x000000000002d935        0xb 
 .bss           0x000000000002d940     0x2020 build/cooja/mtype746.a(cooja-log.o)
 .bss           0x000000000002f960      0xfc0 build/cooja/mtype746.a(cfs-cooja.o)
                0x000000000002f960                simCFSData
                0x0000000000030900                simCFSSize
                0x0000000000030904                simCFSChanged
                0x0000000000030908                simCFSRead
                0x000000000003090c                simCFSWritten
 .bss           0x0000000000030920       0x24 build/cooja/mtype746.a(cooja-radio.o)
                0x0000000000030920                simReceiving
                0x0000000000030924                simInSize
                0x0000000000030928                simLastPacketTimestamp
                0x0000000000030930                simOutSize
 .bss           0x0000000000030944        0xc build/cooja/mtype746.a(eeprom.o)
                0x0000000000030944                simEEPROMChanged
                0x0000000000030948                simEEPROMRead
                0x000000000003094c                simEEPROMWritten
 .bss           0x0000000000030950        0x0 build/cooja/mtype746.a(random.o)
 .bss           0x0000000000030950        0xc build/cooja/mtype746.a(sensors.o)
 .bss           0x000000000003095c        0x0 build/cooja/mtype746.a(leds.o)
 .bss           0x000000000003095c       0x24 build/cooja/mtype746.a(gpio-hal-arch.o)
 .bss           0x0000000000030980        0x0 build/cooja/mtype746.a(buttons.o)
 .bss           0x0000000000030980        0x0 build/cooja/mtype746.a(contiki-main.o)
 .bss           0x0000000000030980        0x0 build/cooja/mtype746.a(autostart.o)
 .bss           0x0000000000030980        0x5 build/cooja/mtype746.a(ctimer.o)
 *fill*         0x0000000000030985        0x3 
 .bss           0x0000000000030988       0x2c build/cooja/mtype746.a(log.o)
                0x0000000000030988                curr_log_level_rpl
                0x000000000003098c                curr_log_level_tcpip
                0x0000000000030990                curr_log_level_ipv6
                0x0000000000030994                curr_log_level_6lowpan
                0x0000000000030998                curr_log_level_nullnet
                0x000000000003099c                curr_log_level_mac
                0x00000000000309a0                curr_log_level_framer
                0x00000000000309a4                curr_log_level_6top
                0x00000000000309a8                curr_log_level_coap
                0x00000000000309ac                curr_log_level_snmp
                0x00000000000309b0                curr_log_level_lwm2m
 .bss           0x00000000000309b4        0x0 build/cooja/mtype746.a(energest.o)
 .bss           0x00000000000309b4        0x8 build/cooja/mtype746.a(etimer.o)
 .bss           0x00000000000309bc        0x2 build/cooja/mtype746.a(node-id.o)
                0x00000000000309bc                node_id
 *fill*         0x00000000000309be        0x2 
 .bss           0x00000000000309c0        0x4 build/cooja/mtype746.a(rtimer.o)
 *fill*         0x00000000000309c4       0x1c 
 .bss           0x00000000000309e0      0x1a1 build/cooja/mtype746.a(process.o)
                0x00000000000309e0                process_list
                0x00000000000309e4                process_current
 .bss           0x0000000000030b81        0x0 build/cooja/mtype746.a(timer.o)
 .bss           0x0000000000030b81        0x0 build/cooja/mtype746.a(list.o)
 *fill*         0x0000000000030b81        0x3 
 .bss           0x0000000000030b84       0x10 build/cooja/mtype746.a(button-hal.o)
 *fill*         0x0000000000030b94        0xc 
 .bss           0x0000000000030ba0      0x140 build/cooja/mtype746.a(serial-line.o)
 .bss           0x0000000000030ce0        0x4 build/cooja/mtype746.a(gpio-hal.o)
 *fill*         0x0000000000030ce4       0x1c 
 .bss           0x0000000000030d00     0x2c80 build/cooja/mtype746.a(queuebuf.o)
 .bss           0x0000000000033980       0xa0 build/cooja/mtype746.a(packetbuf.o)
 .bss           0x0000000000033a20        0x4 build/cooja/mtype746.a(netstack.o)
 .bss           0x0000000000033a24        0x0 build/cooja/mtype746.a(linkaddr.o)
 .bss           0x0000000000033a24        0x0 build/cooja/mtype746.a(csma.o)
 *fill*         0x0000000000033a24       0x1c 
 .bss           0x0000000000033a40      0x726 build/cooja/mtype746.a(csma-output.o)
 *fill*         0x0000000000034166        0x2 
 .bss           0x0000000000034168       0x30 build/cooja/mtype746.a(uip-ds6.o)
 *fill*         0x0000000000034198        0x8 
 .bss           0x00000000000341a0       0x60 build/cooja/mtype746.a(uip-ds6-route.o)
 .bss           0x0000000000034200       0x10 build/cooja/mtype746.a(tcpip.o)
 .bss           0x0000000000034210        0x8 build/cooja/mtype746.a(uip6.o)
                0x0000000000034210                uip_ext_bitmap
                0x0000000000034212                uip_ext_len
                0x0000000000034214                uip_last_proto
 *fill*         0x0000000000034218        0x8 
 .bss           0x0000000000034220     0x1c20 build/cooja/mtype746.a(uip-ds6-nbr.o)
 .bss           0x0000000000035e40       0x10 build/cooja/mtype746.a(uip-nd6.o)
 *fill*         0x0000000000035e50       0x10 
 .bss           0x0000000000035e60      0x520 build/cooja/mtype746.a(simple-udp.o)
 .bss           0x0000000000036380      0x724 build/cooja/mtype746.a(sicslowpan.o)
 .bss           0x0000000000036aa4        0x0 build/cooja/mtype746.a(uiplib.o)
 .bss           0x0000000000036aa4        0x1 build/cooja/mtype746.a(rpl.o)
 .bss           0x0000000000036aa5        0x0 build/cooja/mtype746.a(rpl-icmp6.o)
 *fill*         0x0000000000036aa5        0x3 
 .bss           0x0000000000036aa8       0x11 build/cooja/mtype746.a(rpl-dag-root.o)
 .bss           0x0000000000036ab9        0x0 build/cooja/mtype746.a(watchdog.o)
 *fill*         0x0000000000036ab9        0x3 
 .bss           0x0000000000036abc        0x4 build/cooja/mtype746.a(int-master.o)
 .bss           0x0000000000036ac0        0x0 build/cooja/mtype746.a(stimer.o)
 .bss           0x0000000000036ac0        0x0 build/cooja/mtype746.a(ringbuf.o)
 .bss           0x0000000000036ac0        0x0 build/cooja/mtype746.a(memb.o)
 .bss           0x0000000000036ac0        0x0 build/cooja/mtype746.a(assert.o)
 .bss           0x0000000000036ac0     0x1214 build/cooja/mtype746.a(nbr-table.o)
 *fill*         0x0000000000037cd4        0xc 
 .bss           0x0000000000037ce0      0xe10 build/cooja/mtype746.a(link-stats.o)
 *fill*         0x0000000000038af0       0x10 
 .bss           0x0000000000038b00      0x100 build/cooja/mtype746.a(mac-sequence.o)
 .bss           0x0000000000038c00        0x0 build/cooja/mtype746.a(mac.o)
 .bss           0x0000000000038c00        0x2 build/cooja/mtype746.a(framer-802154.o)
 .bss           0x0000000000038c02        0x0 build/cooja/mtype746.a(frame802154.o)
 .bss           0x0000000000038c02        0x0 build/cooja/mtype746.a(csma-security.o)
 *fill*         0x0000000000038c02        0x2 
 .bss           0x0000000000038c04       0x20 build/cooja/mtype746.a(uipbuf.o)
 .bss           0x0000000000038c24       0x18 build/cooja/mtype746.a(uip-icmp6.o)
 *fill*         0x0000000000038c3c        0x4 
 .bss           0x0000000000038c40     0x1d80 build/cooja/mtype746.a(uip-sr.o)
 .bss           0x000000000003a9c0      0xa78 build/cooja/mtype746.a(uip-packetqueue)
 .bss           0x000000000003b438        0x0 build/cooja/mtype746.a(uip-udp-packet.)
 .bss           0x000000000003b438        0x0 build/cooja/mtype746.a(rpl-nbr-policy.)
 *fill*         0x000000000003b438        0x8 
 .bss           0x000000000003b440      0x960 build/cooja/mtype746.a(rpl-neighbor.o)
 .bss           0x000000000003bda0        0x0 build/cooja/mtype746.a(rpl-dag.o)
 .bss           0x000000000003bda0       0x40 build/cooja/mtype746.a(rpl-timers.o)
 .bss           0x000000000003bde0        0x0 build/cooja/mtype746.a(rpl-ext-header.)
 .bss           0x000000000003bde0        0x0 build/cooja/mtype746.a(rpl-mrhof.o)
 .bss           0x000000000003bde0        0x0 /usr/lib/i386-linux-gnu/libc_nonshared.a(stack_chk_fail_local.oS)
 .bss           0x000000000003bde0        0x0 /usr/lib/gcc/i686-linux-gnu/7/crtendS.o
 .bss           0x000000000003bde0        0x0 /usr/lib/gcc/i686-linux-gnu/7/../../../i386-linux-gnu/crtn.o
 *(COMMON)
 COMMON         0x000000000003bde0        0x8 build/cooja/mtype746.o
                0x000000000003bde0                referenceVar
                0x000000000003bde4                sensors_flags
 COMMON         0x000000000003bde8        0xc build/cooja/mtype746.a(simEnvChange.o)
                0x000000000003bde8                simEtimerPending
                0x000000000003bdec                simProcessRunValue
                0x000000000003bdf0                simEtimerNextExpirationTime
 *fill*         0x000000000003bdf4        0x4 
 COMMON         0x000000000003bdf8       0x18 build/cooja/mtype746.a(rtimer-arch.o)
                0x000000000003bdf8                simRtimerPending
                0x000000000003be00                simRtimerCurrentTicks
                0x000000000003be08                simRtimerNextExpirationTime
 COMMON         0x000000000003be10        0x1 build/cooja/mtype746.a(beep.o)
                0x000000000003be10                simBeeped
 *fill*         0x000000000003be11        0x3 
 COMMON         0x000000000003be14        0xc build/cooja/mtype746.a(moteid.o)
                0x000000000003be14                simRandomSeed
                0x000000000003be18                simMoteIDChanged
                0x000000000003be1c                simMoteID
 COMMON         0x000000000003be20        0x2 build/cooja/mtype746.a(pir-sensor.o)
                0x000000000003be20                simPirIsActive
                0x000000000003be21                simPirChanged
 *fill*         0x000000000003be22       0x1e 
 COMMON         0x000000000003be40      0x820 build/cooja/mtype746.a(rs232.o)
                0x000000000003be40                simSerialReceivingFlag
                0x000000000003be44                simSerialReceivingLength
                0x000000000003be60                simSerialReceivingData
 COMMON         0x000000000003c660        0x2 build/cooja/mtype746.a(vib-sensor.o)
                0x000000000003c660                simVibChanged
                0x000000000003c661                simVibIsActive
 *fill*         0x000000000003c662        0x2 
 COMMON         0x000000000003c664        0x4 build/cooja/mtype746.a(clock.o)
                0x000000000003c664                simCurrentTime
 *fill*         0x000000000003c668       0x18 
 COMMON         0x000000000003c680     0x2020 build/cooja/mtype746.a(cooja-log.o)
                0x000000000003c680                simLoggedLength
                0x000000000003c684                simLoggedFlag
                0x000000000003c6a0                simLoggedData
 COMMON         0x000000000003e6a0       0xfd build/cooja/mtype746.a(cooja-radio.o)
                0x000000000003e6a0                simOutDataBuffer