Archive member included to satisfy reference by file (symbol)

/opt/gcc-arm-none-eabi-6_2-2016q4/bin/../lib/gcc/arm-none-eabi/6.2.1/thumb/v7-m/libgcc.a(_arm_addsubdf3.o)
                              build/cc26x0-cc13x0//launchpad/cc2650/obj/ble-hal-cc26xx.o (__aeabi_ui2d)
/opt/gcc-arm-none-eabi-6_2-2016q4/bin/../lib/gcc/arm-none-eabi/6.2.1/thumb/v7-m/libgcc.a(_arm_muldivdf3.o)
                              build/cc26x0-cc13x0//launchpad/cc2650/obj/ble-hal-cc26xx.o (__aeabi_dmul)
/opt/gcc-arm-none-eabi-6_2-2016q4/bin/../lib/gcc/arm-none-eabi/6.2.1/thumb/v7-m/libgcc.a(_arm_fixunsdfsi.o)
                              build/cc26x0-cc13x0//launchpad/cc2650/obj/ble-hal-cc26xx.o (__aeabi_d2uiz)
/opt/gcc-arm-none-eabi-6_2-2016q4/bin/../lib/gcc/arm-none-eabi/6.2.1/thumb/v7-m/libgcc.a(_aeabi_uldivmod.o)
                              build/cc26x0-cc13x0//launchpad/cc2650/obj/rf-core.o (__aeabi_uldivmod)
/opt/gcc-arm-none-eabi-6_2-2016q4/bin/../lib/gcc/arm-none-eabi/6.2.1/thumb/v7-m/libgcc.a(_udivmoddi4.o)
                              /opt/gcc-arm-none-eabi-6_2-2016q4/bin/../lib/gcc/arm-none-eabi/6.2.1/thumb/v7-m/libgcc.a(_aeabi_uldivmod.o) (__udivmoddi4)
/opt/gcc-arm-none-eabi-6_2-2016q4/bin/../lib/gcc/arm-none-eabi/6.2.1/thumb/v7-m/libgcc.a(_dvmd_tls.o)
                              /opt/gcc-arm-none-eabi-6_2-2016q4/bin/../lib/gcc/arm-none-eabi/6.2.1/thumb/v7-m/libgcc.a(_aeabi_uldivmod.o) (__aeabi_ldiv0)
/opt/gcc-arm-none-eabi-6_2-2016q4/bin/../lib/gcc/arm-none-eabi/6.2.1/../../../../arm-none-eabi/lib/thumb/v7-m/libc.a(lib_a-memcmp.o)
                              build/cc26x0-cc13x0//launchpad/cc2650/obj/linkaddr.o (memcmp)
/opt/gcc-arm-none-eabi-6_2-2016q4/bin/../lib/gcc/arm-none-eabi/6.2.1/../../../../arm-none-eabi/lib/thumb/v7-m/libc.a(lib_a-memcpy.o)
                              build/cc26x0-cc13x0//launchpad/cc2650/obj/board.o (memcpy)
/opt/gcc-arm-none-eabi-6_2-2016q4/bin/../lib/gcc/arm-none-eabi/6.2.1/../../../../arm-none-eabi/lib/thumb/v7-m/libc.a(lib_a-memset.o)
                              build/cc26x0-cc13x0//launchpad/cc2650/obj/rf-core.o (memset)
/opt/gcc-arm-none-eabi-6_2-2016q4/bin/../lib/gcc/arm-none-eabi/6.2.1/../../../../arm-none-eabi/lib/thumb/v7-m/libc.a(lib_a-reent.o)
                              build/cc26x0-cc13x0//launchpad/cc2650/obj/syscalls.o (errno)
/opt/gcc-arm-none-eabi-6_2-2016q4/bin/../lib/gcc/arm-none-eabi/6.2.1/../../../../arm-none-eabi/lib/thumb/v7-m/libc.a(lib_a-strcmp.o)
                              build/cc26x0-cc13x0//launchpad/cc2650/obj/log.o (strcmp)
/opt/gcc-arm-none-eabi-6_2-2016q4/bin/../lib/gcc/arm-none-eabi/6.2.1/../../../../arm-none-eabi/lib/thumb/v7-m/libc.a(lib_a-strlen-stub.o)
                              build/cc26x0-cc13x0//launchpad/cc2650/obj/rf-ble.o (strlen)
/opt/gcc-arm-none-eabi-6_2-2016q4/bin/../lib/gcc/arm-none-eabi/6.2.1/../../../../arm-none-eabi/lib/thumb/v7-m/libc.a(lib_a-strncmp.o)
                              build/cc26x0-cc13x0//launchpad/cc2650/obj/sensors.o (strncmp)
/opt/gcc-arm-none-eabi-6_2-2016q4/bin/../lib/gcc/arm-none-eabi/6.2.1/../../../../arm-none-eabi/lib/thumb/v7-m/libc.a(lib_a-freer.o)
                              /opt/gcc-arm-none-eabi-6_2-2016q4/bin/../lib/gcc/arm-none-eabi/6.2.1/../../../../arm-none-eabi/lib/thumb/v7-m/libc.a(lib_a-reent.o) (_free_r)
/opt/gcc-arm-none-eabi-6_2-2016q4/bin/../lib/gcc/arm-none-eabi/6.2.1/../../../../arm-none-eabi/lib/thumb/v7-m/libc.a(lib_a-impure.o)
                              /opt/gcc-arm-none-eabi-6_2-2016q4/bin/../lib/gcc/arm-none-eabi/6.2.1/../../../../arm-none-eabi/lib/thumb/v7-m/libc.a(lib_a-reent.o) (_impure_ptr)
/opt/gcc-arm-none-eabi-6_2-2016q4/bin/../lib/gcc/arm-none-eabi/6.2.1/../../../../arm-none-eabi/lib/thumb/v7-m/libc.a(lib_a-mallocr.o)
                              /opt/gcc-arm-none-eabi-6_2-2016q4/bin/../lib/gcc/arm-none-eabi/6.2.1/../../../../arm-none-eabi/lib/thumb/v7-m/libc.a(lib_a-freer.o) (__malloc_current_mallinfo)
/opt/gcc-arm-none-eabi-6_2-2016q4/bin/../lib/gcc/arm-none-eabi/6.2.1/../../../../arm-none-eabi/lib/thumb/v7-m/libc.a(lib_a-mlock.o)
                              /opt/gcc-arm-none-eabi-6_2-2016q4/bin/../lib/gcc/arm-none-eabi/6.2.1/../../../../arm-none-eabi/lib/thumb/v7-m/libc.a(lib_a-freer.o) (__malloc_lock)
/opt/gcc-arm-none-eabi-6_2-2016q4/bin/../lib/gcc/arm-none-eabi/6.2.1/../../../../arm-none-eabi/lib/thumb/v7-m/libc.a(lib_a-sbrkr.o)
                              /opt/gcc-arm-none-eabi-6_2-2016q4/bin/../lib/gcc/arm-none-eabi/6.2.1/../../../../arm-none-eabi/lib/thumb/v7-m/libc.a(lib_a-freer.o) (_sbrk_r)

Allocating common symbols
Common symbol       size              file

compower_idle_activity
                    0x10              build/cc26x0-cc13x0//launchpad/cc2650/obj/compower.o
nullnet_buf         0x4               build/cc26x0-cc13x0//launchpad/cc2650/obj/nullnet.o
errno               0x4               /opt/gcc-arm-none-eabi-6_2-2016q4/bin/../lib/gcc/arm-none-eabi/6.2.1/../../../../arm-none-eabi/lib/thumb/v7-m/libc.a(lib_a-reent.o)
[...]
Memory Configuration

Name             Origin             Length             Attributes
FLASH            0x0000000000000000 0x000000000001ffa8 xr
FLASH_CCFG       0x000000000001ffa8 0x0000000000000058 xr
SRAM             0x0000000020000000 0x0000000000005000 xrw
GPRAM            0x0000000011000000 0x0000000000002000 xrw
*default*        0x0000000000000000 0xffffffffffffffff

Linker script and memory map

LOAD build/cc26x0-cc13x0//launchpad/cc2650/obj/fault-handlers.o
LOAD build/cc26x0-cc13x0//launchpad/cc2650/obj/ccfg.o
LOAD build/cc26x0-cc13x0//launchpad/cc2650/obj/startup_gcc.o
LOAD build/cc26x0-cc13x0//launchpad/cc2650/obj/platform.o
LOAD build/cc26x0-cc13x0//launchpad/cc2650/obj/leds-arch.o
LOAD build/cc26x0-cc13x0//launchpad/cc2650/obj/board.o
LOAD build/cc26x0-cc13x0//launchpad/cc2650/obj/board-buttons.o
LOAD build/cc26x0-cc13x0//launchpad/cc2650/obj/xmem.o
LOAD build/cc26x0-cc13x0//launchpad/cc2650/obj/clock.o
LOAD build/cc26x0-cc13x0//launchpad/cc2650/obj/rtimer-arch.o
LOAD build/cc26x0-cc13x0//launchpad/cc2650/obj/soc-rtc.o
LOAD build/cc26x0-cc13x0//launchpad/cc2650/obj/uart.o
LOAD build/cc26x0-cc13x0//launchpad/cc2650/obj/contiki-watchdog.o
LOAD build/cc26x0-cc13x0//launchpad/cc2650/obj/aux-ctrl.o
LOAD build/cc26x0-cc13x0//launchpad/cc2650/obj/dbg.o
LOAD build/cc26x0-cc13x0//launchpad/cc2650/obj/ieee-addr.o
LOAD build/cc26x0-cc13x0//launchpad/cc2650/obj/batmon-sensor.o
LOAD build/cc26x0-cc13x0//launchpad/cc2650/obj/adc-sensor.o
LOAD build/cc26x0-cc13x0//launchpad/cc2650/obj/slip-arch.o
LOAD build/cc26x0-cc13x0//launchpad/cc2650/obj/slip.o
LOAD build/cc26x0-cc13x0//launchpad/cc2650/obj/cc26xx-uart.o
LOAD build/cc26x0-cc13x0//launchpad/cc2650/obj/lpm.o
LOAD build/cc26x0-cc13x0//launchpad/cc2650/obj/gpio-interrupt.o
LOAD build/cc26x0-cc13x0//launchpad/cc2650/obj/gpio-hal-arch.o
LOAD build/cc26x0-cc13x0//launchpad/cc2650/obj/oscillators.o
LOAD build/cc26x0-cc13x0//launchpad/cc2650/obj/rf-core.o
LOAD build/cc26x0-cc13x0//launchpad/cc2650/obj/rf-ble.o
LOAD build/cc26x0-cc13x0//launchpad/cc2650/obj/ieee-mode.o
LOAD build/cc26x0-cc13x0//launchpad/cc2650/obj/ble-cc2650.o
LOAD build/cc26x0-cc13x0//launchpad/cc2650/obj/ble-hal-cc26xx.o
LOAD build/cc26x0-cc13x0//launchpad/cc2650/obj/ble-addr.o
LOAD build/cc26x0-cc13x0//launchpad/cc2650/obj/rf-ble-cmd.o
LOAD build/cc26x0-cc13x0//launchpad/cc2650/obj/random.o
LOAD build/cc26x0-cc13x0//launchpad/cc2650/obj/soc-trng.o
LOAD build/cc26x0-cc13x0//launchpad/cc2650/obj/int-master.o
LOAD build/cc26x0-cc13x0//launchpad/cc2650/obj/spi-arch.o
LOAD build/cc26x0-cc13x0//launchpad/cc2650/obj/cc26xx-aes.o
LOAD build/cc26x0-cc13x0//launchpad/cc2650/obj/contiki-main.o
LOAD build/cc26x0-cc13x0//launchpad/cc2650/obj/autostart.o
LOAD build/cc26x0-cc13x0//launchpad/cc2650/obj/ctimer.o
LOAD build/cc26x0-cc13x0//launchpad/cc2650/obj/log.o
LOAD build/cc26x0-cc13x0//launchpad/cc2650/obj/energest.o
LOAD build/cc26x0-cc13x0//launchpad/cc2650/obj/etimer.o
LOAD build/cc26x0-cc13x0//launchpad/cc2650/obj/node-id.o
LOAD build/cc26x0-cc13x0//launchpad/cc2650/obj/mutex.o
LOAD build/cc26x0-cc13x0//launchpad/cc2650/obj/stimer.o
LOAD build/cc26x0-cc13x0//launchpad/cc2650/obj/compower.o
LOAD build/cc26x0-cc13x0//launchpad/cc2650/obj/atomic.o
LOAD build/cc26x0-cc13x0//launchpad/cc2650/obj/rtimer.o
LOAD build/cc26x0-cc13x0//launchpad/cc2650/obj/process.o
LOAD build/cc26x0-cc13x0//launchpad/cc2650/obj/timer.o
LOAD build/cc26x0-cc13x0//launchpad/cc2650/obj/stack-check.o
LOAD build/cc26x0-cc13x0//launchpad/cc2650/obj/dbl-list.o
LOAD build/cc26x0-cc13x0//launchpad/cc2650/obj/dbl-circ-list.o
LOAD build/cc26x0-cc13x0//launchpad/cc2650/obj/crc16.o
LOAD build/cc26x0-cc13x0//launchpad/cc2650/obj/ifft.o
LOAD build/cc26x0-cc13x0//launchpad/cc2650/obj/ringbuf.o
LOAD build/cc26x0-cc13x0//launchpad/cc2650/obj/sensors.o
LOAD build/cc26x0-cc13x0//launchpad/cc2650/obj/ringbufindex.o
LOAD build/cc26x0-cc13x0//launchpad/cc2650/obj/ccm-star.o
LOAD build/cc26x0-cc13x0//launchpad/cc2650/obj/list.o
LOAD build/cc26x0-cc13x0//launchpad/cc2650/obj/circular-list.o
LOAD build/cc26x0-cc13x0//launchpad/cc2650/obj/aes-128.o
LOAD build/cc26x0-cc13x0//launchpad/cc2650/obj/trickle-timer.o
LOAD build/cc26x0-cc13x0//launchpad/cc2650/obj/memb.o
LOAD build/cc26x0-cc13x0//launchpad/cc2650/obj/heapmem.o
LOAD build/cc26x0-cc13x0//launchpad/cc2650/obj/hexconv.o
LOAD build/cc26x0-cc13x0//launchpad/cc2650/obj/assert.o
LOAD build/cc26x0-cc13x0//launchpad/cc2650/obj/button-hal.o
LOAD build/cc26x0-cc13x0//launchpad/cc2650/obj/serial-line.o
LOAD build/cc26x0-cc13x0//launchpad/cc2650/obj/spi.o
LOAD build/cc26x0-cc13x0//launchpad/cc2650/obj/leds.o
LOAD build/cc26x0-cc13x0//launchpad/cc2650/obj/nullradio.o
LOAD build/cc26x0-cc13x0//launchpad/cc2650/obj/gpio-hal.o
LOAD build/cc26x0-cc13x0//launchpad/cc2650/obj/queuebuf.o
LOAD build/cc26x0-cc13x0//launchpad/cc2650/obj/nbr-table.o
LOAD build/cc26x0-cc13x0//launchpad/cc2650/obj/packetbuf.o
LOAD build/cc26x0-cc13x0//launchpad/cc2650/obj/netstack.o
LOAD build/cc26x0-cc13x0//launchpad/cc2650/obj/linkaddr.o
LOAD build/cc26x0-cc13x0//launchpad/cc2650/obj/net-debug.o
LOAD build/cc26x0-cc13x0//launchpad/cc2650/obj/link-stats.o
LOAD build/cc26x0-cc13x0//launchpad/cc2650/obj/mac-sequence.o
LOAD build/cc26x0-cc13x0//launchpad/cc2650/obj/mac.o
LOAD build/cc26x0-cc13x0//launchpad/cc2650/obj/frame802154e-ie.o
LOAD build/cc26x0-cc13x0//launchpad/cc2650/obj/framer-802154.o
LOAD build/cc26x0-cc13x0//launchpad/cc2650/obj/nullframer.o
LOAD build/cc26x0-cc13x0//launchpad/cc2650/obj/frame802154.o
LOAD build/cc26x0-cc13x0//launchpad/cc2650/obj/ext-flash.o
LOAD build/cc26x0-cc13x0//launchpad/cc2650/obj/udma.o
LOAD build/cc26x0-cc13x0//launchpad/cc2650/obj/adi.o
LOAD build/cc26x0-cc13x0//launchpad/cc2650/obj/aux_wuc.o
LOAD build/cc26x0-cc13x0//launchpad/cc2650/obj/aon_wuc.o
LOAD build/cc26x0-cc13x0//launchpad/cc2650/obj/aux_smph.o
LOAD build/cc26x0-cc13x0//launchpad/cc2650/obj/setup_rom.o
LOAD build/cc26x0-cc13x0//launchpad/cc2650/obj/watchdog.o
LOAD build/cc26x0-cc13x0//launchpad/cc2650/obj/ssi.o
LOAD build/cc26x0-cc13x0//launchpad/cc2650/obj/setup.o
LOAD build/cc26x0-cc13x0//launchpad/cc2650/obj/aon_rtc.o
LOAD build/cc26x0-cc13x0//launchpad/cc2650/obj/aon_ioc.o
LOAD build/cc26x0-cc13x0//launchpad/cc2650/obj/osc.o
LOAD build/cc26x0-cc13x0//launchpad/cc2650/obj/crypto.o
LOAD build/cc26x0-cc13x0//launchpad/cc2650/obj/i2c.o
LOAD build/cc26x0-cc13x0//launchpad/cc2650/obj/systick.o
LOAD build/cc26x0-cc13x0//launchpad/cc2650/obj/ioc.o
LOAD build/cc26x0-cc13x0//launchpad/cc2650/obj/aon_batmon.o
LOAD build/cc26x0-cc13x0//launchpad/cc2650/obj/sys_ctrl.o
LOAD build/cc26x0-cc13x0//launchpad/cc2650/obj/interrupt.o
LOAD build/cc26x0-cc13x0//launchpad/cc2650/obj/aux_tdc.o
LOAD build/cc26x0-cc13x0//launchpad/cc2650/obj/ccfgread.o
LOAD build/cc26x0-cc13x0//launchpad/cc2650/obj/smph.o
LOAD build/cc26x0-cc13x0//launchpad/cc2650/obj/aux_adc.o
LOAD build/cc26x0-cc13x0//launchpad/cc2650/obj/vims.o
LOAD build/cc26x0-cc13x0//launchpad/cc2650/obj/gpio.o
LOAD build/cc26x0-cc13x0//launchpad/cc2650/obj/flash.o
LOAD build/cc26x0-cc13x0//launchpad/cc2650/obj/ddi.o
LOAD build/cc26x0-cc13x0//launchpad/cc2650/obj/pwr_ctrl.o
LOAD build/cc26x0-cc13x0//launchpad/cc2650/obj/event.o
LOAD build/cc26x0-cc13x0//launchpad/cc2650/obj/rom_crypto.o
LOAD build/cc26x0-cc13x0//launchpad/cc2650/obj/prcm.o
LOAD build/cc26x0-cc13x0//launchpad/cc2650/obj/cpu.o
LOAD build/cc26x0-cc13x0//launchpad/cc2650/obj/aux_timer.o
LOAD build/cc26x0-cc13x0//launchpad/cc2650/obj/aon_event.o
LOAD build/cc26x0-cc13x0//launchpad/cc2650/obj/chipinfo.o
LOAD build/cc26x0-cc13x0//launchpad/cc2650/obj/driverlib_release.o
LOAD build/cc26x0-cc13x0//launchpad/cc2650/obj/i2s.o
LOAD build/cc26x0-cc13x0//launchpad/cc2650/obj/trng.o
LOAD build/cc26x0-cc13x0//launchpad/cc2650/obj/rfc.o
LOAD build/cc26x0-cc13x0//launchpad/cc2650/obj/syscalls.o
LOAD build/cc26x0-cc13x0//launchpad/cc2650/obj/strformat.o
LOAD build/cc26x0-cc13x0//launchpad/cc2650/obj/printf.o
LOAD build/cc26x0-cc13x0//launchpad/cc2650/obj/sprintf.o
LOAD build/cc26x0-cc13x0//launchpad/cc2650/obj/snprintf.o
LOAD build/cc26x0-cc13x0//launchpad/cc2650/obj/puts.o
LOAD build/cc26x0-cc13x0//launchpad/cc2650/obj/putchar.o
LOAD build/cc26x0-cc13x0//launchpad/cc2650/obj/csma-security.o
LOAD build/cc26x0-cc13x0//launchpad/cc2650/obj/anti-replay.o
LOAD build/cc26x0-cc13x0//launchpad/cc2650/obj/csma.o
LOAD build/cc26x0-cc13x0//launchpad/cc2650/obj/csma-output.o
LOAD build/cc26x0-cc13x0//launchpad/cc2650/obj/ccm-star-packetbuf.o
LOAD build/cc26x0-cc13x0//launchpad/cc2650/obj/nullnet.o
LOAD build/cc26x0-cc13x0//launchpad/cc2650/obj/nullrouting.o
LOAD serial_line.o
START GROUP
LOAD /opt/gcc-arm-none-eabi-6_2-2016q4/bin/../lib/gcc/arm-none-eabi/6.2.1/../../../../arm-none-eabi/lib/thumb/v7-m/libm.a
END GROUP
START GROUP
LOAD /opt/gcc-arm-none-eabi-6_2-2016q4/bin/../lib/gcc/arm-none-eabi/6.2.1/thumb/v7-m/libgcc.a
LOAD /opt/gcc-arm-none-eabi-6_2-2016q4/bin/../lib/gcc/arm-none-eabi/6.2.1/../../../../arm-none-eabi/lib/thumb/v7-m/libc.a
END GROUP
                0x0000000020005000                _estack = (ORIGIN (SRAM) + LENGTH (SRAM))
                0x0000000000000000                _Min_Heap_Size = 0x0
                0x0000000000000400                _Min_Stack_Size = 0x400

.text           0x0000000000000000     0x6e04
                0x0000000000000000                _text = .
 *(SORT(.vectors))
 .vectors       0x0000000000000000       0xc8 build/cc26x0-cc13x0//launchpad/cc2650/obj/startup_gcc.o
                0x0000000000000000                g_pfnVectors
 *(SORT(.text*))
 .text.FaultISR
                0x00000000000000c8       0x18 build/cc26x0-cc13x0//launchpad/cc2650/obj/fault-handlers.o
                0x00000000000000c8                FaultISR
 .text.NmiSRHandler
                0x00000000000000e0        0x4 build/cc26x0-cc13x0//launchpad/cc2650/obj/startup_gcc.o
                0x00000000000000e0                NmiSR
 .text.IntDefaultHandler
                0x00000000000000e4        0x4 build/cc26x0-cc13x0//launchpad/cc2650/obj/startup_gcc.o
                0x00000000000000e4                SSI0IntHandler
                0x00000000000000e4                SWEvent0IntHandler
                0x00000000000000e4                uDMAIntHandler
                0x00000000000000e4                WatchdogIntHandler
                0x00000000000000e4                RFCHardwareIntHandler
                0x00000000000000e4                Timer1BIntHandler
                0x00000000000000e4                I2SIntHandler
                0x00000000000000e4                Timer2BIntHandler
                0x00000000000000e4                Timer2AIntHandler
                0x00000000000000e4                Timer1AIntHandler
                0x00000000000000e4                AONIntHandler
                0x00000000000000e4                AUXSWEvent0IntHandler
                0x00000000000000e4                AUXADCIntHandler
                0x00000000000000e4                PendSVIntHandler
                0x00000000000000e4                AUXSWEvent1IntHandler
                0x00000000000000e4                SVCallIntHandler
                0x00000000000000e4                MPUFaultIntHandler
                0x00000000000000e4                SysTickIntHandler
                0x00000000000000e4                BusFaultIntHandler
                0x00000000000000e4                AONProgIntHandler
                0x00000000000000e4                AUXCompAIntHandler
                0x00000000000000e4                SSI1IntHandler
                0x00000000000000e4                FlashIntHandler
                0x00000000000000e4                uDMAErrIntHandler
                0x00000000000000e4                UsageFaultIntHandler
                0x00000000000000e4                RFCCmdAckIntHandler
                0x00000000000000e4                CryptoIntHandler
                0x00000000000000e4                Timer0AIntHandler
                0x00000000000000e4                I2CIntHandler
                0x00000000000000e4                DebugMonIntHandler
                0x00000000000000e4                Timer0BIntHandler
                0x00000000000000e4                AUXCombEventIntHandler
                0x00000000000000e4                Timer3AIntHandler
                0x00000000000000e4                DynProgIntHandler
                0x00000000000000e4                Timer3BIntHandler
 .text.ResetISR
                0x00000000000000e8       0x58 build/cc26x0-cc13x0//launchpad/cc2650/obj/startup_gcc.o
                0x00000000000000e8                ResetISR
 .text.fade     0x0000000000000140       0x64 build/cc26x0-cc13x0//launchpad/cc2650/obj/platform.o
 .text.platform_init_stage_one
                0x00000000000001a4       0x7c build/cc26x0-cc13x0//launchpad/cc2650/obj/platform.o
                0x00000000000001a4                platform_init_stage_one
 .text.platform_init_stage_two
                0x0000000000000220       0x2c build/cc26x0-cc13x0//launchpad/cc2650/obj/platform.o
                0x0000000000000220                platform_init_stage_two
 .text.platform_init_stage_three
                0x000000000000024c       0xd4 build/cc26x0-cc13x0//launchpad/cc2650/obj/platform.o
                0x000000000000024c                platform_init_stage_three
 .text.platform_idle
                0x0000000000000320        0x4 build/cc26x0-cc13x0//launchpad/cc2650/obj/platform.o
                0x0000000000000320                platform_idle
 .text.wakeup_handler
                0x0000000000000324       0x20 build/cc26x0-cc13x0//launchpad/cc2650/obj/board.o
 .text.board_init
                0x0000000000000344       0x8c build/cc26x0-cc13x0//launchpad/cc2650/obj/board.o
                0x0000000000000344                board_init
 .text.power_domain_on
                0x00000000000003d0       0x20 build/cc26x0-cc13x0//launchpad/cc2650/obj/clock.o
 .text.clock_init
                0x00000000000003f0       0x98 build/cc26x0-cc13x0//launchpad/cc2650/obj/clock.o
                0x00000000000003f0                clock_init
 .text.clock_time
                0x0000000000000488       0x20 build/cc26x0-cc13x0//launchpad/cc2650/obj/clock.o
                0x0000000000000488                clock_time
 .text.clock_update
                0x00000000000004a8       0x28 build/cc26x0-cc13x0//launchpad/cc2650/obj/clock.o
                0x00000000000004a8                clock_update
 .text.rtimer_arch_init
                0x00000000000004d0        0x4 build/cc26x0-cc13x0//launchpad/cc2650/obj/rtimer-arch.o
                0x00000000000004d0                rtimer_arch_init
 .text.rtimer_arch_schedule
                0x00000000000004d4        0x8 build/cc26x0-cc13x0//launchpad/cc2650/obj/rtimer-arch.o
                0x00000000000004d4                rtimer_arch_schedule
 .text.rtimer_arch_now
                0x00000000000004dc        0x4 build/cc26x0-cc13x0//launchpad/cc2650/obj/rtimer-arch.o
                0x00000000000004dc                rtimer_arch_now
 .text.soc_rtc_init
                0x00000000000004e0       0xa0 build/cc26x0-cc13x0//launchpad/cc2650/obj/soc-rtc.o
                0x00000000000004e0                soc_rtc_init
 .text.soc_rtc_schedule_one_shot
                0x0000000000000580       0x6c build/cc26x0-cc13x0//launchpad/cc2650/obj/soc-rtc.o
                0x0000000000000580                soc_rtc_schedule_one_shot
 .text.soc_rtc_last_isr_time
                0x00000000000005ec        0xc build/cc26x0-cc13x0//launchpad/cc2650/obj/soc-rtc.o
                0x00000000000005ec                soc_rtc_last_isr_time
 .text.AONRTCIntHandler
                0x00000000000005f8       0x88 build/cc26x0-cc13x0//launchpad/cc2650/obj/soc-rtc.o
                0x00000000000005f8                AONRTCIntHandler
 .text.watchdog_init
                0x0000000000000680        0xc build/cc26x0-cc13x0//launchpad/cc2650/obj/contiki-watchdog.o
                0x0000000000000680                watchdog_init
 .text.watchdog_start
                0x000000000000068c       0x68 build/cc26x0-cc13x0//launchpad/cc2650/obj/contiki-watchdog.o
                0x000000000000068c                watchdog_start
 .text.watchdog_periodic
                0x00000000000006f4        0xc build/cc26x0-cc13x0//launchpad/cc2650/obj/contiki-watchdog.o
                0x00000000000006f4                watchdog_periodic
 .text.aux_ctrl_power_up
                0x0000000000000700       0x28 build/cc26x0-cc13x0//launchpad/cc2650/obj/aux-ctrl.o
                0x0000000000000700                aux_ctrl_power_up
 .text.aux_ctrl_register_consumer
                0x0000000000000728       0x40 build/cc26x0-cc13x0//launchpad/cc2650/obj/aux-ctrl.o
                0x0000000000000728                aux_ctrl_register_consumer
 .text.aux_ctrl_power_down
                0x0000000000000768       0x68 build/cc26x0-cc13x0//launchpad/cc2650/obj/aux-ctrl.o
                0x0000000000000768                aux_ctrl_power_down
 .text.aux_ctrl_unregister_consumer
                0x00000000000007d0       0x28 build/cc26x0-cc13x0//launchpad/cc2650/obj/aux-ctrl.o
                0x00000000000007d0                aux_ctrl_unregister_consumer
 .text.dbg_send_bytes
                0x00000000000007f8       0x40 build/cc26x0-cc13x0//launchpad/cc2650/obj/dbg.o
                0x00000000000007f8                dbg_send_bytes
 .text.ieee_addr_cpy_to
                0x0000000000000838       0x4c build/cc26x0-cc13x0//launchpad/cc2650/obj/ieee-addr.o
                0x0000000000000838                ieee_addr_cpy_to
 .text.power_and_clock
                0x0000000000000884       0x40 build/cc26x0-cc13x0//launchpad/cc2650/obj/cc26xx-uart.o
 .text.enable   0x00000000000008c4       0xf0 build/cc26x0-cc13x0//launchpad/cc2650/obj/cc26xx-uart.o
 .text.accessible
                0x00000000000009b4       0x24 build/cc26x0-cc13x0//launchpad/cc2650/obj/cc26xx-uart.o
 .text.lpm_drop_handler
                0x00000000000009d8       0xc8 build/cc26x0-cc13x0//launchpad/cc2650/obj/cc26xx-uart.o
 .text.cc26xx_uart_init
                0x0000000000000aa0       0x28 build/cc26x0-cc13x0//launchpad/cc2650/obj/cc26xx-uart.o
                0x0000000000000aa0                cc26xx_uart_init
 .text.cc26xx_uart_write_byte
                0x0000000000000ac8       0x28 build/cc26x0-cc13x0//launchpad/cc2650/obj/cc26xx-uart.o
                0x0000000000000ac8                cc26xx_uart_write_byte
 .text.cc26xx_uart_set_input
                0x0000000000000af0       0x6c build/cc26x0-cc13x0//launchpad/cc2650/obj/cc26xx-uart.o
                0x0000000000000af0                cc26xx_uart_set_input
 .text.cc26xx_uart_busy
                0x0000000000000b5c       0x18 build/cc26x0-cc13x0//launchpad/cc2650/obj/cc26xx-uart.o
                0x0000000000000b5c                cc26xx_uart_busy
 .text.UART0IntHandler
                0x0000000000000b74       0x58 build/cc26x0-cc13x0//launchpad/cc2650/obj/cc26xx-uart.o
                0x0000000000000b74                UART0IntHandler
 .text.lpm_sleep
                0x0000000000000bcc       0x14 build/cc26x0-cc13x0//launchpad/cc2650/obj/lpm.o
                0x0000000000000bcc                lpm_sleep
 .text.lpm_drop
                0x0000000000000be0      0x250 build/cc26x0-cc13x0//launchpad/cc2650/obj/lpm.o
                0x0000000000000be0                lpm_drop
 .text.lpm_register_module
                0x0000000000000e30        0xc build/cc26x0-cc13x0//launchpad/cc2650/obj/lpm.o
                0x0000000000000e30                lpm_register_module
 .text.lpm_unregister_module
                0x0000000000000e3c        0xc build/cc26x0-cc13x0//launchpad/cc2650/obj/lpm.o
                0x0000000000000e3c                lpm_unregister_module
 .text.lpm_init
                0x0000000000000e48       0x20 build/cc26x0-cc13x0//launchpad/cc2650/obj/lpm.o
                0x0000000000000e48                lpm_init
 .text.lpm_pin_set_default_state
                0x0000000000000e68       0x2c build/cc26x0-cc13x0//launchpad/cc2650/obj/lpm.o
                0x0000000000000e68                lpm_pin_set_default_state
 .text.GPIOIntHandler
                0x0000000000000e94       0x10 build/cc26x0-cc13x0//launchpad/cc2650/obj/gpio-interrupt.o
                0x0000000000000e94                GPIOIntHandler
 .text.gpio_hal_arch_no_port_pin_cfg_set
                0x0000000000000ea4       0x74 build/cc26x0-cc13x0//launchpad/cc2650/obj/gpio-hal-arch.o
                0x0000000000000ea4                gpio_hal_arch_no_port_pin_cfg_set
 .text.gpio_hal_arch_no_port_read_pin
                0x0000000000000f18       0x28 build/cc26x0-cc13x0//launchpad/cc2650/obj/gpio-hal-arch.o
                0x0000000000000f18                gpio_hal_arch_no_port_read_pin
 .text.oscillators_select_lf_xosc
                0x0000000000000f40       0x50 build/cc26x0-cc13x0//launchpad/cc2650/obj/oscillators.o
                0x0000000000000f40                oscillators_select_lf_xosc
 .text.oscillators_request_hf_xosc
                0x0000000000000f90       0x30 build/cc26x0-cc13x0//launchpad/cc2650/obj/oscillators.o
                0x0000000000000f90                oscillators_request_hf_xosc
 .text.oscillators_switch_to_hf_xosc
                0x0000000000000fc0       0x34 build/cc26x0-cc13x0//launchpad/cc2650/obj/oscillators.o
                0x0000000000000fc0                oscillators_switch_to_hf_xosc
 .text.oscillators_switch_to_hf_rc
                0x0000000000000ff4       0x38 build/cc26x0-cc13x0//launchpad/cc2650/obj/oscillators.o
                0x0000000000000ff4                oscillators_switch_to_hf_rc
 .text.process_thread_rf_core_process
                0x000000000000102c       0x58 build/cc26x0-cc13x0//launchpad/cc2650/obj/rf-core.o
 .text.rf_core_is_accessible
                0x0000000000001084       0x10 build/cc26x0-cc13x0//launchpad/cc2650/obj/rf-core.o
                0x0000000000001084                rf_core_is_accessible
 .text.rf_core_send_cmd
                0x0000000000001094       0xd0 build/cc26x0-cc13x0//launchpad/cc2650/obj/rf-core.o
                0x0000000000001094                rf_core_send_cmd
 .text.rf_core_wait_cmd_done
                0x0000000000001164       0x3c build/cc26x0-cc13x0//launchpad/cc2650/obj/rf-core.o
                0x0000000000001164                rf_core_wait_cmd_done
 .text.rf_core_power_up
                0x00000000000011a0       0xcc build/cc26x0-cc13x0//launchpad/cc2650/obj/rf-core.o
                0x00000000000011a0                rf_core_power_up
 .text.rf_core_start_rat
                0x000000000000126c       0x80 build/cc26x0-cc13x0//launchpad/cc2650/obj/rf-core.o
                0x000000000000126c                rf_core_start_rat
 .text.rf_core_stop_rat
                0x00000000000012ec       0x94 build/cc26x0-cc13x0//launchpad/cc2650/obj/rf-core.o
                0x00000000000012ec                rf_core_stop_rat
 .text.rf_core_power_down
                0x0000000000001380      0x104 build/cc26x0-cc13x0//launchpad/cc2650/obj/rf-core.o
                0x0000000000001380                rf_core_power_down
 .text.rf_core_set_modesel
                0x0000000000001484       0x44 build/cc26x0-cc13x0//launchpad/cc2650/obj/rf-core.o
                0x0000000000001484                rf_core_set_modesel
 .text.rf_core_boot
                0x00000000000014c8       0x1c build/cc26x0-cc13x0//launchpad/cc2650/obj/rf-core.o
                0x00000000000014c8                rf_core_boot
 .text.rf_core_restart_rat
                0x00000000000014e4       0x18 build/cc26x0-cc13x0//launchpad/cc2650/obj/rf-core.o
                0x00000000000014e4                rf_core_restart_rat
 .text.rf_core_setup_interrupts
                0x00000000000014fc       0x7c build/cc26x0-cc13x0//launchpad/cc2650/obj/rf-core.o
                0x00000000000014fc                rf_core_setup_interrupts
 .text.rf_core_cmd_done_en
                0x0000000000001578       0x3c build/cc26x0-cc13x0//launchpad/cc2650/obj/rf-core.o
                0x0000000000001578                rf_core_cmd_done_en
 .text.rf_core_cmd_done_dis
                0x00000000000015b4       0x20 build/cc26x0-cc13x0//launchpad/cc2650/obj/rf-core.o
                0x00000000000015b4                rf_core_cmd_done_dis
 .text.rf_core_get_last_radio_op
                0x00000000000015d4        0xc build/cc26x0-cc13x0//launchpad/cc2650/obj/rf-core.o
                0x00000000000015d4                rf_core_get_last_radio_op
 .text.rf_core_init_radio_op
                0x00000000000015e0       0x1c build/cc26x0-cc13x0//launchpad/cc2650/obj/rf-core.o
                0x00000000000015e0                rf_core_init_radio_op
 .text.rf_core_primary_mode_register
                0x00000000000015fc        0xc build/cc26x0-cc13x0//launchpad/cc2650/obj/rf-core.o
                0x00000000000015fc                rf_core_primary_mode_register
 .text.rf_core_rat_init
                0x0000000000001608       0x2c build/cc26x0-cc13x0//launchpad/cc2650/obj/rf-core.o
                0x0000000000001608                rf_core_rat_init
 .text.rf_core_check_rat_overflow
                0x0000000000001634       0x70 build/cc26x0-cc13x0//launchpad/cc2650/obj/rf-core.o
                0x0000000000001634                rf_core_check_rat_overflow
 .text.rat_overflow_check_timer_cb
                0x00000000000016a4       0x60 build/cc26x0-cc13x0//launchpad/cc2650/obj/rf-core.o
 .text.rf_core_convert_rat_to_rtimer
                0x0000000000001704       0xa0 build/cc26x0-cc13x0//launchpad/cc2650/obj/rf-core.o
                0x0000000000001704                rf_core_convert_rat_to_rtimer
 .text.RFCCPE1IntHandler
                0x00000000000017a4       0x54 build/cc26x0-cc13x0//launchpad/cc2650/obj/rf-core.o
                0x00000000000017a4                RFCCPE1IntHandler
 .text.RFCCPE0IntHandler
                0x00000000000017f8       0x54 build/cc26x0-cc13x0//launchpad/cc2650/obj/rf-core.o
                0x00000000000017f8                RFCCPE0IntHandler
 .text.rf_ble_is_active
                0x000000000000184c        0xc build/cc26x0-cc13x0//launchpad/cc2650/obj/rf-ble.o
                0x000000000000184c                rf_ble_is_active
 .text.rf_is_on
                0x0000000000001858       0x1c build/cc26x0-cc13x0//launchpad/cc2650/obj/ieee-mode.o
 .text.request  0x0000000000001874       0x20 build/cc26x0-cc13x0//launchpad/cc2650/obj/ieee-mode.o
 .text.rx_on    0x0000000000001894       0x5c build/cc26x0-cc13x0//launchpad/cc2650/obj/ieee-mode.o
 .text.prepare  0x00000000000018f0       0x1c build/cc26x0-cc13x0//launchpad/cc2650/obj/ieee-mode.o
 .text.rf_radio_setup
                0x000000000000190c       0x60 build/cc26x0-cc13x0//launchpad/cc2650/obj/ieee-mode.o
 .text.soft_on  0x000000000000196c       0x18 build/cc26x0-cc13x0//launchpad/cc2650/obj/ieee-mode.o
 .text.pending_packet
                0x0000000000001984       0x48 build/cc26x0-cc13x0//launchpad/cc2650/obj/ieee-mode.o
 .text.soft_off
                0x00000000000019cc       0x44 build/cc26x0-cc13x0//launchpad/cc2650/obj/ieee-mode.o
 .text.get_object
                0x0000000000001a10       0x48 build/cc26x0-cc13x0//launchpad/cc2650/obj/ieee-mode.o
 .text.transmitting.part.1
                0x0000000000001a58       0x48 build/cc26x0-cc13x0//launchpad/cc2650/obj/ieee-mode.o
 .text.rx_off   0x0000000000001aa0       0x8c build/cc26x0-cc13x0//launchpad/cc2650/obj/ieee-mode.o
 .text.set_object
                0x0000000000001b2c       0x60 build/cc26x0-cc13x0//launchpad/cc2650/obj/ieee-mode.o
 .text.get_cca_info
                0x0000000000001b8c       0x60 build/cc26x0-cc13x0//launchpad/cc2650/obj/ieee-mode.o
 .text.receiving_packet
                0x0000000000001bec       0x3c build/cc26x0-cc13x0//launchpad/cc2650/obj/ieee-mode.o
 .text.off.part.6
                0x0000000000001c28       0x80 build/cc26x0-cc13x0//launchpad/cc2650/obj/ieee-mode.o
 .text.off      0x0000000000001ca8       0x14 build/cc26x0-cc13x0//launchpad/cc2650/obj/ieee-mode.o
 .text.on       0x0000000000001cbc       0x98 build/cc26x0-cc13x0//launchpad/cc2650/obj/ieee-mode.o
 .text.set_value
                0x0000000000001d54      0x194 build/cc26x0-cc13x0//launchpad/cc2650/obj/ieee-mode.o
 .text.get_value
                0x0000000000001ee8      0x1c8 build/cc26x0-cc13x0//launchpad/cc2650/obj/ieee-mode.o
 .text.channel_clear
                0x00000000000020b0       0x98 build/cc26x0-cc13x0//launchpad/cc2650/obj/ieee-mode.o
 .text.read_frame
                0x0000000000002148       0xe4 build/cc26x0-cc13x0//launchpad/cc2650/obj/ieee-mode.o
 .text.transmit.part.10
                0x000000000000222c       0xfc build/cc26x0-cc13x0//launchpad/cc2650/obj/ieee-mode.o
 .text.transmit
                0x0000000000002328        0xc build/cc26x0-cc13x0//launchpad/cc2650/obj/ieee-mode.o
 .text.send     0x0000000000002334       0x24 build/cc26x0-cc13x0//launchpad/cc2650/obj/ieee-mode.o
 .text.init     0x0000000000002358      0x160 build/cc26x0-cc13x0//launchpad/cc2650/obj/ieee-mode.o
 .text.random_rand
                0x00000000000024b8        0xc build/cc26x0-cc13x0//launchpad/cc2650/obj/random.o
                0x00000000000024b8                random_rand
 .text.random_init
                0x00000000000024c4        0x4 build/cc26x0-cc13x0//launchpad/cc2650/obj/random.o
                0x00000000000024c4                random_init
 .text.power_up
                0x00000000000024c8       0x40 build/cc26x0-cc13x0//launchpad/cc2650/obj/soc-trng.o
 .text.request  0x0000000000002508       0x14 build/cc26x0-cc13x0//launchpad/cc2650/obj/soc-trng.o
 .text.process_thread_soc_trng_process
                0x000000000000251c       0x94 build/cc26x0-cc13x0//launchpad/cc2650/obj/soc-trng.o
 .text.accessible
                0x00000000000025b0       0x24 build/cc26x0-cc13x0//launchpad/cc2650/obj/soc-trng.o
 .text.soc_trng_rand_synchronous
                0x00000000000025d4       0xc4 build/cc26x0-cc13x0//launchpad/cc2650/obj/soc-trng.o
                0x00000000000025d4                soc_trng_rand_synchronous
 .text.TRNGIntHandler
                0x0000000000002698       0x50 build/cc26x0-cc13x0//launchpad/cc2650/obj/soc-trng.o
                0x0000000000002698                TRNGIntHandler
 .text.soc_trng_init
                0x00000000000026e8       0x28 build/cc26x0-cc13x0//launchpad/cc2650/obj/soc-trng.o
                0x00000000000026e8                soc_trng_init
 .text.int_master_read_and_disable
                0x0000000000002710       0x10 build/cc26x0-cc13x0//launchpad/cc2650/obj/int-master.o
                0x0000000000002710                int_master_read_and_disable
 .text.int_master_status_set
                0x0000000000002720        0x8 build/cc26x0-cc13x0//launchpad/cc2650/obj/int-master.o
                0x0000000000002720                int_master_status_set
 .text.spi_arch_has_lock
                0x0000000000002728       0x18 build/cc26x0-cc13x0//launchpad/cc2650/obj/spi-arch.o
                0x0000000000002728                spi_arch_has_lock
 .text.spi_arch_lock_and_open
                0x0000000000002740      0x13c build/cc26x0-cc13x0//launchpad/cc2650/obj/spi-arch.o
                0x0000000000002740                spi_arch_lock_and_open
 .text.spi_arch_close_and_unlock
                0x000000000000287c       0xa0 build/cc26x0-cc13x0//launchpad/cc2650/obj/spi-arch.o
                0x000000000000287c                spi_arch_close_and_unlock
 .text.spi_arch_transfer
                0x000000000000291c       0xf0 build/cc26x0-cc13x0//launchpad/cc2650/obj/spi-arch.o
                0x000000000000291c                spi_arch_transfer
 .text.startup.main
                0x0000000000002a0c      0x190 build/cc26x0-cc13x0//launchpad/cc2650/obj/contiki-main.o
                0x0000000000002a0c                main
 .text.autostart_start
                0x0000000000002b9c       0x18 build/cc26x0-cc13x0//launchpad/cc2650/obj/autostart.o
                0x0000000000002b9c                autostart_start
 .text.process_thread_ctimer_process
                0x0000000000002bb4       0x94 build/cc26x0-cc13x0//launchpad/cc2650/obj/ctimer.o
 .text.ctimer_init
                0x0000000000002c48       0x28 build/cc26x0-cc13x0//launchpad/cc2650/obj/ctimer.o
                0x0000000000002c48                ctimer_init
 .text.ctimer_set_with_process
                0x0000000000002c70       0x4c build/cc26x0-cc13x0//launchpad/cc2650/obj/ctimer.o
                0x0000000000002c70                ctimer_set_with_process
 .text.ctimer_set
                0x0000000000002cbc       0x18 build/cc26x0-cc13x0//launchpad/cc2650/obj/ctimer.o
                0x0000000000002cbc                ctimer_set
 .text.ctimer_stop
                0x0000000000002cd4       0x34 build/cc26x0-cc13x0//launchpad/cc2650/obj/ctimer.o
                0x0000000000002cd4                ctimer_stop
 .text.ctimer_expired
                0x0000000000002d08       0x38 build/cc26x0-cc13x0//launchpad/cc2650/obj/ctimer.o
                0x0000000000002d08                ctimer_expired
 .text.log_lladdr
                0x0000000000002d40       0x60 build/cc26x0-cc13x0//launchpad/cc2650/obj/log.o
                0x0000000000002d40                log_lladdr
 .text.energest_init
                0x0000000000002da0        0x4 build/cc26x0-cc13x0//launchpad/cc2650/obj/energest.o
                0x0000000000002da0                energest_init
 .text.update_time
                0x0000000000002da4       0x44 build/cc26x0-cc13x0//launchpad/cc2650/obj/etimer.o
 .text.process_thread_etimer_process
                0x0000000000002de8       0xcc build/cc26x0-cc13x0//launchpad/cc2650/obj/etimer.o
 .text.add_timer
                0x0000000000002eb4       0x54 build/cc26x0-cc13x0//launchpad/cc2650/obj/etimer.o
 .text.etimer_request_poll
                0x0000000000002f08        0xc build/cc26x0-cc13x0//launchpad/cc2650/obj/etimer.o
                0x0000000000002f08                etimer_request_poll
 .text.etimer_set
                0x0000000000002f14       0x14 build/cc26x0-cc13x0//launchpad/cc2650/obj/etimer.o
                0x0000000000002f14                etimer_set
 .text.etimer_reset
                0x0000000000002f28       0x14 build/cc26x0-cc13x0//launchpad/cc2650/obj/etimer.o
                0x0000000000002f28                etimer_reset
 .text.etimer_expired
                0x0000000000002f3c        0xc build/cc26x0-cc13x0//launchpad/cc2650/obj/etimer.o
                0x0000000000002f3c                etimer_expired
 .text.etimer_pending
                0x0000000000002f48       0x10 build/cc26x0-cc13x0//launchpad/cc2650/obj/etimer.o
                0x0000000000002f48                etimer_pending
 .text.etimer_next_expiration_time
                0x0000000000002f58       0x14 build/cc26x0-cc13x0//launchpad/cc2650/obj/etimer.o
                0x0000000000002f58                etimer_next_expiration_time
 .text.etimer_stop
                0x0000000000002f6c       0x44 build/cc26x0-cc13x0//launchpad/cc2650/obj/etimer.o
                0x0000000000002f6c                etimer_stop
 .text.node_id_init
                0x0000000000002fb0       0x18 build/cc26x0-cc13x0//launchpad/cc2650/obj/node-id.o
                0x0000000000002fb0                node_id_init
 .text.rtimer_init
                0x0000000000002fc8        0x4 build/cc26x0-cc13x0//launchpad/cc2650/obj/rtimer.o
                0x0000000000002fc8                rtimer_init
 .text.rtimer_run_next
                0x0000000000002fcc       0x28 build/cc26x0-cc13x0//launchpad/cc2650/obj/rtimer.o
                0x0000000000002fcc                rtimer_run_next
 .text.exit_process
                0x0000000000002ff4       0xa8 build/cc26x0-cc13x0//launchpad/cc2650/obj/process.o
 .text.call_process.part.0
                0x000000000000309c       0x38 build/cc26x0-cc13x0//launchpad/cc2650/obj/process.o
 .text.do_poll  0x00000000000030d4       0x3c build/cc26x0-cc13x0//launchpad/cc2650/obj/process.o
 .text.process_alloc_event
                0x0000000000003110       0x10 build/cc26x0-cc13x0//launchpad/cc2650/obj/process.o
                0x0000000000003110                process_alloc_event
 .text.process_start
                0x0000000000003120       0x48 build/cc26x0-cc13x0//launchpad/cc2650/obj/process.o
                0x0000000000003120                process_start
 .text.process_init
                0x0000000000003168       0x34 build/cc26x0-cc13x0//launchpad/cc2650/obj/process.o
                0x0000000000003168                process_init
 .text.process_run
                0x000000000000319c       0xa8 build/cc26x0-cc13x0//launchpad/cc2650/obj/process.o
                0x000000000000319c                process_run
 .text.process_nevents
                0x0000000000003244       0x14 build/cc26x0-cc13x0//launchpad/cc2650/obj/process.o
                0x0000000000003244                process_nevents
 .text.process_post
                0x0000000000003258       0x40 build/cc26x0-cc13x0//launchpad/cc2650/obj/process.o
                0x0000000000003258                process_post
 .text.process_poll
                0x0000000000003298       0x18 build/cc26x0-cc13x0//launchpad/cc2650/obj/process.o
                0x0000000000003298                process_poll
 .text.timer_set
                0x00000000000032b0       0x10 build/cc26x0-cc13x0//launchpad/cc2650/obj/timer.o
                0x00000000000032b0                timer_set
 .text.timer_reset
                0x00000000000032c0       0x1c build/cc26x0-cc13x0//launchpad/cc2650/obj/timer.o
                0x00000000000032c0                timer_reset
 .text.timer_expired
                0x00000000000032dc       0x1c build/cc26x0-cc13x0//launchpad/cc2650/obj/timer.o
                0x00000000000032dc                timer_expired
 .text.stack_check_init
                0x00000000000032f8       0x2c build/cc26x0-cc13x0//launchpad/cc2650/obj/stack-check.o
                0x00000000000032f8                stack_check_init
 .text.stack_check_get_usage
                0x0000000000003324       0x54 build/cc26x0-cc13x0//launchpad/cc2650/obj/stack-check.o
                0x0000000000003324                stack_check_get_usage
 .text.process_thread_stack_check_process
                0x0000000000003378       0xb8 build/cc26x0-cc13x0//launchpad/cc2650/obj/stack-check.o
 .text.ringbuf_init
                0x0000000000003430       0x10 build/cc26x0-cc13x0//launchpad/cc2650/obj/ringbuf.o
                0x0000000000003430                ringbuf_init
 .text.ringbuf_put
                0x0000000000003440       0x2c build/cc26x0-cc13x0//launchpad/cc2650/obj/ringbuf.o
                0x0000000000003440                ringbuf_put
 .text.ringbuf_get
                0x000000000000346c       0x24 build/cc26x0-cc13x0//launchpad/cc2650/obj/ringbuf.o
                0x000000000000346c                ringbuf_get
 .text.list_init
                0x0000000000003490        0x8 build/cc26x0-cc13x0//launchpad/cc2650/obj/list.o
                0x0000000000003490                list_init
 .text.list_head
                0x0000000000003498        0x4 build/cc26x0-cc13x0//launchpad/cc2650/obj/list.o
                0x0000000000003498                list_head
 .text.list_add
                0x000000000000349c       0x58 build/cc26x0-cc13x0//launchpad/cc2650/obj/list.o
                0x000000000000349c                list_add
 .text.list_remove
                0x00000000000034f4       0x38 build/cc26x0-cc13x0//launchpad/cc2650/obj/list.o
                0x00000000000034f4                list_remove
 .text.list_length
                0x000000000000352c       0x14 build/cc26x0-cc13x0//launchpad/cc2650/obj/list.o
                0x000000000000352c                list_length
 .text.list_item_next
                0x0000000000003540        0x8 build/cc26x0-cc13x0//launchpad/cc2650/obj/list.o
                0x0000000000003540                list_item_next
 .text.memb_init
                0x0000000000003548       0x24 build/cc26x0-cc13x0//launchpad/cc2650/obj/memb.o
                0x0000000000003548                memb_init
 .text.memb_alloc
                0x000000000000356c       0x3c build/cc26x0-cc13x0//launchpad/cc2650/obj/memb.o
                0x000000000000356c                memb_alloc
 .text.memb_free
                0x00000000000035a8       0x38 build/cc26x0-cc13x0//launchpad/cc2650/obj/memb.o
                0x00000000000035a8                memb_free
 .text.memb_inmemb
                0x00000000000035e0       0x1c build/cc26x0-cc13x0//launchpad/cc2650/obj/memb.o
                0x00000000000035e0                memb_inmemb
 .text.duration_exceeded_callback
                0x00000000000035fc       0x34 build/cc26x0-cc13x0//launchpad/cc2650/obj/button-hal.o
 .text.process_thread_button_hal_process
                0x0000000000003630       0x84 build/cc26x0-cc13x0//launchpad/cc2650/obj/button-hal.o
 .text.press_release_handler
                0x00000000000036b4       0x18 build/cc26x0-cc13x0//launchpad/cc2650/obj/button-hal.o
 .text.button_hal_get_state
                0x00000000000036cc       0x24 build/cc26x0-cc13x0//launchpad/cc2650/obj/button-hal.o
                0x00000000000036cc                button_hal_get_state
 .text.debounce_handler
                0x00000000000036f0       0x74 build/cc26x0-cc13x0//launchpad/cc2650/obj/button-hal.o
 .text.button_hal_init
                0x0000000000003764       0xb4 build/cc26x0-cc13x0//launchpad/cc2650/obj/button-hal.o
                0x0000000000003764                button_hal_init
 .text.process_thread_serial_line_process
                0x0000000000003818       0xac build/cc26x0-cc13x0//launchpad/cc2650/obj/serial-line.o
 .text.serial_line_input_byte
                0x00000000000038c4       0x5c build/cc26x0-cc13x0//launchpad/cc2650/obj/serial-line.o
                0x00000000000038c4                serial_line_input_byte
 .text.serial_line_init
                0x0000000000003920       0x24 build/cc26x0-cc13x0//launchpad/cc2650/obj/serial-line.o
                0x0000000000003920                serial_line_init
 .text.spi_acquire
                0x0000000000003944       0x10 build/cc26x0-cc13x0//launchpad/cc2650/obj/spi.o
                0x0000000000003944                spi_acquire
 .text.spi_release
                0x0000000000003954       0x10 build/cc26x0-cc13x0//launchpad/cc2650/obj/spi.o
                0x0000000000003954                spi_release
 .text.spi_select
                0x0000000000003964       0x20 build/cc26x0-cc13x0//launchpad/cc2650/obj/spi.o
                0x0000000000003964                spi_select
 .text.spi_deselect
                0x0000000000003984       0x14 build/cc26x0-cc13x0//launchpad/cc2650/obj/spi.o
                0x0000000000003984                spi_deselect
 .text.spi_write_byte
                0x0000000000003998       0x38 build/cc26x0-cc13x0//launchpad/cc2650/obj/spi.o
                0x0000000000003998                spi_write_byte
 .text.spi_write
                0x00000000000039d0       0x3c build/cc26x0-cc13x0//launchpad/cc2650/obj/spi.o
                0x00000000000039d0                spi_write
 .text.spi_read
                0x0000000000003a0c       0x3c build/cc26x0-cc13x0//launchpad/cc2650/obj/spi.o
                0x0000000000003a0c                spi_read
 .text.leds_init
                0x0000000000003a48       0x64 build/cc26x0-cc13x0//launchpad/cc2650/obj/leds.o
                0x0000000000003a48                leds_init
 .text.leds_on  0x0000000000003aac       0x48 build/cc26x0-cc13x0//launchpad/cc2650/obj/leds.o
                0x0000000000003aac                leds_on
 .text.leds_off
                0x0000000000003af4       0x48 build/cc26x0-cc13x0//launchpad/cc2650/obj/leds.o
                0x0000000000003af4                leds_off
 .text.gpio_hal_register_handler
                0x0000000000003b3c        0xc build/cc26x0-cc13x0//launchpad/cc2650/obj/gpio-hal.o
                0x0000000000003b3c                gpio_hal_register_handler
 .text.gpio_hal_event_handler
                0x0000000000003b48       0x28 build/cc26x0-cc13x0//launchpad/cc2650/obj/gpio-hal.o
                0x0000000000003b48                gpio_hal_event_handler
 .text.gpio_hal_init
                0x0000000000003b70        0xc build/cc26x0-cc13x0//launchpad/cc2650/obj/gpio-hal.o
                0x0000000000003b70                gpio_hal_init
 .text.queuebuf_init
                0x0000000000003b7c       0x1c build/cc26x0-cc13x0//launchpad/cc2650/obj/queuebuf.o
                0x0000000000003b7c                queuebuf_init
 .text.queuebuf_new_from_packetbuf
                0x0000000000003b98       0x44 build/cc26x0-cc13x0//launchpad/cc2650/obj/queuebuf.o
                0x0000000000003b98                queuebuf_new_from_packetbuf
 .text.queuebuf_update_attr_from_packetbuf
                0x0000000000003bdc        0xc build/cc26x0-cc13x0//launchpad/cc2650/obj/queuebuf.o
                0x0000000000003bdc                queuebuf_update_attr_from_packetbuf
 .text.queuebuf_free
                0x0000000000003be8       0x2c build/cc26x0-cc13x0//launchpad/cc2650/obj/queuebuf.o
                0x0000000000003be8                queuebuf_free
 .text.queuebuf_to_packetbuf
                0x0000000000003c14       0x30 build/cc26x0-cc13x0//launchpad/cc2650/obj/queuebuf.o
                0x0000000000003c14                queuebuf_to_packetbuf
 .text.packetbuf_copyto
                0x0000000000003c44       0x4c build/cc26x0-cc13x0//launchpad/cc2650/obj/packetbuf.o
                0x0000000000003c44                packetbuf_copyto
 .text.packetbuf_hdralloc
                0x0000000000003c90       0x54 build/cc26x0-cc13x0//launchpad/cc2650/obj/packetbuf.o
                0x0000000000003c90                packetbuf_hdralloc
 .text.packetbuf_hdrreduce
                0x0000000000003ce4       0x2c build/cc26x0-cc13x0//launchpad/cc2650/obj/packetbuf.o
                0x0000000000003ce4                packetbuf_hdrreduce
 .text.packetbuf_set_datalen
                0x0000000000003d10        0xc build/cc26x0-cc13x0//launchpad/cc2650/obj/packetbuf.o
                0x0000000000003d10                packetbuf_set_datalen
 .text.packetbuf_dataptr
                0x0000000000003d1c       0x20 build/cc26x0-cc13x0//launchpad/cc2650/obj/packetbuf.o
                0x0000000000003d1c                packetbuf_dataptr
 .text.packetbuf_hdrptr
                0x0000000000003d3c        0x8 build/cc26x0-cc13x0//launchpad/cc2650/obj/packetbuf.o
                0x0000000000003d3c                packetbuf_hdrptr
 .text.packetbuf_datalen
                0x0000000000003d44        0xc build/cc26x0-cc13x0//launchpad/cc2650/obj/packetbuf.o
                0x0000000000003d44                packetbuf_datalen
 .text.packetbuf_totlen
                0x0000000000003d50       0x24 build/cc26x0-cc13x0//launchpad/cc2650/obj/packetbuf.o
                0x0000000000003d50                packetbuf_totlen
 .text.packetbuf_attr_clear
                0x0000000000003d74       0x34 build/cc26x0-cc13x0//launchpad/cc2650/obj/packetbuf.o
                0x0000000000003d74                packetbuf_attr_clear
 .text.packetbuf_clear
                0x0000000000003da8       0x20 build/cc26x0-cc13x0//launchpad/cc2650/obj/packetbuf.o
                0x0000000000003da8                packetbuf_clear
 .text.packetbuf_copyfrom
                0x0000000000003dc8       0x40 build/cc26x0-cc13x0//launchpad/cc2650/obj/packetbuf.o
                0x0000000000003dc8                packetbuf_copyfrom
 .text.packetbuf_attr_copyto
                0x0000000000003e08       0x24 build/cc26x0-cc13x0//launchpad/cc2650/obj/packetbuf.o
                0x0000000000003e08                packetbuf_attr_copyto
 .text.packetbuf_attr_copyfrom
                0x0000000000003e2c       0x24 build/cc26x0-cc13x0//launchpad/cc2650/obj/packetbuf.o
                0x0000000000003e2c                packetbuf_attr_copyfrom
 .text.packetbuf_set_attr
                0x0000000000003e50       0x10 build/cc26x0-cc13x0//launchpad/cc2650/obj/packetbuf.o
                0x0000000000003e50                packetbuf_set_attr
 .text.packetbuf_attr
                0x0000000000003e60        0xc build/cc26x0-cc13x0//launchpad/cc2650/obj/packetbuf.o
                0x0000000000003e60                packetbuf_attr
 .text.packetbuf_set_addr
                0x0000000000003e6c       0x18 build/cc26x0-cc13x0//launchpad/cc2650/obj/packetbuf.o
                0x0000000000003e6c                packetbuf_set_addr
 .text.packetbuf_addr
                0x0000000000003e84       0x10 build/cc26x0-cc13x0//launchpad/cc2650/obj/packetbuf.o
                0x0000000000003e84                packetbuf_addr
 .text.packetbuf_holds_broadcast
                0x0000000000003e94       0x10 build/cc26x0-cc13x0//launchpad/cc2650/obj/packetbuf.o
                0x0000000000003e94                packetbuf_holds_broadcast
 .text.netstack_init
                0x0000000000003ea4       0x24 build/cc26x0-cc13x0//launchpad/cc2650/obj/netstack.o
                0x0000000000003ea4                netstack_init
 .text.linkaddr_copy
                0x0000000000003ec8        0x8 build/cc26x0-cc13x0//launchpad/cc2650/obj/linkaddr.o
                0x0000000000003ec8                linkaddr_copy
 .text.linkaddr_cmp
                0x0000000000003ed0       0x10 build/cc26x0-cc13x0//launchpad/cc2650/obj/linkaddr.o
                0x0000000000003ed0                linkaddr_cmp
 .text.mac_sequence_is_duplicate
                0x0000000000003ee0       0x4c build/cc26x0-cc13x0//launchpad/cc2650/obj/mac-sequence.o
                0x0000000000003ee0                mac_sequence_is_duplicate
 .text.mac_sequence_register_seqno
                0x0000000000003f2c       0x64 build/cc26x0-cc13x0//launchpad/cc2650/obj/mac-sequence.o
                0x0000000000003f2c                mac_sequence_register_seqno
 .text.mac_call_sent_callback
                0x0000000000003f90       0x18 build/cc26x0-cc13x0//launchpad/cc2650/obj/mac.o
                0x0000000000003f90                mac_call_sent_callback
 .text.parse    0x0000000000003fa8       0xa4 build/cc26x0-cc13x0//launchpad/cc2650/obj/framer-802154.o
 .text.framer_802154_setup_params
                0x000000000000404c       0x84 build/cc26x0-cc13x0//launchpad/cc2650/obj/framer-802154.o
                0x000000000000404c                framer_802154_setup_params
 .text.create_frame
                0x00000000000040d0       0xe0 build/cc26x0-cc13x0//launchpad/cc2650/obj/framer-802154.o
 .text.create   0x00000000000041b0        0x8 build/cc26x0-cc13x0//launchpad/cc2650/obj/framer-802154.o
 .text.hdr_length
                0x00000000000041b8        0x8 build/cc26x0-cc13x0//launchpad/cc2650/obj/framer-802154.o
 .text.frame802154_get_pan_id
                0x00000000000041c0        0xc build/cc26x0-cc13x0//launchpad/cc2650/obj/frame802154.o
                0x00000000000041c0                frame802154_get_pan_id
 .text.frame802154_has_panid
                0x00000000000041cc       0xa4 build/cc26x0-cc13x0//launchpad/cc2650/obj/frame802154.o
                0x00000000000041cc                frame802154_has_panid
 .text.field_len
                0x0000000000004270       0x8c build/cc26x0-cc13x0//launchpad/cc2650/obj/frame802154.o
 .text.frame802154_is_broadcast_addr
                0x00000000000042fc       0x20 build/cc26x0-cc13x0//launchpad/cc2650/obj/frame802154.o
                0x00000000000042fc                frame802154_is_broadcast_addr
 .text.frame802154_hdrlen
                0x000000000000431c       0x34 build/cc26x0-cc13x0//launchpad/cc2650/obj/frame802154.o
                0x000000000000431c                frame802154_hdrlen
 .text.frame802154_create_fcf
                0x0000000000004350       0x64 build/cc26x0-cc13x0//launchpad/cc2650/obj/frame802154.o
                0x0000000000004350                frame802154_create_fcf
 .text.frame802154_create
                0x00000000000043b4       0xb4 build/cc26x0-cc13x0//launchpad/cc2650/obj/frame802154.o
                0x00000000000043b4                frame802154_create
 .text.frame802154_parse_fcf
                0x0000000000004468       0x64 build/cc26x0-cc13x0//launchpad/cc2650/obj/frame802154.o
                0x0000000000004468                frame802154_parse_fcf
 .text.frame802154_parse
                0x00000000000044cc      0x138 build/cc26x0-cc13x0//launchpad/cc2650/obj/frame802154.o
                0x00000000000044cc                frame802154_parse
 .text.verify_part
                0x0000000000004604       0x74 build/cc26x0-cc13x0//launchpad/cc2650/obj/ext-flash.o
 .text.wait_ready
                0x0000000000004678       0x50 build/cc26x0-cc13x0//launchpad/cc2650/obj/ext-flash.o
 .text.ext_flash_open
                0x00000000000046c8       0x70 build/cc26x0-cc13x0//launchpad/cc2650/obj/ext-flash.o
                0x00000000000046c8                ext_flash_open
 .text.ext_flash_close
                0x0000000000004738       0x64 build/cc26x0-cc13x0//launchpad/cc2650/obj/ext-flash.o
                0x0000000000004738                ext_flash_close
 .text.ext_flash_init
                0x000000000000479c       0x18 build/cc26x0-cc13x0//launchpad/cc2650/obj/ext-flash.o
                0x000000000000479c                ext_flash_init
 .text.SafeHapiVoid
                0x00000000000047b4       0x28 build/cc26x0-cc13x0//launchpad/cc2650/obj/adi.o
                0x00000000000047b4                SafeHapiVoid
 .text.NOROM_SetupGetTrimForXoscHfCtl.part.3
                0x00000000000047dc       0x20 build/cc26x0-cc13x0//launchpad/cc2650/obj/setup_rom.o
 .text.NOROM_SetupGetTrimForRadcExtCfg.part.4
                0x00000000000047fc       0x1c build/cc26x0-cc13x0//launchpad/cc2650/obj/setup_rom.o
 .text.NOROM_SetupAfterColdResetWakeupFromShutDownCfg1
                0x0000000000004818       0x74 build/cc26x0-cc13x0//launchpad/cc2650/obj/setup_rom.o
                0x0000000000004818                NOROM_SetupAfterColdResetWakeupFromShutDownCfg1
 .text.NOROM_SetupAfterColdResetWakeupFromShutDownCfg3
                0x000000000000488c      0x1a0 build/cc26x0-cc13x0//launchpad/cc2650/obj/setup_rom.o
                0x000000000000488c                NOROM_SetupAfterColdResetWakeupFromShutDownCfg3
 .text.NOROM_SetupGetTrimForAnabypassValue1
                0x0000000000004a2c       0x64 build/cc26x0-cc13x0//launchpad/cc2650/obj/setup_rom.o
                0x0000000000004a2c                NOROM_SetupGetTrimForAnabypassValue1
 .text.NOROM_SetupGetTrimForAmpcompCtrl
                0x0000000000004a90       0x58 build/cc26x0-cc13x0//launchpad/cc2650/obj/setup_rom.o
                0x0000000000004a90                NOROM_SetupGetTrimForAmpcompCtrl
 .text.NOROM_SetupAfterColdResetWakeupFromShutDownCfg2
                0x0000000000004ae8      0x190 build/cc26x0-cc13x0//launchpad/cc2650/obj/setup_rom.o
                0x0000000000004ae8                NOROM_SetupAfterColdResetWakeupFromShutDownCfg2
 .text.NOROM_SetupSetCacheModeAccordingToCcfgSetting
                0x0000000000004c78       0x6c build/cc26x0-cc13x0//launchpad/cc2650/obj/setup_rom.o
                0x0000000000004c78                NOROM_SetupSetCacheModeAccordingToCcfgSetting
 .text.TrimAfterColdResetWakeupFromShutDown
                0x0000000000004ce4       0xe4 build/cc26x0-cc13x0//launchpad/cc2650/obj/setup.o
 .text.NOROM_SetupTrimDevice
                0x0000000000004dc8       0xa4 build/cc26x0-cc13x0//launchpad/cc2650/obj/setup.o
                0x0000000000004dc8                NOROM_SetupTrimDevice
 .text.NOROM_AONRTCCurrentCompareValueGet
                0x0000000000004e6c       0x24 build/cc26x0-cc13x0//launchpad/cc2650/obj/aon_rtc.o
                0x0000000000004e6c                NOROM_AONRTCCurrentCompareValueGet
 .text.NOROM_AONRTCCurrent64BitValueGet
                0x0000000000004e90       0x1c build/cc26x0-cc13x0//launchpad/cc2650/obj/aon_rtc.o
                0x0000000000004e90                NOROM_AONRTCCurrent64BitValueGet
 .text.NOROM_OSCClockSourceSet
                0x0000000000004eac       0x50 build/cc26x0-cc13x0//launchpad/cc2650/obj/osc.o
                0x0000000000004eac                NOROM_OSCClockSourceSet
 .text.NOROM_OSCClockSourceGet
                0x0000000000004efc       0x20 build/cc26x0-cc13x0//launchpad/cc2650/obj/osc.o
                0x0000000000004efc                NOROM_OSCClockSourceGet
 .text.NOROM_AONBatMonTemperatureGetDegC
                0x0000000000004f1c       0x30 build/cc26x0-cc13x0//launchpad/cc2650/obj/aon_batmon.o
                0x0000000000004f1c                NOROM_AONBatMonTemperatureGetDegC
 .text.NOROM_SysCtrlSetRechargeBeforePowerDown
                0x0000000000004f4c      0x230 build/cc26x0-cc13x0//launchpad/cc2650/obj/sys_ctrl.o
                0x0000000000004f4c                NOROM_SysCtrlSetRechargeBeforePowerDown
 .text.NOROM_SysCtrlAdjustRechargeAfterPowerDown
                0x000000000000517c       0x68 build/cc26x0-cc13x0//launchpad/cc2650/obj/sys_ctrl.o
                0x000000000000517c                NOROM_SysCtrlAdjustRechargeAfterPowerDown
 .text.NOROM_SysCtrl_DCDC_VoltageConditionalControl
                0x00000000000051e4       0x7c build/cc26x0-cc13x0//launchpad/cc2650/obj/sys_ctrl.o
                0x00000000000051e4                NOROM_SysCtrl_DCDC_VoltageConditionalControl
 .text.NOROM_DDI32RegWrite
                0x0000000000005260       0x2c build/cc26x0-cc13x0//launchpad/cc2650/obj/ddi.o
                0x0000000000005260                NOROM_DDI32RegWrite
 .text.NOROM_DDI16BitfieldWrite
                0x000000000000528c       0x48 build/cc26x0-cc13x0//launchpad/cc2650/obj/ddi.o
                0x000000000000528c                NOROM_DDI16BitfieldWrite
 .text.NOROM_DDI16BitfieldRead
                0x00000000000052d4       0x48 build/cc26x0-cc13x0//launchpad/cc2650/obj/ddi.o
                0x00000000000052d4                NOROM_DDI16BitfieldRead
 .text.NOROM_PowerCtrlSourceSet
                0x000000000000531c       0x30 build/cc26x0-cc13x0//launchpad/cc2650/obj/pwr_ctrl.o
                0x000000000000531c                NOROM_PowerCtrlSourceSet
 .text.NOROM_CPUcpsid
                0x000000000000534c        0x8 build/cc26x0-cc13x0//launchpad/cc2650/obj/cpu.o
                0x000000000000534c                NOROM_CPUcpsid
 .text.NOROM_CPUcpsie
                0x0000000000005354        0x8 build/cc26x0-cc13x0//launchpad/cc2650/obj/cpu.o
                0x0000000000005354                NOROM_CPUcpsie
 .text.NOROM_ChipInfo_GetChipFamily
                0x000000000000535c       0x4c build/cc26x0-cc13x0//launchpad/cc2650/obj/chipinfo.o
                0x000000000000535c                NOROM_ChipInfo_GetChipFamily
 .text.NOROM_ChipInfo_GetChipType
                0x00000000000053a8       0x50 build/cc26x0-cc13x0//launchpad/cc2650/obj/chipinfo.o
                0x00000000000053a8                NOROM_ChipInfo_GetChipType
 .text.NOROM_ChipInfo_GetHwRevision
                0x00000000000053f8       0x6c build/cc26x0-cc13x0//launchpad/cc2650/obj/chipinfo.o
                0x00000000000053f8                NOROM_ChipInfo_GetHwRevision
 .text.NOROM_ThisCodeIsBuiltForCC26xxHwRev22AndLater_HaltIfViolated
                0x0000000000005464       0x14 build/cc26x0-cc13x0//launchpad/cc2650/obj/chipinfo.o
                0x0000000000005464                NOROM_ThisCodeIsBuiltForCC26xxHwRev22AndLater_HaltIfViolated
 .text.NOROM_TRNGConfigure
                0x0000000000005478       0x38 build/cc26x0-cc13x0//launchpad/cc2650/obj/trng.o
                0x0000000000005478                NOROM_TRNGConfigure
 .text.fill_space
                0x00000000000054b0       0x3c build/cc26x0-cc13x0//launchpad/cc2650/obj/strformat.o
 .text.format_str_v
                0x00000000000054ec      0x8ec build/cc26x0-cc13x0//launchpad/cc2650/obj/strformat.o
                0x00000000000054ec                format_str_v
 .text.write_str
                0x0000000000005dd8       0x14 build/cc26x0-cc13x0//launchpad/cc2650/obj/printf.o
 .text.printf   0x0000000000005dec       0x24 build/cc26x0-cc13x0//launchpad/cc2650/obj/printf.o
                0x0000000000005dec                printf
 .text.csma_security_create_frame
                0x0000000000005e10       0x18 build/cc26x0-cc13x0//launchpad/cc2650/obj/csma-security.o
                0x0000000000005e10                csma_security_create_frame
 .text.csma_security_parse_frame
                0x0000000000005e28        0xc build/cc26x0-cc13x0//launchpad/cc2650/obj/csma-security.o
                0x0000000000005e28                csma_security_parse_frame
 .text.on       0x0000000000005e34        0xc build/cc26x0-cc13x0//launchpad/cc2650/obj/csma.o
 .text.off      0x0000000000005e40        0xc build/cc26x0-cc13x0//launchpad/cc2650/obj/csma.o
 .text.max_payload
                0x0000000000005e4c       0x40 build/cc26x0-cc13x0//launchpad/cc2650/obj/csma.o
 .text.send_packet
                0x0000000000005e8c        0x4 build/cc26x0-cc13x0//launchpad/cc2650/obj/csma.o
 .text.input_packet
                0x0000000000005e90       0x60 build/cc26x0-cc13x0//launchpad/cc2650/obj/csma.o
 .text.init     0x0000000000005ef0       0x24 build/cc26x0-cc13x0//launchpad/cc2650/obj/csma.o
 .text.schedule_transmission
                0x0000000000005f14       0x38 build/cc26x0-cc13x0//launchpad/cc2650/obj/csma-output.o
 .text.tx_done  0x0000000000005f4c       0x90 build/cc26x0-cc13x0//launchpad/cc2650/obj/csma-output.o
 .text.transmit_from_queue
                0x0000000000005fdc      0x1dc build/cc26x0-cc13x0//launchpad/cc2650/obj/csma-output.o
 .text.csma_output_packet
                0x00000000000061b8      0x15c build/cc26x0-cc13x0//launchpad/cc2650/obj/csma-output.o
                0x00000000000061b8                csma_output_packet
 .text.csma_output_init
                0x0000000000006314       0x24 build/cc26x0-cc13x0//launchpad/cc2650/obj/csma-output.o
                0x0000000000006314                csma_output_init
 .text.init     0x0000000000006338        0xc build/cc26x0-cc13x0//launchpad/cc2650/obj/nullnet.o
 .text.output   0x0000000000006344       0x54 build/cc26x0-cc13x0//launchpad/cc2650/obj/nullnet.o
 .text.input    0x0000000000006398       0x3c build/cc26x0-cc13x0//launchpad/cc2650/obj/nullnet.o
 .text.root_set_prefix
                0x00000000000063d4        0x4 build/cc26x0-cc13x0//launchpad/cc2650/obj/nullrouting.o
 .text.get_sr_node_ipaddr
                0x00000000000063d8        0x4 build/cc26x0-cc13x0//launchpad/cc2650/obj/nullrouting.o
 .text.leave_network
                0x00000000000063dc        0x4 build/cc26x0-cc13x0//launchpad/cc2650/obj/nullrouting.o
 .text.ext_header_remove
                0x00000000000063e0        0x4 build/cc26x0-cc13x0//launchpad/cc2650/obj/nullrouting.o
 .text.ext_header_update
                0x00000000000063e4        0x4 build/cc26x0-cc13x0//launchpad/cc2650/obj/nullrouting.o
 .text.ext_header_hbh_update
                0x00000000000063e8        0x4 build/cc26x0-cc13x0//launchpad/cc2650/obj/nullrouting.o
 .text.ext_header_srh_update
                0x00000000000063ec        0x4 build/cc26x0-cc13x0//launchpad/cc2650/obj/nullrouting.o
 .text.ext_header_srh_get_next_hop
                0x00000000000063f0        0x4 build/cc26x0-cc13x0//launchpad/cc2650/obj/nullrouting.o
 .text.link_callback
                0x00000000000063f4        0x4 build/cc26x0-cc13x0//launchpad/cc2650/obj/nullrouting.o
 .text.drop_route
                0x00000000000063f8        0x4 build/cc26x0-cc13x0//launchpad/cc2650/obj/nullrouting.o
 .text.is_in_leaf_mode
                0x00000000000063fc        0x4 build/cc26x0-cc13x0//launchpad/cc2650/obj/nullrouting.o
 .text.neighbor_state_changed
                0x0000000000006400        0x4 build/cc26x0-cc13x0//launchpad/cc2650/obj/nullrouting.o
 .text.get_root_ipaddr
                0x0000000000006404        0x4 build/cc26x0-cc13x0//launchpad/cc2650/obj/nullrouting.o
 .text.node_has_joined
                0x0000000000006408        0x4 build/cc26x0-cc13x0//launchpad/cc2650/obj/nullrouting.o
 .text.node_is_reachable
                0x000000000000640c        0x4 build/cc26x0-cc13x0//launchpad/cc2650/obj/nullrouting.o
 .text.global_repair
                0x0000000000006410        0x4 build/cc26x0-cc13x0//launchpad/cc2650/obj/nullrouting.o
 .text.local_repair
                0x0000000000006414        0x4 build/cc26x0-cc13x0//launchpad/cc2650/obj/nullrouting.o
 .text.root_start
                0x0000000000006418        0x4 build/cc26x0-cc13x0//launchpad/cc2650/obj/nullrouting.o
 .text.node_is_root
                0x000000000000641c        0x4 build/cc26x0-cc13x0//launchpad/cc2650/obj/nullrouting.o
 .text.init     0x0000000000006420        0x4 build/cc26x0-cc13x0//launchpad/cc2650/obj/nullrouting.o
 .text.process_thread_serial_line_test
                0x0000000000006424       0x48 serial_line.o
 .text          0x000000000000646c       0x30 /opt/gcc-arm-none-eabi-6_2-2016q4/bin/../lib/gcc/arm-none-eabi/6.2.1/thumb/v7-m/libgcc.a(_aeabi_uldivmod.o)
                0x000000000000646c                __aeabi_uldivmod
 .text          0x000000000000649c      0x2dc /opt/gcc-arm-none-eabi-6_2-2016q4/bin/../lib/gcc/arm-none-eabi/6.2.1/thumb/v7-m/libgcc.a(_udivmoddi4.o)
                0x000000000000649c                __udivmoddi4
 .text          0x0000000000006778        0x4 /opt/gcc-arm-none-eabi-6_2-2016q4/bin/../lib/gcc/arm-none-eabi/6.2.1/thumb/v7-m/libgcc.a(_dvmd_tls.o)
                0x0000000000006778                __aeabi_ldiv0
                0x0000000000006778                __aeabi_idiv0
 .text.memcmp   0x000000000000677c       0x60 /opt/gcc-arm-none-eabi-6_2-2016q4/bin/../lib/gcc/arm-none-eabi/6.2.1/../../../../arm-none-eabi/lib/thumb/v7-m/libc.a(lib_a-memcmp.o)
                0x000000000000677c                memcmp
 .text          0x00000000000067dc       0xec /opt/gcc-arm-none-eabi-6_2-2016q4/bin/../lib/gcc/arm-none-eabi/6.2.1/../../../../arm-none-eabi/lib/thumb/v7-m/libc.a(lib_a-memcpy.o)
                0x00000000000067dc                memcpy
 .text.memset   0x00000000000068c8       0x9c /opt/gcc-arm-none-eabi-6_2-2016q4/bin/../lib/gcc/arm-none-eabi/6.2.1/../../../../arm-none-eabi/lib/thumb/v7-m/libc.a(lib_a-memset.o)
                0x00000000000068c8                memset
 *(SORT(.rodata*))
 .rodata.platform_init_stage_three.str1.4
                0x0000000000006964       0x5f build/cc26x0-cc13x0//launchpad/cc2650/obj/platform.o
                                         0x62 (size before relaxing)
 *fill*         0x00000000000069c3        0x1 00000000
 .rodata.leds_arch_leds
                0x00000000000069c4        0x4 build/cc26x0-cc13x0//launchpad/cc2650/obj/leds-arch.o
                0x00000000000069c4                leds_arch_leds
 .rodata        0x00000000000069c8       0x48 build/cc26x0-cc13x0//launchpad/cc2650/obj/board.o
 .rodata.str1.4
                0x0000000000006a10       0x15 build/cc26x0-cc13x0//launchpad/cc2650/obj/board-buttons.o
 *fill*         0x0000000000006a25        0x3 00000000
 .rodata.str1.4
                0x0000000000006a28       0x1a build/cc26x0-cc13x0//launchpad/cc2650/obj/rf-core.o
 *fill*         0x0000000000006a42        0x2 00000000
 .rodata.ieee_mode_driver
                0x0000000000006a44       0x38 build/cc26x0-cc13x0//launchpad/cc2650/obj/ieee-mode.o
                0x0000000000006a44                ieee_mode_driver
 .rodata.mode_ieee
                0x0000000000006a7c       0x10 build/cc26x0-cc13x0//launchpad/cc2650/obj/ieee-mode.o
 .rodata.output_power
                0x0000000000006a8c       0x68 build/cc26x0-cc13x0//launchpad/cc2650/obj/ieee-mode.o
 .rodata.str1.4
                0x0000000000006af4       0x1b build/cc26x0-cc13x0//launchpad/cc2650/obj/soc-trng.o
 *fill*         0x0000000000006b0f        0x1 00000000
 .rodata.spi_controller
                0x0000000000006b10       0x20 build/cc26x0-cc13x0//launchpad/cc2650/obj/spi-arch.o
 .rodata.main.str1.4
                0x0000000000006b30       0xc1 build/cc26x0-cc13x0//launchpad/cc2650/obj/contiki-main.o
                                         0xde (size before relaxing)
 *fill*         0x0000000000006bf1        0x3 00000000
 .rodata.str1.4
                0x0000000000006bf4        0xf build/cc26x0-cc13x0//launchpad/cc2650/obj/ctimer.o
 *fill*         0x0000000000006c03        0x1 00000000
 .rodata.log_lladdr.str1.4
                0x0000000000006c04       0x19 build/cc26x0-cc13x0//launchpad/cc2650/obj/log.o
 *fill*         0x0000000000006c1d        0x3 00000000
 .rodata.str1.4
                0x0000000000006c20        0xc build/cc26x0-cc13x0//launchpad/cc2650/obj/etimer.o
 .rodata.process_thread_stack_check_process.str1.4
                0x0000000000006c2c       0x53 build/cc26x0-cc13x0//launchpad/cc2650/obj/stack-check.o
                                         0x63 (size before relaxing)
 *fill*         0x0000000000006c7f        0x1 00000000
 .rodata.str1.4
                0x0000000000006c80        0xc build/cc26x0-cc13x0//launchpad/cc2650/obj/stack-check.o
 .rodata.str1.4
                0x0000000000006c8c       0x13 build/cc26x0-cc13x0//launchpad/cc2650/obj/button-hal.o
 *fill*         0x0000000000006c9f        0x1 00000000
 .rodata.str1.4
                0x0000000000006ca0        0xe build/cc26x0-cc13x0//launchpad/cc2650/obj/serial-line.o
 *fill*         0x0000000000006cae        0x2 00000000
 .rodata.linkaddr_null
                0x0000000000006cb0        0x8 build/cc26x0-cc13x0//launchpad/cc2650/obj/linkaddr.o
                0x0000000000006cb0                linkaddr_null
 .rodata.framer_802154
                0x0000000000006cb8        0xc build/cc26x0-cc13x0//launchpad/cc2650/obj/framer-802154.o
                0x0000000000006cb8                framer_802154
 .rodata        0x0000000000006cc4        0x4 build/cc26x0-cc13x0//launchpad/cc2650/obj/ext-flash.o
 .rodata.flash_spi_configuration_default
                0x0000000000006cc8        0xc build/cc26x0-cc13x0//launchpad/cc2650/obj/ext-flash.o
 .rodata.buffer.4975
                0x0000000000006cd4       0x10 build/cc26x0-cc13x0//launchpad/cc2650/obj/strformat.o
 .rodata.buffer.4984
                0x0000000000006ce4       0x10 build/cc26x0-cc13x0//launchpad/cc2650/obj/strformat.o
 .rodata.format_str_v.str1.4
                0x0000000000006cf4       0x46 build/cc26x0-cc13x0//launchpad/cc2650/obj/strformat.o
 *fill*         0x0000000000006d3a        0x2 00000000
 .rodata.csma_driver
                0x0000000000006d3c       0x1c build/cc26x0-cc13x0//launchpad/cc2650/obj/csma.o
                0x0000000000006d3c                csma_driver
 .rodata.str1.4
                0x0000000000006d58        0x5 build/cc26x0-cc13x0//launchpad/cc2650/obj/csma.o
 *fill*         0x0000000000006d5d        0x3 00000000
 .rodata.nullnet_driver
                0x0000000000006d60       0x10 build/cc26x0-cc13x0//launchpad/cc2650/obj/nullnet.o
                0x0000000000006d60                nullnet_driver
 .rodata.str1.4
                0x0000000000006d70        0x8 build/cc26x0-cc13x0//launchpad/cc2650/obj/nullnet.o
 .rodata.nullrouting_driver
                0x0000000000006d78       0x54 build/cc26x0-cc13x0//launchpad/cc2650/obj/nullrouting.o
                0x0000000000006d78                nullrouting_driver
 .rodata.str1.4
                0x0000000000006dcc        0xc build/cc26x0-cc13x0//launchpad/cc2650/obj/nullrouting.o
 .rodata.autostart_processes
                0x0000000000006dd8        0x8 serial_line.o
                0x0000000000006dd8                autostart_processes
 .rodata.process_thread_serial_line_test.str1.4
                0x0000000000006de0        0xe serial_line.o
 *fill*         0x0000000000006dee        0x2 00000000
 .rodata.str1.4
                0x0000000000006df0       0x14 serial_line.o
                                         0x11 (size before relaxing)
                0x0000000000006e04                _etext = .

.glue_7         0x0000000000006e04        0x0
 .glue_7        0x0000000000006e04        0x0 linker stubs

.glue_7t        0x0000000000006e04        0x0
 .glue_7t       0x0000000000006e04        0x0 linker stubs

.vfp11_veneer   0x0000000000006e04        0x0
 .vfp11_veneer  0x0000000000006e04        0x0 linker stubs

.v4_bx          0x0000000000006e04        0x0
 .v4_bx         0x0000000000006e04        0x0 linker stubs

.iplt           0x0000000000006e04        0x0
 .iplt          0x0000000000006e04        0x0 build/cc26x0-cc13x0//launchpad/cc2650/obj/startup_gcc.o

.data           0x0000000020000000      0x1f8 load address 0x0000000000006e04
                0x0000000020000000                _data = .
 *(SORT(vtable))
 *(SORT(.data*))
 .data.launchpad_module
                0x0000000020000000       0x14 build/cc26x0-cc13x0//launchpad/cc2650/obj/board.o
 .data.button_hal_buttons
                0x0000000020000014        0xc build/cc26x0-cc13x0//launchpad/cc2650/obj/board-buttons.o
                0x0000000020000014                button_hal_buttons
 .data.key_left
                0x0000000020000020       0x50 build/cc26x0-cc13x0//launchpad/cc2650/obj/board-buttons.o
 .data.key_right
                0x0000000020000070       0x50 build/cc26x0-cc13x0//launchpad/cc2650/obj/board-buttons.o
 .data.uart_module
                0x00000000200000c0       0x14 build/cc26x0-cc13x0//launchpad/cc2650/obj/cc26xx-uart.o
 .data.rf_core_process
                0x00000000200000d4       0x10 build/cc26x0-cc13x0//launchpad/cc2650/obj/rf-core.o
                0x00000000200000d4                rf_core_process
 .data.cc26xx_rf_lpm_module
                0x00000000200000e4       0x14 build/cc26x0-cc13x0//launchpad/cc2650/obj/ieee-mode.o
 .data.ieee_overrides
                0x00000000200000f8       0x2c build/cc26x0-cc13x0//launchpad/cc2650/obj/ieee-mode.o
 .data.tx_power_current
                0x0000000020000124        0x4 build/cc26x0-cc13x0//launchpad/cc2650/obj/ieee-mode.o
 .data.rng_module
                0x0000000020000128       0x14 build/cc26x0-cc13x0//launchpad/cc2650/obj/soc-trng.o
 .data.soc_trng_process
                0x000000002000013c       0x10 build/cc26x0-cc13x0//launchpad/cc2650/obj/soc-trng.o
                0x000000002000013c                soc_trng_process
 .data.ctimer_process
                0x000000002000014c       0x10 build/cc26x0-cc13x0//launchpad/cc2650/obj/ctimer.o
                0x000000002000014c                ctimer_process
 .data.curr_log_level_main
                0x000000002000015c        0x4 build/cc26x0-cc13x0//launchpad/cc2650/obj/log.o
                0x000000002000015c                curr_log_level_main
 .data.etimer_process
                0x0000000020000160       0x10 build/cc26x0-cc13x0//launchpad/cc2650/obj/etimer.o
                0x0000000020000160                etimer_process
 .data.stack_check_process
                0x0000000020000170       0x10 build/cc26x0-cc13x0//launchpad/cc2650/obj/stack-check.o
                0x0000000020000170                stack_check_process
 .data.button_hal_process
                0x0000000020000180       0x10 build/cc26x0-cc13x0//launchpad/cc2650/obj/button-hal.o
                0x0000000020000180                button_hal_process
 .data.serial_line_process
                0x0000000020000190       0x10 build/cc26x0-cc13x0//launchpad/cc2650/obj/serial-line.o
                0x0000000020000190                serial_line_process
 .data.bufmem   0x00000000200001a0        0xc build/cc26x0-cc13x0//launchpad/cc2650/obj/queuebuf.o
 .data.buframmem
                0x00000000200001ac        0xc build/cc26x0-cc13x0//launchpad/cc2650/obj/queuebuf.o
 .data.ctxt     0x00000000200001b8        0x8 build/cc26x0-cc13x0//launchpad/cc2650/obj/printf.o
 .data.metadata_memb
                0x00000000200001c0        0xc build/cc26x0-cc13x0//launchpad/cc2650/obj/csma-output.o
 .data.neighbor_memb
                0x00000000200001cc        0xc build/cc26x0-cc13x0//launchpad/cc2650/obj/csma-output.o
 .data.packet_memb
                0x00000000200001d8        0xc build/cc26x0-cc13x0//launchpad/cc2650/obj/csma-output.o
 .data.serial_line_test
                0x00000000200001e4       0x10 serial_line.o
                0x00000000200001e4                serial_line_test
 .data.mac_pan_id
                0x00000000200001f4        0x2 build/cc26x0-cc13x0//launchpad/cc2650/obj/frame802154.o
 .data.rf_core_last_rssi
                0x00000000200001f6        0x1 build/cc26x0-cc13x0//launchpad/cc2650/obj/rf-core.o
                0x00000000200001f6                rf_core_last_rssi
 .data.rng_ready_event
                0x00000000200001f7        0x1 build/cc26x0-cc13x0//launchpad/cc2650/obj/soc-trng.o
                0x00000000200001f8                _edata = .
                0x0000000000006e04                _ldata = LOADADDR (.data)

.igot.plt       0x00000000200001f8        0x0 load address 0x0000000000006ffc
 .igot.plt      0x00000000200001f8        0x0 build/cc26x0-cc13x0//launchpad/cc2650/obj/startup_gcc.o

.ARM.exidx      0x0000000000006ffc        0x8
 *(SORT(.ARM.exidx*))
 .ARM.exidx     0x0000000000006ffc        0x8 /opt/gcc-arm-none-eabi-6_2-2016q4/bin/../lib/gcc/arm-none-eabi/6.2.1/thumb/v7-m/libgcc.a(_udivmoddi4.o)

.bss            0x00000000200001f8      0xf9e
                0x00000000200001f8                _bss = .
 *(SORT(.bss*))
 .bss.count     0x00000000200001f8        0x8 build/cc26x0-cc13x0//launchpad/cc2650/obj/clock.o
 .bss.rands_cache
                0x0000000020000200       0x20 build/cc26x0-cc13x0//launchpad/cc2650/obj/soc-trng.o
 .bss.last_isr_time
                0x0000000020000220        0x4 build/cc26x0-cc13x0//launchpad/cc2650/obj/soc-rtc.o
 .bss.consumers_list_list
                0x0000000020000224        0x4 build/cc26x0-cc13x0//launchpad/cc2650/obj/aux-ctrl.o
 .bss.input_handler
                0x0000000020000228        0x4 build/cc26x0-cc13x0//launchpad/cc2650/obj/cc26xx-uart.o
 .bss.modules_list_list
                0x000000002000022c        0x4 build/cc26x0-cc13x0//launchpad/cc2650/obj/lpm.o
 .bss.last_radio_op
                0x0000000020000230        0x4 build/cc26x0-cc13x0//launchpad/cc2650/obj/rf-core.o
 .bss.primary_mode
                0x0000000020000234        0x4 build/cc26x0-cc13x0//launchpad/cc2650/obj/rf-core.o
 .bss.rat_last_overflow
                0x0000000020000238        0x4 build/cc26x0-cc13x0//launchpad/cc2650/obj/rf-core.o
 .bss.rat_last_value
                0x000000002000023c        0x4 build/cc26x0-cc13x0//launchpad/cc2650/obj/rf-core.o
 .bss.rat_offset
                0x0000000020000240        0x4 build/cc26x0-cc13x0//launchpad/cc2650/obj/rf-core.o
 .bss.rat_overflow_counter
                0x0000000020000244        0x4 build/cc26x0-cc13x0//launchpad/cc2650/obj/rf-core.o
 .bss.rat_overflow_timer
                0x0000000020000248       0x20 build/cc26x0-cc13x0//launchpad/cc2650/obj/rf-core.o
 .bss.rf_core_last_packet_timestamp
                0x0000000020000268        0x4 build/cc26x0-cc13x0//launchpad/cc2650/obj/rf-core.o
                0x0000000020000268                rf_core_last_packet_timestamp
 .bss.cmd_ieee_rx_buf
                0x000000002000026c       0x80 build/cc26x0-cc13x0//launchpad/cc2650/obj/ieee-mode.o
 .bss.filter_cmd
                0x00000000200002ec        0x8 build/cc26x0-cc13x0//launchpad/cc2650/obj/ieee-mode.o
 .bss.rf_stats  0x00000000200002f4       0x10 build/cc26x0-cc13x0//launchpad/cc2650/obj/ieee-mode.o
 .bss.rx_buf_0  0x0000000020000304       0x8c build/cc26x0-cc13x0//launchpad/cc2650/obj/ieee-mode.o
 .bss.rx_buf_1  0x0000000020000390       0x8c build/cc26x0-cc13x0//launchpad/cc2650/obj/ieee-mode.o
 .bss.rx_buf_2  0x000000002000041c       0x8c build/cc26x0-cc13x0//launchpad/cc2650/obj/ieee-mode.o
 .bss.rx_buf_3  0x00000000200004a8       0x8c build/cc26x0-cc13x0//launchpad/cc2650/obj/ieee-mode.o
 .bss.rx_data_queue
                0x0000000020000534        0x8 build/cc26x0-cc13x0//launchpad/cc2650/obj/ieee-mode.o
 .bss.rx_read_entry
                0x000000002000053c        0x4 build/cc26x0-cc13x0//launchpad/cc2650/obj/ieee-mode.o
 .bss.tx_buf    0x0000000020000540       0xb6 build/cc26x0-cc13x0//launchpad/cc2650/obj/ieee-mode.o
 *fill*         0x00000000200005f6        0x2 
 .bss.notify_cb
                0x00000000200005f8        0x4 build/cc26x0-cc13x0//launchpad/cc2650/obj/soc-trng.o
 .bss.rands_mask
                0x00000000200005fc        0x4 build/cc26x0-cc13x0//launchpad/cc2650/obj/soc-trng.o
 .bss.board_spi_locks_spi
                0x0000000020000600       0x10 build/cc26x0-cc13x0//launchpad/cc2650/obj/spi-arch.o
                0x0000000020000600                board_spi_locks_spi
 .bss.ctimer_list_list
                0x0000000020000610        0x4 build/cc26x0-cc13x0//launchpad/cc2650/obj/ctimer.o
 .bss.next_expiration
                0x0000000020000614        0x4 build/cc26x0-cc13x0//launchpad/cc2650/obj/etimer.o
 .bss.timerlist
                0x0000000020000618        0x4 build/cc26x0-cc13x0//launchpad/cc2650/obj/etimer.o
 .bss.next_rtimer
                0x000000002000061c        0x4 build/cc26x0-cc13x0//launchpad/cc2650/obj/rtimer.o
 .bss.events    0x0000000020000620      0x180 build/cc26x0-cc13x0//launchpad/cc2650/obj/process.o
 .bss.process_current
                0x00000000200007a0        0x4 build/cc26x0-cc13x0//launchpad/cc2650/obj/process.o
                0x00000000200007a0                process_current
 .bss.process_list
                0x00000000200007a4        0x4 build/cc26x0-cc13x0//launchpad/cc2650/obj/process.o
                0x00000000200007a4                process_list
 .bss.et.5072   0x00000000200007a8       0x10 build/cc26x0-cc13x0//launchpad/cc2650/obj/stack-check.o
 .bss.button_event_handlers
                0x00000000200007b8        0xc build/cc26x0-cc13x0//launchpad/cc2650/obj/button-hal.o
 .bss.pmask     0x00000000200007c4        0x4 build/cc26x0-cc13x0//launchpad/cc2650/obj/button-hal.o
 .bss.buf.5029  0x00000000200007c8       0x80 build/cc26x0-cc13x0//launchpad/cc2650/obj/serial-line.o
 .bss.ptr.5030  0x0000000020000848        0x4 build/cc26x0-cc13x0//launchpad/cc2650/obj/serial-line.o
 .bss.rxbuf     0x000000002000084c        0x8 build/cc26x0-cc13x0//launchpad/cc2650/obj/serial-line.o
 .bss.rxbuf_data
                0x0000000020000854       0x80 build/cc26x0-cc13x0//launchpad/cc2650/obj/serial-line.o
 .bss.handlers_list
                0x00000000200008d4        0x4 build/cc26x0-cc13x0//launchpad/cc2650/obj/gpio-hal.o
 .bss.bufmem_memb_mem
                0x00000000200008d8       0x20 build/cc26x0-cc13x0//launchpad/cc2650/obj/queuebuf.o
 .bss.bufmem_memb_used
                0x00000000200008f8        0x8 build/cc26x0-cc13x0//launchpad/cc2650/obj/queuebuf.o
 .bss.buframmem_memb_mem
                0x0000000020000900      0x560 build/cc26x0-cc13x0//launchpad/cc2650/obj/queuebuf.o
 .bss.buframmem_memb_used
                0x0000000020000e60        0x8 build/cc26x0-cc13x0//launchpad/cc2650/obj/queuebuf.o
 .bss.packetbuf_aligned
                0x0000000020000e68       0x80 build/cc26x0-cc13x0//launchpad/cc2650/obj/packetbuf.o
 .bss.received_seqnos
                0x0000000020000ee8      0x100 build/cc26x0-cc13x0//launchpad/cc2650/obj/mac-sequence.o
 .bss.powerQualGlobals
                0x0000000020000fe8        0x8 build/cc26x0-cc13x0//launchpad/cc2650/obj/sys_ctrl.o
 .bss.metadata_memb_memb_mem
                0x0000000020000ff0       0x60 build/cc26x0-cc13x0//launchpad/cc2650/obj/csma-output.o
 .bss.metadata_memb_memb_used
                0x0000000020001050        0x8 build/cc26x0-cc13x0//launchpad/cc2650/obj/csma-output.o
 .bss.neighbor_list_list
                0x0000000020001058        0x4 build/cc26x0-cc13x0//launchpad/cc2650/obj/csma-output.o
 .bss.neighbor_memb_memb_mem
                0x000000002000105c       0x70 build/cc26x0-cc13x0//launchpad/cc2650/obj/csma-output.o
 .bss.neighbor_memb_memb_used
                0x00000000200010cc        0x2 build/cc26x0-cc13x0//launchpad/cc2650/obj/csma-output.o
 *fill*         0x00000000200010ce        0x2 
 .bss.packet_memb_memb_mem
                0x00000000200010d0       0x60 build/cc26x0-cc13x0//launchpad/cc2650/obj/csma-output.o
 .bss.packet_memb_memb_used
                0x0000000020001130        0x8 build/cc26x0-cc13x0//launchpad/cc2650/obj/csma-output.o
 .bss.current_callback
                0x0000000020001138        0x4 build/cc26x0-cc13x0//launchpad/cc2650/obj/nullnet.o
 .bss.node_id   0x000000002000113c        0x2 build/cc26x0-cc13x0//launchpad/cc2650/obj/node-id.o
                0x000000002000113c                node_id
 .bss.buflen    0x000000002000113e        0x2 build/cc26x0-cc13x0//launchpad/cc2650/obj/packetbuf.o
 .bss.bufptr    0x0000000020001140        0x2 build/cc26x0-cc13x0//launchpad/cc2650/obj/packetbuf.o
 .bss.rat_offset_known
                0x0000000020001142        0x1 build/cc26x0-cc13x0//launchpad/cc2650/obj/rf-core.o
 .bss.rf_core_last_corr_lqi
                0x0000000020001143        0x1 build/cc26x0-cc13x0//launchpad/cc2650/obj/rf-core.o
                0x0000000020001143                rf_core_last_corr_lqi
 .bss.rf_core_poll_mode
                0x0000000020001144        0x1 build/cc26x0-cc13x0//launchpad/cc2650/obj/rf-core.o
                0x0000000020001144                rf_core_poll_mode
 .bss.rf_core_rx_is_full
                0x0000000020001145        0x1 build/cc26x0-cc13x0//launchpad/cc2650/obj/rf-core.o
                0x0000000020001145                rf_core_rx_is_full
 .bss.ble_mode_on
                0x0000000020001146        0x1 build/cc26x0-cc13x0//launchpad/cc2650/obj/rf-ble.o
 .bss.initialized
                0x0000000020001147        0x1 build/cc26x0-cc13x0//launchpad/cc2650/obj/ctimer.o
 .bss.fevent    0x0000000020001148        0x1 build/cc26x0-cc13x0//launchpad/cc2650/obj/process.o
 .bss.lastevent
                0x0000000020001149        0x1 build/cc26x0-cc13x0//launchpad/cc2650/obj/process.o
 .bss.nevents   0x000000002000114a        0x1 build/cc26x0-cc13x0//launchpad/cc2650/obj/process.o
 .bss.poll_requested
                0x000000002000114b        0x1 build/cc26x0-cc13x0//launchpad/cc2650/obj/process.o
 .bss.overflow.5023
                0x000000002000114c        0x1 build/cc26x0-cc13x0//launchpad/cc2650/obj/serial-line.o
 .bss.hdrlen    0x000000002000114d        0x1 build/cc26x0-cc13x0//launchpad/cc2650/obj/packetbuf.o
 .bss.initialized
                0x000000002000114e        0x1 build/cc26x0-cc13x0//launchpad/cc2650/obj/framer-802154.o
 .bss.mac_dsn   0x000000002000114f        0x1 build/cc26x0-cc13x0//launchpad/cc2650/obj/framer-802154.o
 .bss.initialized.5889
                0x0000000020001150        0x1 build/cc26x0-cc13x0//launchpad/cc2650/obj/csma-output.o
 .bss.seqno.5890
                0x0000000020001151        0x1 build/cc26x0-cc13x0//launchpad/cc2650/obj/csma-output.o
 *(SORT(COMMON))
 *fill*         0x0000000020001152        0x2 
 COMMON         0x0000000020001154        0x4 build/cc26x0-cc13x0//launchpad/cc2650/obj/rf-core.o
                0x0000000020001154                last_cmd_status
 COMMON         0x0000000020001158       0x2a build/cc26x0-cc13x0//launchpad/cc2650/obj/packetbuf.o
                0x0000000020001158                packetbuf_addrs
                0x0000000020001168                packetbuf_attrs
 *fill*         0x0000000020001182        0x2 
 COMMON         0x0000000020001184        0x8 build/cc26x0-cc13x0//launchpad/cc2650/obj/linkaddr.o
                0x0000000020001184                linkaddr_node_addr
 COMMON         0x000000002000118c        0x6 build/cc26x0-cc13x0//launchpad/cc2650/obj/nullnet.o
                0x000000002000118c                nullnet_buf
                0x0000000020001190                nullnet_len
 COMMON         0x0000000020001192        0x3 build/cc26x0-cc13x0//launchpad/cc2650/obj/button-hal.o
                0x0000000020001192                button_hal_release_event
                0x0000000020001193                button_hal_periodic_event
                0x0000000020001194                button_hal_press_event
 COMMON         0x0000000020001195        0x1 build/cc26x0-cc13x0//launchpad/cc2650/obj/serial-line.o
                0x0000000020001195                serial_line_event_message
                0x0000000020001196                _ebss = .
                0x0000000020001196                _end = .
                0x0000000020001196                _stack = .
                0x0000000020005000                _stack_origin = (ORIGIN (SRAM) + LENGTH (SRAM))
                0x0000000020001196                _heap = _stack
                0x0000000020005000                _eheap = _stack_origin

.ccfg           0x000000000001ffa8       0x58
 *(SORT(.ccfg))
 .ccfg          0x000000000001ffa8       0x58 build/cc26x0-cc13x0//launchpad/cc2650/obj/ccfg.o
                0x000000000001ffa8                __ccfg

.rel.dyn        0x0000000000020000        0x0
 .rel.iplt      0x0000000000020000        0x0 build/cc26x0-cc13x0//launchpad/cc2650/obj/startup_gcc.o

._user_heap_stack
                0x0000000020001196      0x402
                0x0000000020001198                . = ALIGN (0x4)
 *fill*         0x0000000020001196        0x2 
                0x0000000020001198                . = (. + _Min_Heap_Size)
                0x0000000020001598                . = (. + _Min_Stack_Size)
 *fill*         0x0000000020001198      0x400 
                0x0000000020001598                . = ALIGN (0x4)

.gpram
OUTPUT(build/cc26x0-cc13x0//launchpad/cc2650/serial_line.elf elf32-littlearm)

.comment        0x0000000000000000       0x6e
 .comment       0x0000000000000000       0x6e build/cc26x0-cc13x0//launchpad/cc2650/obj/fault-handlers.o
                                         0x6f (size before relaxing)
 .comment       0x000000000000006e       0x6f build/cc26x0-cc13x0//launchpad/cc2650/obj/ccfg.o
 .comment       0x000000000000006e       0x6f build/cc26x0-cc13x0//launchpad/cc2650/obj/startup_gcc.o
 .comment       0x000000000000006e       0x6f build/cc26x0-cc13x0//launchpad/cc2650/obj/platform.o
 .comment       0x000000000000006e       0x6f build/cc26x0-cc13x0//launchpad/cc2650/obj/leds-arch.o
 .comment       0x000000000000006e       0x6f build/cc26x0-cc13x0//launchpad/cc2650/obj/board.o
 .comment       0x000000000000006e       0x6f build/cc26x0-cc13x0//launchpad/cc2650/obj/board-buttons.o
 .comment       0x000000000000006e       0x6f build/cc26x0-cc13x0//launchpad/cc2650/obj/clock.o
 .comment       0x000000000000006e       0x6f build/cc26x0-cc13x0//launchpad/cc2650/obj/rtimer-arch.o
 .comment       0x000000000000006e       0x6f build/cc26x0-cc13x0//launchpad/cc2650/obj/soc-rtc.o
 .comment       0x000000000000006e       0x6f build/cc26x0-cc13x0//launchpad/cc2650/obj/contiki-watchdog.o
 .comment       0x000000000000006e       0x6f build/cc26x0-cc13x0//launchpad/cc2650/obj/aux-ctrl.o
 .comment       0x000000000000006e       0x6f build/cc26x0-cc13x0//launchpad/cc2650/obj/dbg.o
 .comment       0x000000000000006e       0x6f build/cc26x0-cc13x0//launchpad/cc2650/obj/ieee-addr.o
 .comment       0x000000000000006e       0x6f build/cc26x0-cc13x0//launchpad/cc2650/obj/cc26xx-uart.o
 .comment       0x000000000000006e       0x6f build/cc26x0-cc13x0//launchpad/cc2650/obj/lpm.o
 .comment       0x000000000000006e       0x6f build/cc26x0-cc13x0//launchpad/cc2650/obj/gpio-interrupt.o
 .comment       0x000000000000006e       0x6f build/cc26x0-cc13x0//launchpad/cc2650/obj/gpio-hal-arch.o
 .comment       0x000000000000006e       0x6f build/cc26x0-cc13x0//launchpad/cc2650/obj/oscillators.o
 .comment       0x000000000000006e       0x6f build/cc26x0-cc13x0//launchpad/cc2650/obj/rf-core.o
 .comment       0x000000000000006e       0x6f build/cc26x0-cc13x0//launchpad/cc2650/obj/rf-ble.o
 .comment       0x000000000000006e       0x6f build/cc26x0-cc13x0//launchpad/cc2650/obj/ieee-mode.o
 .comment       0x000000000000006e       0x6f build/cc26x0-cc13x0//launchpad/cc2650/obj/random.o
 .comment       0x000000000000006e       0x6f build/cc26x0-cc13x0//launchpad/cc2650/obj/soc-trng.o
 .comment       0x000000000000006e       0x6f build/cc26x0-cc13x0//launchpad/cc2650/obj/int-master.o
 .comment       0x000000000000006e       0x6f build/cc26x0-cc13x0//launchpad/cc2650/obj/spi-arch.o
 .comment       0x000000000000006e       0x6f build/cc26x0-cc13x0//launchpad/cc2650/obj/contiki-main.o
 .comment       0x000000000000006e       0x6f build/cc26x0-cc13x0//launchpad/cc2650/obj/autostart.o
 .comment       0x000000000000006e       0x6f build/cc26x0-cc13x0//launchpad/cc2650/obj/ctimer.o
 .comment       0x000000000000006e       0x6f build/cc26x0-cc13x0//launchpad/cc2650/obj/log.o
 .comment       0x000000000000006e       0x6f build/cc26x0-cc13x0//launchpad/cc2650/obj/energest.o
 .comment       0x000000000000006e       0x6f build/cc26x0-cc13x0//launchpad/cc2650/obj/etimer.o
 .comment       0x000000000000006e       0x6f build/cc26x0-cc13x0//launchpad/cc2650/obj/node-id.o
 .comment       0x000000000000006e       0x6f build/cc26x0-cc13x0//launchpad/cc2650/obj/rtimer.o
 .comment       0x000000000000006e       0x6f build/cc26x0-cc13x0//launchpad/cc2650/obj/process.o
 .comment       0x000000000000006e       0x6f build/cc26x0-cc13x0//launchpad/cc2650/obj/timer.o
 .comment       0x000000000000006e       0x6f build/cc26x0-cc13x0//launchpad/cc2650/obj/stack-check.o
 .comment       0x000000000000006e       0x6f build/cc26x0-cc13x0//launchpad/cc2650/obj/ringbuf.o
 .comment       0x000000000000006e       0x6f build/cc26x0-cc13x0//launchpad/cc2650/obj/list.o
 .comment       0x000000000000006e       0x6f build/cc26x0-cc13x0//launchpad/cc2650/obj/memb.o
 .comment       0x000000000000006e       0x6f build/cc26x0-cc13x0//launchpad/cc2650/obj/button-hal.o
 .comment       0x000000000000006e       0x6f build/cc26x0-cc13x0//launchpad/cc2650/obj/serial-line.o
 .comment       0x000000000000006e       0x6f build/cc26x0-cc13x0//launchpad/cc2650/obj/spi.o
 .comment       0x000000000000006e       0x6f build/cc26x0-cc13x0//launchpad/cc2650/obj/leds.o
 .comment       0x000000000000006e       0x6f build/cc26x0-cc13x0//launchpad/cc2650/obj/gpio-hal.o
 .comment       0x000000000000006e       0x6f build/cc26x0-cc13x0//launchpad/cc2650/obj/queuebuf.o
 .comment       0x000000000000006e       0x6f build/cc26x0-cc13x0//launchpad/cc2650/obj/packetbuf.o
 .comment       0x000000000000006e       0x6f build/cc26x0-cc13x0//launchpad/cc2650/obj/netstack.o
 .comment       0x000000000000006e       0x6f build/cc26x0-cc13x0//launchpad/cc2650/obj/linkaddr.o
 .comment       0x000000000000006e       0x6f build/cc26x0-cc13x0//launchpad/cc2650/obj/mac-sequence.o
 .comment       0x000000000000006e       0x6f build/cc26x0-cc13x0//launchpad/cc2650/obj/mac.o
 .comment       0x000000000000006e       0x6f build/cc26x0-cc13x0//launchpad/cc2650/obj/framer-802154.o
 .comment       0x000000000000006e       0x6f build/cc26x0-cc13x0//launchpad/cc2650/obj/frame802154.o
 .comment       0x000000000000006e       0x6f build/cc26x0-cc13x0//launchpad/cc2650/obj/ext-flash.o
 .comment       0x000000000000006e       0x6f build/cc26x0-cc13x0//launchpad/cc2650/obj/adi.o