Archive member included to satisfy reference by file (symbol)

build/cooja/mtype197.a(simEnvChange.o)
                              build/cooja/mtype197.o (simDontFallAsleep)
build/cooja/mtype197.a(cooja_mt.o)
                              build/cooja/mtype197.o (cooja_mt_start)
build/cooja/mtype197.a(cooja_mtarch.o)
                              build/cooja/mtype197.a(cooja_mt.o) (cooja_mtarch_start)
build/cooja/mtype197.a(rtimer-arch.o)
                              build/cooja/mtype197.o (rtimer_arch_check)
build/cooja/mtype197.a(beep.o)
                              build/cooja/mtype197.o (beep_interface)
build/cooja/mtype197.a(leds-arch.o)
                              build/cooja/mtype197.o (leds_interface)
build/cooja/mtype197.a(moteid.o)
                              build/cooja/mtype197.o (moteid_interface)
build/cooja/mtype197.a(pir-sensor.o)
                              build/cooja/mtype197.o (pir_interface)
build/cooja/mtype197.a(rs232.o)
                              build/cooja/mtype197.o (rs232_interface)
build/cooja/mtype197.a(vib-sensor.o)
                              build/cooja/mtype197.o (vib_interface)
build/cooja/mtype197.a(clock.o)
                              build/cooja/mtype197.o (clock_interface)
build/cooja/mtype197.a(cooja-log.o)
                              build/cooja/mtype197.o (simlog_interface)
build/cooja/mtype197.a(cfs-cooja.o)
                              build/cooja/mtype197.o (cfs_interface)
build/cooja/mtype197.a(cooja-radio.o)
                              build/cooja/mtype197.o (radio_interface)
build/cooja/mtype197.a(eeprom.o)
                              build/cooja/mtype197.o (eeprom_interface)
build/cooja/mtype197.a(random.o)
                              build/cooja/mtype197.a(moteid.o) (random_init)
build/cooja/mtype197.a(sensors.o)
                              build/cooja/mtype197.a(pir-sensor.o) (sensors_changed)
build/cooja/mtype197.a(leds.o)
                              build/cooja/mtype197.a(leds-arch.o) (leds_get)
build/cooja/mtype197.a(gpio-hal-arch.o)
                              build/cooja/mtype197.a(leds-arch.o) (gpio_hal_arch_register_pin_callback)
build/cooja/mtype197.a(buttons.o)
                              build/cooja/mtype197.o (button_interface)
build/cooja/mtype197.a(contiki-main.o)
                              build/cooja/mtype197.o (main)
build/cooja/mtype197.a(autostart.o)
                              build/cooja/mtype197.a(contiki-main.o) (autostart_start)
build/cooja/mtype197.a(ctimer.o)
                              build/cooja/mtype197.a(contiki-main.o) (ctimer_init)
build/cooja/mtype197.a(log.o)
                              build/cooja/mtype197.a(contiki-main.o) (curr_log_level_main)
build/cooja/mtype197.a(energest.o)
                              build/cooja/mtype197.a(contiki-main.o) (energest_init)
build/cooja/mtype197.a(etimer.o)
                              build/cooja/mtype197.a(contiki-main.o) (etimer_process)
build/cooja/mtype197.a(node-id.o)
                              build/cooja/mtype197.a(contiki-main.o) (node_id)
build/cooja/mtype197.a(rtimer.o)
                              build/cooja/mtype197.a(contiki-main.o) (rtimer_init)
build/cooja/mtype197.a(process.o)
                              build/cooja/mtype197.a(ctimer.o) (process_current)
build/cooja/mtype197.a(timer.o)
                              build/cooja/mtype197.a(etimer.o) (timer_set)
build/cooja/mtype197.a(list.o)
                              build/cooja/mtype197.a(ctimer.o) (list_init)
build/cooja/mtype197.a(button-hal.o)
                              build/cooja/mtype197.o (button_hal_init)
build/cooja/mtype197.a(serial-line.o)
                              build/cooja/mtype197.a(rs232.o) (serial_line_input_byte)
build/cooja/mtype197.a(gpio-hal.o)
                              build/cooja/mtype197.a(button-hal.o) (gpio_hal_register_handler)
build/cooja/mtype197.a(queuebuf.o)
                              build/cooja/mtype197.a(contiki-main.o) (queuebuf_init)
build/cooja/mtype197.a(packetbuf.o)
                              build/cooja/mtype197.a(cooja-radio.o) (packetbuf_clear)
build/cooja/mtype197.a(netstack.o)
                              build/cooja/mtype197.a(contiki-main.o) (netstack_init)
build/cooja/mtype197.a(linkaddr.o)
                              node2.o (linkaddr_node_addr)
build/cooja/mtype197.a(csma.o)
                              build/cooja/mtype197.a(cooja-radio.o) (csma_driver)
build/cooja/mtype197.a(csma-output.o)
                              build/cooja/mtype197.a(csma.o) (csma_output_packet)
build/cooja/mtype197.a(nullnet.o)
                              node2.o (nullnet_buf)
build/cooja/mtype197.a(nullrouting.o)
                              build/cooja/mtype197.a(contiki-main.o) (nullrouting_driver)
build/cooja/mtype197.a(watchdog.o)
                              build/cooja/mtype197.a(contiki-main.o) (watchdog_init)
build/cooja/mtype197.a(int-master.o)
[...]
Memory Configuration

Name             Origin             Length             Attributes
*default*        0x0000000000000000 0xffffffffffffffff

Linker script and memory map

LOAD /usr/lib/gcc/i686-linux-gnu/7/../../../i386-linux-gnu/crti.o
LOAD /usr/lib/gcc/i686-linux-gnu/7/crtbeginS.o
LOAD node2.o
LOAD build/cooja/mtype197.o
LOAD build/cooja/mtype197.a
LOAD /usr/lib/gcc/i686-linux-gnu/7/libgcc.a
LOAD /usr/lib/gcc/i686-linux-gnu/7/libgcc_s.so
START GROUP
LOAD /usr/lib/gcc/i686-linux-gnu/7/libgcc_s.so.1
LOAD /usr/lib/gcc/i686-linux-gnu/7/libgcc.a
END GROUP
LOAD /usr/lib/gcc/i686-linux-gnu/7/../../../i386-linux-gnu/libc.so
START GROUP
LOAD /lib/i386-linux-gnu/libc.so.6
LOAD /usr/lib/i386-linux-gnu/libc_nonshared.a
LOAD /lib/i386-linux-gnu/ld-linux.so.2
END GROUP
LOAD /usr/lib/gcc/i686-linux-gnu/7/libgcc.a
LOAD /usr/lib/gcc/i686-linux-gnu/7/libgcc_s.so
START GROUP
LOAD /usr/lib/gcc/i686-linux-gnu/7/libgcc_s.so.1
LOAD /usr/lib/gcc/i686-linux-gnu/7/libgcc.a
END GROUP
LOAD /usr/lib/gcc/i686-linux-gnu/7/crtendS.o
LOAD /usr/lib/gcc/i686-linux-gnu/7/../../../i386-linux-gnu/crtn.o
                0x0000000000000114                . = (SEGMENT_START ("text-segment", 0x0) + SIZEOF_HEADERS)

.note.gnu.build-id
                0x0000000000000114       0x24
 *(.note.gnu.build-id)
 .note.gnu.build-id
                0x0000000000000114       0x24 /usr/lib/gcc/i686-linux-gnu/7/../../../i386-linux-gnu/crti.o

.hash
 *(.hash)

.gnu.hash       0x0000000000000138      0xaf8
 *(.gnu.hash)
 .gnu.hash      0x0000000000000138      0xaf8 /usr/lib/gcc/i686-linux-gnu/7/../../../i386-linux-gnu/crti.o

.dynsym         0x0000000000000c30     0x1830
 *(.dynsym)
 .dynsym        0x0000000000000c30     0x1830 /usr/lib/gcc/i686-linux-gnu/7/../../../i386-linux-gnu/crti.o

.dynstr         0x0000000000002460     0x1a06
 *(.dynstr)
 .dynstr        0x0000000000002460     0x1a06 /usr/lib/gcc/i686-linux-gnu/7/../../../i386-linux-gnu/crti.o

.gnu.version    0x0000000000003e66      0x306
 *(.gnu.version)
 .gnu.version   0x0000000000003e66      0x306 /usr/lib/gcc/i686-linux-gnu/7/../../../i386-linux-gnu/crti.o

.gnu.version_d  0x000000000000416c        0x0
 *(.gnu.version_d)
 .gnu.version_d
                0x000000000000416c        0x0 /usr/lib/gcc/i686-linux-gnu/7/../../../i386-linux-gnu/crti.o

.gnu.version_r  0x000000000000416c       0x40
 *(.gnu.version_r)
 .gnu.version_r
                0x000000000000416c       0x40 /usr/lib/gcc/i686-linux-gnu/7/../../../i386-linux-gnu/crti.o

.rel.dyn        0x00000000000041ac      0x880
 *(.rel.init)
 .rel.init      0x00000000000041ac        0x0 /usr/lib/gcc/i686-linux-gnu/7/../../../i386-linux-gnu/crti.o
 *(.rel.text .rel.text.* .rel.gnu.linkonce.t.*)
 .rel.text      0x00000000000041ac      0x1a8 /usr/lib/gcc/i686-linux-gnu/7/../../../i386-linux-gnu/crti.o
 *(.rel.fini)
 .rel.fini      0x0000000000004354        0x0 /usr/lib/gcc/i686-linux-gnu/7/../../../i386-linux-gnu/crti.o
 *(.rel.rodata .rel.rodata.* .rel.gnu.linkonce.r.*)
 *(.rel.data.rel.ro .rel.data.rel.ro.* .rel.gnu.linkonce.d.rel.ro.*)
 .rel.data.rel.ro.local
                0x0000000000004354      0x2b0 /usr/lib/gcc/i686-linux-gnu/7/../../../i386-linux-gnu/crti.o
 *(.rel.data .rel.data.* .rel.gnu.linkonce.d.*)
 .rel.data.rel.local
                0x0000000000004604      0x1c0 /usr/lib/gcc/i686-linux-gnu/7/../../../i386-linux-gnu/crti.o
 .rel.data.rel  0x00000000000047c4       0x78 /usr/lib/gcc/i686-linux-gnu/7/../../../i386-linux-gnu/crti.o
 *(.rel.tdata .rel.tdata.* .rel.gnu.linkonce.td.*)
 *(.rel.tbss .rel.tbss.* .rel.gnu.linkonce.tb.*)
 *(.rel.ctors)
 *(.rel.dtors)
 *(.rel.got)
 .rel.got       0x000000000000483c      0x1e0 /usr/lib/gcc/i686-linux-gnu/7/../../../i386-linux-gnu/crti.o
 *(.rel.bss .rel.bss.* .rel.gnu.linkonce.b.*)
 *(.rel.ifunc)
 .rel.ifunc     0x0000000000004a1c        0x0 /usr/lib/gcc/i686-linux-gnu/7/../../../i386-linux-gnu/crti.o
 .rel.fini_array
                0x0000000000004a1c        0x8 /usr/lib/gcc/i686-linux-gnu/7/../../../i386-linux-gnu/crti.o
 .rel.init_array
                0x0000000000004a24        0x8 /usr/lib/gcc/i686-linux-gnu/7/../../../i386-linux-gnu/crti.o

.rel.plt        0x0000000000004a2c      0x490
 *(.rel.plt)
 .rel.plt       0x0000000000004a2c      0x490 /usr/lib/gcc/i686-linux-gnu/7/../../../i386-linux-gnu/crti.o
 *(.rel.iplt)

.init           0x0000000000004ebc       0x23
 *(SORT_NONE(.init))
 .init          0x0000000000004ebc       0x1e /usr/lib/gcc/i686-linux-gnu/7/../../../i386-linux-gnu/crti.o
                0x0000000000004ebc                _init
 .init          0x0000000000004eda        0x5 /usr/lib/gcc/i686-linux-gnu/7/../../../i386-linux-gnu/crtn.o

.plt            0x0000000000004ee0      0x930
 *(.plt)
 .plt           0x0000000000004ee0      0x930 /usr/lib/gcc/i686-linux-gnu/7/../../../i386-linux-gnu/crti.o
 *(.iplt)

.plt.got        0x0000000000005810       0x18
 *(.plt.got)
 .plt.got       0x0000000000005810       0x18 /usr/lib/gcc/i686-linux-gnu/7/../../../i386-linux-gnu/crti.o

.plt.sec
 *(.plt.sec)

.text           0x0000000000005830     0x81e4
 *(.text.unlikely .text.*_unlikely .text.unlikely.*)
 *(.text.exit .text.exit.*)
 *(.text.startup .text.startup.*)
 *(.text.hot .text.hot.*)
 *(.text .stub .text.* .gnu.linkonce.t.*)
 .text          0x0000000000005830        0x0 /usr/lib/gcc/i686-linux-gnu/7/../../../i386-linux-gnu/crti.o
 .gnu.linkonce.t.__x86.get_pc_thunk.bx
                0x0000000000005830        0x4 /usr/lib/gcc/i686-linux-gnu/7/../../../i386-linux-gnu/crti.o
                0x0000000000005830                __x86.get_pc_thunk.bx
 *fill*         0x0000000000005834        0xc 
 .text          0x0000000000005840       0xe9 /usr/lib/gcc/i686-linux-gnu/7/crtbeginS.o
 .text.__x86.get_pc_thunk.dx
                0x0000000000005929        0x4 /usr/lib/gcc/i686-linux-gnu/7/crtbeginS.o
                0x0000000000005929                __x86.get_pc_thunk.dx
 .text          0x000000000000592d      0x2c5 node2.o
 .text          0x0000000000005bf2      0x346 build/cooja/mtype197.o
                0x0000000000005c7f                platform_init_stage_one
                0x0000000000005ca2                platform_init_stage_two
                0x0000000000005cc5                platform_init_stage_three
                0x0000000000005ce8                platform_main_loop
                0x0000000000005d8e                Java_org_contikios_cooja_corecomm_Lib11_init
                0x0000000000005ddc                Java_org_contikios_cooja_corecomm_Lib11_getMemory
                0x0000000000005e1c                Java_org_contikios_cooja_corecomm_Lib11_setMemory
                0x0000000000005e8d                Java_org_contikios_cooja_corecomm_Lib11_tick
                0x0000000000005f17                Java_org_contikios_cooja_corecomm_Lib11_setReferenceAddress
 .text.__x86.get_pc_thunk.ax
                0x0000000000005f38        0x4 build/cooja/mtype197.o
                0x0000000000005f38                __x86.get_pc_thunk.ax
 .text          0x0000000000005f3c       0x8d build/cooja/mtype197.a(simEnvChange.o)
                0x0000000000005f3c                doActionsBeforeTick
                0x0000000000005f82                doActionsAfterTick
 .text          0x0000000000005fc9       0xb6 build/cooja/mtype197.a(cooja_mt.o)
                0x0000000000005fc9                cooja_mt_start
                0x0000000000006003                cooja_mt_exec
                0x000000000000604a                cooja_mt_yield
 .text          0x000000000000607f       0xf2 build/cooja/mtype197.a(cooja_mtarch.o)
                0x000000000000607f                cooja_mtarch_start
                0x0000000000006103                cooja_sw
                0x0000000000006131                cooja_mtarch_exec
                0x000000000000615c                cooja_mtarch_yield
 .text          0x0000000000006171      0x127 build/cooja/mtype197.a(rtimer-arch.o)
                0x0000000000006171                rtimer_arch_init
                0x00000000000061a0                rtimer_arch_schedule
                0x00000000000061e2                rtimer_arch_next
                0x00000000000061fc                rtimer_arch_pending
                0x0000000000006213                rtimer_arch_check
                0x000000000000627e                rtimer_arch_now
 .text.__x86.get_pc_thunk.cx
                0x0000000000006298        0x4 build/cooja/mtype197.a(rtimer-arch.o)
                0x0000000000006298                __x86.get_pc_thunk.cx
 .text          0x000000000000629c      0x101 build/cooja/mtype197.a(beep.o)
                0x000000000000629c                beep_alarm
                0x00000000000062b5                beep_beep
                0x00000000000062ce                beep
                0x00000000000062e7                beep_down
                0x0000000000006300                beep_on
                0x0000000000006319                beep_off
                0x0000000000006332                beep_spinup
                0x000000000000634b                beep_quick
                0x0000000000006364                beep_long
 .text          0x000000000000639d       0x9f build/cooja/mtype197.a(leds-arch.o)
                0x00000000000063c1                leds_arch_init
 .text          0x000000000000643c       0x56 build/cooja/mtype197.a(moteid.o)
 .text          0x0000000000006492      0x101 build/cooja/mtype197.a(pir-sensor.o)
 .text          0x0000000000006593      0x1cc build/cooja/mtype197.a(rs232.o)
                0x0000000000006593                rs232_init
                0x00000000000065a3                rs232_set_speed
                0x00000000000065bc                rs232_set_input
                0x00000000000065d5                rs232_send
                0x000000000000660b                rs232_print
                0x0000000000006639                slip_arch_writeb
 .text          0x000000000000675f      0x101 build/cooja/mtype197.a(vib-sensor.o)
 .text          0x0000000000006860       0x7a build/cooja/mtype197.a(clock.o)
                0x0000000000006860                clock_init
                0x0000000000006870                clock_time
                0x0000000000006887                clock_seconds
                0x00000000000068aa                clock_delay
 .text          0x00000000000068da      0x2b5 build/cooja/mtype197.a(cooja-log.o)
                0x00000000000068da                simlog_char
                0x000000000000693e                simlog
                0x00000000000069d8                log_message
                0x0000000000006a27                log_set_putchar_with_slip
                0x0000000000006a40                log_putchar
                0x0000000000006acb                log_puts
                0x0000000000006afd                log_printf
 .text          0x0000000000006b8f      0x36c build/cooja/mtype197.a(cfs-cooja.o)
                0x0000000000006b8f                cfs_open
                0x0000000000006c07                cfs_close
                0x0000000000006c1e                cfs_read
                0x0000000000006cd2                cfs_write
                0x0000000000006dd0                cfs_seek
                0x0000000000006e6d                cfs_remove
                0x0000000000006ea3                cfs_opendir
                0x0000000000006eb7                cfs_readdir
                0x0000000000006ecb                cfs_closedir
 .text          0x0000000000006efb      0x78b build/cooja/mtype197.a(cooja-radio.o)
                0x0000000000006f69                radio_set_channel
                0x0000000000006f82                radio_set_txpower
                0x0000000000006fa5                radio_signal_strength_last
                0x0000000000006fba                radio_signal_strength_current
                0x0000000000006fcf                radio_LQI
 .text          0x0000000000007686      0x130 build/cooja/mtype197.a(eeprom.o)
                0x0000000000007686                eeprom_init
                0x0000000000007696                eeprom_read
                0x0000000000007716                eeprom_write
 .text          0x00000000000077b6       0x4e build/cooja/mtype197.a(random.o)
                0x00000000000077b6                random_init
                0x00000000000077e6                random_rand
 .text          0x0000000000007804      0x332 build/cooja/mtype197.a(sensors.o)
                0x000000000000784b                sensors_first
                0x0000000000007862                sensors_next
                0x000000000000788d                sensors_changed
                0x00000000000078da                sensors_find
 .text          0x0000000000007b36      0x3fc build/cooja/mtype197.a(leds.o)
                0x0000000000007b36                leds_init
                0x0000000000007b8e                leds_single_on
                0x0000000000007c06                leds_single_off
                0x0000000000007c7e                leds_single_toggle
                0x0000000000007cc2                leds_on
                0x0000000000007d5a                leds_off
                0x0000000000007df2                leds_toggle
                0x0000000000007e58                leds_set
                0x0000000000007e8e                leds_get
 .text          0x0000000000007f32      0x401 build/cooja/mtype197.a(gpio-hal-arch.o)
                0x0000000000007f32                gpio_hal_arch_register_pin_callback
                0x0000000000007fb3                gpio_hal_arch_init
                0x000000000000800d                gpio_hal_arch_no_port_interrupt_enable
                0x0000000000008047                gpio_hal_arch_no_port_interrupt_disable
                0x0000000000008081                gpio_hal_arch_no_port_pin_cfg_set
                0x00000000000080b0                gpio_hal_arch_no_port_pin_cfg_get
                0x00000000000080e0                gpio_hal_arch_no_port_pin_set_input
                0x00000000000080fc                gpio_hal_arch_no_port_pin_set_output
                0x0000000000008118                gpio_hal_arch_no_port_set_pin
                0x0000000000008143                gpio_hal_arch_no_port_clear_pin
                0x000000000000816e                gpio_hal_arch_no_port_read_pin
                0x00000000000081a0                gpio_hal_arch_no_port_write_pin
                0x00000000000081d4                gpio_hal_arch_no_port_set_pins
                0x0000000000008225                gpio_hal_arch_no_port_clear_pins
                0x0000000000008276                gpio_hal_arch_no_port_read_pins
                0x00000000000082c9                gpio_hal_arch_no_port_write_pins
 .text          0x0000000000008333       0xc6 build/cooja/mtype197.a(buttons.o)
 .text          0x00000000000083f9      0x2fa build/cooja/mtype197.a(contiki-main.o)
                0x00000000000083f9                main
 .text          0x00000000000086f3       0xb0 build/cooja/mtype197.a(autostart.o)
                0x00000000000086f3                autostart_start
                0x000000000000874c                autostart_exit
 .text          0x00000000000087a3      0x400 build/cooja/mtype197.a(ctimer.o)
                0x00000000000088e6                ctimer_init
                0x000000000000892b                ctimer_set
                0x000000000000895e                ctimer_set_with_process
                0x00000000000089f5                ctimer_reset
                0x0000000000008a63                ctimer_restart
                0x0000000000008ad1                ctimer_stop
                0x0000000000008b31                ctimer_expired
 .text          0x0000000000008ba3      0x31b build/cooja/mtype197.a(log.o)
                0x0000000000008ba3                log_lladdr
                0x0000000000008c2a                log_lladdr_compact
                0x0000000000008ca7                log_bytes
                0x0000000000008cfb                log_set_level
                0x0000000000008dd9                log_get_level
                0x0000000000008e6a                log_level_to_str
 .text          0x0000000000008ebe       0x39 build/cooja/mtype197.a(energest.o)
                0x0000000000008ebe                energest_init
                0x0000000000008ece                energest_flush
                0x0000000000008ede                energest_get_total_time
 .text          0x0000000000008ef7      0x527 build/cooja/mtype197.a(etimer.o)
                0x000000000000914c                etimer_request_poll
                0x00000000000091fd                etimer_set
                0x0000000000009236                etimer_reset_with_new_interval
                0x0000000000009275                etimer_reset
                0x00000000000092ab                etimer_restart
                0x00000000000092e1                etimer_adjust
                0x0000000000009308                etimer_expired
                0x0000000000009325                etimer_expiration_time
                0x0000000000009341                etimer_start_time
                0x0000000000009355                etimer_pending
                0x0000000000009372                etimer_next_expiration_time
                0x000000000000939a                etimer_stop
 .text          0x000000000000941e       0x36 build/cooja/mtype197.a(node-id.o)
                0x000000000000941e                node_id_init
 .text          0x0000000000009454      0x122 build/cooja/mtype197.a(rtimer.o)
                0x0000000000009454                rtimer_init
                0x0000000000009473                rtimer_set
                0x0000000000009501                rtimer_run_next
 .text          0x0000000000009576      0x5cb build/cooja/mtype197.a(process.o)
                0x0000000000009576                process_alloc_event
                0x0000000000009597                process_start
                0x000000000000979c                process_exit
                0x00000000000097c4                process_init
                0x000000000000998c                process_run
                0x00000000000099cf                process_nevents
                0x00000000000099f4                process_post
                0x0000000000009aa1                process_post_synch
                0x0000000000009ae7                process_poll
                0x0000000000009b23                process_is_running
 .text.__x86.get_pc_thunk.si
                0x0000000000009b41        0x4 build/cooja/mtype197.a(process.o)
                0x0000000000009b41                __x86.get_pc_thunk.si
 .text          0x0000000000009b45       0xf6 build/cooja/mtype197.a(timer.o)
                0x0000000000009b45                timer_set
                0x0000000000009b74                timer_reset
                0x0000000000009bab                timer_restart
                0x0000000000009bd1                timer_expired
                0x0000000000009c0f                timer_remaining
 .text          0x0000000000009c3b      0x311 build/cooja/mtype197.a(list.o)
                0x0000000000009c3b                list_init
                0x0000000000009c54                list_head
                0x0000000000009c68                list_copy
                0x0000000000009c82                list_tail
                0x0000000000009cc2                list_add
                0x0000000000009d18                list_push
                0x0000000000009d4e                list_chop
                0x0000000000009dc2                list_pop
                0x0000000000009df4                list_remove
                0x0000000000009e66                list_length
                0x0000000000009e9e                list_insert
                0x0000000000009eed                list_item_next
                0x0000000000009f0e                list_contains
 .text          0x0000000000009f4c      0x566 build/cooja/mtype197.a(button-hal.o)
                0x000000000000a140                button_hal_get_by_id
                0x000000000000a18a                button_hal_get_by_index
                0x000000000000a1c4                button_hal_get_state
                0x000000000000a226                button_hal_init
 .text          0x000000000000a4b2      0x242 build/cooja/mtype197.a(serial-line.o)
                0x000000000000a4b2                serial_line_input_byte
                0x000000000000a6aa                serial_line_init
 .text          0x000000000000a6f4      0x1d6 build/cooja/mtype197.a(gpio-hal.o)
                0x000000000000a6f4                gpio_hal_register_handler
                0x000000000000a722                gpio_hal_event_handler
                0x000000000000a78f                gpio_hal_init
                0x000000000000a7be                gpio_hal_arch_port_toggle_pin
                0x000000000000a809                gpio_hal_arch_port_toggle_pins
                0x000000000000a846                gpio_hal_arch_no_port_toggle_pin
                0x000000000000a893                gpio_hal_arch_no_port_toggle_pins
 .text          0x000000000000a8ca      0x3a9 build/cooja/mtype197.a(queuebuf.o)
                0x000000000000a8de                queuebuf_init
                0x000000000000a91a                queuebuf_numfree
                0x000000000000a944                queuebuf_new_from_packetbuf
                0x000000000000a9f8                queuebuf_update_attr_from_packetbuf
                0x000000000000aa3c                queuebuf_update_from_packetbuf
                0x000000000000aa9b                queuebuf_free
                0x000000000000aaf9                queuebuf_to_packetbuf
                0x000000000000ab76                queuebuf_dataptr
                0x000000000000abc2                queuebuf_datalen
                0x000000000000abef                queuebuf_addr
                0x000000000000ac2e                queuebuf_attr
                0x000000000000ac63                queuebuf_debug_print
 .text          0x000000000000ac73      0x4dd build/cooja/mtype197.a(packetbuf.o)
                0x000000000000ac73                packetbuf_clear
                0x000000000000aca9                packetbuf_copyfrom
                0x000000000000ad09                packetbuf_copyto
                0x000000000000ada7                packetbuf_hdralloc
                0x000000000000ae37                packetbuf_hdrreduce
                0x000000000000ae89                packetbuf_set_datalen
                0x000000000000aeae                packetbuf_dataptr
                0x000000000000aed5                packetbuf_hdrptr
                0x000000000000aeea                packetbuf_datalen
                0x000000000000af00                packetbuf_hdrlen
                0x000000000000af1f                packetbuf_totlen
                0x000000000000af3f                packetbuf_remaininglen
                0x000000000000af5c                packetbuf_attr_clear
                0x000000000000afc2                packetbuf_attr_copyto
                0x000000000000b008                packetbuf_attr_copyfrom
                0x000000000000b04e                packetbuf_set_attr
                0x000000000000b084                packetbuf_attr
                0x000000000000b0aa                packetbuf_set_addr
                0x000000000000b0f2                packetbuf_addr
                0x000000000000b11c                packetbuf_holds_broadcast
 .text          0x000000000000b150      0x13c build/cooja/mtype197.a(netstack.o)
                0x000000000000b150                netstack_process_ip_callback
                0x000000000000b1f1                netstack_ip_packet_processor_add
                0x000000000000b225                uip_ds6_ip_packet_processor_rm
                0x000000000000b253                netstack_init
 .text          0x000000000000b28c       0x75 build/cooja/mtype197.a(linkaddr.o)
                0x000000000000b28c                linkaddr_copy
                0x000000000000b2ac                linkaddr_cmp
                0x000000000000b2df                linkaddr_set_node_addr
 .text          0x000000000000b301      0x2ae build/cooja/mtype197.a(csma.o)
 .text          0x000000000000b5af      0xa6f build/cooja/mtype197.a(csma-output.o)
                0x000000000000bd21                csma_output_packet
                0x000000000000bfd0                csma_output_init
 .text          0x000000000000c01e      0x131 build/cooja/mtype197.a(nullnet.o)
                0x000000000000c09f                nullnet_set_input_callback
 .text          0x000000000000c14f      0x170 build/cooja/mtype197.a(nullrouting.o)
 .text          0x000000000000c2bf       0x6b build/cooja/mtype197.a(watchdog.o)
                0x000000000000c2bf                watchdog_init
                0x000000000000c2cf                watchdog_start
                0x000000000000c2df                watchdog_periodic
                0x000000000000c30a                watchdog_stop
                0x000000000000c31a                watchdog_reboot
 .text          0x000000000000c32a       0x75 build/cooja/mtype197.a(int-master.o)
                0x000000000000c32a                int_master_enable
                0x000000000000c344                int_master_read_and_disable
                0x000000000000c36c                int_master_status_set
                0x000000000000c385                int_master_is_enabled
 .text          0x000000000000c39f      0x188 build/cooja/mtype197.a(ringbuf.o)
                0x000000000000c39f                ringbuf_init
                0x000000000000c3db                ringbuf_put
                0x000000000000c463                ringbuf_get
                0x000000000000c4da                ringbuf_size
                0x000000000000c4f6                ringbuf_elements
 .text          0x000000000000c527      0x1ec build/cooja/mtype197.a(memb.o)
                0x000000000000c527                memb_init
                0x000000000000c58b                memb_alloc
                0x000000000000c5f8                memb_free
                0x000000000000c679                memb_inmemb
                0x000000000000c6c2                memb_numfree
 .text          0x000000000000c713       0x31 build/cooja/mtype197.a(assert.o)
                0x000000000000c713                _xassert
 .text          0x000000000000c744      0x1a8 build/cooja/mtype197.a(mac-sequence.o)
                0x000000000000c744                mac_sequence_is_duplicate
                0x000000000000c804                mac_sequence_register_seqno
 .text          0x000000000000c8ec       0x2d build/cooja/mtype197.a(mac.o)
                0x000000000000c8ec                mac_call_sent_callback
 .text          0x000000000000c919      0x477 build/cooja/mtype197.a(framer-802154.o)
                0x000000000000cabc                framer_802154_setup_params
 .text          0x000000000000cd90      0xc1a build/cooja/mtype197.a(frame802154.o)
                0x000000000000cdcb                frame802154_get_pan_id
                0x000000000000cde1                frame802154_set_pan_id
                0x000000000000ce06                frame802154_has_panid
                0x000000000000cfbf                frame802154_check_dest_panid
                0x000000000000d051                frame802154_is_broadcast_addr
                0x000000000000d0a8                frame802154_extract_linkaddr
                0x000000000000d331                frame802154_hdrlen
                0x000000000000d3ae                frame802154_create_fcf
                0x000000000000d470                frame802154_create
                0x000000000000d5fb                frame802154_parse_fcf
                0x000000000000d6e7                frame802154_parse
 .text          0x000000000000d9aa       0x4e build/cooja/mtype197.a(csma-security.o)
                0x000000000000d9aa                csma_security_create_frame
                0x000000000000d9db                csma_security_parse_frame
 *fill*         0x000000000000d9f8        0x8 
 .text          0x000000000000da00       0x14 /usr/lib/i386-linux-gnu/libc_nonshared.a(stack_chk_fail_local.oS)
                0x000000000000da00                __stack_chk_fail_local
 .text          0x000000000000da14        0x0 /usr/lib/gcc/i686-linux-gnu/7/crtendS.o
 .text          0x000000000000da14        0x0 /usr/lib/gcc/i686-linux-gnu/7/../../../i386-linux-gnu/crtn.o
 *(.gnu.warning)

.fini           0x000000000000da14       0x14
 *(SORT_NONE(.fini))
 .fini          0x000000000000da14        0xf /usr/lib/gcc/i686-linux-gnu/7/../../../i386-linux-gnu/crti.o
                0x000000000000da14                _fini
 .fini          0x000000000000da23        0x5 /usr/lib/gcc/i686-linux-gnu/7/../../../i386-linux-gnu/crtn.o
                [!provide]                        PROVIDE (__etext = .)
                [!provide]                        PROVIDE (_etext = .)
                [!provide]                        PROVIDE (etext = .)

.rodata         0x000000000000da28      0x3a9
 *(.rodata .rodata.* .gnu.linkonce.r.*)
 .rodata        0x000000000000da28       0xba node2.o
 *fill*         0x000000000000dae2        0x2 
 .rodata        0x000000000000dae4        0x6 build/cooja/mtype197.a(leds-arch.o)
                0x000000000000dae4                leds_arch_leds
 .rodata        0x000000000000daea        0x4 build/cooja/mtype197.a(pir-sensor.o)
 .rodata        0x000000000000daee        0x6 build/cooja/mtype197.a(rs232.o)
 .rodata        0x000000000000daf4        0xa build/cooja/mtype197.a(vib-sensor.o)
 *fill*         0x000000000000dafe        0x2 
 .rodata        0x000000000000db00       0x27 build/cooja/mtype197.a(cfs-cooja.o)
 *fill*         0x000000000000db27        0x1 
 .rodata        0x000000000000db28       0x68 build/cooja/mtype197.a(cooja-radio.o)
 .rodata        0x000000000000db90        0x8 build/cooja/mtype197.a(sensors.o)
 .rodata        0x000000000000db98       0x14 build/cooja/mtype197.a(buttons.o)
                0x000000000000dba4                button_hal_button_count
 .rodata        0x000000000000dbac       0xd0 build/cooja/mtype197.a(contiki-main.o)
 .rodata        0x000000000000dc7c        0xf build/cooja/mtype197.a(ctimer.o)
 *fill*         0x000000000000dc8b        0x1 
 .rodata        0x000000000000dc8c       0xa8 build/cooja/mtype197.a(log.o)
 .rodata        0x000000000000dd34        0xc build/cooja/mtype197.a(etimer.o)
 .rodata        0x000000000000dd40       0x13 build/cooja/mtype197.a(button-hal.o)
 .rodata        0x000000000000dd53        0xe build/cooja/mtype197.a(serial-line.o)
 *fill*         0x000000000000dd61        0x3 
 .rodata        0x000000000000dd64        0x8 build/cooja/mtype197.a(linkaddr.o)
                0x000000000000dd64                linkaddr_null
 .rodata        0x000000000000dd6c        0x5 build/cooja/mtype197.a(csma.o)
 *fill*         0x000000000000dd71        0x3 
 .rodata        0x000000000000dd74       0x24 build/cooja/mtype197.a(csma-output.o)
 .rodata        0x000000000000dd98        0x8 build/cooja/mtype197.a(nullnet.o)
 .rodata        0x000000000000dda0        0xc build/cooja/mtype197.a(nullrouting.o)
 .rodata        0x000000000000ddac       0x25 build/cooja/mtype197.a(assert.o)

.rodata1
 *(.rodata1)

.eh_frame_hdr   0x000000000000ddd4      0xc24
 *(.eh_frame_hdr)
 .eh_frame_hdr  0x000000000000ddd4      0xc24 node2.o
                0x000000000000ddd4                __GNU_EH_FRAME_HDR
 *(.eh_frame_entry .eh_frame_entry.*)

.eh_frame       0x000000000000e9f8     0x3344
 *(.eh_frame)
 .eh_frame      0x000000000000e9f8       0x3c /usr/lib/gcc/i686-linux-gnu/7/../../../i386-linux-gnu/crti.o
                                         0x40 (size before relaxing)
 .eh_frame      0x000000000000ea34       0x14 /usr/lib/gcc/i686-linux-gnu/7/../../../i386-linux-gnu/crti.o
                                         0x2c (size before relaxing)
 .eh_frame      0x000000000000ea48       0x54 node2.o
                                         0x80 (size before relaxing)
 .eh_frame      0x000000000000ea9c      0x1ac build/cooja/mtype197.o
                                        0x1ec (size before relaxing)
 .eh_frame      0x000000000000ec48       0x48 build/cooja/mtype197.a(simEnvChange.o)
                                         0x74 (size before relaxing)
 .eh_frame      0x000000000000ec90       0x6c build/cooja/mtype197.a(cooja_mt.o)
                                         0x98 (size before relaxing)
 .eh_frame      0x000000000000ecfc       0x88 build/cooja/mtype197.a(cooja_mtarch.o)
                                         0xc8 (size before relaxing)
 .eh_frame      0x000000000000ed84       0xe4 build/cooja/mtype197.a(rtimer-arch.o)
                                        0x110 (size before relaxing)
 .eh_frame      0x000000000000ee68      0x160 build/cooja/mtype197.a(beep.o)
                                        0x18c (size before relaxing)
 .eh_frame      0x000000000000efc8       0x88 build/cooja/mtype197.a(leds-arch.o)
                                         0xc8 (size before relaxing)
 .eh_frame      0x000000000000f050       0x44 build/cooja/mtype197.a(moteid.o)
                                         0x70 (size before relaxing)
 .eh_frame      0x000000000000f094       0xa4 build/cooja/mtype197.a(pir-sensor.o)
                                         0xe4 (size before relaxing)
 .eh_frame      0x000000000000f138      0x110 build/cooja/mtype197.a(rs232.o)
                                        0x150 (size before relaxing)
 .eh_frame      0x000000000000f248       0xa4 build/cooja/mtype197.a(vib-sensor.o)
                                         0xe4 (size before relaxing)
 .eh_frame      0x000000000000f2ec       0xc0 build/cooja/mtype197.a(clock.o)
                                         0xec (size before relaxing)
 .eh_frame      0x000000000000f3ac      0x130 build/cooja/mtype197.a(cooja-log.o)
                                        0x170 (size before relaxing)
 .eh_frame      0x000000000000f4dc      0x16c build/cooja/mtype197.a(cfs-cooja.o)
                                        0x1ac (size before relaxing)
 .eh_frame      0x000000000000f648      0x374 build/cooja/mtype197.a(cooja-radio.o)
                                        0x3b4 (size before relaxing)
 .eh_frame      0x000000000000f9bc       0xa8 build/cooja/mtype197.a(eeprom.o)
                                         0xe8 (size before relaxing)
 .eh_frame      0x000000000000fa64       0x48 build/cooja/mtype197.a(random.o)
                                         0x74 (size before relaxing)
 .eh_frame      0x000000000000faac       0xd0 build/cooja/mtype197.a(sensors.o)
                                        0x110 (size before relaxing)
 .eh_frame      0x000000000000fb7c      0x140 build/cooja/mtype197.a(leds.o)
                                        0x180 (size before relaxing)
 .eh_frame      0x000000000000fcbc      0x228 build/cooja/mtype197.a(gpio-hal-arch.o)
                                        0x27c (size before relaxing)
 .eh_frame      0x000000000000fee4       0xa4 build/cooja/mtype197.a(buttons.o)
                                         0xe4 (size before relaxing)
 .eh_frame      0x000000000000ff88       0x38 build/cooja/mtype197.a(contiki-main.o)
                                         0x64 (size before relaxing)
 .eh_frame      0x000000000000ffc0       0x48 build/cooja/mtype197.a(autostart.o)
                                         0x74 (size before relaxing)
 .eh_frame      0x0000000000010008      0x11c build/cooja/mtype197.a(ctimer.o)
                                        0x15c (size before relaxing)
 .eh_frame      0x0000000000010124       0xd8 build/cooja/mtype197.a(log.o)
                                        0x118 (size before relaxing)
 .eh_frame      0x00000000000101fc       0x60 build/cooja/mtype197.a(energest.o)
                                         0x8c (size before relaxing)
 .eh_frame      0x000000000001025c      0x204 build/cooja/mtype197.a(etimer.o)
                                        0x244 (size before relaxing)
 .eh_frame      0x0000000000010460       0x20 build/cooja/mtype197.a(node-id.o)
                                         0x4c (size before relaxing)
 .eh_frame      0x0000000000010480       0x6c build/cooja/mtype197.a(rtimer.o)
                                         0xc0 (size before relaxing)
 .eh_frame      0x00000000000104ec      0x1ec build/cooja/mtype197.a(process.o)
                                        0x22c (size before relaxing)
 .eh_frame      0x00000000000106d8       0xb4 build/cooja/mtype197.a(timer.o)
                                         0xe0 (size before relaxing)
 .eh_frame      0x000000000001078c      0x1a0 build/cooja/mtype197.a(list.o)
                                        0x1cc (size before relaxing)
 .eh_frame      0x000000000001092c      0x188 build/cooja/mtype197.a(button-hal.o)
                                        0x1c8 (size before relaxing)
 .eh_frame      0x0000000000010ab4       0x6c build/cooja/mtype197.a(serial-line.o)
                                         0x98 (size before relaxing)
 .eh_frame      0x0000000000010b20       0xfc build/cooja/mtype197.a(gpio-hal.o)
                                        0x13c (size before relaxing)
 .eh_frame      0x0000000000010c1c      0x1c0 build/cooja/mtype197.a(queuebuf.o)
                                        0x200 (size before relaxing)
 .eh_frame      0x0000000000010ddc      0x2b0 build/cooja/mtype197.a(packetbuf.o)
                                        0x2f0 (size before relaxing)
 .eh_frame      0x000000000001108c       0x90 build/cooja/mtype197.a(netstack.o)
                                         0xd0 (size before relaxing)
 .eh_frame      0x000000000001111c       0x64 build/cooja/mtype197.a(linkaddr.o)
                                         0x90 (size before relaxing)
 .eh_frame      0x0000000000011180       0xf0 build/cooja/mtype197.a(csma.o)
                                        0x130 (size before relaxing)
 .eh_frame      0x0000000000011270      0x1f8 build/cooja/mtype197.a(csma-output.o)
                                        0x238 (size before relaxing)
 .eh_frame      0x0000000000011468       0x90 build/cooja/mtype197.a(nullnet.o)
                                         0xd0 (size before relaxing)
 .eh_frame      0x00000000000114f8      0x280 build/cooja/mtype197.a(nullrouting.o)
                                        0x2ac (size before relaxing)
 .eh_frame      0x0000000000011778       0xa4 build/cooja/mtype197.a(watchdog.o)
                                         0xd0 (size before relaxing)
 .eh_frame      0x000000000001181c       0x80 build/cooja/mtype197.a(int-master.o)
                                         0xac (size before relaxing)
 .eh_frame      0x000000000001189c       0xa0 build/cooja/mtype197.a(ringbuf.o)
                                         0xcc (size before relaxing)
 .eh_frame      0x000000000001193c       0xa4 build/cooja/mtype197.a(memb.o)
                                         0xe4 (size before relaxing)
 .eh_frame      0x00000000000119e0       0x24 build/cooja/mtype197.a(assert.o)
                                         0x50 (size before relaxing)
 .eh_frame      0x0000000000011a04       0x50 build/cooja/mtype197.a(mac-sequence.o)
                                         0x7c (size before relaxing)
 .eh_frame      0x0000000000011a54       0x20 build/cooja/mtype197.a(mac.o)
                                         0x4c (size before relaxing)
 .eh_frame      0x0000000000011a74       0xb4 build/cooja/mtype197.a(framer-802154.o)
                                         0xf4 (size before relaxing)
 .eh_frame      0x0000000000011b28      0x1b0 build/cooja/mtype197.a(frame802154.o)
                                        0x1f0 (size before relaxing)
 .eh_frame      0x0000000000011cd8       0x44 build/cooja/mtype197.a(csma-security.o)
                                         0x84 (size before relaxing)
 .eh_frame      0x0000000000011d1c       0x1c /usr/lib/i386-linux-gnu/libc_nonshared.a(stack_chk_fail_local.oS)
                                         0x48 (size before relaxing)
 .eh_frame      0x0000000000011d38        0x4 /usr/lib/gcc/i686-linux-gnu/7/crtendS.o
 *(.eh_frame.*)

.gcc_except_table
 *(.gcc_except_table .gcc_except_table.*)

.gnu_extab
 *(.gnu_extab*)

.exception_ranges
 *(.exception_ranges .exception_ranges*)
                0x0000000000013c78                . = DATA_SEGMENT_ALIGN (CONSTANT (MAXPAGESIZE), CONSTANT (COMMONPAGESIZE))

.eh_frame
 *(.eh_frame)
 *(.eh_frame.*)

.gnu_extab
 *(.gnu_extab)

.gcc_except_table
 *(.gcc_except_table .gcc_except_table.*)

.exception_ranges
 *(.exception_ranges .exception_ranges*)

.tdata
 *(.tdata .tdata.* .gnu.linkonce.td.*)

.tbss
 *(.tbss .tbss.* .gnu.linkonce.tb.*)
 *(.tcommon)

.preinit_array
 *(.preinit_array)

.init_array     0x0000000000013c78        0x4
 *(SORT_BY_INIT_PRIORITY(.init_array.*) SORT_BY_INIT_PRIORITY(.ctors.*))
 *(.init_array EXCLUDE_FILE(*crtend?.o *crtend.o *crtbegin?.o *crtbegin.o) .ctors)
 .init_array    0x0000000000013c78        0x4 /usr/lib/gcc/i686-linux-gnu/7/crtbeginS.o

.fini_array     0x0000000000013c7c        0x4
 *(SORT_BY_INIT_PRIORITY(.fini_array.*) SORT_BY_INIT_PRIORITY(.dtors.*))
 *(.fini_array EXCLUDE_FILE(*crtend?.o *crtend.o *crtbegin?.o *crtbegin.o) .dtors)
 .fini_array    0x0000000000013c7c        0x4 /usr/lib/gcc/i686-linux-gnu/7/crtbeginS.o

.ctors
 *crtbegin.o(.ctors)
 *crtbegin?.o(.ctors)
 *(EXCLUDE_FILE(*crtend?.o *crtend.o) .ctors)
 *(SORT_BY_NAME(.ctors.*))
 *(.ctors)

.dtors
 *crtbegin.o(.dtors)
 *crtbegin?.o(.dtors)
 *(EXCLUDE_FILE(*crtend?.o *crtend.o) .dtors)
 *(SORT_BY_NAME(.dtors.*))
 *(.dtors)

.jcr
 *(.jcr)

.data.rel.ro    0x0000000000013c80      0x1a0
 *(.data.rel.ro.local* .gnu.linkonce.d.rel.ro.local.*)
 .data.rel.ro.local
                0x0000000000013c80        0x8 node2.o
                0x0000000000013c80                autostart_processes
 .data.rel.ro.local
                0x0000000000013c88        0x8 build/cooja/mtype197.a(beep.o)
                0x0000000000013c88                beep_interface
 .data.rel.ro.local
                0x0000000000013c90        0x8 build/cooja/mtype197.a(leds-arch.o)
                0x0000000000013c90                leds_interface
 .data.rel.ro.local
                0x0000000000013c98        0x8 build/cooja/mtype197.a(moteid.o)
                0x0000000000013c98                moteid_interface
 .data.rel.ro.local
                0x0000000000013ca0       0x18 build/cooja/mtype197.a(pir-sensor.o)
                0x0000000000013ca0                pir_interface
                0x0000000000013ca8                pir_sensor
 .data.rel.ro.local
                0x0000000000013cb8        0x8 build/cooja/mtype197.a(rs232.o)
                0x0000000000013cb8                rs232_interface
 .data.rel.ro.local
                0x0000000000013cc0       0x18 build/cooja/mtype197.a(vib-sensor.o)
                0x0000000000013cc0                vib_interface
                0x0000000000013cc8                vib_sensor
 .data.rel.ro.local
                0x0000000000013cd8        0x8 build/cooja/mtype197.a(clock.o)
                0x0000000000013cd8                clock_interface
 .data.rel.ro.local
                0x0000000000013ce0        0x8 build/cooja/mtype197.a(cooja-log.o)
                0x0000000000013ce0                simlog_interface
 .data.rel.ro.local
                0x0000000000013ce8        0x8 build/cooja/mtype197.a(cfs-cooja.o)
                0x0000000000013ce8                cfs_interface
 *fill*         0x0000000000013cf0       0x10 
 .data.rel.ro.local
                0x0000000000013d00       0x58 build/cooja/mtype197.a(cooja-radio.o)
                0x0000000000013d00                radio_interface
                0x0000000000013d20                cooja_radio_driver
 .data.rel.ro.local
                0x0000000000013d58        0x8 build/cooja/mtype197.a(eeprom.o)
                0x0000000000013d58                eeprom_interface
 .data.rel.ro.local
                0x0000000000013d60       0x18 build/cooja/mtype197.a(buttons.o)
                0x0000000000013d60                button_interface
                0x0000000000013d68                button_sensor
 .data.rel.ro.local
                0x0000000000013d78       0x1c build/cooja/mtype197.a(csma.o)
                0x0000000000013d78                csma_driver
 .data.rel.ro.local
                0x0000000000013d94       0x10 build/cooja/mtype197.a(nullnet.o)
                0x0000000000013d94                nullnet_driver
 *fill*         0x0000000000013da4       0x1c 
 .data.rel.ro.local
                0x0000000000013dc0       0x54 build/cooja/mtype197.a(nullrouting.o)
                0x0000000000013dc0                nullrouting_driver
 .data.rel.ro.local
                0x0000000000013e14        0xc build/cooja/mtype197.a(framer-802154.o)
                0x0000000000013e14                framer_802154
 *(.data.rel.ro .data.rel.ro.* .gnu.linkonce.d.rel.ro.*)
 .data.rel.ro   0x0000000000013e20        0x0 /usr/lib/gcc/i686-linux-gnu/7/../../../i386-linux-gnu/crti.o

.dynamic        0x0000000000013e20       0xf0
 *(.dynamic)
 .dynamic       0x0000000000013e20       0xf0 /usr/lib/gcc/i686-linux-gnu/7/../../../i386-linux-gnu/crti.o
                0x0000000000013e20                _DYNAMIC

.got            0x0000000000013f10       0xf0
 *(.got)
 .got           0x0000000000013f10       0xf0 /usr/lib/gcc/i686-linux-gnu/7/../../../i386-linux-gnu/crti.o
 *(.igot)
                0x0000000000014ff4                . = DATA_SEGMENT_RELRO_END (., (SIZEOF (.got.plt) >= 0xc)?0xc:0x0)

.got.plt        0x0000000000014000      0x254
 *(.got.plt)
 .got.plt       0x0000000000014000      0x254 /usr/lib/gcc/i686-linux-gnu/7/../../../i386-linux-gnu/crti.o
                0x0000000000014000                _GLOBAL_OFFSET_TABLE_
 *(.igot.plt)

.data           0x0000000000014260      0x25a
 *(.data .data.* .gnu.linkonce.d.*)
 .data          0x0000000000014260        0x0 /usr/lib/gcc/i686-linux-gnu/7/../../../i386-linux-gnu/crti.o
 .data          0x0000000000014260        0x0 /usr/lib/gcc/i686-linux-gnu/7/crtbeginS.o
 .data.rel.local
                0x0000000000014260        0x4 /usr/lib/gcc/i686-linux-gnu/7/crtbeginS.o
                0x0000000000014260                __dso_handle
 .data          0x0000000000014264        0x0 node2.o
 .data.rel.local
                0x0000000000014264       0x10 node2.o
                0x0000000000014264                comm_proc
 .data          0x0000000000014274        0x0 build/cooja/mtype197.o
 *fill*         0x0000000000014274        0xc 
 .data.rel      0x0000000000014280       0x44 build/cooja/mtype197.o
                0x0000000000014280                simInterfaces
                0x00000000000142b4                sensors
 .data          0x00000000000142c4        0x0 build/cooja/mtype197.a(simEnvChange.o)
 .data          0x00000000000142c4        0x0 build/cooja/mtype197.a(cooja_mt.o)
 .data          0x00000000000142c4        0x0 build/cooja/mtype197.a(cooja_mtarch.o)
 .data          0x00000000000142c4        0x0 build/cooja/mtype197.a(rtimer-arch.o)
 .data          0x00000000000142c4        0x0 build/cooja/mtype197.a(beep.o)
 .data          0x00000000000142c4        0x0 build/cooja/mtype197.a(leds-arch.o)
 .data          0x00000000000142c4        0x0 build/cooja/mtype197.a(moteid.o)
 .data          0x00000000000142c4        0x0 build/cooja/mtype197.a(pir-sensor.o)
 .data          0x00000000000142c4        0x0 build/cooja/mtype197.a(rs232.o)
 .data          0x00000000000142c4        0x0 build/cooja/mtype197.a(vib-sensor.o)
 .data          0x00000000000142c4        0x0 build/cooja/mtype197.a(clock.o)
 .data          0x00000000000142c4        0x0 build/cooja/mtype197.a(cooja-log.o)
 .data          0x00000000000142c4        0x0 build/cooja/mtype197.a(cfs-cooja.o)
 .data          0x00000000000142c4       0x20 build/cooja/mtype197.a(cooja-radio.o)
                0x00000000000142c4                simRadioHWOn
                0x00000000000142c8                simSignalStrength
                0x00000000000142cc                simLastSignalStrength
                0x00000000000142d0                simPower
                0x00000000000142d4                simRadioChannel
                0x00000000000142d8                simLQI
                0x00000000000142dc                simLastLQI
 .data.rel.local
                0x00000000000142e4       0x10 build/cooja/mtype197.a(cooja-radio.o)
                0x00000000000142e4                cooja_radio_process
 .data          0x00000000000142f4        0x0 build/cooja/mtype197.a(eeprom.o)
 .data          0x00000000000142f4        0x0 build/cooja/mtype197.a(random.o)
 .data          0x00000000000142f4        0x0 build/cooja/mtype197.a(sensors.o)
 .data.rel.local
                0x00000000000142f4       0x10 build/cooja/mtype197.a(sensors.o)
                0x00000000000142f4                sensors_process
 .data          0x0000000000014304        0x0 build/cooja/mtype197.a(leds.o)
 .data          0x0000000000014304        0x0 build/cooja/mtype197.a(gpio-hal-arch.o)
 .data          0x0000000000014304        0x1 build/cooja/mtype197.a(buttons.o)
                0x0000000000014304                simButtonIsActive
 *fill*         0x0000000000014305       0x1b 
 .data.rel.local
                0x0000000000014320       0x58 build/cooja/mtype197.a(buttons.o)
                0x0000000000014370                button_hal_buttons
 .data          0x0000000000014378        0x0 build/cooja/mtype197.a(contiki-main.o)
 .data          0x0000000000014378        0x0 build/cooja/mtype197.a(autostart.o)
 .data          0x0000000000014378        0x0 build/cooja/mtype197.a(ctimer.o)
 .data.rel.local
                0x0000000000014378       0x14 build/cooja/mtype197.a(ctimer.o)
                0x000000000001437c                ctimer_process
 .data          0x000000000001438c        0x4 build/cooja/mtype197.a(log.o)
                0x000000000001438c                curr_log_level_main
 *fill*         0x0000000000014390       0x10 
 .data.rel.local
                0x00000000000143a0       0x9c build/cooja/mtype197.a(log.o)
                0x00000000000143a0                all_modules
 .data          0x000000000001443c        0x0 build/cooja/mtype197.a(energest.o)
 .data          0x000000000001443c        0x0 build/cooja/mtype197.a(etimer.o)
 .data.rel.local
                0x000000000001443c       0x10 build/cooja/mtype197.a(etimer.o)
                0x000000000001443c                etimer_process
 .data          0x000000000001444c        0x0 build/cooja/mtype197.a(node-id.o)
 .data          0x000000000001444c        0x0 build/cooja/mtype197.a(rtimer.o)
 .data          0x000000000001444c        0x0 build/cooja/mtype197.a(process.o)
 .data          0x000000000001444c        0x0 build/cooja/mtype197.a(timer.o)
 .data          0x000000000001444c        0x0 build/cooja/mtype197.a(list.o)
 .data          0x000000000001444c        0x0 build/cooja/mtype197.a(button-hal.o)
 .data.rel.local
                0x000000000001444c       0x10 build/cooja/mtype197.a(button-hal.o)
                0x000000000001444c                button_hal_process
 .data          0x000000000001445c        0x0 build/cooja/mtype197.a(serial-line.o)
 .data.rel.local
                0x000000000001445c       0x10 build/cooja/mtype197.a(serial-line.o)
                0x000000000001445c                serial_line_process
 .data          0x000000000001446c        0x0 build/cooja/mtype197.a(gpio-hal.o)
 .data.rel.local
                0x000000000001446c        0x4 build/cooja/mtype197.a(gpio-hal.o)
 .data          0x0000000000014470        0x0 build/cooja/mtype197.a(queuebuf.o)
 .data.rel.local
                0x0000000000014470       0x18 build/cooja/mtype197.a(queuebuf.o)
 .data          0x0000000000014488        0x0 build/cooja/mtype197.a(packetbuf.o)
 .data.rel.local
                0x0000000000014488        0x4 build/cooja/mtype197.a(packetbuf.o)
 .data          0x000000000001448c        0x0 build/cooja/mtype197.a(netstack.o)
 .data.rel.local
                0x000000000001448c        0x4 build/cooja/mtype197.a(netstack.o)
 .data          0x0000000000014490        0x0 build/cooja/mtype197.a(linkaddr.o)
 .data          0x0000000000014490        0x0 build/cooja/mtype197.a(csma.o)
 .data          0x0000000000014490        0x0 build/cooja/mtype197.a(csma-output.o)
 .data.rel.local
                0x0000000000014490       0x28 build/cooja/mtype197.a(csma-output.o)
 .data          0x00000000000144b8        0x0 build/cooja/mtype197.a(nullnet.o)
 .data          0x00000000000144b8        0x0 build/cooja/mtype197.a(nullrouting.o)
 .data          0x00000000000144b8        0x0 build/cooja/mtype197.a(watchdog.o)
 .data          0x00000000000144b8        0x0 build/cooja/mtype197.a(int-master.o)
 .data          0x00000000000144b8        0x0 build/cooja/mtype197.a(ringbuf.o)
 .data          0x00000000000144b8        0x0 build/cooja/mtype197.a(memb.o)
 .data          0x00000000000144b8        0x0 build/cooja/mtype197.a(assert.o)
 .data          0x00000000000144b8        0x0 build/cooja/mtype197.a(mac-sequence.o)
 .data          0x00000000000144b8        0x0 build/cooja/mtype197.a(mac.o)
 .data          0x00000000000144b8        0x0 build/cooja/mtype197.a(framer-802154.o)
 .data          0x00000000000144b8        0x2 build/cooja/mtype197.a(frame802154.o)
 .data          0x00000000000144ba        0x0 build/cooja/mtype197.a(csma-security.o)
 .data          0x00000000000144ba        0x0 /usr/lib/i386-linux-gnu/libc_nonshared.a(stack_chk_fail_local.oS)
 .data          0x00000000000144ba        0x0 /usr/lib/gcc/i686-linux-gnu/7/crtendS.o
 .data          0x00000000000144ba        0x0 /usr/lib/gcc/i686-linux-gnu/7/../../../i386-linux-gnu/crtn.o

.tm_clone_table
                0x00000000000144bc        0x0
 .tm_clone_table
                0x00000000000144bc        0x0 /usr/lib/gcc/i686-linux-gnu/7/crtbeginS.o
 .tm_clone_table
                0x00000000000144bc        0x0 /usr/lib/gcc/i686-linux-gnu/7/crtendS.o

.data1
 *(.data1)
                0x00000000000144bc                _edata = .
                [!provide]                        PROVIDE (edata = .)
                0x00000000000144bc                . = .
                0x00000000000144bc                __bss_start = .

.bss            0x00000000000144c0     0x8be4
 *(.dynbss)
 .dynbss        0x00000000000144c0        0x0 /usr/lib/gcc/i686-linux-gnu/7/../../../i386-linux-gnu/crti.o
 *(.bss .bss.* .gnu.linkonce.b.*)
 .bss           0x00000000000144c0        0x0 /usr/lib/gcc/i686-linux-gnu/7/../../../i386-linux-gnu/crti.o
 .bss           0x00000000000144c0        0x1 /usr/lib/gcc/i686-linux-gnu/7/crtbeginS.o
 *fill*         0x00000000000144c1       0x1f 
 .bss           0x00000000000144e0       0x78 node2.o
 *fill*         0x0000000000014558        0x8 
 .bss           0x0000000000014560     0x2040 build/cooja/mtype197.o
 .bss           0x00000000000165a0        0x1 build/cooja/mtype197.a(simEnvChange.o)
                0x00000000000165a0                simDontFallAsleep
 *fill*         0x00000000000165a1        0x3 
 .bss           0x00000000000165a4        0x4 build/cooja/mtype197.a(cooja_mt.o)
 .bss           0x00000000000165a8        0x4 build/cooja/mtype197.a(cooja_mtarch.o)
 .bss           0x00000000000165ac        0x0 build/cooja/mtype197.a(rtimer-arch.o)
 .bss           0x00000000000165ac        0x0 build/cooja/mtype197.a(beep.o)
 .bss           0x00000000000165ac        0x1 build/cooja/mtype197.a(leds-arch.o)
                0x00000000000165ac                simLedsValue
 .bss           0x00000000000165ad        0x0 build/cooja/mtype197.a(moteid.o)
 .bss           0x00000000000165ad        0x1 build/cooja/mtype197.a(pir-sensor.o)
                0x00000000000165ad                simPirValue
 *fill*         0x00000000000165ae        0x2 
 .bss           0x00000000000165b0        0x4 build/cooja/mtype197.a(rs232.o)
 .bss           0x00000000000165b4        0x1 build/cooja/mtype197.a(vib-sensor.o)
                0x00000000000165b4                simVibValue
 .bss           0x00000000000165b5        0x0 build/cooja/mtype197.a(clock.o)
 *fill*         0x00000000000165b5        0xb 
 .bss           0x00000000000165c0     0x2020 build/cooja/mtype197.a(cooja-log.o)
 .bss           0x00000000000185e0      0xfc0 build/cooja/mtype197.a(cfs-cooja.o)
                0x00000000000185e0                simCFSData
                0x0000000000019580                simCFSSize
                0x0000000000019584                simCFSChanged
                0x0000000000019588                simCFSRead
                0x000000000001958c                simCFSWritten
 .bss           0x00000000000195a0       0x24 build/cooja/mtype197.a(cooja-radio.o)
                0x00000000000195a0                simReceiving
                0x00000000000195a4                simInSize
                0x00000000000195a8                simLastPacketTimestamp
                0x00000000000195b0                simOutSize
 .bss           0x00000000000195c4        0xc build/cooja/mtype197.a(eeprom.o)
                0x00000000000195c4                simEEPROMChanged
                0x00000000000195c8                simEEPROMRead
                0x00000000000195cc                simEEPROMWritten
 .bss           0x00000000000195d0        0x0 build/cooja/mtype197.a(random.o)
 .bss           0x00000000000195d0        0xc build/cooja/mtype197.a(sensors.o)
 .bss           0x00000000000195dc        0x0 build/cooja/mtype197.a(leds.o)
 .bss           0x00000000000195dc       0x24 build/cooja/mtype197.a(gpio-hal-arch.o)
 .bss           0x0000000000019600        0x0 build/cooja/mtype197.a(buttons.o)
 .bss           0x0000000000019600        0x0 build/cooja/mtype197.a(contiki-main.o)
 .bss           0x0000000000019600        0x0 build/cooja/mtype197.a(autostart.o)
 .bss           0x0000000000019600        0x5 build/cooja/mtype197.a(ctimer.o)
 *fill*         0x0000000000019605        0x3 
 .bss           0x0000000000019608       0x2c build/cooja/mtype197.a(log.o)
                0x0000000000019608                curr_log_level_rpl
                0x000000000001960c                curr_log_level_tcpip
                0x0000000000019610                curr_log_level_ipv6
                0x0000000000019614                curr_log_level_6lowpan
                0x0000000000019618                curr_log_level_nullnet
                0x000000000001961c                curr_log_level_mac
                0x0000000000019620                curr_log_level_framer
                0x0000000000019624                curr_log_level_6top
                0x0000000000019628                curr_log_level_coap
                0x000000000001962c                curr_log_level_snmp
                0x0000000000019630                curr_log_level_lwm2m
 .bss           0x0000000000019634        0x0 build/cooja/mtype197.a(energest.o)
 .bss           0x0000000000019634        0x8 build/cooja/mtype197.a(etimer.o)
 .bss           0x000000000001963c        0x2 build/cooja/mtype197.a(node-id.o)
                0x000000000001963c                node_id
 *fill*         0x000000000001963e        0x2 
 .bss           0x0000000000019640        0x4 build/cooja/mtype197.a(rtimer.o)
 *fill*         0x0000000000019644       0x1c 
 .bss           0x0000000000019660      0x1a1 build/cooja/mtype197.a(process.o)
                0x0000000000019660                process_list
                0x0000000000019664                process_current
 .bss           0x0000000000019801        0x0 build/cooja/mtype197.a(timer.o)
 .bss           0x0000000000019801        0x0 build/cooja/mtype197.a(list.o)
 *fill*         0x0000000000019801        0x3 
 .bss           0x0000000000019804       0x10 build/cooja/mtype197.a(button-hal.o)
 *fill*         0x0000000000019814        0xc 
 .bss           0x0000000000019820      0x140 build/cooja/mtype197.a(serial-line.o)
 .bss           0x0000000000019960        0x4 build/cooja/mtype197.a(gpio-hal.o)
 *fill*         0x0000000000019964       0x1c 
 .bss           0x0000000000019980      0x5c0 build/cooja/mtype197.a(queuebuf.o)
 .bss           0x0000000000019f40       0xa0 build/cooja/mtype197.a(packetbuf.o)
 .bss           0x0000000000019fe0        0x4 build/cooja/mtype197.a(netstack.o)
 .bss           0x0000000000019fe4        0x0 build/cooja/mtype197.a(linkaddr.o)
 .bss           0x0000000000019fe4        0x0 build/cooja/mtype197.a(csma.o)
 *fill*         0x0000000000019fe4       0x1c 
 .bss           0x000000000001a000      0x186 build/cooja/mtype197.a(csma-output.o)
 *fill*         0x000000000001a186        0x2 
 .bss           0x000000000001a188        0x4 build/cooja/mtype197.a(nullnet.o)
 .bss           0x000000000001a18c        0x0 build/cooja/mtype197.a(nullrouting.o)
 .bss           0x000000000001a18c        0x0 build/cooja/mtype197.a(watchdog.o)
 .bss           0x000000000001a18c        0x4 build/cooja/mtype197.a(int-master.o)
 .bss           0x000000000001a190        0x0 build/cooja/mtype197.a(ringbuf.o)
 .bss           0x000000000001a190        0x0 build/cooja/mtype197.a(memb.o)
 .bss           0x000000000001a190        0x0 build/cooja/mtype197.a(assert.o)
 *fill*         0x000000000001a190       0x10 
 .bss           0x000000000001a1a0      0x100 build/cooja/mtype197.a(mac-sequence.o)
 .bss           0x000000000001a2a0        0x0 build/cooja/mtype197.a(mac.o)
 .bss           0x000000000001a2a0        0x2 build/cooja/mtype197.a(framer-802154.o)
 .bss           0x000000000001a2a2        0x0 build/cooja/mtype197.a(frame802154.o)
 .bss           0x000000000001a2a2        0x0 build/cooja/mtype197.a(csma-security.o)
 .bss           0x000000000001a2a2        0x0 /usr/lib/i386-linux-gnu/libc_nonshared.a(stack_chk_fail_local.oS)
 .bss           0x000000000001a2a2        0x0 /usr/lib/gcc/i686-linux-gnu/7/crtendS.o
 .bss           0x000000000001a2a2        0x0 /usr/lib/gcc/i686-linux-gnu/7/../../../i386-linux-gnu/crtn.o
 *(COMMON)
 *fill*         0x000000000001a2a2        0x2 
 COMMON         0x000000000001a2a4        0x8 build/cooja/mtype197.o
                0x000000000001a2a4                referenceVar
                0x000000000001a2a8                sensors_flags
 COMMON         0x000000000001a2ac        0xc build/cooja/mtype197.a(simEnvChange.o)
                0x000000000001a2ac                simEtimerPending
                0x000000000001a2b0                simProcessRunValue
                0x000000000001a2b4                simEtimerNextExpirationTime
 COMMON         0x000000000001a2b8       0x18 build/cooja/mtype197.a(rtimer-arch.o)
                0x000000000001a2b8                simRtimerPending
                0x000000000001a2c0                simRtimerCurrentTicks
                0x000000000001a2c8                simRtimerNextExpirationTime
 COMMON         0x000000000001a2d0        0x1 build/cooja/mtype197.a(beep.o)
                0x000000000001a2d0                simBeeped
 *fill*         0x000000000001a2d1        0x3 
 COMMON         0x000000000001a2d4        0xc build/cooja/mtype197.a(moteid.o)
                0x000000000001a2d4                simRandomSeed
                0x000000000001a2d8                simMoteIDChanged
                0x000000000001a2dc                simMoteID
 COMMON         0x000000000001a2e0        0x2 build/cooja/mtype197.a(pir-sensor.o)
                0x000000000001a2e0                simPirIsActive
                0x000000000001a2e1                simPirChanged
 *fill*         0x000000000001a2e2       0x1e 
 COMMON         0x000000000001a300      0x820 build/cooja/mtype197.a(rs232.o)
                0x000000000001a300                simSerialReceivingFlag
                0x000000000001a304                simSerialReceivingLength
                0x000000000001a320                simSerialReceivingData
 COMMON         0x000000000001ab20        0x2 build/cooja/mtype197.a(vib-sensor.o)
                0x000000000001ab20                simVibChanged
                0x000000000001ab21                simVibIsActive
 *fill*         0x000000000001ab22        0x2 
 COMMON         0x000000000001ab24        0x4 build/cooja/mtype197.a(clock.o)
                0x000000000001ab24                simCurrentTime
 *fill*         0x000000000001ab28       0x18 
 COMMON         0x000000000001ab40     0x2020 build/cooja/mtype197.a(cooja-log.o)
                0x000000000001ab40                simLoggedLength
                0x000000000001ab44                simLoggedFlag
                0x000000000001ab60                simLoggedData
 COMMON         0x000000000001cb60       0xfd build/cooja/mtype197.a(cooja-radio.o)
                0x000000000001cb60                simOutDataBuffer
                0x000000000001cbe0                simInDataBuffer
 *fill*         0x000000000001cc5d        0x3 
 COMMON         0x000000000001cc60      0x400 build/cooja/mtype197.a(eeprom.o)
                0x000000000001cc60                simEEPROMData
 COMMON         0x000000000001d060        0x1 build/cooja/mtype197.a(sensors.o)
                0x000000000001d060                sensors_event
 COMMON         0x000000000001d061        0x2 build/cooja/mtype197.a(buttons.o)
                0x000000000001d061                simButtonIsDown
                0x000000000001d062                simButtonChanged
 COMMON         0x000000000001d063        0x3 build/cooja/mtype197.a(button-hal.o)
                0x000000000001d063                button_hal_periodic_event
                0x000000000001d064                button_hal_press_event
                0x000000000001d065                button_hal_release_event
 COMMON         0x000000000001d066        0x1 build/cooja/mtype197.a(serial-line.o)
                0x000000000001d066                serial_line_event_message
 *fill*         0x000000000001d067        0x1 
 COMMON         0x000000000001d068       0x2c build/cooja/mtype197.a(packetbuf.o)
                0x000000000001d068                packetbuf_attrs
                0x000000000001d084                packetbuf_addrs
 COMMON         0x000000000001d094        0x8 build/cooja/mtype197.a(linkaddr.o)
                0x000000000001d094                linkaddr_node_addr
 COMMON         0x000000000001d09c        0x8 build/cooja/mtype197.a(nullnet.o)
                0x000000000001d09c                nullnet_len
                0x000000000001d0a0                nullnet_buf
                0x000000000001d0a4                . = ALIGN ((. != 0x0)?0x4:0x1)
                0x000000000001d0a4                . = ALIGN (0x4)
                0x000000000001d0a4                . = SEGMENT_START ("ldata-segment", .)
                0x000000000001d0a4                . = ALIGN (0x4)
                0x000000000001d0a4                _end = .
                [!provide]                        PROVIDE (end = .)
                0x000000000001d0a4                . = DATA_SEGMENT_END (.)

.stab
 *(.stab)

.stabstr
 *(.stabstr)

.stab.excl
 *(.stab.excl)

.stab.exclstr
 *(.stab.exclstr)

.stab.index
 *(.stab.index)

.stab.indexstr
 *(.stab.indexstr)

.comment        0x0000000000000000       0x29
 *(.comment)
 .comment       0x0000000000000000       0x29 /usr/lib/gcc/i686-linux-gnu/7/crtbeginS.o
                                         0x2a (size before relaxing)
 .comment       0x0000000000000029       0x2a node2.o
 .comment       0x0000000000000029       0x2a build/cooja/mtype197.o
 .comment       0x0000000000000029       0x2a build/cooja/mtype197.a(simEnvChange.o)
 .comment       0x0000000000000029       0x2a build/cooja/mtype197.a(cooja_mt.o)
 .comment       0x0000000000000029       0x2a build/cooja/mtype197.a(cooja_mtarch.o)
 .comment       0x0000000000000029       0x2a build/cooja/mtype197.a(rtimer-arch.o)
 .comment       0x0000000000000029       0x2a build/cooja/mtype197.a(beep.o)
 .comment       0x0000000000000029       0x2a build/cooja/mtype197.a(leds-arch.o)
 .comment       0x0000000000000029       0x2a build/cooja/mtype197.a(moteid.o)
 .comment       0x0000000000000029       0x2a build/cooja/mtype197.a(pir-sensor.o)
 .comment       0x0000000000000029       0x2a build/cooja/mtype197.a(rs232.o)
 .comment       0x0000000000000029       0x2a build/cooja/mtype197.a(vib-sensor.o)
 .comment       0x0000000000000029       0x2a build/cooja/mtype197.a(clock.o)
 .comment       0x0000000000000029       0x2a build/cooja/mtype197.a(cooja-log.o)
 .comment       0x0000000000000029       0x2a build/cooja/mtype197.a(cfs-cooja.o)
 .comment       0x0000000000000029       0x2a build/cooja/mtype197.a(cooja-radio.o)
 .comment       0x0000000000000029       0x2a build/cooja/mtype197.a(eeprom.o)
 .comment       0x0000000000000029       0x2a build/cooja/mtype197.a(random.o)
 .comment       0x0000000000000029       0x2a build/cooja/mtype197.a(sensors.o)
 .comment       0x0000000000000029       0x2a build/cooja/mtype197.a(leds.o)
 .comment       0x0000000000000029       0x2a build/cooja/mtype197.a(gpio-hal-arch.o)
 .comment       0x0000000000000029       0x2a build/cooja/mtype197.a(buttons.o)
 .comment       0x0000000000000029       0x2a build/cooja/mtype197.a(contiki-main.o)
 .comment       0x0000000000000029       0x2a build/cooja/mtype197.a(autostart.o)
 .comment       0x0000000000000029       0x2a build/cooja/mtype197.a(ctimer.o)
 .comment       0x0000000000000029       0x2a build/cooja/mtype197.a(log.o)
 .comment       0x0000000000000029       0x2a build/cooja/mtype197.a(energest.o)
 .comment       0x0000000000000029       0x2a build/cooja/mtype197.a(etimer.o)
 .comment       0x0000000000000029       0x2a build/cooja/mtype197.a(node-id.o)
 .comment       0x0000000000000029       0x2a build/cooja/mtype197.a(rtimer.o)
 .comment       0x0000000000000029       0x2a build/cooja/mtype197.a(process.o)
 .comment       0x0000000000000029       0x2a build/cooja/mtype197.a(timer.o)
 .comment       0x0000000000000029       0x2a build/cooja/mtype197.a(list.o)
 .comment       0x0000000000000029       0x2a build/cooja/mtype197.a(button-hal.o)
 .comment       0x0000000000000029       0x2a build/cooja/mtype197.a(serial-line.o)
 .comment       0x0000000000000029       0x2a build/cooja/mtype197.a(gpio-hal.o)
 .comment       0x0000000000000029       0x2a build/cooja/mtype197.a(queuebuf.o)
 .comment       0x0000000000000029       0x2a build/cooja/mtype197.a(packetbuf.o)
 .comment       0x0000000000000029       0x2a build/cooja/mtype197.a(netstack.o)
 .comment       0x0000000000000029       0x2a build/cooja/mtype197.a(linkaddr.o)
 .comment       0x0000000000000029       0x2a build/cooja/mtype197.a(csma.o)
 .comment       0x0000000000000029       0x2a build/cooja/mtype197.a(csma-output.o)
 .comment       0x0000000000000029       0x2a build/cooja/mtype197.a(nullnet.o)
 .comment       0x0000000000000029       0x2a build/cooja/mtype197.a(nullrouting.o)
 .comment       0x0000000000000029       0x2a build/cooja/mtype197.a(watchdog.o)
 .comment       0x0000000000000029       0x2a build/cooja/mtype197.a(int-master.o)
 .comment       0x0000000000000029       0x2a build/cooja/mtype197.a(ringbuf.o)
 .comment       0x0000000000000029       0x2a build/cooja/mtype197.a(memb.o)
 .comment       0x0000000000000029       0x2a build/cooja/mtype197.a(assert.o)
 .comment       0x0000000000000029       0x2a build/cooja/mtype197.a(mac-sequence.o)
 .comment       0x0000000000000029       0x2a build/cooja/mtype197.a(mac.o)
 .comment       0x0000000000000029       0x2a build/cooja/mtype197.a(framer-802154.o)
 .comment       0x0000000000000029       0x2a build/cooja/mtype197.a(frame802154.o)
 .comment       0x0000000000000029       0x2a build/cooja/mtype197.a(csma-security.o)
 .comment       0x0000000000000029       0x2a /usr/lib/gcc/i686-linux-gnu/7/crtendS.o

.debug
 *(.debug)

.line
 *(.line)

.debug_srcinfo
 *(.debug_srcinfo)

.debug_sfnames
 *(.debug_sfnames)

.debug_aranges  0x0000000000000000      0x6c0
 *(.debug_aranges)
 .debug_aranges
                0x0000000000000000       0x20 node2.o
 .debug_aranges
                0x0000000000000020       0x20 build/cooja/mtype197.o
 .debug_aranges
                0x0000000000000040       0x20 build/cooja/mtype197.a(simEnvChange.o)
 .debug_aranges
                0x0000000000000060       0x20 build/cooja/mtype197.a(cooja_mt.o)
 .debug_aranges
                0x0000000000000080       0x20 build/cooja/mtype197.a(cooja_mtarch.o)
 .debug_aranges
                0x00000000000000a0       0x20 build/cooja/mtype197.a(rtimer-arch.o)
 .debug_aranges
                0x00000000000000c0       0x20 build/cooja/mtype197.a(beep.o)
 .debug_aranges
                0x00000000000000e0       0x20 build/cooja/mtype197.a(leds-arch.o)
 .debug_aranges
                0x0000000000000100       0x20 build/cooja/mtype197.a(moteid.o)
 .debug_aranges
                0x0000000000000120       0x20 build/cooja/mtype197.a(pir-sensor.o)
 .debug_aranges
                0x0000000000000140       0x20 build/cooja/mtype197.a(rs232.o)
 .debug_aranges
                0x0000000000000160       0x20 build/cooja/mtype197.a(vib-sensor.o)
 .debug_aranges
                0x0000000000000180       0x20 build/cooja/mtype197.a(clock.o)
 .debug_aranges
                0x00000000000001a0       0x20 build/cooja/mtype197.a(cooja-log.o)
 .debug_aranges
                0x00000000000001c0       0x20 build/cooja/mtype197.a(cfs-cooja.o)
 .debug_aranges
                0x00000000000001e0       0x20 build/cooja/mtype197.a(cooja-radio.o)
 .debug_aranges
                0x0000000000000200       0x20 build/cooja/mtype197.a(eeprom.o)
 .debug_aranges
                0x0000000000000220       0x20 build/cooja/mtype197.a(random.o)
 .debug_aranges
                0x0000000000000240       0x20 build/cooja/mtype197.a(sensors.o)
 .debug_aranges
                0x0000000000000260       0x20 build/cooja/mtype197.a(leds.o)
 .debug_aranges
                0x0000000000000280       0x20 build/cooja/mtype197.a(gpio-hal-arch.o)
 .debug_aranges
                0x00000000000002a0       0x20 build/cooja/mtype197.a(buttons.o)
 .debug_aranges
                0x00000000000002c0       0x20 build/cooja/mtype197.a(contiki-main.o)
 .debug_aranges
                0x00000000000002e0       0x20 build/cooja/mtype197.a(autostart.o)
 .debug_aranges
                0x0000000000000300       0x20 build/cooja/mtype197.a(ctimer.o)
 .debug_aranges
                0x0000000000000320       0x20 build/cooja/mtype197.a(log.o)
 .debug_aranges
                0x0000000000000340       0x20 build/cooja/mtype197.a(energest.o)
 .debug_aranges
                0x0000000000000360       0x20 build/cooja/mtype197.a(etimer.o)
 .debug_aranges
                0x0000000000000380       0x20 build/cooja/mtype197.a(node-id.o)
 .debug_aranges
                0x00000000000003a0       0x20 build/cooja/mtype197.a(rtimer.o)
 .debug_aranges
                0x00000000000003c0       0x20 build/cooja/mtype197.a(process.o)
 .debug_aranges
                0x00000000000003e0       0x20 build/cooja/mtype197.a(timer.o)
 .debug_aranges
                0x0000000000000400       0x20 build/cooja/mtype197.a(list.o)
 .debug_aranges
                0x0000000000000420       0x20 build/cooja/mtype197.a(button-hal.o)
 .debug_aranges
                0x0000000000000440       0x20 build/cooja/mtype197.a(serial-line.o)
 .debug_aranges
                0x0000000000000460       0x20 build/cooja/mtype197.a(gpio-hal.o)
 .debug_aranges
                0x0000000000000480       0x20 build/cooja/mtype197.a(queuebuf.o)
 .debug_aranges
                0x00000000000004a0       0x20 build/cooja/mtype197.a(packetbuf.o)
 .debug_aranges
                0x00000000000004c0       0x20 build/cooja/mtype197.a(netstack.o)
 .debug_aranges
                0x00000000000004e0       0x20 build/cooja/mtype197.a(linkaddr.o)
 .debug_aranges
                0x0000000000000500       0x20 build/cooja/mtype197.a(csma.o)
 .debug_aranges
                0x0000000000000520       0x20 build/cooja/mtype197.a(csma-output.o)
 .debug_aranges
                0x0000000000000540       0x20 build/cooja/mtype197.a(nullnet.o)
 .debug_aranges
                0x0000000000000560       0x20 build/cooja/mtype197.a(nullrouting.o)
 .debug_aranges
                0x0000000000000580       0x20 build/cooja/mtype197.a(watchdog.o)
 .debug_aranges
                0x00000000000005a0       0x20 build/cooja/mtype197.a(int-master.o)
 .debug_aranges
                0x00000000000005c0       0x20 build/cooja/mtype197.a(ringbuf.o)
 .debug_aranges
                0x00000000000005e0       0x20 build/cooja/mtype197.a(memb.o)
 .debug_aranges
                0x0000000000000600       0x20 build/cooja/mtype197.a(assert.o)
 .debug_aranges
                0x0000000000000620       0x20 build/cooja/mtype197.a(mac-sequence.o)
 .debug_aranges
                0x0000000000000640       0x20 build/cooja/mtype197.a(mac.o)
 .debug_aranges
                0x0000000000000660       0x20 build/cooja/mtype197.a(framer-802154.o)
 .debug_aranges
                0x0000000000000680       0x20 build/cooja/mtype197.a(frame802154.o)
 .debug_aranges
                0x00000000000006a0       0x20 build/cooja/mtype197.a(csma-security.o)

.debug_pubnames
 *(.debug_pubnames)

.debug_info     0x0000000000000000    0x1d5ce
 *(.debug_info .gnu.linkonce.wi.*)
 .debug_info    0x0000000000000000      0xac5 node2.o
 .debug_info    0x0000000000000ac5     0x4132 build/cooja/mtype197.o
 .debug_info    0x0000000000004bf7      0x515 build/cooja/mtype197.a(simEnvChange.o)
 .debug_info    0x000000000000510c      0x2df build/cooja/mtype197.a(cooja_mt.o)
 .debug_info    0x00000000000053eb      0x5f2 build/cooja/mtype197.a(cooja_mtarch.o)
 .debug_info    0x00000000000059dd      0x30e build/cooja/mtype197.a(rtimer-arch.o)
 .debug_info    0x0000000000005ceb      0x334 build/cooja/mtype197.a(beep.o)
 .debug_info    0x000000000000601f      0x2e8 build/cooja/mtype197.a(leds-arch.o)
 .debug_info    0x0000000000006307      0x261 build/cooja/mtype197.a(moteid.o)
 .debug_info    0x0000000000006568      0x37f build/cooja/mtype197.a(pir-sensor.o)
 .debug_info    0x00000000000068e7      0x61e build/cooja/mtype197.a(rs232.o)
 .debug_info    0x0000000000006f05      0x37f build/cooja/mtype197.a(vib-sensor.o)
 .debug_info    0x0000000000007284      0x293 build/cooja/mtype197.a(clock.o)
 .debug_info    0x0000000000007517      0x686 build/cooja/mtype197.a(cooja-log.o)
 .debug_info    0x0000000000007b9d      0x798 build/cooja/mtype197.a(cfs-cooja.o)
 .debug_info    0x0000000000008335     0x1328 build/cooja/mtype197.a(cooja-radio.o)
 .debug_info    0x000000000000965d      0x31e build/cooja/mtype197.a(eeprom.o)
 .debug_info    0x000000000000997b       0xa8 build/cooja/mtype197.a(random.o)
 .debug_info    0x0000000000009a23      0x3f5 build/cooja/mtype197.a(sensors.o)
 .debug_info    0x0000000000009e18      0x3da build/cooja/mtype197.a(leds.o)
 .debug_info    0x000000000000a1f2      0x945 build/cooja/mtype197.a(gpio-hal-arch.o)
 .debug_info    0x000000000000ab37      0x96f build/cooja/mtype197.a(buttons.o)
 .debug_info    0x000000000000b4a6     0x1a8c build/cooja/mtype197.a(contiki-main.o)
 .debug_info    0x000000000000cf32      0x225 build/cooja/mtype197.a(autostart.o)
 .debug_info    0x000000000000d157      0x4d6 build/cooja/mtype197.a(ctimer.o)
 .debug_info    0x000000000000d62d      0xb4e build/cooja/mtype197.a(log.o)
 .debug_info    0x000000000000e17b      0x210 build/cooja/mtype197.a(energest.o)
 .debug_info    0x000000000000e38b      0x4fe build/cooja/mtype197.a(etimer.o)
 .debug_info    0x000000000000e889      0x5f1 build/cooja/mtype197.a(node-id.o)
 .debug_info    0x000000000000ee7a      0x314 build/cooja/mtype197.a(rtimer.o)
 .debug_info    0x000000000000f18e      0x7b2 build/cooja/mtype197.a(process.o)
 .debug_info    0x000000000000f940      0x2b8 build/cooja/mtype197.a(timer.o)
 .debug_info    0x000000000000fbf8      0x4ce build/cooja/mtype197.a(list.o)
 .debug_info    0x00000000000100c6      0x70a build/cooja/mtype197.a(button-hal.o)
 .debug_info    0x00000000000107d0      0x365 build/cooja/mtype197.a(serial-line.o)
 .debug_info    0x0000000000010b35      0x792 build/cooja/mtype197.a(gpio-hal.o)
 .debug_info    0x00000000000112c7     0x14ad build/cooja/mtype197.a(queuebuf.o)
 .debug_info    0x0000000000012774     0x1471 build/cooja/mtype197.a(packetbuf.o)
 .debug_info    0x0000000000013be5      0x73d build/cooja/mtype197.a(netstack.o)
 .debug_info    0x0000000000014322      0x2e9 build/cooja/mtype197.a(linkaddr.o)
 .debug_info    0x000000000001460b      0xeed build/cooja/mtype197.a(csma.o)
 .debug_info    0x00000000000154f8     0x153f build/cooja/mtype197.a(csma-output.o)
 .debug_info    0x0000000000016a37      0xdf7 build/cooja/mtype197.a(nullnet.o)
 .debug_info    0x000000000001782e      0xfde build/cooja/mtype197.a(nullrouting.o)
 .debug_info    0x000000000001880c      0x218 build/cooja/mtype197.a(watchdog.o)
 .debug_info    0x0000000000018a24      0x26d build/cooja/mtype197.a(int-master.o)
 .debug_info    0x0000000000018c91      0x30c build/cooja/mtype197.a(ringbuf.o)
 .debug_info    0x0000000000018f9d      0x32b build/cooja/mtype197.a(memb.o)
 .debug_info    0x00000000000192c8      0x482 build/cooja/mtype197.a(assert.o)
 .debug_info    0x000000000001974a     0x1147 build/cooja/mtype197.a(mac-sequence.o)
 .debug_info    0x000000000001a891      0x61d build/cooja/mtype197.a(mac.o)
 .debug_info    0x000000000001aeae      0xd31 build/cooja/mtype197.a(framer-802154.o)
 .debug_info    0x000000000001bbdf      0xbe8 build/cooja/mtype197.a(frame802154.o)
 .debug_info    0x000000000001c7c7      0xe07 build/cooja/mtype197.a(csma-security.o)

.debug_abbrev   0x0000000000000000     0x6362
 *(.debug_abbrev)
 .debug_abbrev  0x0000000000000000      0x20d node2.o
 .debug_abbrev  0x000000000000020d      0x318 build/cooja/mtype197.o
 .debug_abbrev  0x0000000000000525      0x167 build/cooja/mtype197.a(simEnvChange.o)
 .debug_abbrev  0x000000000000068c      0x188 build/cooja/mtype197.a(cooja_mt.o)
 .debug_abbrev  0x0000000000000814      0x1c0 build/cooja/mtype197.a(cooja_mtarch.o)
 .debug_abbrev  0x00000000000009d4      0x18f build/cooja/mtype197.a(rtimer-arch.o)
 .debug_abbrev  0x0000000000000b63      0x18f build/cooja/mtype197.a(beep.o)
 .debug_abbrev  0x0000000000000cf2      0x15c build/cooja/mtype197.a(leds-arch.o)
 .debug_abbrev  0x0000000000000e4e      0x14a build/cooja/mtype197.a(moteid.o)
 .debug_abbrev  0x0000000000000f98      0x19a build/cooja/mtype197.a(pir-sensor.o)
 .debug_abbrev  0x0000000000001132      0x1ed build/cooja/mtype197.a(rs232.o)
 .debug_abbrev  0x000000000000131f      0x19a build/cooja/mtype197.a(vib-sensor.o)
 .debug_abbrev  0x00000000000014b9      0x18f build/cooja/mtype197.a(clock.o)
 .debug_abbrev  0x0000000000001648      0x201 build/cooja/mtype197.a(cooja-log.o)
 .debug_abbrev  0x0000000000001849      0x1eb build/cooja/mtype197.a(cfs-cooja.o)
 .debug_abbrev  0x0000000000001a34      0x399 build/cooja/mtype197.a(cooja-radio.o)
 .debug_abbrev  0x0000000000001dcd      0x180 build/cooja/mtype197.a(eeprom.o)
 .debug_abbrev  0x0000000000001f4d       0x6b build/cooja/mtype197.a(random.o)
 .debug_abbrev  0x0000000000001fb8      0x1cd build/cooja/mtype197.a(sensors.o)
 .debug_abbrev  0x0000000000002185      0x183 build/cooja/mtype197.a(leds.o)
 .debug_abbrev  0x0000000000002308      0x20b build/cooja/mtype197.a(gpio-hal-arch.o)
 .debug_abbrev  0x0000000000002513      0x1d1 build/cooja/mtype197.a(buttons.o)
 .debug_abbrev  0x00000000000026e4      0x203 build/cooja/mtype197.a(contiki-main.o)
 .debug_abbrev  0x00000000000028e7      0x12b build/cooja/mtype197.a(autostart.o)
 .debug_abbrev  0x0000000000002a12      0x1be build/cooja/mtype197.a(ctimer.o)
 .debug_abbrev  0x0000000000002bd0      0x221 build/cooja/mtype197.a(log.o)
 .debug_abbrev  0x0000000000002df1      0x10d build/cooja/mtype197.a(energest.o)
 .debug_abbrev  0x0000000000002efe      0x229 build/cooja/mtype197.a(etimer.o)
 .debug_abbrev  0x0000000000003127      0x180 build/cooja/mtype197.a(node-id.o)
 .debug_abbrev  0x00000000000032a7      0x1a6 build/cooja/mtype197.a(rtimer.o)
 .debug_abbrev  0x000000000000344d      0x27b build/cooja/mtype197.a(process.o)
 .debug_abbrev  0x00000000000036c8      0x174 build/cooja/mtype197.a(timer.o)
 .debug_abbrev  0x000000000000383c      0x1e2 build/cooja/mtype197.a(list.o)
 .debug_abbrev  0x0000000000003a1e      0x256 build/cooja/mtype197.a(button-hal.o)
 .debug_abbrev  0x0000000000003c74      0x1a0 build/cooja/mtype197.a(serial-line.o)
 .debug_abbrev  0x0000000000003e14      0x1b0 build/cooja/mtype197.a(gpio-hal.o)
 .debug_abbrev  0x0000000000003fc4      0x2b5 build/cooja/mtype197.a(queuebuf.o)
 .debug_abbrev  0x0000000000004279      0x2ce build/cooja/mtype197.a(packetbuf.o)
 .debug_abbrev  0x0000000000004547      0x207 build/cooja/mtype197.a(netstack.o)
 .debug_abbrev  0x000000000000474e      0x177 build/cooja/mtype197.a(linkaddr.o)
 .debug_abbrev  0x00000000000048c5      0x27f build/cooja/mtype197.a(csma.o)
 .debug_abbrev  0x0000000000004b44      0x2e1 build/cooja/mtype197.a(csma-output.o)
 .debug_abbrev  0x0000000000004e25      0x245 build/cooja/mtype197.a(nullnet.o)
 .debug_abbrev  0x000000000000506a      0x234 build/cooja/mtype197.a(nullrouting.o)
 .debug_abbrev  0x000000000000529e      0x10b build/cooja/mtype197.a(watchdog.o)
 .debug_abbrev  0x00000000000053a9      0x170 build/cooja/mtype197.a(int-master.o)
 .debug_abbrev  0x0000000000005519      0x15a build/cooja/mtype197.a(ringbuf.o)
 .debug_abbrev  0x0000000000005673      0x15a build/cooja/mtype197.a(memb.o)
 .debug_abbrev  0x00000000000057cd      0x13d build/cooja/mtype197.a(assert.o)
 .debug_abbrev  0x000000000000590a      0x21b build/cooja/mtype197.a(mac-sequence.o)
 .debug_abbrev  0x0000000000005b25      0x16f build/cooja/mtype197.a(mac.o)
 .debug_abbrev  0x0000000000005c94      0x22e build/cooja/mtype197.a(framer-802154.o)
 .debug_abbrev  0x0000000000005ec2      0x2cc build/cooja/mtype197.a(frame802154.o)
 .debug_abbrev  0x000000000000618e      0x1d4 build/cooja/mtype197.a(csma-security.o)

.debug_line     0x0000000000000000     0x70a2
 *(.debug_line .debug_line.* .debug_line_end)
 .debug_line    0x0000000000000000      0x2a8 node2.o
 .debug_line    0x00000000000002a8      0x4c1 build/cooja/mtype197.o
 .debug_line    0x0000000000000769      0x1c3 build/cooja/mtype197.a(simEnvChange.o)
 .debug_line    0x000000000000092c      0x157 build/cooja/mtype197.a(cooja_mt.o)
 .debug_line    0x0000000000000a83      0x1fe build/cooja/mtype197.a(cooja_mtarch.o)
 .debug_line    0x0000000000000c81      0x193 build/cooja/mtype197.a(rtimer-arch.o)
 .debug_line    0x0000000000000e14      0x11e build/cooja/mtype197.a(beep.o)
 .debug_line    0x0000000000000f32      0x179 build/cooja/mtype197.a(leds-arch.o)
 .debug_line    0x00000000000010ab      0x136 build/cooja/mtype197.a(moteid.o)
 .debug_line    0x00000000000011e1      0x171 build/cooja/mtype197.a(pir-sensor.o)
 .debug_line    0x0000000000001352      0x21a build/cooja/mtype197.a(rs232.o)
 .debug_line    0x000000000000156c      0x171 build/cooja/mtype197.a(vib-sensor.o)
 .debug_line    0x00000000000016dd      0x10f build/cooja/mtype197.a(clock.o)
 .debug_line    0x00000000000017ec      0x1f4 build/cooja/mtype197.a(cooja-log.o)
 .debug_line    0x00000000000019e0      0x224 build/cooja/mtype197.a(cfs-cooja.o)
 .debug_line    0x0000000000001c04      0x383 build/cooja/mtype197.a(cooja-radio.o)
 .debug_line    0x0000000000001f87      0x140 build/cooja/mtype197.a(eeprom.o)
 .debug_line    0x00000000000020c7       0x4d build/cooja/mtype197.a(random.o)
 .debug_line    0x0000000000002114      0x1a2 build/cooja/mtype197.a(sensors.o)
 .debug_line    0x00000000000022b6      0x200 build/cooja/mtype197.a(leds.o)
 .debug_line    0x00000000000024b6      0x2be build/cooja/mtype197.a(gpio-hal-arch.o)
 .debug_line    0x0000000000002774      0x251 build/cooja/mtype197.a(buttons.o)
 .debug_line    0x00000000000029c5      0x4de build/cooja/mtype197.a(contiki-main.o)
 .debug_line    0x0000000000002ea3      0x114 build/cooja/mtype197.a(autostart.o)
 .debug_line    0x0000000000002fb7      0x1b7 build/cooja/mtype197.a(ctimer.o)
 .debug_line    0x000000000000316e      0x260 build/cooja/mtype197.a(log.o)
 .debug_line    0x00000000000033ce      0x12b build/cooja/mtype197.a(energest.o)
 .debug_line    0x00000000000034f9      0x1e8 build/cooja/mtype197.a(etimer.o)
 .debug_line    0x00000000000036e1      0x176 build/cooja/mtype197.a(node-id.o)
 .debug_line    0x0000000000003857      0x150 build/cooja/mtype197.a(rtimer.o)
 .debug_line    0x00000000000039a7      0x295 build/cooja/mtype197.a(process.o)
 .debug_line    0x0000000000003c3c      0x10f build/cooja/mtype197.a(timer.o)
 .debug_line    0x0000000000003d4b      0x1bf build/cooja/mtype197.a(list.o)
 .debug_line    0x0000000000003f0a      0x291 build/cooja/mtype197.a(button-hal.o)
 .debug_line    0x000000000000419b      0x1d3 build/cooja/mtype197.a(serial-line.o)
 .debug_line    0x000000000000436e      0x219 build/cooja/mtype197.a(gpio-hal.o)
 .debug_line    0x0000000000004587      0x343 build/cooja/mtype197.a(queuebuf.o)
 .debug_line    0x00000000000048ca      0x37e build/cooja/mtype197.a(packetbuf.o)
 .debug_line    0x0000000000004c48      0x216 build/cooja/mtype197.a(netstack.o)
 .debug_line    0x0000000000004e5e      0x14a build/cooja/mtype197.a(linkaddr.o)
 .debug_line    0x0000000000004fa8      0x2bb build/cooja/mtype197.a(csma.o)
 .debug_line    0x0000000000005263      0x42a build/cooja/mtype197.a(csma-output.o)
 .debug_line    0x000000000000568d      0x284 build/cooja/mtype197.a(nullnet.o)
 .debug_line    0x0000000000005911      0x2ca build/cooja/mtype197.a(nullrouting.o)
 .debug_line    0x0000000000005bdb      0x110 build/cooja/mtype197.a(watchdog.o)
 .debug_line    0x0000000000005ceb      0x143 build/cooja/mtype197.a(int-master.o)
 .debug_line    0x0000000000005e2e      0x16a build/cooja/mtype197.a(ringbuf.o)
 .debug_line    0x0000000000005f98      0x169 build/cooja/mtype197.a(memb.o)
 .debug_line    0x0000000000006101      0x187 build/cooja/mtype197.a(assert.o)
 .debug_line    0x0000000000006288      0x326 build/cooja/mtype197.a(mac-sequence.o)
 .debug_line    0x00000000000065ae      0x1c7 build/cooja/mtype197.a(mac.o)
 .debug_line    0x0000000000006775      0x2e0 build/cooja/mtype197.a(framer-802154.o)
 .debug_line    0x0000000000006a55      0x3bb build/cooja/mtype197.a(frame802154.o)
 .debug_line    0x0000000000006e10      0x292 build/cooja/mtype197.a(csma-security.o)

.debug_frame
 *(.debug_frame)

.debug_str      0x0000000000000000     0x5997
 *(.debug_str)
 .debug_str     0x0000000000000000      0x6f5 node2.o
                                        0x819 (size before relaxing)
 .debug_str     0x00000000000006f5     0x1b48 build/cooja/mtype197.o
                                       0x2374 (size before relaxing)
 .debug_str     0x000000000000223d       0x2d build/cooja/mtype197.a(simEnvChange.o)
                                        0x460 (size before relaxing)
 .debug_str     0x000000000000226a       0x5e build/cooja/mtype197.a(cooja_mt.o)
                                        0x2ad (size before relaxing)
 .debug_str     0x00000000000022c8       0x94 build/cooja/mtype197.a(cooja_mtarch.o)
                                        0x4cf (size before relaxing)
 .debug_str     0x000000000000235c      0x124 build/cooja/mtype197.a(rtimer-arch.o)
                                        0x359 (size before relaxing)
 .debug_str     0x0000000000002480       0xc3 build/cooja/mtype197.a(beep.o)
                                        0x315 (size before relaxing)
 .debug_str     0x0000000000002543       0x9b build/cooja/mtype197.a(leds-arch.o)
                                        0x339 (size before relaxing)
 .debug_str     0x00000000000025de       0x46 build/cooja/mtype197.a(moteid.o)
                                        0x2d8 (size before relaxing)
 .debug_str     0x0000000000002624       0x54 build/cooja/mtype197.a(pir-sensor.o)
                                        0x32d (size before relaxing)
 .debug_str     0x0000000000002678       0xce build/cooja/mtype197.a(rs232.o)
                                        0x596 (size before relaxing)
 .debug_str     0x0000000000002746       0x54 build/cooja/mtype197.a(vib-sensor.o)
                                        0x32d (size before relaxing)
 .debug_str     0x000000000000279a       0x61 build/cooja/mtype197.a(clock.o)
                                        0x2e8 (size before relaxing)
 .debug_str     0x00000000000027fb       0xd6 build/cooja/mtype197.a(cooja-log.o)
                                        0x576 (size before relaxing)
 .debug_str     0x00000000000028d1      0x110 build/cooja/mtype197.a(cfs-cooja.o)
                                        0x581 (size before relaxing)
 .debug_str     0x00000000000029e1      0x6aa build/cooja/mtype197.a(cooja-radio.o)
                                        0xff4 (size before relaxing)
 .debug_str     0x000000000000308b       0x98 build/cooja/mtype197.a(eeprom.o)
                                        0x325 (size before relaxing)
 .debug_str     0x0000000000003123       0x33 build/cooja/mtype197.a(random.o)
                                        0x142 (size before relaxing)
 .debug_str     0x0000000000003156       0x8b build/cooja/mtype197.a(sensors.o)
                                        0x320 (size before relaxing)
 .debug_str     0x00000000000031e1       0x8a build/cooja/mtype197.a(leds.o)
                                        0x302 (size before relaxing)
 .debug_str     0x000000000000326b      0x2a5 build/cooja/mtype197.a(gpio-hal-arch.o)
                                        0x84c (size before relaxing)
 .debug_str     0x0000000000003510       0xf4 build/cooja/mtype197.a(buttons.o)
                                        0x82b (size before relaxing)
 .debug_str     0x0000000000003604      0xa14 build/cooja/mtype197.a(contiki-main.o)
                                       0x165d (size before relaxing)
 .debug_str     0x0000000000004018       0x38 build/cooja/mtype197.a(autostart.o)
                                        0x24c (size before relaxing)
 .debug_str     0x0000000000004050       0xcf build/cooja/mtype197.a(ctimer.o)
                                        0x330 (size before relaxing)
 .debug_str     0x000000000000411f       0x7a build/cooja/mtype197.a(log.o)
                                        0x805 (size before relaxing)
 .debug_str     0x0000000000004199       0x4d build/cooja/mtype197.a(energest.o)
                                        0x26b (size before relaxing)
 .debug_str     0x00000000000041e6      0x150 build/cooja/mtype197.a(etimer.o)
                                        0x394 (size before relaxing)
 .debug_str     0x0000000000004336       0x24 build/cooja/mtype197.a(node-id.o)