Archive member included to satisfy reference by file (symbol)

build/cooja/mtype289.a(simEnvChange.o)
                              build/cooja/mtype289.o (simDontFallAsleep)
build/cooja/mtype289.a(cooja_mt.o)
                              build/cooja/mtype289.o (cooja_mt_start)
build/cooja/mtype289.a(cooja_mtarch.o)
                              build/cooja/mtype289.a(cooja_mt.o) (cooja_mtarch_start)
build/cooja/mtype289.a(rtimer-arch.o)
                              build/cooja/mtype289.o (rtimer_arch_check)
build/cooja/mtype289.a(beep.o)
                              build/cooja/mtype289.o (beep_interface)
build/cooja/mtype289.a(leds-arch.o)
                              build/cooja/mtype289.o (leds_interface)
build/cooja/mtype289.a(moteid.o)
                              build/cooja/mtype289.o (moteid_interface)
build/cooja/mtype289.a(pir-sensor.o)
                              build/cooja/mtype289.o (pir_interface)
build/cooja/mtype289.a(rs232.o)
                              build/cooja/mtype289.o (rs232_interface)
build/cooja/mtype289.a(vib-sensor.o)
                              build/cooja/mtype289.o (vib_interface)
build/cooja/mtype289.a(clock.o)
                              build/cooja/mtype289.o (clock_interface)
build/cooja/mtype289.a(cooja-log.o)
                              build/cooja/mtype289.o (simlog_interface)
build/cooja/mtype289.a(cfs-cooja.o)
                              build/cooja/mtype289.o (cfs_interface)
build/cooja/mtype289.a(cooja-radio.o)
                              build/cooja/mtype289.o (radio_interface)
build/cooja/mtype289.a(eeprom.o)
                              build/cooja/mtype289.o (eeprom_interface)
build/cooja/mtype289.a(random.o)
                              build/cooja/mtype289.a(moteid.o) (random_init)
build/cooja/mtype289.a(sensors.o)
                              build/cooja/mtype289.a(pir-sensor.o) (sensors_changed)
build/cooja/mtype289.a(leds.o)
                              build/cooja/mtype289.a(leds-arch.o) (leds_get)
build/cooja/mtype289.a(gpio-hal-arch.o)
                              build/cooja/mtype289.a(leds-arch.o) (gpio_hal_arch_register_pin_callback)
build/cooja/mtype289.a(buttons.o)
                              build/cooja/mtype289.o (button_interface)
build/cooja/mtype289.a(contiki-main.o)
                              build/cooja/mtype289.o (main)
build/cooja/mtype289.a(autostart.o)
                              build/cooja/mtype289.a(contiki-main.o) (autostart_start)
build/cooja/mtype289.a(ctimer.o)
                              build/cooja/mtype289.a(contiki-main.o) (ctimer_init)
build/cooja/mtype289.a(log.o)
                              build/cooja/mtype289.a(contiki-main.o) (curr_log_level_main)
build/cooja/mtype289.a(energest.o)
                              build/cooja/mtype289.a(contiki-main.o) (energest_init)
build/cooja/mtype289.a(etimer.o)
                              build/cooja/mtype289.a(contiki-main.o) (etimer_process)
build/cooja/mtype289.a(node-id.o)
                              build/cooja/mtype289.a(contiki-main.o) (node_id)
build/cooja/mtype289.a(rtimer.o)
                              build/cooja/mtype289.a(contiki-main.o) (rtimer_init)
build/cooja/mtype289.a(process.o)
                              build/cooja/mtype289.a(ctimer.o) (process_current)
build/cooja/mtype289.a(timer.o)
                              build/cooja/mtype289.a(etimer.o) (timer_set)
build/cooja/mtype289.a(list.o)
                              build/cooja/mtype289.a(ctimer.o) (list_init)
build/cooja/mtype289.a(button-hal.o)
                              build/cooja/mtype289.o (button_hal_init)
build/cooja/mtype289.a(serial-line.o)
                              build/cooja/mtype289.a(rs232.o) (serial_line_input_byte)
build/cooja/mtype289.a(gpio-hal.o)
                              build/cooja/mtype289.a(button-hal.o) (gpio_hal_register_handler)
build/cooja/mtype289.a(queuebuf.o)
                              build/cooja/mtype289.a(contiki-main.o) (queuebuf_init)
build/cooja/mtype289.a(packetbuf.o)
                              build/cooja/mtype289.a(cooja-radio.o) (packetbuf_clear)
build/cooja/mtype289.a(netstack.o)
                              build/cooja/mtype289.a(contiki-main.o) (netstack_init)
build/cooja/mtype289.a(linkaddr.o)
                              node1.o (linkaddr_node_addr)
build/cooja/mtype289.a(csma.o)
                              build/cooja/mtype289.a(cooja-radio.o) (csma_driver)
build/cooja/mtype289.a(csma-output.o)
                              build/cooja/mtype289.a(csma.o) (csma_output_packet)
build/cooja/mtype289.a(nullnet.o)
                              node1.o (nullnet_buf)
build/cooja/mtype289.a(nullrouting.o)
                              build/cooja/mtype289.a(contiki-main.o) (nullrouting_driver)
build/cooja/mtype289.a(watchdog.o)
                              build/cooja/mtype289.a(contiki-main.o) (watchdog_init)
build/cooja/mtype289.a(int-master.o)
[...]
Memory Configuration

Name             Origin             Length             Attributes
*default*        0x0000000000000000 0xffffffffffffffff

Linker script and memory map

LOAD /usr/lib/gcc/i686-linux-gnu/7/../../../i386-linux-gnu/crti.o
LOAD /usr/lib/gcc/i686-linux-gnu/7/crtbeginS.o
LOAD node1.o
LOAD build/cooja/mtype289.o
LOAD build/cooja/mtype289.a
LOAD /usr/lib/gcc/i686-linux-gnu/7/libgcc.a
LOAD /usr/lib/gcc/i686-linux-gnu/7/libgcc_s.so
START GROUP
LOAD /usr/lib/gcc/i686-linux-gnu/7/libgcc_s.so.1
LOAD /usr/lib/gcc/i686-linux-gnu/7/libgcc.a
END GROUP
LOAD /usr/lib/gcc/i686-linux-gnu/7/../../../i386-linux-gnu/libc.so
START GROUP
LOAD /lib/i386-linux-gnu/libc.so.6
LOAD /usr/lib/i386-linux-gnu/libc_nonshared.a
LOAD /lib/i386-linux-gnu/ld-linux.so.2
END GROUP
LOAD /usr/lib/gcc/i686-linux-gnu/7/libgcc.a
LOAD /usr/lib/gcc/i686-linux-gnu/7/libgcc_s.so
START GROUP
LOAD /usr/lib/gcc/i686-linux-gnu/7/libgcc_s.so.1
LOAD /usr/lib/gcc/i686-linux-gnu/7/libgcc.a
END GROUP
LOAD /usr/lib/gcc/i686-linux-gnu/7/crtendS.o
LOAD /usr/lib/gcc/i686-linux-gnu/7/../../../i386-linux-gnu/crtn.o
                0x0000000000000114                . = (SEGMENT_START ("text-segment", 0x0) + SIZEOF_HEADERS)

.note.gnu.build-id
                0x0000000000000114       0x24
 *(.note.gnu.build-id)
 .note.gnu.build-id
                0x0000000000000114       0x24 /usr/lib/gcc/i686-linux-gnu/7/../../../i386-linux-gnu/crti.o

.hash
 *(.hash)

.gnu.hash       0x0000000000000138      0xaf8
 *(.gnu.hash)
 .gnu.hash      0x0000000000000138      0xaf8 /usr/lib/gcc/i686-linux-gnu/7/../../../i386-linux-gnu/crti.o

.dynsym         0x0000000000000c30     0x1820
 *(.dynsym)
 .dynsym        0x0000000000000c30     0x1820 /usr/lib/gcc/i686-linux-gnu/7/../../../i386-linux-gnu/crti.o

.dynstr         0x0000000000002450     0x19f9
 *(.dynstr)
 .dynstr        0x0000000000002450     0x19f9 /usr/lib/gcc/i686-linux-gnu/7/../../../i386-linux-gnu/crti.o

.gnu.version    0x0000000000003e4a      0x304
 *(.gnu.version)
 .gnu.version   0x0000000000003e4a      0x304 /usr/lib/gcc/i686-linux-gnu/7/../../../i386-linux-gnu/crti.o

.gnu.version_d  0x0000000000004150        0x0
 *(.gnu.version_d)
 .gnu.version_d
                0x0000000000004150        0x0 /usr/lib/gcc/i686-linux-gnu/7/../../../i386-linux-gnu/crti.o

.gnu.version_r  0x0000000000004150       0x40
 *(.gnu.version_r)
 .gnu.version_r
                0x0000000000004150       0x40 /usr/lib/gcc/i686-linux-gnu/7/../../../i386-linux-gnu/crti.o

.rel.dyn        0x0000000000004190      0x880
 *(.rel.init)
 .rel.init      0x0000000000004190        0x0 /usr/lib/gcc/i686-linux-gnu/7/../../../i386-linux-gnu/crti.o
 *(.rel.text .rel.text.* .rel.gnu.linkonce.t.*)
 .rel.text      0x0000000000004190      0x1a8 /usr/lib/gcc/i686-linux-gnu/7/../../../i386-linux-gnu/crti.o
 *(.rel.fini)
 .rel.fini      0x0000000000004338        0x0 /usr/lib/gcc/i686-linux-gnu/7/../../../i386-linux-gnu/crti.o
 *(.rel.rodata .rel.rodata.* .rel.gnu.linkonce.r.*)
 *(.rel.data.rel.ro .rel.data.rel.ro.* .rel.gnu.linkonce.d.rel.ro.*)
 .rel.data.rel.ro.local
                0x0000000000004338      0x2b0 /usr/lib/gcc/i686-linux-gnu/7/../../../i386-linux-gnu/crti.o
 *(.rel.data .rel.data.* .rel.gnu.linkonce.d.*)
 .rel.data.rel.local
                0x00000000000045e8      0x1c0 /usr/lib/gcc/i686-linux-gnu/7/../../../i386-linux-gnu/crti.o
 .rel.data.rel  0x00000000000047a8       0x78 /usr/lib/gcc/i686-linux-gnu/7/../../../i386-linux-gnu/crti.o
 *(.rel.tdata .rel.tdata.* .rel.gnu.linkonce.td.*)
 *(.rel.tbss .rel.tbss.* .rel.gnu.linkonce.tb.*)
 *(.rel.ctors)
 *(.rel.dtors)
 *(.rel.got)
 .rel.got       0x0000000000004820      0x1e0 /usr/lib/gcc/i686-linux-gnu/7/../../../i386-linux-gnu/crti.o
 *(.rel.bss .rel.bss.* .rel.gnu.linkonce.b.*)
 *(.rel.ifunc)
 .rel.ifunc     0x0000000000004a00        0x0 /usr/lib/gcc/i686-linux-gnu/7/../../../i386-linux-gnu/crti.o
 .rel.fini_array
                0x0000000000004a00        0x8 /usr/lib/gcc/i686-linux-gnu/7/../../../i386-linux-gnu/crti.o
 .rel.init_array
                0x0000000000004a08        0x8 /usr/lib/gcc/i686-linux-gnu/7/../../../i386-linux-gnu/crti.o

.rel.plt        0x0000000000004a10      0x488
 *(.rel.plt)
 .rel.plt       0x0000000000004a10      0x488 /usr/lib/gcc/i686-linux-gnu/7/../../../i386-linux-gnu/crti.o
 *(.rel.iplt)

.init           0x0000000000004e98       0x23
 *(SORT_NONE(.init))
 .init          0x0000000000004e98       0x1e /usr/lib/gcc/i686-linux-gnu/7/../../../i386-linux-gnu/crti.o
                0x0000000000004e98                _init
 .init          0x0000000000004eb6        0x5 /usr/lib/gcc/i686-linux-gnu/7/../../../i386-linux-gnu/crtn.o

.plt            0x0000000000004ec0      0x920
 *(.plt)
 .plt           0x0000000000004ec0      0x920 /usr/lib/gcc/i686-linux-gnu/7/../../../i386-linux-gnu/crti.o
 *(.iplt)

.plt.got        0x00000000000057e0       0x18
 *(.plt.got)
 .plt.got       0x00000000000057e0       0x18 /usr/lib/gcc/i686-linux-gnu/7/../../../i386-linux-gnu/crti.o

.plt.sec
 *(.plt.sec)

.text           0x0000000000005800     0x80e4
 *(.text.unlikely .text.*_unlikely .text.unlikely.*)
 *(.text.exit .text.exit.*)
 *(.text.startup .text.startup.*)
 *(.text.hot .text.hot.*)
 *(.text .stub .text.* .gnu.linkonce.t.*)
 .text          0x0000000000005800        0x0 /usr/lib/gcc/i686-linux-gnu/7/../../../i386-linux-gnu/crti.o
 .gnu.linkonce.t.__x86.get_pc_thunk.bx
                0x0000000000005800        0x4 /usr/lib/gcc/i686-linux-gnu/7/../../../i386-linux-gnu/crti.o
                0x0000000000005800                __x86.get_pc_thunk.bx
 *fill*         0x0000000000005804        0xc 
 .text          0x0000000000005810       0xe9 /usr/lib/gcc/i686-linux-gnu/7/crtbeginS.o
 .text.__x86.get_pc_thunk.dx
                0x00000000000058f9        0x4 /usr/lib/gcc/i686-linux-gnu/7/crtbeginS.o
                0x00000000000058f9                __x86.get_pc_thunk.dx
 .text          0x00000000000058fd      0x1c3 node1.o
 .text          0x0000000000005ac0      0x346 build/cooja/mtype289.o
                0x0000000000005b4d                platform_init_stage_one
                0x0000000000005b70                platform_init_stage_two
                0x0000000000005b93                platform_init_stage_three
                0x0000000000005bb6                platform_main_loop
                0x0000000000005c5c                Java_org_contikios_cooja_corecomm_Lib8_init
                0x0000000000005caa                Java_org_contikios_cooja_corecomm_Lib8_getMemory
                0x0000000000005cea                Java_org_contikios_cooja_corecomm_Lib8_setMemory
                0x0000000000005d5b                Java_org_contikios_cooja_corecomm_Lib8_tick
                0x0000000000005de5                Java_org_contikios_cooja_corecomm_Lib8_setReferenceAddress
 .text.__x86.get_pc_thunk.ax
                0x0000000000005e06        0x4 build/cooja/mtype289.o
                0x0000000000005e06                __x86.get_pc_thunk.ax
 .text          0x0000000000005e0a       0x8d build/cooja/mtype289.a(simEnvChange.o)
                0x0000000000005e0a                doActionsBeforeTick
                0x0000000000005e50                doActionsAfterTick
 .text          0x0000000000005e97       0xb6 build/cooja/mtype289.a(cooja_mt.o)
                0x0000000000005e97                cooja_mt_start
                0x0000000000005ed1                cooja_mt_exec
                0x0000000000005f18                cooja_mt_yield
 .text          0x0000000000005f4d       0xf2 build/cooja/mtype289.a(cooja_mtarch.o)
                0x0000000000005f4d                cooja_mtarch_start
                0x0000000000005fd1                cooja_sw
                0x0000000000005fff                cooja_mtarch_exec
                0x000000000000602a                cooja_mtarch_yield
 .text          0x000000000000603f      0x127 build/cooja/mtype289.a(rtimer-arch.o)
                0x000000000000603f                rtimer_arch_init
                0x000000000000606e                rtimer_arch_schedule
                0x00000000000060b0                rtimer_arch_next
                0x00000000000060ca                rtimer_arch_pending
                0x00000000000060e1                rtimer_arch_check
                0x000000000000614c                rtimer_arch_now
 .text.__x86.get_pc_thunk.cx
                0x0000000000006166        0x4 build/cooja/mtype289.a(rtimer-arch.o)
                0x0000000000006166                __x86.get_pc_thunk.cx
 .text          0x000000000000616a      0x101 build/cooja/mtype289.a(beep.o)
                0x000000000000616a                beep_alarm
                0x0000000000006183                beep_beep
                0x000000000000619c                beep
                0x00000000000061b5                beep_down
                0x00000000000061ce                beep_on
                0x00000000000061e7                beep_off
                0x0000000000006200                beep_spinup
                0x0000000000006219                beep_quick
                0x0000000000006232                beep_long
 .text          0x000000000000626b       0x9f build/cooja/mtype289.a(leds-arch.o)
                0x000000000000628f                leds_arch_init
 .text          0x000000000000630a       0x56 build/cooja/mtype289.a(moteid.o)
 .text          0x0000000000006360      0x101 build/cooja/mtype289.a(pir-sensor.o)
 .text          0x0000000000006461      0x1cc build/cooja/mtype289.a(rs232.o)
                0x0000000000006461                rs232_init
                0x0000000000006471                rs232_set_speed
                0x000000000000648a                rs232_set_input
                0x00000000000064a3                rs232_send
                0x00000000000064d9                rs232_print
                0x0000000000006507                slip_arch_writeb
 .text          0x000000000000662d      0x101 build/cooja/mtype289.a(vib-sensor.o)
 .text          0x000000000000672e       0x7a build/cooja/mtype289.a(clock.o)
                0x000000000000672e                clock_init
                0x000000000000673e                clock_time
                0x0000000000006755                clock_seconds
                0x0000000000006778                clock_delay
 .text          0x00000000000067a8      0x2b5 build/cooja/mtype289.a(cooja-log.o)
                0x00000000000067a8                simlog_char
                0x000000000000680c                simlog
                0x00000000000068a6                log_message
                0x00000000000068f5                log_set_putchar_with_slip
                0x000000000000690e                log_putchar
                0x0000000000006999                log_puts
                0x00000000000069cb                log_printf
 .text          0x0000000000006a5d      0x36c build/cooja/mtype289.a(cfs-cooja.o)
                0x0000000000006a5d                cfs_open
                0x0000000000006ad5                cfs_close
                0x0000000000006aec                cfs_read
                0x0000000000006ba0                cfs_write
                0x0000000000006c9e                cfs_seek
                0x0000000000006d3b                cfs_remove
                0x0000000000006d71                cfs_opendir
                0x0000000000006d85                cfs_readdir
                0x0000000000006d99                cfs_closedir
 .text          0x0000000000006dc9      0x78b build/cooja/mtype289.a(cooja-radio.o)
                0x0000000000006e37                radio_set_channel
                0x0000000000006e50                radio_set_txpower
                0x0000000000006e73                radio_signal_strength_last
                0x0000000000006e88                radio_signal_strength_current
                0x0000000000006e9d                radio_LQI
 .text          0x0000000000007554      0x130 build/cooja/mtype289.a(eeprom.o)
                0x0000000000007554                eeprom_init
                0x0000000000007564                eeprom_read
                0x00000000000075e4                eeprom_write
 .text          0x0000000000007684       0x4e build/cooja/mtype289.a(random.o)
                0x0000000000007684                random_init
                0x00000000000076b4                random_rand
 .text          0x00000000000076d2      0x332 build/cooja/mtype289.a(sensors.o)
                0x0000000000007719                sensors_first
                0x0000000000007730                sensors_next
                0x000000000000775b                sensors_changed
                0x00000000000077a8                sensors_find
 .text          0x0000000000007a04      0x3fc build/cooja/mtype289.a(leds.o)
                0x0000000000007a04                leds_init
                0x0000000000007a5c                leds_single_on
                0x0000000000007ad4                leds_single_off
                0x0000000000007b4c                leds_single_toggle
                0x0000000000007b90                leds_on
                0x0000000000007c28                leds_off
                0x0000000000007cc0                leds_toggle
                0x0000000000007d26                leds_set
                0x0000000000007d5c                leds_get
 .text          0x0000000000007e00      0x401 build/cooja/mtype289.a(gpio-hal-arch.o)
                0x0000000000007e00                gpio_hal_arch_register_pin_callback
                0x0000000000007e81                gpio_hal_arch_init
                0x0000000000007edb                gpio_hal_arch_no_port_interrupt_enable
                0x0000000000007f15                gpio_hal_arch_no_port_interrupt_disable
                0x0000000000007f4f                gpio_hal_arch_no_port_pin_cfg_set
                0x0000000000007f7e                gpio_hal_arch_no_port_pin_cfg_get
                0x0000000000007fae                gpio_hal_arch_no_port_pin_set_input
                0x0000000000007fca                gpio_hal_arch_no_port_pin_set_output
                0x0000000000007fe6                gpio_hal_arch_no_port_set_pin
                0x0000000000008011                gpio_hal_arch_no_port_clear_pin
                0x000000000000803c                gpio_hal_arch_no_port_read_pin
                0x000000000000806e                gpio_hal_arch_no_port_write_pin
                0x00000000000080a2                gpio_hal_arch_no_port_set_pins
                0x00000000000080f3                gpio_hal_arch_no_port_clear_pins
                0x0000000000008144                gpio_hal_arch_no_port_read_pins
                0x0000000000008197                gpio_hal_arch_no_port_write_pins
 .text          0x0000000000008201       0xc6 build/cooja/mtype289.a(buttons.o)
 .text          0x00000000000082c7      0x2fa build/cooja/mtype289.a(contiki-main.o)
                0x00000000000082c7                main
 .text          0x00000000000085c1       0xb0 build/cooja/mtype289.a(autostart.o)
                0x00000000000085c1                autostart_start
                0x000000000000861a                autostart_exit
 .text          0x0000000000008671      0x400 build/cooja/mtype289.a(ctimer.o)
                0x00000000000087b4                ctimer_init
                0x00000000000087f9                ctimer_set
                0x000000000000882c                ctimer_set_with_process
                0x00000000000088c3                ctimer_reset
                0x0000000000008931                ctimer_restart
                0x000000000000899f                ctimer_stop
                0x00000000000089ff                ctimer_expired
 .text          0x0000000000008a71      0x31b build/cooja/mtype289.a(log.o)
                0x0000000000008a71                log_lladdr
                0x0000000000008af8                log_lladdr_compact
                0x0000000000008b75                log_bytes
                0x0000000000008bc9                log_set_level
                0x0000000000008ca7                log_get_level
                0x0000000000008d38                log_level_to_str
 .text          0x0000000000008d8c       0x39 build/cooja/mtype289.a(energest.o)
                0x0000000000008d8c                energest_init
                0x0000000000008d9c                energest_flush
                0x0000000000008dac                energest_get_total_time
 .text          0x0000000000008dc5      0x527 build/cooja/mtype289.a(etimer.o)
                0x000000000000901a                etimer_request_poll
                0x00000000000090cb                etimer_set
                0x0000000000009104                etimer_reset_with_new_interval
                0x0000000000009143                etimer_reset
                0x0000000000009179                etimer_restart
                0x00000000000091af                etimer_adjust
                0x00000000000091d6                etimer_expired
                0x00000000000091f3                etimer_expiration_time
                0x000000000000920f                etimer_start_time
                0x0000000000009223                etimer_pending
                0x0000000000009240                etimer_next_expiration_time
                0x0000000000009268                etimer_stop
 .text          0x00000000000092ec       0x36 build/cooja/mtype289.a(node-id.o)
                0x00000000000092ec                node_id_init
 .text          0x0000000000009322      0x122 build/cooja/mtype289.a(rtimer.o)
                0x0000000000009322                rtimer_init
                0x0000000000009341                rtimer_set
                0x00000000000093cf                rtimer_run_next
 .text          0x0000000000009444      0x5cb build/cooja/mtype289.a(process.o)
                0x0000000000009444                process_alloc_event
                0x0000000000009465                process_start
                0x000000000000966a                process_exit
                0x0000000000009692                process_init
                0x000000000000985a                process_run
                0x000000000000989d                process_nevents
                0x00000000000098c2                process_post
                0x000000000000996f                process_post_synch
                0x00000000000099b5                process_poll
                0x00000000000099f1                process_is_running
 .text.__x86.get_pc_thunk.si
                0x0000000000009a0f        0x4 build/cooja/mtype289.a(process.o)
                0x0000000000009a0f                __x86.get_pc_thunk.si
 .text          0x0000000000009a13       0xf6 build/cooja/mtype289.a(timer.o)
                0x0000000000009a13                timer_set
                0x0000000000009a42                timer_reset
                0x0000000000009a79                timer_restart
                0x0000000000009a9f                timer_expired
                0x0000000000009add                timer_remaining
 .text          0x0000000000009b09      0x311 build/cooja/mtype289.a(list.o)
                0x0000000000009b09                list_init
                0x0000000000009b22                list_head
                0x0000000000009b36                list_copy
                0x0000000000009b50                list_tail
                0x0000000000009b90                list_add
                0x0000000000009be6                list_push
                0x0000000000009c1c                list_chop
                0x0000000000009c90                list_pop
                0x0000000000009cc2                list_remove
                0x0000000000009d34                list_length
                0x0000000000009d6c                list_insert
                0x0000000000009dbb                list_item_next
                0x0000000000009ddc                list_contains
 .text          0x0000000000009e1a      0x566 build/cooja/mtype289.a(button-hal.o)
                0x000000000000a00e                button_hal_get_by_id
                0x000000000000a058                button_hal_get_by_index
                0x000000000000a092                button_hal_get_state
                0x000000000000a0f4                button_hal_init
 .text          0x000000000000a380      0x242 build/cooja/mtype289.a(serial-line.o)
                0x000000000000a380                serial_line_input_byte
                0x000000000000a578                serial_line_init
 .text          0x000000000000a5c2      0x1d6 build/cooja/mtype289.a(gpio-hal.o)
                0x000000000000a5c2                gpio_hal_register_handler
                0x000000000000a5f0                gpio_hal_event_handler
                0x000000000000a65d                gpio_hal_init
                0x000000000000a68c                gpio_hal_arch_port_toggle_pin
                0x000000000000a6d7                gpio_hal_arch_port_toggle_pins
                0x000000000000a714                gpio_hal_arch_no_port_toggle_pin
                0x000000000000a761                gpio_hal_arch_no_port_toggle_pins
 .text          0x000000000000a798      0x3a9 build/cooja/mtype289.a(queuebuf.o)
                0x000000000000a7ac                queuebuf_init
                0x000000000000a7e8                queuebuf_numfree
                0x000000000000a812                queuebuf_new_from_packetbuf
                0x000000000000a8c6                queuebuf_update_attr_from_packetbuf
                0x000000000000a90a                queuebuf_update_from_packetbuf
                0x000000000000a969                queuebuf_free
                0x000000000000a9c7                queuebuf_to_packetbuf
                0x000000000000aa44                queuebuf_dataptr
                0x000000000000aa90                queuebuf_datalen
                0x000000000000aabd                queuebuf_addr
                0x000000000000aafc                queuebuf_attr
                0x000000000000ab31                queuebuf_debug_print
 .text          0x000000000000ab41      0x4dd build/cooja/mtype289.a(packetbuf.o)
                0x000000000000ab41                packetbuf_clear
                0x000000000000ab77                packetbuf_copyfrom
                0x000000000000abd7                packetbuf_copyto
                0x000000000000ac75                packetbuf_hdralloc
                0x000000000000ad05                packetbuf_hdrreduce
                0x000000000000ad57                packetbuf_set_datalen
                0x000000000000ad7c                packetbuf_dataptr
                0x000000000000ada3                packetbuf_hdrptr
                0x000000000000adb8                packetbuf_datalen
                0x000000000000adce                packetbuf_hdrlen
                0x000000000000aded                packetbuf_totlen
                0x000000000000ae0d                packetbuf_remaininglen
                0x000000000000ae2a                packetbuf_attr_clear
                0x000000000000ae90                packetbuf_attr_copyto
                0x000000000000aed6                packetbuf_attr_copyfrom
                0x000000000000af1c                packetbuf_set_attr
                0x000000000000af52                packetbuf_attr
                0x000000000000af78                packetbuf_set_addr
                0x000000000000afc0                packetbuf_addr
                0x000000000000afea                packetbuf_holds_broadcast
 .text          0x000000000000b01e      0x13c build/cooja/mtype289.a(netstack.o)
                0x000000000000b01e                netstack_process_ip_callback
                0x000000000000b0bf                netstack_ip_packet_processor_add
                0x000000000000b0f3                uip_ds6_ip_packet_processor_rm
                0x000000000000b121                netstack_init
 .text          0x000000000000b15a       0x75 build/cooja/mtype289.a(linkaddr.o)
                0x000000000000b15a                linkaddr_copy
                0x000000000000b17a                linkaddr_cmp
                0x000000000000b1ad                linkaddr_set_node_addr
 .text          0x000000000000b1cf      0x2ae build/cooja/mtype289.a(csma.o)
 .text          0x000000000000b47d      0xa6f build/cooja/mtype289.a(csma-output.o)
                0x000000000000bbef                csma_output_packet
                0x000000000000be9e                csma_output_init
 .text          0x000000000000beec      0x131 build/cooja/mtype289.a(nullnet.o)
                0x000000000000bf6d                nullnet_set_input_callback
 .text          0x000000000000c01d      0x170 build/cooja/mtype289.a(nullrouting.o)
 .text          0x000000000000c18d       0x6b build/cooja/mtype289.a(watchdog.o)
                0x000000000000c18d                watchdog_init
                0x000000000000c19d                watchdog_start
                0x000000000000c1ad                watchdog_periodic
                0x000000000000c1d8                watchdog_stop
                0x000000000000c1e8                watchdog_reboot
 .text          0x000000000000c1f8       0x75 build/cooja/mtype289.a(int-master.o)
                0x000000000000c1f8                int_master_enable
                0x000000000000c212                int_master_read_and_disable
                0x000000000000c23a                int_master_status_set
                0x000000000000c253                int_master_is_enabled
 .text          0x000000000000c26d      0x188 build/cooja/mtype289.a(ringbuf.o)
                0x000000000000c26d                ringbuf_init
                0x000000000000c2a9                ringbuf_put
                0x000000000000c331                ringbuf_get
                0x000000000000c3a8                ringbuf_size
                0x000000000000c3c4                ringbuf_elements
 .text          0x000000000000c3f5      0x1ec build/cooja/mtype289.a(memb.o)
                0x000000000000c3f5                memb_init
                0x000000000000c459                memb_alloc
                0x000000000000c4c6                memb_free
                0x000000000000c547                memb_inmemb
                0x000000000000c590                memb_numfree
 .text          0x000000000000c5e1       0x31 build/cooja/mtype289.a(assert.o)
                0x000000000000c5e1                _xassert
 .text          0x000000000000c612      0x1a8 build/cooja/mtype289.a(mac-sequence.o)
                0x000000000000c612                mac_sequence_is_duplicate
                0x000000000000c6d2                mac_sequence_register_seqno
 .text          0x000000000000c7ba       0x2d build/cooja/mtype289.a(mac.o)
                0x000000000000c7ba                mac_call_sent_callback
 .text          0x000000000000c7e7      0x477 build/cooja/mtype289.a(framer-802154.o)
                0x000000000000c98a                framer_802154_setup_params
 .text          0x000000000000cc5e      0xc1a build/cooja/mtype289.a(frame802154.o)
                0x000000000000cc99                frame802154_get_pan_id
                0x000000000000ccaf                frame802154_set_pan_id
                0x000000000000ccd4                frame802154_has_panid
                0x000000000000ce8d                frame802154_check_dest_panid
                0x000000000000cf1f                frame802154_is_broadcast_addr
                0x000000000000cf76                frame802154_extract_linkaddr
                0x000000000000d1ff                frame802154_hdrlen
                0x000000000000d27c                frame802154_create_fcf
                0x000000000000d33e                frame802154_create
                0x000000000000d4c9                frame802154_parse_fcf
                0x000000000000d5b5                frame802154_parse
 .text          0x000000000000d878       0x4e build/cooja/mtype289.a(csma-security.o)
                0x000000000000d878                csma_security_create_frame
                0x000000000000d8a9                csma_security_parse_frame
 *fill*         0x000000000000d8c6        0xa 
 .text          0x000000000000d8d0       0x14 /usr/lib/i386-linux-gnu/libc_nonshared.a(stack_chk_fail_local.oS)
                0x000000000000d8d0                __stack_chk_fail_local
 .text          0x000000000000d8e4        0x0 /usr/lib/gcc/i686-linux-gnu/7/crtendS.o
 .text          0x000000000000d8e4        0x0 /usr/lib/gcc/i686-linux-gnu/7/../../../i386-linux-gnu/crtn.o
 *(.gnu.warning)

.fini           0x000000000000d8e4       0x14
 *(SORT_NONE(.fini))
 .fini          0x000000000000d8e4        0xf /usr/lib/gcc/i686-linux-gnu/7/../../../i386-linux-gnu/crti.o
                0x000000000000d8e4                _fini
 .fini          0x000000000000d8f3        0x5 /usr/lib/gcc/i686-linux-gnu/7/../../../i386-linux-gnu/crtn.o
                [!provide]                        PROVIDE (__etext = .)
                [!provide]                        PROVIDE (_etext = .)
                [!provide]                        PROVIDE (etext = .)

.rodata         0x000000000000d8f8      0x381
 *(.rodata .rodata.* .gnu.linkonce.r.*)
 .rodata        0x000000000000d8f8       0x91 node1.o
 *fill*         0x000000000000d989        0x3 
 .rodata        0x000000000000d98c        0x6 build/cooja/mtype289.a(leds-arch.o)
                0x000000000000d98c                leds_arch_leds
 .rodata        0x000000000000d992        0x4 build/cooja/mtype289.a(pir-sensor.o)
 .rodata        0x000000000000d996        0x6 build/cooja/mtype289.a(rs232.o)
 .rodata        0x000000000000d99c        0xa build/cooja/mtype289.a(vib-sensor.o)
 *fill*         0x000000000000d9a6        0x2 
 .rodata        0x000000000000d9a8       0x27 build/cooja/mtype289.a(cfs-cooja.o)
 *fill*         0x000000000000d9cf        0x1 
 .rodata        0x000000000000d9d0       0x68 build/cooja/mtype289.a(cooja-radio.o)
 .rodata        0x000000000000da38        0x8 build/cooja/mtype289.a(sensors.o)
 .rodata        0x000000000000da40       0x14 build/cooja/mtype289.a(buttons.o)
                0x000000000000da4c                button_hal_button_count
 .rodata        0x000000000000da54       0xd0 build/cooja/mtype289.a(contiki-main.o)
 .rodata        0x000000000000db24        0xf build/cooja/mtype289.a(ctimer.o)
 *fill*         0x000000000000db33        0x1 
 .rodata        0x000000000000db34       0xa8 build/cooja/mtype289.a(log.o)
 .rodata        0x000000000000dbdc        0xc build/cooja/mtype289.a(etimer.o)
 .rodata        0x000000000000dbe8       0x13 build/cooja/mtype289.a(button-hal.o)
 .rodata        0x000000000000dbfb        0xe build/cooja/mtype289.a(serial-line.o)
 *fill*         0x000000000000dc09        0x3 
 .rodata        0x000000000000dc0c        0x8 build/cooja/mtype289.a(linkaddr.o)
                0x000000000000dc0c                linkaddr_null
 .rodata        0x000000000000dc14        0x5 build/cooja/mtype289.a(csma.o)
 *fill*         0x000000000000dc19        0x3 
 .rodata        0x000000000000dc1c       0x24 build/cooja/mtype289.a(csma-output.o)
 .rodata        0x000000000000dc40        0x8 build/cooja/mtype289.a(nullnet.o)
 .rodata        0x000000000000dc48        0xc build/cooja/mtype289.a(nullrouting.o)
 .rodata        0x000000000000dc54       0x25 build/cooja/mtype289.a(assert.o)

.rodata1
 *(.rodata1)

.eh_frame_hdr   0x000000000000dc7c      0xc24
 *(.eh_frame_hdr)
 .eh_frame_hdr  0x000000000000dc7c      0xc24 node1.o
                0x000000000000dc7c                __GNU_EH_FRAME_HDR
 *(.eh_frame_entry .eh_frame_entry.*)

.eh_frame       0x000000000000e8a0     0x3344
 *(.eh_frame)
 .eh_frame      0x000000000000e8a0       0x3c /usr/lib/gcc/i686-linux-gnu/7/../../../i386-linux-gnu/crti.o
                                         0x40 (size before relaxing)
 .eh_frame      0x000000000000e8dc       0x14 /usr/lib/gcc/i686-linux-gnu/7/../../../i386-linux-gnu/crti.o
                                         0x2c (size before relaxing)
 .eh_frame      0x000000000000e8f0       0x54 node1.o
                                         0x80 (size before relaxing)
 .eh_frame      0x000000000000e944      0x1ac build/cooja/mtype289.o
                                        0x1ec (size before relaxing)
 .eh_frame      0x000000000000eaf0       0x48 build/cooja/mtype289.a(simEnvChange.o)
                                         0x74 (size before relaxing)
 .eh_frame      0x000000000000eb38       0x6c build/cooja/mtype289.a(cooja_mt.o)
                                         0x98 (size before relaxing)
 .eh_frame      0x000000000000eba4       0x88 build/cooja/mtype289.a(cooja_mtarch.o)
                                         0xc8 (size before relaxing)
 .eh_frame      0x000000000000ec2c       0xe4 build/cooja/mtype289.a(rtimer-arch.o)
                                        0x110 (size before relaxing)
 .eh_frame      0x000000000000ed10      0x160 build/cooja/mtype289.a(beep.o)
                                        0x18c (size before relaxing)
 .eh_frame      0x000000000000ee70       0x88 build/cooja/mtype289.a(leds-arch.o)
                                         0xc8 (size before relaxing)
 .eh_frame      0x000000000000eef8       0x44 build/cooja/mtype289.a(moteid.o)
                                         0x70 (size before relaxing)
 .eh_frame      0x000000000000ef3c       0xa4 build/cooja/mtype289.a(pir-sensor.o)
                                         0xe4 (size before relaxing)
 .eh_frame      0x000000000000efe0      0x110 build/cooja/mtype289.a(rs232.o)
                                        0x150 (size before relaxing)
 .eh_frame      0x000000000000f0f0       0xa4 build/cooja/mtype289.a(vib-sensor.o)
                                         0xe4 (size before relaxing)
 .eh_frame      0x000000000000f194       0xc0 build/cooja/mtype289.a(clock.o)
                                         0xec (size before relaxing)
 .eh_frame      0x000000000000f254      0x130 build/cooja/mtype289.a(cooja-log.o)
                                        0x170 (size before relaxing)
 .eh_frame      0x000000000000f384      0x16c build/cooja/mtype289.a(cfs-cooja.o)
                                        0x1ac (size before relaxing)
 .eh_frame      0x000000000000f4f0      0x374 build/cooja/mtype289.a(cooja-radio.o)
                                        0x3b4 (size before relaxing)
 .eh_frame      0x000000000000f864       0xa8 build/cooja/mtype289.a(eeprom.o)
                                         0xe8 (size before relaxing)
 .eh_frame      0x000000000000f90c       0x48 build/cooja/mtype289.a(random.o)
                                         0x74 (size before relaxing)
 .eh_frame      0x000000000000f954       0xd0 build/cooja/mtype289.a(sensors.o)
                                        0x110 (size before relaxing)
 .eh_frame      0x000000000000fa24      0x140 build/cooja/mtype289.a(leds.o)
                                        0x180 (size before relaxing)
 .eh_frame      0x000000000000fb64      0x228 build/cooja/mtype289.a(gpio-hal-arch.o)
                                        0x27c (size before relaxing)
 .eh_frame      0x000000000000fd8c       0xa4 build/cooja/mtype289.a(buttons.o)
                                         0xe4 (size before relaxing)
 .eh_frame      0x000000000000fe30       0x38 build/cooja/mtype289.a(contiki-main.o)
                                         0x64 (size before relaxing)
 .eh_frame      0x000000000000fe68       0x48 build/cooja/mtype289.a(autostart.o)
                                         0x74 (size before relaxing)
 .eh_frame      0x000000000000feb0      0x11c build/cooja/mtype289.a(ctimer.o)
                                        0x15c (size before relaxing)
 .eh_frame      0x000000000000ffcc       0xd8 build/cooja/mtype289.a(log.o)
                                        0x118 (size before relaxing)
 .eh_frame      0x00000000000100a4       0x60 build/cooja/mtype289.a(energest.o)
                                         0x8c (size before relaxing)
 .eh_frame      0x0000000000010104      0x204 build/cooja/mtype289.a(etimer.o)
                                        0x244 (size before relaxing)
 .eh_frame      0x0000000000010308       0x20 build/cooja/mtype289.a(node-id.o)
                                         0x4c (size before relaxing)
 .eh_frame      0x0000000000010328       0x6c build/cooja/mtype289.a(rtimer.o)
                                         0xc0 (size before relaxing)
 .eh_frame      0x0000000000010394      0x1ec build/cooja/mtype289.a(process.o)
                                        0x22c (size before relaxing)
 .eh_frame      0x0000000000010580       0xb4 build/cooja/mtype289.a(timer.o)
                                         0xe0 (size before relaxing)
 .eh_frame      0x0000000000010634      0x1a0 build/cooja/mtype289.a(list.o)
                                        0x1cc (size before relaxing)
 .eh_frame      0x00000000000107d4      0x188 build/cooja/mtype289.a(button-hal.o)
                                        0x1c8 (size before relaxing)
 .eh_frame      0x000000000001095c       0x6c build/cooja/mtype289.a(serial-line.o)
                                         0x98 (size before relaxing)
 .eh_frame      0x00000000000109c8       0xfc build/cooja/mtype289.a(gpio-hal.o)
                                        0x13c (size before relaxing)
 .eh_frame      0x0000000000010ac4      0x1c0 build/cooja/mtype289.a(queuebuf.o)
                                        0x200 (size before relaxing)
 .eh_frame      0x0000000000010c84      0x2b0 build/cooja/mtype289.a(packetbuf.o)
                                        0x2f0 (size before relaxing)
 .eh_frame      0x0000000000010f34       0x90 build/cooja/mtype289.a(netstack.o)
                                         0xd0 (size before relaxing)
 .eh_frame      0x0000000000010fc4       0x64 build/cooja/mtype289.a(linkaddr.o)
                                         0x90 (size before relaxing)
 .eh_frame      0x0000000000011028       0xf0 build/cooja/mtype289.a(csma.o)
                                        0x130 (size before relaxing)
 .eh_frame      0x0000000000011118      0x1f8 build/cooja/mtype289.a(csma-output.o)
                                        0x238 (size before relaxing)
 .eh_frame      0x0000000000011310       0x90 build/cooja/mtype289.a(nullnet.o)
                                         0xd0 (size before relaxing)
 .eh_frame      0x00000000000113a0      0x280 build/cooja/mtype289.a(nullrouting.o)
                                        0x2ac (size before relaxing)
 .eh_frame      0x0000000000011620       0xa4 build/cooja/mtype289.a(watchdog.o)
                                         0xd0 (size before relaxing)
 .eh_frame      0x00000000000116c4       0x80 build/cooja/mtype289.a(int-master.o)
                                         0xac (size before relaxing)
 .eh_frame      0x0000000000011744       0xa0 build/cooja/mtype289.a(ringbuf.o)
                                         0xcc (size before relaxing)
 .eh_frame      0x00000000000117e4       0xa4 build/cooja/mtype289.a(memb.o)
                                         0xe4 (size before relaxing)
 .eh_frame      0x0000000000011888       0x24 build/cooja/mtype289.a(assert.o)
                                         0x50 (size before relaxing)
 .eh_frame      0x00000000000118ac       0x50 build/cooja/mtype289.a(mac-sequence.o)
                                         0x7c (size before relaxing)
 .eh_frame      0x00000000000118fc       0x20 build/cooja/mtype289.a(mac.o)
                                         0x4c (size before relaxing)
 .eh_frame      0x000000000001191c       0xb4 build/cooja/mtype289.a(framer-802154.o)
                                         0xf4 (size before relaxing)
 .eh_frame      0x00000000000119d0      0x1b0 build/cooja/mtype289.a(frame802154.o)
                                        0x1f0 (size before relaxing)
 .eh_frame      0x0000000000011b80       0x44 build/cooja/mtype289.a(csma-security.o)
                                         0x84 (size before relaxing)
 .eh_frame      0x0000000000011bc4       0x1c /usr/lib/i386-linux-gnu/libc_nonshared.a(stack_chk_fail_local.oS)
                                         0x48 (size before relaxing)
 .eh_frame      0x0000000000011be0        0x4 /usr/lib/gcc/i686-linux-gnu/7/crtendS.o
 *(.eh_frame.*)

.gcc_except_table
 *(.gcc_except_table .gcc_except_table.*)

.gnu_extab
 *(.gnu_extab*)

.exception_ranges
 *(.exception_ranges .exception_ranges*)
                0x0000000000012c78                . = DATA_SEGMENT_ALIGN (CONSTANT (MAXPAGESIZE), CONSTANT (COMMONPAGESIZE))

.eh_frame
 *(.eh_frame)
 *(.eh_frame.*)

.gnu_extab
 *(.gnu_extab)

.gcc_except_table
 *(.gcc_except_table .gcc_except_table.*)

.exception_ranges
 *(.exception_ranges .exception_ranges*)

.tdata
 *(.tdata .tdata.* .gnu.linkonce.td.*)

.tbss
 *(.tbss .tbss.* .gnu.linkonce.tb.*)
 *(.tcommon)

.preinit_array
 *(.preinit_array)

.init_array     0x0000000000012c78        0x4
 *(SORT_BY_INIT_PRIORITY(.init_array.*) SORT_BY_INIT_PRIORITY(.ctors.*))
 *(.init_array EXCLUDE_FILE(*crtend?.o *crtend.o *crtbegin?.o *crtbegin.o) .ctors)
 .init_array    0x0000000000012c78        0x4 /usr/lib/gcc/i686-linux-gnu/7/crtbeginS.o

.fini_array     0x0000000000012c7c        0x4
 *(SORT_BY_INIT_PRIORITY(.fini_array.*) SORT_BY_INIT_PRIORITY(.dtors.*))
 *(.fini_array EXCLUDE_FILE(*crtend?.o *crtend.o *crtbegin?.o *crtbegin.o) .dtors)
 .fini_array    0x0000000000012c7c        0x4 /usr/lib/gcc/i686-linux-gnu/7/crtbeginS.o

.ctors
 *crtbegin.o(.ctors)
 *crtbegin?.o(.ctors)
 *(EXCLUDE_FILE(*crtend?.o *crtend.o) .ctors)
 *(SORT_BY_NAME(.ctors.*))
 *(.ctors)

.dtors
 *crtbegin.o(.dtors)
 *crtbegin?.o(.dtors)
 *(EXCLUDE_FILE(*crtend?.o *crtend.o) .dtors)
 *(SORT_BY_NAME(.dtors.*))
 *(.dtors)

.jcr
 *(.jcr)

.data.rel.ro    0x0000000000012c80      0x1a0
 *(.data.rel.ro.local* .gnu.linkonce.d.rel.ro.local.*)
 .data.rel.ro.local
                0x0000000000012c80        0x8 node1.o
                0x0000000000012c80                autostart_processes
 .data.rel.ro.local
                0x0000000000012c88        0x8 build/cooja/mtype289.a(beep.o)
                0x0000000000012c88                beep_interface
 .data.rel.ro.local
                0x0000000000012c90        0x8 build/cooja/mtype289.a(leds-arch.o)
                0x0000000000012c90                leds_interface
 .data.rel.ro.local
                0x0000000000012c98        0x8 build/cooja/mtype289.a(moteid.o)
                0x0000000000012c98                moteid_interface
 .data.rel.ro.local
                0x0000000000012ca0       0x18 build/cooja/mtype289.a(pir-sensor.o)
                0x0000000000012ca0                pir_interface
                0x0000000000012ca8                pir_sensor
 .data.rel.ro.local
                0x0000000000012cb8        0x8 build/cooja/mtype289.a(rs232.o)
                0x0000000000012cb8                rs232_interface
 .data.rel.ro.local
                0x0000000000012cc0       0x18 build/cooja/mtype289.a(vib-sensor.o)
                0x0000000000012cc0                vib_interface
                0x0000000000012cc8                vib_sensor
 .data.rel.ro.local
                0x0000000000012cd8        0x8 build/cooja/mtype289.a(clock.o)
                0x0000000000012cd8                clock_interface
 .data.rel.ro.local
                0x0000000000012ce0        0x8 build/cooja/mtype289.a(cooja-log.o)
                0x0000000000012ce0                simlog_interface
 .data.rel.ro.local
                0x0000000000012ce8        0x8 build/cooja/mtype289.a(cfs-cooja.o)
                0x0000000000012ce8                cfs_interface
 *fill*         0x0000000000012cf0       0x10 
 .data.rel.ro.local
                0x0000000000012d00       0x58 build/cooja/mtype289.a(cooja-radio.o)
                0x0000000000012d00                radio_interface
                0x0000000000012d20                cooja_radio_driver
 .data.rel.ro.local
                0x0000000000012d58        0x8 build/cooja/mtype289.a(eeprom.o)
                0x0000000000012d58                eeprom_interface
 .data.rel.ro.local
                0x0000000000012d60       0x18 build/cooja/mtype289.a(buttons.o)
                0x0000000000012d60                button_interface
                0x0000000000012d68                button_sensor
 .data.rel.ro.local
                0x0000000000012d78       0x1c build/cooja/mtype289.a(csma.o)
                0x0000000000012d78                csma_driver
 .data.rel.ro.local
                0x0000000000012d94       0x10 build/cooja/mtype289.a(nullnet.o)
                0x0000000000012d94                nullnet_driver
 *fill*         0x0000000000012da4       0x1c 
 .data.rel.ro.local
                0x0000000000012dc0       0x54 build/cooja/mtype289.a(nullrouting.o)
                0x0000000000012dc0                nullrouting_driver
 .data.rel.ro.local
                0x0000000000012e14        0xc build/cooja/mtype289.a(framer-802154.o)
                0x0000000000012e14                framer_802154
 *(.data.rel.ro .data.rel.ro.* .gnu.linkonce.d.rel.ro.*)
 .data.rel.ro   0x0000000000012e20        0x0 /usr/lib/gcc/i686-linux-gnu/7/../../../i386-linux-gnu/crti.o

.dynamic        0x0000000000012e20       0xf0
 *(.dynamic)
 .dynamic       0x0000000000012e20       0xf0 /usr/lib/gcc/i686-linux-gnu/7/../../../i386-linux-gnu/crti.o
                0x0000000000012e20                _DYNAMIC

.got            0x0000000000012f10       0xf0
 *(.got)
 .got           0x0000000000012f10       0xf0 /usr/lib/gcc/i686-linux-gnu/7/../../../i386-linux-gnu/crti.o
 *(.igot)
                0x0000000000013ff4                . = DATA_SEGMENT_RELRO_END (., (SIZEOF (.got.plt) >= 0xc)?0xc:0x0)

.got.plt        0x0000000000013000      0x250
 *(.got.plt)
 .got.plt       0x0000000000013000      0x250 /usr/lib/gcc/i686-linux-gnu/7/../../../i386-linux-gnu/crti.o
                0x0000000000013000                _GLOBAL_OFFSET_TABLE_
 *(.igot.plt)

.data           0x0000000000013260      0x25a
 *(.data .data.* .gnu.linkonce.d.*)
 .data          0x0000000000013260        0x0 /usr/lib/gcc/i686-linux-gnu/7/../../../i386-linux-gnu/crti.o
 .data          0x0000000000013260        0x0 /usr/lib/gcc/i686-linux-gnu/7/crtbeginS.o
 .data.rel.local
                0x0000000000013260        0x4 /usr/lib/gcc/i686-linux-gnu/7/crtbeginS.o
                0x0000000000013260                __dso_handle
 .data          0x0000000000013264        0x0 node1.o
 .data.rel.local
                0x0000000000013264       0x10 node1.o
                0x0000000000013264                comm_proc
 .data          0x0000000000013274        0x0 build/cooja/mtype289.o
 *fill*         0x0000000000013274        0xc 
 .data.rel      0x0000000000013280       0x44 build/cooja/mtype289.o
                0x0000000000013280                simInterfaces
                0x00000000000132b4                sensors
 .data          0x00000000000132c4        0x0 build/cooja/mtype289.a(simEnvChange.o)
 .data          0x00000000000132c4        0x0 build/cooja/mtype289.a(cooja_mt.o)
 .data          0x00000000000132c4        0x0 build/cooja/mtype289.a(cooja_mtarch.o)
 .data          0x00000000000132c4        0x0 build/cooja/mtype289.a(rtimer-arch.o)
 .data          0x00000000000132c4        0x0 build/cooja/mtype289.a(beep.o)
 .data          0x00000000000132c4        0x0 build/cooja/mtype289.a(leds-arch.o)
 .data          0x00000000000132c4        0x0 build/cooja/mtype289.a(moteid.o)
 .data          0x00000000000132c4        0x0 build/cooja/mtype289.a(pir-sensor.o)
 .data          0x00000000000132c4        0x0 build/cooja/mtype289.a(rs232.o)
 .data          0x00000000000132c4        0x0 build/cooja/mtype289.a(vib-sensor.o)
 .data          0x00000000000132c4        0x0 build/cooja/mtype289.a(clock.o)
 .data          0x00000000000132c4        0x0 build/cooja/mtype289.a(cooja-log.o)
 .data          0x00000000000132c4        0x0 build/cooja/mtype289.a(cfs-cooja.o)
 .data          0x00000000000132c4       0x20 build/cooja/mtype289.a(cooja-radio.o)
                0x00000000000132c4                simRadioHWOn
                0x00000000000132c8                simSignalStrength
                0x00000000000132cc                simLastSignalStrength
                0x00000000000132d0                simPower
                0x00000000000132d4                simRadioChannel
                0x00000000000132d8                simLQI
                0x00000000000132dc                simLastLQI
 .data.rel.local
                0x00000000000132e4       0x10 build/cooja/mtype289.a(cooja-radio.o)
                0x00000000000132e4                cooja_radio_process
 .data          0x00000000000132f4        0x0 build/cooja/mtype289.a(eeprom.o)
 .data          0x00000000000132f4        0x0 build/cooja/mtype289.a(random.o)
 .data          0x00000000000132f4        0x0 build/cooja/mtype289.a(sensors.o)
 .data.rel.local
                0x00000000000132f4       0x10 build/cooja/mtype289.a(sensors.o)
                0x00000000000132f4                sensors_process
 .data          0x0000000000013304        0x0 build/cooja/mtype289.a(leds.o)
 .data          0x0000000000013304        0x0 build/cooja/mtype289.a(gpio-hal-arch.o)
 .data          0x0000000000013304        0x1 build/cooja/mtype289.a(buttons.o)
                0x0000000000013304                simButtonIsActive
 *fill*         0x0000000000013305       0x1b 
 .data.rel.local
                0x0000000000013320       0x58 build/cooja/mtype289.a(buttons.o)
                0x0000000000013370                button_hal_buttons
 .data          0x0000000000013378        0x0 build/cooja/mtype289.a(contiki-main.o)
 .data          0x0000000000013378        0x0 build/cooja/mtype289.a(autostart.o)
 .data          0x0000000000013378        0x0 build/cooja/mtype289.a(ctimer.o)
 .data.rel.local
                0x0000000000013378       0x14 build/cooja/mtype289.a(ctimer.o)
                0x000000000001337c                ctimer_process
 .data          0x000000000001338c        0x4 build/cooja/mtype289.a(log.o)
                0x000000000001338c                curr_log_level_main
 *fill*         0x0000000000013390       0x10 
 .data.rel.local
                0x00000000000133a0       0x9c build/cooja/mtype289.a(log.o)
                0x00000000000133a0                all_modules
 .data          0x000000000001343c        0x0 build/cooja/mtype289.a(energest.o)
 .data          0x000000000001343c        0x0 build/cooja/mtype289.a(etimer.o)
 .data.rel.local
                0x000000000001343c       0x10 build/cooja/mtype289.a(etimer.o)
                0x000000000001343c                etimer_process
 .data          0x000000000001344c        0x0 build/cooja/mtype289.a(node-id.o)
 .data          0x000000000001344c        0x0 build/cooja/mtype289.a(rtimer.o)
 .data          0x000000000001344c        0x0 build/cooja/mtype289.a(process.o)
 .data          0x000000000001344c        0x0 build/cooja/mtype289.a(timer.o)
 .data          0x000000000001344c        0x0 build/cooja/mtype289.a(list.o)
 .data          0x000000000001344c        0x0 build/cooja/mtype289.a(button-hal.o)
 .data.rel.local
                0x000000000001344c       0x10 build/cooja/mtype289.a(button-hal.o)
                0x000000000001344c                button_hal_process
 .data          0x000000000001345c        0x0 build/cooja/mtype289.a(serial-line.o)
 .data.rel.local
                0x000000000001345c       0x10 build/cooja/mtype289.a(serial-line.o)
                0x000000000001345c                serial_line_process
 .data          0x000000000001346c        0x0 build/cooja/mtype289.a(gpio-hal.o)
 .data.rel.local
                0x000000000001346c        0x4 build/cooja/mtype289.a(gpio-hal.o)
 .data          0x0000000000013470        0x0 build/cooja/mtype289.a(queuebuf.o)
 .data.rel.local
                0x0000000000013470       0x18 build/cooja/mtype289.a(queuebuf.o)
 .data          0x0000000000013488        0x0 build/cooja/mtype289.a(packetbuf.o)
 .data.rel.local
                0x0000000000013488        0x4 build/cooja/mtype289.a(packetbuf.o)
 .data          0x000000000001348c        0x0 build/cooja/mtype289.a(netstack.o)
 .data.rel.local
                0x000000000001348c        0x4 build/cooja/mtype289.a(netstack.o)
 .data          0x0000000000013490        0x0 build/cooja/mtype289.a(linkaddr.o)
 .data          0x0000000000013490        0x0 build/cooja/mtype289.a(csma.o)
 .data          0x0000000000013490        0x0 build/cooja/mtype289.a(csma-output.o)
 .data.rel.local
                0x0000000000013490       0x28 build/cooja/mtype289.a(csma-output.o)
 .data          0x00000000000134b8        0x0 build/cooja/mtype289.a(nullnet.o)
 .data          0x00000000000134b8        0x0 build/cooja/mtype289.a(nullrouting.o)
 .data          0x00000000000134b8        0x0 build/cooja/mtype289.a(watchdog.o)
 .data          0x00000000000134b8        0x0 build/cooja/mtype289.a(int-master.o)
 .data          0x00000000000134b8        0x0 build/cooja/mtype289.a(ringbuf.o)
 .data          0x00000000000134b8        0x0 build/cooja/mtype289.a(memb.o)
 .data          0x00000000000134b8        0x0 build/cooja/mtype289.a(assert.o)
 .data          0x00000000000134b8        0x0 build/cooja/mtype289.a(mac-sequence.o)
 .data          0x00000000000134b8        0x0 build/cooja/mtype289.a(mac.o)
 .data          0x00000000000134b8        0x0 build/cooja/mtype289.a(framer-802154.o)
 .data          0x00000000000134b8        0x2 build/cooja/mtype289.a(frame802154.o)
 .data          0x00000000000134ba        0x0 build/cooja/mtype289.a(csma-security.o)
 .data          0x00000000000134ba        0x0 /usr/lib/i386-linux-gnu/libc_nonshared.a(stack_chk_fail_local.oS)
 .data          0x00000000000134ba        0x0 /usr/lib/gcc/i686-linux-gnu/7/crtendS.o
 .data          0x00000000000134ba        0x0 /usr/lib/gcc/i686-linux-gnu/7/../../../i386-linux-gnu/crtn.o

.tm_clone_table
                0x00000000000134bc        0x0
 .tm_clone_table
                0x00000000000134bc        0x0 /usr/lib/gcc/i686-linux-gnu/7/crtbeginS.o
 .tm_clone_table
                0x00000000000134bc        0x0 /usr/lib/gcc/i686-linux-gnu/7/crtendS.o

.data1
 *(.data1)
                0x00000000000134bc                _edata = .
                [!provide]                        PROVIDE (edata = .)
                0x00000000000134bc                . = .
                0x00000000000134bc                __bss_start = .

.bss            0x00000000000134c0     0x8bc4
 *(.dynbss)
 .dynbss        0x00000000000134c0        0x0 /usr/lib/gcc/i686-linux-gnu/7/../../../i386-linux-gnu/crti.o
 *(.bss .bss.* .gnu.linkonce.b.*)
 .bss           0x00000000000134c0        0x0 /usr/lib/gcc/i686-linux-gnu/7/../../../i386-linux-gnu/crti.o
 .bss           0x00000000000134c0        0x1 /usr/lib/gcc/i686-linux-gnu/7/crtbeginS.o
 *fill*         0x00000000000134c1       0x1f 
 .bss           0x00000000000134e0       0x46 node1.o
 *fill*         0x0000000000013526       0x1a 
 .bss           0x0000000000013540     0x2040 build/cooja/mtype289.o
 .bss           0x0000000000015580        0x1 build/cooja/mtype289.a(simEnvChange.o)
                0x0000000000015580                simDontFallAsleep
 *fill*         0x0000000000015581        0x3 
 .bss           0x0000000000015584        0x4 build/cooja/mtype289.a(cooja_mt.o)
 .bss           0x0000000000015588        0x4 build/cooja/mtype289.a(cooja_mtarch.o)
 .bss           0x000000000001558c        0x0 build/cooja/mtype289.a(rtimer-arch.o)
 .bss           0x000000000001558c        0x0 build/cooja/mtype289.a(beep.o)
 .bss           0x000000000001558c        0x1 build/cooja/mtype289.a(leds-arch.o)
                0x000000000001558c                simLedsValue
 .bss           0x000000000001558d        0x0 build/cooja/mtype289.a(moteid.o)
 .bss           0x000000000001558d        0x1 build/cooja/mtype289.a(pir-sensor.o)
                0x000000000001558d                simPirValue
 *fill*         0x000000000001558e        0x2 
 .bss           0x0000000000015590        0x4 build/cooja/mtype289.a(rs232.o)
 .bss           0x0000000000015594        0x1 build/cooja/mtype289.a(vib-sensor.o)
                0x0000000000015594                simVibValue
 .bss           0x0000000000015595        0x0 build/cooja/mtype289.a(clock.o)
 *fill*         0x0000000000015595        0xb 
 .bss           0x00000000000155a0     0x2020 build/cooja/mtype289.a(cooja-log.o)
 .bss           0x00000000000175c0      0xfc0 build/cooja/mtype289.a(cfs-cooja.o)
                0x00000000000175c0                simCFSData
                0x0000000000018560                simCFSSize
                0x0000000000018564                simCFSChanged
                0x0000000000018568                simCFSRead
                0x000000000001856c                simCFSWritten
 .bss           0x0000000000018580       0x24 build/cooja/mtype289.a(cooja-radio.o)
                0x0000000000018580                simReceiving
                0x0000000000018584                simInSize
                0x0000000000018588                simLastPacketTimestamp
                0x0000000000018590                simOutSize
 .bss           0x00000000000185a4        0xc build/cooja/mtype289.a(eeprom.o)
                0x00000000000185a4                simEEPROMChanged
                0x00000000000185a8                simEEPROMRead
                0x00000000000185ac                simEEPROMWritten
 .bss           0x00000000000185b0        0x0 build/cooja/mtype289.a(random.o)
 .bss           0x00000000000185b0        0xc build/cooja/mtype289.a(sensors.o)
 .bss           0x00000000000185bc        0x0 build/cooja/mtype289.a(leds.o)
 .bss           0x00000000000185bc       0x24 build/cooja/mtype289.a(gpio-hal-arch.o)
 .bss           0x00000000000185e0        0x0 build/cooja/mtype289.a(buttons.o)
 .bss           0x00000000000185e0        0x0 build/cooja/mtype289.a(contiki-main.o)
 .bss           0x00000000000185e0        0x0 build/cooja/mtype289.a(autostart.o)
 .bss           0x00000000000185e0        0x5 build/cooja/mtype289.a(ctimer.o)
 *fill*         0x00000000000185e5        0x3 
 .bss           0x00000000000185e8       0x2c build/cooja/mtype289.a(log.o)
                0x00000000000185e8                curr_log_level_rpl
                0x00000000000185ec                curr_log_level_tcpip
                0x00000000000185f0                curr_log_level_ipv6
                0x00000000000185f4                curr_log_level_6lowpan
                0x00000000000185f8                curr_log_level_nullnet
                0x00000000000185fc                curr_log_level_mac
                0x0000000000018600                curr_log_level_framer
                0x0000000000018604                curr_log_level_6top
                0x0000000000018608                curr_log_level_coap
                0x000000000001860c                curr_log_level_snmp
                0x0000000000018610                curr_log_level_lwm2m
 .bss           0x0000000000018614        0x0 build/cooja/mtype289.a(energest.o)
 .bss           0x0000000000018614        0x8 build/cooja/mtype289.a(etimer.o)
 .bss           0x000000000001861c        0x2 build/cooja/mtype289.a(node-id.o)
                0x000000000001861c                node_id
 *fill*         0x000000000001861e        0x2 
 .bss           0x0000000000018620        0x4 build/cooja/mtype289.a(rtimer.o)
 *fill*         0x0000000000018624       0x1c 
 .bss           0x0000000000018640      0x1a1 build/cooja/mtype289.a(process.o)
                0x0000000000018640                process_list
                0x0000000000018644                process_current
 .bss           0x00000000000187e1        0x0 build/cooja/mtype289.a(timer.o)
 .bss           0x00000000000187e1        0x0 build/cooja/mtype289.a(list.o)
 *fill*         0x00000000000187e1        0x3 
 .bss           0x00000000000187e4       0x10 build/cooja/mtype289.a(button-hal.o)
 *fill*         0x00000000000187f4        0xc 
 .bss           0x0000000000018800      0x140 build/cooja/mtype289.a(serial-line.o)
 .bss           0x0000000000018940        0x4 build/cooja/mtype289.a(gpio-hal.o)
 *fill*         0x0000000000018944       0x1c 
 .bss           0x0000000000018960      0x5c0 build/cooja/mtype289.a(queuebuf.o)
 .bss           0x0000000000018f20       0xa0 build/cooja/mtype289.a(packetbuf.o)
 .bss           0x0000000000018fc0        0x4 build/cooja/mtype289.a(netstack.o)
 .bss           0x0000000000018fc4        0x0 build/cooja/mtype289.a(linkaddr.o)
 .bss           0x0000000000018fc4        0x0 build/cooja/mtype289.a(csma.o)
 *fill*         0x0000000000018fc4       0x1c 
 .bss           0x0000000000018fe0      0x186 build/cooja/mtype289.a(csma-output.o)
 *fill*         0x0000000000019166        0x2 
 .bss           0x0000000000019168        0x4 build/cooja/mtype289.a(nullnet.o)
 .bss           0x000000000001916c        0x0 build/cooja/mtype289.a(nullrouting.o)
 .bss           0x000000000001916c        0x0 build/cooja/mtype289.a(watchdog.o)
 .bss           0x000000000001916c        0x4 build/cooja/mtype289.a(int-master.o)
 .bss           0x0000000000019170        0x0 build/cooja/mtype289.a(ringbuf.o)
 .bss           0x0000000000019170        0x0 build/cooja/mtype289.a(memb.o)
 .bss           0x0000000000019170        0x0 build/cooja/mtype289.a(assert.o)
 *fill*         0x0000000000019170       0x10 
 .bss           0x0000000000019180      0x100 build/cooja/mtype289.a(mac-sequence.o)
 .bss           0x0000000000019280        0x0 build/cooja/mtype289.a(mac.o)
 .bss           0x0000000000019280        0x2 build/cooja/mtype289.a(framer-802154.o)
 .bss           0x0000000000019282        0x0 build/cooja/mtype289.a(frame802154.o)
 .bss           0x0000000000019282        0x0 build/cooja/mtype289.a(csma-security.o)
 .bss           0x0000000000019282        0x0 /usr/lib/i386-linux-gnu/libc_nonshared.a(stack_chk_fail_local.oS)
 .bss           0x0000000000019282        0x0 /usr/lib/gcc/i686-linux-gnu/7/crtendS.o
 .bss           0x0000000000019282        0x0 /usr/lib/gcc/i686-linux-gnu/7/../../../i386-linux-gnu/crtn.o
 *(COMMON)
 *fill*         0x0000000000019282        0x2 
 COMMON         0x0000000000019284        0x8 build/cooja/mtype289.o
                0x0000000000019284                referenceVar
                0x0000000000019288                sensors_flags
 COMMON         0x000000000001928c        0xc build/cooja/mtype289.a(simEnvChange.o)
                0x000000000001928c                simEtimerPending
                0x0000000000019290                simProcessRunValue
                0x0000000000019294                simEtimerNextExpirationTime
 COMMON         0x0000000000019298       0x18 build/cooja/mtype289.a(rtimer-arch.o)
                0x0000000000019298                simRtimerPending
                0x00000000000192a0                simRtimerCurrentTicks
                0x00000000000192a8                simRtimerNextExpirationTime
 COMMON         0x00000000000192b0        0x1 build/cooja/mtype289.a(beep.o)
                0x00000000000192b0                simBeeped
 *fill*         0x00000000000192b1        0x3 
 COMMON         0x00000000000192b4        0xc build/cooja/mtype289.a(moteid.o)
                0x00000000000192b4                simRandomSeed
                0x00000000000192b8                simMoteIDChanged
                0x00000000000192bc                simMoteID
 COMMON         0x00000000000192c0        0x2 build/cooja/mtype289.a(pir-sensor.o)
                0x00000000000192c0                simPirIsActive
                0x00000000000192c1                simPirChanged
 *fill*         0x00000000000192c2       0x1e 
 COMMON         0x00000000000192e0      0x820 build/cooja/mtype289.a(rs232.o)
                0x00000000000192e0                simSerialReceivingFlag
                0x00000000000192e4                simSerialReceivingLength
                0x0000000000019300                simSerialReceivingData
 COMMON         0x0000000000019b00        0x2 build/cooja/mtype289.a(vib-sensor.o)
                0x0000000000019b00                simVibChanged
                0x0000000000019b01                simVibIsActive
 *fill*         0x0000000000019b02        0x2 
 COMMON         0x0000000000019b04        0x4 build/cooja/mtype289.a(clock.o)
                0x0000000000019b04                simCurrentTime
 *fill*         0x0000000000019b08       0x18 
 COMMON         0x0000000000019b20     0x2020 build/cooja/mtype289.a(cooja-log.o)
                0x0000000000019b20                simLoggedLength
                0x0000000000019b24                simLoggedFlag
                0x0000000000019b40                simLoggedData
 COMMON         0x000000000001bb40       0xfd build/cooja/mtype289.a(cooja-radio.o)
                0x000000000001bb40                simOutDataBuffer
                0x000000000001bbc0                simInDataBuffer
 *fill*         0x000000000001bc3d        0x3 
 COMMON         0x000000000001bc40      0x400 build/cooja/mtype289.a(eeprom.o)
                0x000000000001bc40                simEEPROMData
 COMMON         0x000000000001c040        0x1 build/cooja/mtype289.a(sensors.o)
                0x000000000001c040                sensors_event
 COMMON         0x000000000001c041        0x2 build/cooja/mtype289.a(buttons.o)
                0x000000000001c041                simButtonIsDown
                0x000000000001c042                simButtonChanged
 COMMON         0x000000000001c043        0x3 build/cooja/mtype289.a(button-hal.o)
                0x000000000001c043                button_hal_periodic_event
                0x000000000001c044                button_hal_press_event
                0x000000000001c045                button_hal_release_event
 COMMON         0x000000000001c046        0x1 build/cooja/mtype289.a(serial-line.o)
                0x000000000001c046                serial_line_event_message
 *fill*         0x000000000001c047        0x1 
 COMMON         0x000000000001c048       0x2c build/cooja/mtype289.a(packetbuf.o)
                0x000000000001c048                packetbuf_attrs
                0x000000000001c064                packetbuf_addrs
 COMMON         0x000000000001c074        0x8 build/cooja/mtype289.a(linkaddr.o)
                0x000000000001c074                linkaddr_node_addr
 COMMON         0x000000000001c07c        0x8 build/cooja/mtype289.a(nullnet.o)
                0x000000000001c07c                nullnet_len
                0x000000000001c080                nullnet_buf
                0x000000000001c084                . = ALIGN ((. != 0x0)?0x4:0x1)
                0x000000000001c084                . = ALIGN (0x4)
                0x000000000001c084                . = SEGMENT_START ("ldata-segment", .)
                0x000000000001c084                . = ALIGN (0x4)
                0x000000000001c084                _end = .
                [!provide]                        PROVIDE (end = .)
                0x000000000001c084                . = DATA_SEGMENT_END (.)

.stab
 *(.stab)

.stabstr
 *(.stabstr)

.stab.excl
 *(.stab.excl)

.stab.exclstr
 *(.stab.exclstr)

.stab.index
 *(.stab.index)

.stab.indexstr
 *(.stab.indexstr)

.comment        0x0000000000000000       0x29
 *(.comment)
 .comment       0x0000000000000000       0x29 /usr/lib/gcc/i686-linux-gnu/7/crtbeginS.o
                                         0x2a (size before relaxing)
 .comment       0x0000000000000029       0x2a node1.o
 .comment       0x0000000000000029       0x2a build/cooja/mtype289.o
 .comment       0x0000000000000029       0x2a build/cooja/mtype289.a(simEnvChange.o)
 .comment       0x0000000000000029       0x2a build/cooja/mtype289.a(cooja_mt.o)
 .comment       0x0000000000000029       0x2a build/cooja/mtype289.a(cooja_mtarch.o)
 .comment       0x0000000000000029       0x2a build/cooja/mtype289.a(rtimer-arch.o)
 .comment       0x0000000000000029       0x2a build/cooja/mtype289.a(beep.o)
 .comment       0x0000000000000029       0x2a build/cooja/mtype289.a(leds-arch.o)
 .comment       0x0000000000000029       0x2a build/cooja/mtype289.a(moteid.o)
 .comment       0x0000000000000029       0x2a build/cooja/mtype289.a(pir-sensor.o)
 .comment       0x0000000000000029       0x2a build/cooja/mtype289.a(rs232.o)
 .comment       0x0000000000000029       0x2a build/cooja/mtype289.a(vib-sensor.o)
 .comment       0x0000000000000029       0x2a build/cooja/mtype289.a(clock.o)
 .comment       0x0000000000000029       0x2a build/cooja/mtype289.a(cooja-log.o)
 .comment       0x0000000000000029       0x2a build/cooja/mtype289.a(cfs-cooja.o)
 .comment       0x0000000000000029       0x2a build/cooja/mtype289.a(cooja-radio.o)
 .comment       0x0000000000000029       0x2a build/cooja/mtype289.a(eeprom.o)
 .comment       0x0000000000000029       0x2a build/cooja/mtype289.a(random.o)
 .comment       0x0000000000000029       0x2a build/cooja/mtype289.a(sensors.o)
 .comment       0x0000000000000029       0x2a build/cooja/mtype289.a(leds.o)
 .comment       0x0000000000000029       0x2a build/cooja/mtype289.a(gpio-hal-arch.o)
 .comment       0x0000000000000029       0x2a build/cooja/mtype289.a(buttons.o)
 .comment       0x0000000000000029       0x2a build/cooja/mtype289.a(contiki-main.o)
 .comment       0x0000000000000029       0x2a build/cooja/mtype289.a(autostart.o)
 .comment       0x0000000000000029       0x2a build/cooja/mtype289.a(ctimer.o)
 .comment       0x0000000000000029       0x2a build/cooja/mtype289.a(log.o)
 .comment       0x0000000000000029       0x2a build/cooja/mtype289.a(energest.o)
 .comment       0x0000000000000029       0x2a build/cooja/mtype289.a(etimer.o)
 .comment       0x0000000000000029       0x2a build/cooja/mtype289.a(node-id.o)
 .comment       0x0000000000000029       0x2a build/cooja/mtype289.a(rtimer.o)
 .comment       0x0000000000000029       0x2a build/cooja/mtype289.a(process.o)
 .comment       0x0000000000000029       0x2a build/cooja/mtype289.a(timer.o)
 .comment       0x0000000000000029       0x2a build/cooja/mtype289.a(list.o)
 .comment       0x0000000000000029       0x2a build/cooja/mtype289.a(button-hal.o)
 .comment       0x0000000000000029       0x2a build/cooja/mtype289.a(serial-line.o)
 .comment       0x0000000000000029       0x2a build/cooja/mtype289.a(gpio-hal.o)
 .comment       0x0000000000000029       0x2a build/cooja/mtype289.a(queuebuf.o)
 .comment       0x0000000000000029       0x2a build/cooja/mtype289.a(packetbuf.o)
 .comment       0x0000000000000029       0x2a build/cooja/mtype289.a(netstack.o)
 .comment       0x0000000000000029       0x2a build/cooja/mtype289.a(linkaddr.o)
 .comment       0x0000000000000029       0x2a build/cooja/mtype289.a(csma.o)
 .comment       0x0000000000000029       0x2a build/cooja/mtype289.a(csma-output.o)
 .comment       0x0000000000000029       0x2a build/cooja/mtype289.a(nullnet.o)
 .comment       0x0000000000000029       0x2a build/cooja/mtype289.a(nullrouting.o)
 .comment       0x0000000000000029       0x2a build/cooja/mtype289.a(watchdog.o)
 .comment       0x0000000000000029       0x2a build/cooja/mtype289.a(int-master.o)
 .comment       0x0000000000000029       0x2a build/cooja/mtype289.a(ringbuf.o)
 .comment       0x0000000000000029       0x2a build/cooja/mtype289.a(memb.o)
 .comment       0x0000000000000029       0x2a build/cooja/mtype289.a(assert.o)
 .comment       0x0000000000000029       0x2a build/cooja/mtype289.a(mac-sequence.o)
 .comment       0x0000000000000029       0x2a build/cooja/mtype289.a(mac.o)
 .comment       0x0000000000000029       0x2a build/cooja/mtype289.a(framer-802154.o)
 .comment       0x0000000000000029       0x2a build/cooja/mtype289.a(frame802154.o)
 .comment       0x0000000000000029       0x2a build/cooja/mtype289.a(csma-security.o)
 .comment       0x0000000000000029       0x2a /usr/lib/gcc/i686-linux-gnu/7/crtendS.o

.debug
 *(.debug)

.line
 *(.line)

.debug_srcinfo
 *(.debug_srcinfo)

.debug_sfnames
 *(.debug_sfnames)

.debug_aranges  0x0000000000000000      0x6c0
 *(.debug_aranges)
 .debug_aranges
                0x0000000000000000       0x20 node1.o
 .debug_aranges
                0x0000000000000020       0x20 build/cooja/mtype289.o
 .debug_aranges
                0x0000000000000040       0x20 build/cooja/mtype289.a(simEnvChange.o)
 .debug_aranges
                0x0000000000000060       0x20 build/cooja/mtype289.a(cooja_mt.o)
 .debug_aranges
                0x0000000000000080       0x20 build/cooja/mtype289.a(cooja_mtarch.o)
 .debug_aranges
                0x00000000000000a0       0x20 build/cooja/mtype289.a(rtimer-arch.o)
 .debug_aranges
                0x00000000000000c0       0x20 build/cooja/mtype289.a(beep.o)
 .debug_aranges
                0x00000000000000e0       0x20 build/cooja/mtype289.a(leds-arch.o)
 .debug_aranges
                0x0000000000000100       0x20 build/cooja/mtype289.a(moteid.o)
 .debug_aranges
                0x0000000000000120       0x20 build/cooja/mtype289.a(pir-sensor.o)
 .debug_aranges
                0x0000000000000140       0x20 build/cooja/mtype289.a(rs232.o)
 .debug_aranges
                0x0000000000000160       0x20 build/cooja/mtype289.a(vib-sensor.o)
 .debug_aranges
                0x0000000000000180       0x20 build/cooja/mtype289.a(clock.o)
 .debug_aranges
                0x00000000000001a0       0x20 build/cooja/mtype289.a(cooja-log.o)
 .debug_aranges
                0x00000000000001c0       0x20 build/cooja/mtype289.a(cfs-cooja.o)
 .debug_aranges
                0x00000000000001e0       0x20 build/cooja/mtype289.a(cooja-radio.o)
 .debug_aranges
                0x0000000000000200       0x20 build/cooja/mtype289.a(eeprom.o)
 .debug_aranges
                0x0000000000000220       0x20 build/cooja/mtype289.a(random.o)
 .debug_aranges
                0x0000000000000240       0x20 build/cooja/mtype289.a(sensors.o)
 .debug_aranges
                0x0000000000000260       0x20 build/cooja/mtype289.a(leds.o)
 .debug_aranges
                0x0000000000000280       0x20 build/cooja/mtype289.a(gpio-hal-arch.o)
 .debug_aranges
                0x00000000000002a0       0x20 build/cooja/mtype289.a(buttons.o)
 .debug_aranges
                0x00000000000002c0       0x20 build/cooja/mtype289.a(contiki-main.o)
 .debug_aranges
                0x00000000000002e0       0x20 build/cooja/mtype289.a(autostart.o)
 .debug_aranges
                0x0000000000000300       0x20 build/cooja/mtype289.a(ctimer.o)
 .debug_aranges
                0x0000000000000320       0x20 build/cooja/mtype289.a(log.o)
 .debug_aranges
                0x0000000000000340       0x20 build/cooja/mtype289.a(energest.o)
 .debug_aranges
                0x0000000000000360       0x20 build/cooja/mtype289.a(etimer.o)
 .debug_aranges
                0x0000000000000380       0x20 build/cooja/mtype289.a(node-id.o)
 .debug_aranges
                0x00000000000003a0       0x20 build/cooja/mtype289.a(rtimer.o)
 .debug_aranges
                0x00000000000003c0       0x20 build/cooja/mtype289.a(process.o)
 .debug_aranges
                0x00000000000003e0       0x20 build/cooja/mtype289.a(timer.o)
 .debug_aranges
                0x0000000000000400       0x20 build/cooja/mtype289.a(list.o)
 .debug_aranges
                0x0000000000000420       0x20 build/cooja/mtype289.a(button-hal.o)
 .debug_aranges
                0x0000000000000440       0x20 build/cooja/mtype289.a(serial-line.o)
 .debug_aranges
                0x0000000000000460       0x20 build/cooja/mtype289.a(gpio-hal.o)
 .debug_aranges
                0x0000000000000480       0x20 build/cooja/mtype289.a(queuebuf.o)
 .debug_aranges
                0x00000000000004a0       0x20 build/cooja/mtype289.a(packetbuf.o)
 .debug_aranges
                0x00000000000004c0       0x20 build/cooja/mtype289.a(netstack.o)
 .debug_aranges
                0x00000000000004e0       0x20 build/cooja/mtype289.a(linkaddr.o)
 .debug_aranges
                0x0000000000000500       0x20 build/cooja/mtype289.a(csma.o)
 .debug_aranges
                0x0000000000000520       0x20 build/cooja/mtype289.a(csma-output.o)
 .debug_aranges
                0x0000000000000540       0x20 build/cooja/mtype289.a(nullnet.o)
 .debug_aranges
                0x0000000000000560       0x20 build/cooja/mtype289.a(nullrouting.o)
 .debug_aranges
                0x0000000000000580       0x20 build/cooja/mtype289.a(watchdog.o)
 .debug_aranges
                0x00000000000005a0       0x20 build/cooja/mtype289.a(int-master.o)
 .debug_aranges
                0x00000000000005c0       0x20 build/cooja/mtype289.a(ringbuf.o)
 .debug_aranges
                0x00000000000005e0       0x20 build/cooja/mtype289.a(memb.o)
 .debug_aranges
                0x0000000000000600       0x20 build/cooja/mtype289.a(assert.o)
 .debug_aranges
                0x0000000000000620       0x20 build/cooja/mtype289.a(mac-sequence.o)
 .debug_aranges
                0x0000000000000640       0x20 build/cooja/mtype289.a(mac.o)
 .debug_aranges
                0x0000000000000660       0x20 build/cooja/mtype289.a(framer-802154.o)
 .debug_aranges
                0x0000000000000680       0x20 build/cooja/mtype289.a(frame802154.o)
 .debug_aranges
                0x00000000000006a0       0x20 build/cooja/mtype289.a(csma-security.o)

.debug_pubnames
 *(.debug_pubnames)

.debug_info     0x0000000000000000    0x1d552
 *(.debug_info .gnu.linkonce.wi.*)
 .debug_info    0x0000000000000000      0xa49 node1.o
 .debug_info    0x0000000000000a49     0x4132 build/cooja/mtype289.o
 .debug_info    0x0000000000004b7b      0x515 build/cooja/mtype289.a(simEnvChange.o)
 .debug_info    0x0000000000005090      0x2df build/cooja/mtype289.a(cooja_mt.o)
 .debug_info    0x000000000000536f      0x5f2 build/cooja/mtype289.a(cooja_mtarch.o)
 .debug_info    0x0000000000005961      0x30e build/cooja/mtype289.a(rtimer-arch.o)
 .debug_info    0x0000000000005c6f      0x334 build/cooja/mtype289.a(beep.o)
 .debug_info    0x0000000000005fa3      0x2e8 build/cooja/mtype289.a(leds-arch.o)
 .debug_info    0x000000000000628b      0x261 build/cooja/mtype289.a(moteid.o)
 .debug_info    0x00000000000064ec      0x37f build/cooja/mtype289.a(pir-sensor.o)
 .debug_info    0x000000000000686b      0x61e build/cooja/mtype289.a(rs232.o)
 .debug_info    0x0000000000006e89      0x37f build/cooja/mtype289.a(vib-sensor.o)
 .debug_info    0x0000000000007208      0x293 build/cooja/mtype289.a(clock.o)
 .debug_info    0x000000000000749b      0x686 build/cooja/mtype289.a(cooja-log.o)
 .debug_info    0x0000000000007b21      0x798 build/cooja/mtype289.a(cfs-cooja.o)
 .debug_info    0x00000000000082b9     0x1328 build/cooja/mtype289.a(cooja-radio.o)
 .debug_info    0x00000000000095e1      0x31e build/cooja/mtype289.a(eeprom.o)
 .debug_info    0x00000000000098ff       0xa8 build/cooja/mtype289.a(random.o)
 .debug_info    0x00000000000099a7      0x3f5 build/cooja/mtype289.a(sensors.o)
 .debug_info    0x0000000000009d9c      0x3da build/cooja/mtype289.a(leds.o)
 .debug_info    0x000000000000a176      0x945 build/cooja/mtype289.a(gpio-hal-arch.o)
 .debug_info    0x000000000000aabb      0x96f build/cooja/mtype289.a(buttons.o)
 .debug_info    0x000000000000b42a     0x1a8c build/cooja/mtype289.a(contiki-main.o)
 .debug_info    0x000000000000ceb6      0x225 build/cooja/mtype289.a(autostart.o)
 .debug_info    0x000000000000d0db      0x4d6 build/cooja/mtype289.a(ctimer.o)
 .debug_info    0x000000000000d5b1      0xb4e build/cooja/mtype289.a(log.o)
 .debug_info    0x000000000000e0ff      0x210 build/cooja/mtype289.a(energest.o)
 .debug_info    0x000000000000e30f      0x4fe build/cooja/mtype289.a(etimer.o)
 .debug_info    0x000000000000e80d      0x5f1 build/cooja/mtype289.a(node-id.o)
 .debug_info    0x000000000000edfe      0x314 build/cooja/mtype289.a(rtimer.o)
 .debug_info    0x000000000000f112      0x7b2 build/cooja/mtype289.a(process.o)
 .debug_info    0x000000000000f8c4      0x2b8 build/cooja/mtype289.a(timer.o)
 .debug_info    0x000000000000fb7c      0x4ce build/cooja/mtype289.a(list.o)
 .debug_info    0x000000000001004a      0x70a build/cooja/mtype289.a(button-hal.o)
 .debug_info    0x0000000000010754      0x365 build/cooja/mtype289.a(serial-line.o)
 .debug_info    0x0000000000010ab9      0x792 build/cooja/mtype289.a(gpio-hal.o)
 .debug_info    0x000000000001124b     0x14ad build/cooja/mtype289.a(queuebuf.o)
 .debug_info    0x00000000000126f8     0x1471 build/cooja/mtype289.a(packetbuf.o)
 .debug_info    0x0000000000013b69      0x73d build/cooja/mtype289.a(netstack.o)
 .debug_info    0x00000000000142a6      0x2e9 build/cooja/mtype289.a(linkaddr.o)
 .debug_info    0x000000000001458f      0xeed build/cooja/mtype289.a(csma.o)
 .debug_info    0x000000000001547c     0x153f build/cooja/mtype289.a(csma-output.o)
 .debug_info    0x00000000000169bb      0xdf7 build/cooja/mtype289.a(nullnet.o)
 .debug_info    0x00000000000177b2      0xfde build/cooja/mtype289.a(nullrouting.o)
 .debug_info    0x0000000000018790      0x218 build/cooja/mtype289.a(watchdog.o)
 .debug_info    0x00000000000189a8      0x26d build/cooja/mtype289.a(int-master.o)
 .debug_info    0x0000000000018c15      0x30c build/cooja/mtype289.a(ringbuf.o)
 .debug_info    0x0000000000018f21      0x32b build/cooja/mtype289.a(memb.o)
 .debug_info    0x000000000001924c      0x482 build/cooja/mtype289.a(assert.o)
 .debug_info    0x00000000000196ce     0x1147 build/cooja/mtype289.a(mac-sequence.o)
 .debug_info    0x000000000001a815      0x61d build/cooja/mtype289.a(mac.o)
 .debug_info    0x000000000001ae32      0xd31 build/cooja/mtype289.a(framer-802154.o)
 .debug_info    0x000000000001bb63      0xbe8 build/cooja/mtype289.a(frame802154.o)
 .debug_info    0x000000000001c74b      0xe07 build/cooja/mtype289.a(csma-security.o)

.debug_abbrev   0x0000000000000000     0x6362
 *(.debug_abbrev)
 .debug_abbrev  0x0000000000000000      0x20d node1.o
 .debug_abbrev  0x000000000000020d      0x318 build/cooja/mtype289.o
 .debug_abbrev  0x0000000000000525      0x167 build/cooja/mtype289.a(simEnvChange.o)
 .debug_abbrev  0x000000000000068c      0x188 build/cooja/mtype289.a(cooja_mt.o)
 .debug_abbrev  0x0000000000000814      0x1c0 build/cooja/mtype289.a(cooja_mtarch.o)
 .debug_abbrev  0x00000000000009d4      0x18f build/cooja/mtype289.a(rtimer-arch.o)
 .debug_abbrev  0x0000000000000b63      0x18f build/cooja/mtype289.a(beep.o)
 .debug_abbrev  0x0000000000000cf2      0x15c build/cooja/mtype289.a(leds-arch.o)
 .debug_abbrev  0x0000000000000e4e      0x14a build/cooja/mtype289.a(moteid.o)
 .debug_abbrev  0x0000000000000f98      0x19a build/cooja/mtype289.a(pir-sensor.o)
 .debug_abbrev  0x0000000000001132      0x1ed build/cooja/mtype289.a(rs232.o)
 .debug_abbrev  0x000000000000131f      0x19a build/cooja/mtype289.a(vib-sensor.o)
 .debug_abbrev  0x00000000000014b9      0x18f build/cooja/mtype289.a(clock.o)
 .debug_abbrev  0x0000000000001648      0x201 build/cooja/mtype289.a(cooja-log.o)
 .debug_abbrev  0x0000000000001849      0x1eb build/cooja/mtype289.a(cfs-cooja.o)
 .debug_abbrev  0x0000000000001a34      0x399 build/cooja/mtype289.a(cooja-radio.o)
 .debug_abbrev  0x0000000000001dcd      0x180 build/cooja/mtype289.a(eeprom.o)
 .debug_abbrev  0x0000000000001f4d       0x6b build/cooja/mtype289.a(random.o)
 .debug_abbrev  0x0000000000001fb8      0x1cd build/cooja/mtype289.a(sensors.o)
 .debug_abbrev  0x0000000000002185      0x183 build/cooja/mtype289.a(leds.o)
 .debug_abbrev  0x0000000000002308      0x20b build/cooja/mtype289.a(gpio-hal-arch.o)
 .debug_abbrev  0x0000000000002513      0x1d1 build/cooja/mtype289.a(buttons.o)
 .debug_abbrev  0x00000000000026e4      0x203 build/cooja/mtype289.a(contiki-main.o)
 .debug_abbrev  0x00000000000028e7      0x12b build/cooja/mtype289.a(autostart.o)
 .debug_abbrev  0x0000000000002a12      0x1be build/cooja/mtype289.a(ctimer.o)
 .debug_abbrev  0x0000000000002bd0      0x221 build/cooja/mtype289.a(log.o)
 .debug_abbrev  0x0000000000002df1      0x10d build/cooja/mtype289.a(energest.o)
 .debug_abbrev  0x0000000000002efe      0x229 build/cooja/mtype289.a(etimer.o)
 .debug_abbrev  0x0000000000003127      0x180 build/cooja/mtype289.a(node-id.o)
 .debug_abbrev  0x00000000000032a7      0x1a6 build/cooja/mtype289.a(rtimer.o)
 .debug_abbrev  0x000000000000344d      0x27b build/cooja/mtype289.a(process.o)
 .debug_abbrev  0x00000000000036c8      0x174 build/cooja/mtype289.a(timer.o)
 .debug_abbrev  0x000000000000383c      0x1e2 build/cooja/mtype289.a(list.o)
 .debug_abbrev  0x0000000000003a1e      0x256 build/cooja/mtype289.a(button-hal.o)
 .debug_abbrev  0x0000000000003c74      0x1a0 build/cooja/mtype289.a(serial-line.o)
 .debug_abbrev  0x0000000000003e14      0x1b0 build/cooja/mtype289.a(gpio-hal.o)
 .debug_abbrev  0x0000000000003fc4      0x2b5 build/cooja/mtype289.a(queuebuf.o)
 .debug_abbrev  0x0000000000004279      0x2ce build/cooja/mtype289.a(packetbuf.o)
 .debug_abbrev  0x0000000000004547      0x207 build/cooja/mtype289.a(netstack.o)
 .debug_abbrev  0x000000000000474e      0x177 build/cooja/mtype289.a(linkaddr.o)
 .debug_abbrev  0x00000000000048c5      0x27f build/cooja/mtype289.a(csma.o)
 .debug_abbrev  0x0000000000004b44      0x2e1 build/cooja/mtype289.a(csma-output.o)
 .debug_abbrev  0x0000000000004e25      0x245 build/cooja/mtype289.a(nullnet.o)
 .debug_abbrev  0x000000000000506a      0x234 build/cooja/mtype289.a(nullrouting.o)
 .debug_abbrev  0x000000000000529e      0x10b build/cooja/mtype289.a(watchdog.o)
 .debug_abbrev  0x00000000000053a9      0x170 build/cooja/mtype289.a(int-master.o)
 .debug_abbrev  0x0000000000005519      0x15a build/cooja/mtype289.a(ringbuf.o)
 .debug_abbrev  0x0000000000005673      0x15a build/cooja/mtype289.a(memb.o)
 .debug_abbrev  0x00000000000057cd      0x13d build/cooja/mtype289.a(assert.o)
 .debug_abbrev  0x000000000000590a      0x21b build/cooja/mtype289.a(mac-sequence.o)
 .debug_abbrev  0x0000000000005b25      0x16f build/cooja/mtype289.a(mac.o)
 .debug_abbrev  0x0000000000005c94      0x22e build/cooja/mtype289.a(framer-802154.o)
 .debug_abbrev  0x0000000000005ec2      0x2cc build/cooja/mtype289.a(frame802154.o)
 .debug_abbrev  0x000000000000618e      0x1d4 build/cooja/mtype289.a(csma-security.o)

.debug_line     0x0000000000000000     0x704c
 *(.debug_line .debug_line.* .debug_line_end)
 .debug_line    0x0000000000000000      0x252 node1.o
 .debug_line    0x0000000000000252      0x4c1 build/cooja/mtype289.o
 .debug_line    0x0000000000000713      0x1c3 build/cooja/mtype289.a(simEnvChange.o)
 .debug_line    0x00000000000008d6      0x157 build/cooja/mtype289.a(cooja_mt.o)
 .debug_line    0x0000000000000a2d      0x1fe build/cooja/mtype289.a(cooja_mtarch.o)
 .debug_line    0x0000000000000c2b      0x193 build/cooja/mtype289.a(rtimer-arch.o)
 .debug_line    0x0000000000000dbe      0x11e build/cooja/mtype289.a(beep.o)
 .debug_line    0x0000000000000edc      0x179 build/cooja/mtype289.a(leds-arch.o)
 .debug_line    0x0000000000001055      0x136 build/cooja/mtype289.a(moteid.o)
 .debug_line    0x000000000000118b      0x171 build/cooja/mtype289.a(pir-sensor.o)
 .debug_line    0x00000000000012fc      0x21a build/cooja/mtype289.a(rs232.o)
 .debug_line    0x0000000000001516      0x171 build/cooja/mtype289.a(vib-sensor.o)
 .debug_line    0x0000000000001687      0x10f build/cooja/mtype289.a(clock.o)
 .debug_line    0x0000000000001796      0x1f4 build/cooja/mtype289.a(cooja-log.o)
 .debug_line    0x000000000000198a      0x224 build/cooja/mtype289.a(cfs-cooja.o)
 .debug_line    0x0000000000001bae      0x383 build/cooja/mtype289.a(cooja-radio.o)
 .debug_line    0x0000000000001f31      0x140 build/cooja/mtype289.a(eeprom.o)
 .debug_line    0x0000000000002071       0x4d build/cooja/mtype289.a(random.o)
 .debug_line    0x00000000000020be      0x1a2 build/cooja/mtype289.a(sensors.o)
 .debug_line    0x0000000000002260      0x200 build/cooja/mtype289.a(leds.o)
 .debug_line    0x0000000000002460      0x2be build/cooja/mtype289.a(gpio-hal-arch.o)
 .debug_line    0x000000000000271e      0x251 build/cooja/mtype289.a(buttons.o)
 .debug_line    0x000000000000296f      0x4de build/cooja/mtype289.a(contiki-main.o)
 .debug_line    0x0000000000002e4d      0x114 build/cooja/mtype289.a(autostart.o)
 .debug_line    0x0000000000002f61      0x1b7 build/cooja/mtype289.a(ctimer.o)
 .debug_line    0x0000000000003118      0x260 build/cooja/mtype289.a(log.o)
 .debug_line    0x0000000000003378      0x12b build/cooja/mtype289.a(energest.o)
 .debug_line    0x00000000000034a3      0x1e8 build/cooja/mtype289.a(etimer.o)
 .debug_line    0x000000000000368b      0x176 build/cooja/mtype289.a(node-id.o)
 .debug_line    0x0000000000003801      0x150 build/cooja/mtype289.a(rtimer.o)
 .debug_line    0x0000000000003951      0x295 build/cooja/mtype289.a(process.o)
 .debug_line    0x0000000000003be6      0x10f build/cooja/mtype289.a(timer.o)
 .debug_line    0x0000000000003cf5      0x1bf build/cooja/mtype289.a(list.o)
 .debug_line    0x0000000000003eb4      0x291 build/cooja/mtype289.a(button-hal.o)
 .debug_line    0x0000000000004145      0x1d3 build/cooja/mtype289.a(serial-line.o)
 .debug_line    0x0000000000004318      0x219 build/cooja/mtype289.a(gpio-hal.o)
 .debug_line    0x0000000000004531      0x343 build/cooja/mtype289.a(queuebuf.o)
 .debug_line    0x0000000000004874      0x37e build/cooja/mtype289.a(packetbuf.o)
 .debug_line    0x0000000000004bf2      0x216 build/cooja/mtype289.a(netstack.o)
 .debug_line    0x0000000000004e08      0x14a build/cooja/mtype289.a(linkaddr.o)
 .debug_line    0x0000000000004f52      0x2bb build/cooja/mtype289.a(csma.o)
 .debug_line    0x000000000000520d      0x42a build/cooja/mtype289.a(csma-output.o)
 .debug_line    0x0000000000005637      0x284 build/cooja/mtype289.a(nullnet.o)
 .debug_line    0x00000000000058bb      0x2ca build/cooja/mtype289.a(nullrouting.o)
 .debug_line    0x0000000000005b85      0x110 build/cooja/mtype289.a(watchdog.o)
 .debug_line    0x0000000000005c95      0x143 build/cooja/mtype289.a(int-master.o)
 .debug_line    0x0000000000005dd8      0x16a build/cooja/mtype289.a(ringbuf.o)
 .debug_line    0x0000000000005f42      0x169 build/cooja/mtype289.a(memb.o)
 .debug_line    0x00000000000060ab      0x187 build/cooja/mtype289.a(assert.o)
 .debug_line    0x0000000000006232      0x326 build/cooja/mtype289.a(mac-sequence.o)
 .debug_line    0x0000000000006558      0x1c7 build/cooja/mtype289.a(mac.o)
 .debug_line    0x000000000000671f      0x2e0 build/cooja/mtype289.a(framer-802154.o)
 .debug_line    0x00000000000069ff      0x3bb build/cooja/mtype289.a(frame802154.o)
 .debug_line    0x0000000000006dba      0x292 build/cooja/mtype289.a(csma-security.o)

.debug_frame
 *(.debug_frame)

.debug_str      0x0000000000000000     0x5978
 *(.debug_str)
 .debug_str     0x0000000000000000      0x6d4 node1.o
                                        0x7e3 (size before relaxing)
 .debug_str     0x00000000000006d4     0x1b4a build/cooja/mtype289.o
                                       0x236f (size before relaxing)
 .debug_str     0x000000000000221e       0x2d build/cooja/mtype289.a(simEnvChange.o)
                                        0x460 (size before relaxing)
 .debug_str     0x000000000000224b       0x5e build/cooja/mtype289.a(cooja_mt.o)
                                        0x2ad (size before relaxing)
 .debug_str     0x00000000000022a9       0x94 build/cooja/mtype289.a(cooja_mtarch.o)
                                        0x4cf (size before relaxing)
 .debug_str     0x000000000000233d      0x124 build/cooja/mtype289.a(rtimer-arch.o)
                                        0x359 (size before relaxing)
 .debug_str     0x0000000000002461       0xc3 build/cooja/mtype289.a(beep.o)
                                        0x315 (size before relaxing)
 .debug_str     0x0000000000002524       0x9b build/cooja/mtype289.a(leds-arch.o)
                                        0x339 (size before relaxing)
 .debug_str     0x00000000000025bf       0x46 build/cooja/mtype289.a(moteid.o)
                                        0x2d8 (size before relaxing)
 .debug_str     0x0000000000002605       0x54 build/cooja/mtype289.a(pir-sensor.o)
                                        0x32d (size before relaxing)
 .debug_str     0x0000000000002659       0xce build/cooja/mtype289.a(rs232.o)
                                        0x596 (size before relaxing)
 .debug_str     0x0000000000002727       0x54 build/cooja/mtype289.a(vib-sensor.o)
                                        0x32d (size before relaxing)
 .debug_str     0x000000000000277b       0x61 build/cooja/mtype289.a(clock.o)
                                        0x2e8 (size before relaxing)
 .debug_str     0x00000000000027dc       0xd6 build/cooja/mtype289.a(cooja-log.o)
                                        0x576 (size before relaxing)
 .debug_str     0x00000000000028b2      0x110 build/cooja/mtype289.a(cfs-cooja.o)
                                        0x581 (size before relaxing)
 .debug_str     0x00000000000029c2      0x6aa build/cooja/mtype289.a(cooja-radio.o)
                                        0xff4 (size before relaxing)
 .debug_str     0x000000000000306c       0x98 build/cooja/mtype289.a(eeprom.o)
                                        0x325 (size before relaxing)
 .debug_str     0x0000000000003104       0x33 build/cooja/mtype289.a(random.o)
                                        0x142 (size before relaxing)
 .debug_str     0x0000000000003137       0x8b build/cooja/mtype289.a(sensors.o)
                                        0x320 (size before relaxing)
 .debug_str     0x00000000000031c2       0x8a build/cooja/mtype289.a(leds.o)
                                        0x302 (size before relaxing)
 .debug_str     0x000000000000324c      0x2a5 build/cooja/mtype289.a(gpio-hal-arch.o)
                                        0x84c (size before relaxing)
 .debug_str     0x00000000000034f1       0xf4 build/cooja/mtype289.a(buttons.o)
                                        0x82b (size before relaxing)
 .debug_str     0x00000000000035e5      0xa14 build/cooja/mtype289.a(contiki-main.o)
                                       0x165d (size before relaxing)
 .debug_str     0x0000000000003ff9       0x38 build/cooja/mtype289.a(autostart.o)
                                        0x24c (size before relaxing)
 .debug_str     0x0000000000004031       0xcf build/cooja/mtype289.a(ctimer.o)
                                        0x330 (size before relaxing)
 .debug_str     0x0000000000004100       0x7a build/cooja/mtype289.a(log.o)
                                        0x805 (size before relaxing)
 .debug_str     0x000000000000417a       0x4d build/cooja/mtype289.a(energest.o)
                                        0x26b (size before relaxing)
 .debug_str     0x00000000000041c7      0x150 build/cooja/mtype289.a(etimer.o)
                                        0x394 (size before relaxing)
 .debug_str     0x0000000000004317       0x24 build/cooja/mtype289.a(node-id.o)