Archive member included to satisfy reference by file (symbol)

build/cooja/mtype985.a(simEnvChange.o)
                              build/cooja/mtype985.o (simDontFallAsleep)
build/cooja/mtype985.a(cooja_mt.o)
                              build/cooja/mtype985.o (cooja_mt_start)
build/cooja/mtype985.a(cooja_mtarch.o)
                              build/cooja/mtype985.a(cooja_mt.o) (cooja_mtarch_start)
build/cooja/mtype985.a(rtimer-arch.o)
                              build/cooja/mtype985.o (rtimer_arch_check)
build/cooja/mtype985.a(beep.o)
                              build/cooja/mtype985.o (beep_interface)
build/cooja/mtype985.a(leds-arch.o)
                              build/cooja/mtype985.o (leds_interface)
build/cooja/mtype985.a(moteid.o)
                              build/cooja/mtype985.o (moteid_interface)
build/cooja/mtype985.a(pir-sensor.o)
                              build/cooja/mtype985.o (pir_interface)
build/cooja/mtype985.a(rs232.o)
                              build/cooja/mtype985.o (rs232_interface)
build/cooja/mtype985.a(vib-sensor.o)
                              build/cooja/mtype985.o (vib_interface)
build/cooja/mtype985.a(clock.o)
                              build/cooja/mtype985.o (clock_interface)
build/cooja/mtype985.a(cooja-log.o)
                              build/cooja/mtype985.o (simlog_interface)
build/cooja/mtype985.a(cfs-cooja.o)
                              build/cooja/mtype985.o (cfs_interface)
build/cooja/mtype985.a(cooja-radio.o)
                              build/cooja/mtype985.o (radio_interface)
build/cooja/mtype985.a(eeprom.o)
                              build/cooja/mtype985.o (eeprom_interface)
build/cooja/mtype985.a(random.o)
                              build/cooja/mtype985.a(moteid.o) (random_init)
build/cooja/mtype985.a(sensors.o)
                              build/cooja/mtype985.a(pir-sensor.o) (sensors_changed)
build/cooja/mtype985.a(leds.o)
                              build/cooja/mtype985.a(leds-arch.o) (leds_get)
build/cooja/mtype985.a(gpio-hal-arch.o)
                              build/cooja/mtype985.a(leds-arch.o) (gpio_hal_arch_register_pin_callback)
build/cooja/mtype985.a(buttons.o)
                              build/cooja/mtype985.o (button_interface)
build/cooja/mtype985.a(contiki-main.o)
                              build/cooja/mtype985.o (main)
build/cooja/mtype985.a(autostart.o)
                              build/cooja/mtype985.a(contiki-main.o) (autostart_start)
build/cooja/mtype985.a(ctimer.o)
                              build/cooja/mtype985.a(contiki-main.o) (ctimer_init)
build/cooja/mtype985.a(log.o)
                              build/cooja/mtype985.a(contiki-main.o) (curr_log_level_main)
build/cooja/mtype985.a(energest.o)
                              build/cooja/mtype985.a(contiki-main.o) (energest_init)
build/cooja/mtype985.a(etimer.o)
                              build/cooja/mtype985.a(contiki-main.o) (etimer_process)
build/cooja/mtype985.a(node-id.o)
                              build/cooja/mtype985.a(contiki-main.o) (node_id)
build/cooja/mtype985.a(rtimer.o)
                              build/cooja/mtype985.a(contiki-main.o) (rtimer_init)
build/cooja/mtype985.a(process.o)
                              build/cooja/mtype985.a(ctimer.o) (process_current)
build/cooja/mtype985.a(timer.o)
                              build/cooja/mtype985.a(etimer.o) (timer_set)
build/cooja/mtype985.a(list.o)
                              build/cooja/mtype985.a(ctimer.o) (list_init)
build/cooja/mtype985.a(button-hal.o)
                              build/cooja/mtype985.o (button_hal_init)
build/cooja/mtype985.a(serial-line.o)
                              build/cooja/mtype985.a(rs232.o) (serial_line_input_byte)
build/cooja/mtype985.a(gpio-hal.o)
                              build/cooja/mtype985.a(button-hal.o) (gpio_hal_register_handler)
build/cooja/mtype985.a(queuebuf.o)
                              build/cooja/mtype985.a(contiki-main.o) (queuebuf_init)
build/cooja/mtype985.a(packetbuf.o)
                              build/cooja/mtype985.a(cooja-radio.o) (packetbuf_clear)
build/cooja/mtype985.a(netstack.o)
                              build/cooja/mtype985.a(contiki-main.o) (netstack_init)
build/cooja/mtype985.a(linkaddr.o)
                              node3.o (linkaddr_node_addr)
build/cooja/mtype985.a(csma.o)
                              build/cooja/mtype985.a(cooja-radio.o) (csma_driver)
build/cooja/mtype985.a(csma-output.o)
                              build/cooja/mtype985.a(csma.o) (csma_output_packet)
build/cooja/mtype985.a(nullnet.o)
                              node3.o (nullnet_buf)
build/cooja/mtype985.a(nullrouting.o)
                              build/cooja/mtype985.a(contiki-main.o) (nullrouting_driver)
build/cooja/mtype985.a(watchdog.o)
                              build/cooja/mtype985.a(contiki-main.o) (watchdog_init)
build/cooja/mtype985.a(int-master.o)
[...]
Memory Configuration

Name             Origin             Length             Attributes
*default*        0x0000000000000000 0xffffffffffffffff

Linker script and memory map

LOAD /usr/lib/gcc/i686-linux-gnu/7/../../../i386-linux-gnu/crti.o
LOAD /usr/lib/gcc/i686-linux-gnu/7/crtbeginS.o
LOAD node3.o
LOAD build/cooja/mtype985.o
LOAD build/cooja/mtype985.a
LOAD /usr/lib/gcc/i686-linux-gnu/7/libgcc.a
LOAD /usr/lib/gcc/i686-linux-gnu/7/libgcc_s.so
START GROUP
LOAD /usr/lib/gcc/i686-linux-gnu/7/libgcc_s.so.1
LOAD /usr/lib/gcc/i686-linux-gnu/7/libgcc.a
END GROUP
LOAD /usr/lib/gcc/i686-linux-gnu/7/../../../i386-linux-gnu/libc.so
START GROUP
LOAD /lib/i386-linux-gnu/libc.so.6
LOAD /usr/lib/i386-linux-gnu/libc_nonshared.a
LOAD /lib/i386-linux-gnu/ld-linux.so.2
END GROUP
LOAD /usr/lib/gcc/i686-linux-gnu/7/libgcc.a
LOAD /usr/lib/gcc/i686-linux-gnu/7/libgcc_s.so
START GROUP
LOAD /usr/lib/gcc/i686-linux-gnu/7/libgcc_s.so.1
LOAD /usr/lib/gcc/i686-linux-gnu/7/libgcc.a
END GROUP
LOAD /usr/lib/gcc/i686-linux-gnu/7/crtendS.o
LOAD /usr/lib/gcc/i686-linux-gnu/7/../../../i386-linux-gnu/crtn.o
                0x0000000000000114                . = (SEGMENT_START ("text-segment", 0x0) + SIZEOF_HEADERS)

.note.gnu.build-id
                0x0000000000000114       0x24
 *(.note.gnu.build-id)
 .note.gnu.build-id
                0x0000000000000114       0x24 /usr/lib/gcc/i686-linux-gnu/7/../../../i386-linux-gnu/crti.o

.hash
 *(.hash)

.gnu.hash       0x0000000000000138      0xaf8
 *(.gnu.hash)
 .gnu.hash      0x0000000000000138      0xaf8 /usr/lib/gcc/i686-linux-gnu/7/../../../i386-linux-gnu/crti.o

.dynsym         0x0000000000000c30     0x1830
 *(.dynsym)
 .dynsym        0x0000000000000c30     0x1830 /usr/lib/gcc/i686-linux-gnu/7/../../../i386-linux-gnu/crti.o

.dynstr         0x0000000000002460     0x1a06
 *(.dynstr)
 .dynstr        0x0000000000002460     0x1a06 /usr/lib/gcc/i686-linux-gnu/7/../../../i386-linux-gnu/crti.o

.gnu.version    0x0000000000003e66      0x306
 *(.gnu.version)
 .gnu.version   0x0000000000003e66      0x306 /usr/lib/gcc/i686-linux-gnu/7/../../../i386-linux-gnu/crti.o

.gnu.version_d  0x000000000000416c        0x0
 *(.gnu.version_d)
 .gnu.version_d
                0x000000000000416c        0x0 /usr/lib/gcc/i686-linux-gnu/7/../../../i386-linux-gnu/crti.o

.gnu.version_r  0x000000000000416c       0x40
 *(.gnu.version_r)
 .gnu.version_r
                0x000000000000416c       0x40 /usr/lib/gcc/i686-linux-gnu/7/../../../i386-linux-gnu/crti.o

.rel.dyn        0x00000000000041ac      0x880
 *(.rel.init)
 .rel.init      0x00000000000041ac        0x0 /usr/lib/gcc/i686-linux-gnu/7/../../../i386-linux-gnu/crti.o
 *(.rel.text .rel.text.* .rel.gnu.linkonce.t.*)
 .rel.text      0x00000000000041ac      0x1a8 /usr/lib/gcc/i686-linux-gnu/7/../../../i386-linux-gnu/crti.o
 *(.rel.fini)
 .rel.fini      0x0000000000004354        0x0 /usr/lib/gcc/i686-linux-gnu/7/../../../i386-linux-gnu/crti.o
 *(.rel.rodata .rel.rodata.* .rel.gnu.linkonce.r.*)
 *(.rel.data.rel.ro .rel.data.rel.ro.* .rel.gnu.linkonce.d.rel.ro.*)
 .rel.data.rel.ro.local
                0x0000000000004354      0x2b0 /usr/lib/gcc/i686-linux-gnu/7/../../../i386-linux-gnu/crti.o
 *(.rel.data .rel.data.* .rel.gnu.linkonce.d.*)
 .rel.data.rel.local
                0x0000000000004604      0x1c0 /usr/lib/gcc/i686-linux-gnu/7/../../../i386-linux-gnu/crti.o
 .rel.data.rel  0x00000000000047c4       0x78 /usr/lib/gcc/i686-linux-gnu/7/../../../i386-linux-gnu/crti.o
 *(.rel.tdata .rel.tdata.* .rel.gnu.linkonce.td.*)
 *(.rel.tbss .rel.tbss.* .rel.gnu.linkonce.tb.*)
 *(.rel.ctors)
 *(.rel.dtors)
 *(.rel.got)
 .rel.got       0x000000000000483c      0x1e0 /usr/lib/gcc/i686-linux-gnu/7/../../../i386-linux-gnu/crti.o
 *(.rel.bss .rel.bss.* .rel.gnu.linkonce.b.*)
 *(.rel.ifunc)
 .rel.ifunc     0x0000000000004a1c        0x0 /usr/lib/gcc/i686-linux-gnu/7/../../../i386-linux-gnu/crti.o
 .rel.fini_array
                0x0000000000004a1c        0x8 /usr/lib/gcc/i686-linux-gnu/7/../../../i386-linux-gnu/crti.o
 .rel.init_array
                0x0000000000004a24        0x8 /usr/lib/gcc/i686-linux-gnu/7/../../../i386-linux-gnu/crti.o

.rel.plt        0x0000000000004a2c      0x490
 *(.rel.plt)
 .rel.plt       0x0000000000004a2c      0x490 /usr/lib/gcc/i686-linux-gnu/7/../../../i386-linux-gnu/crti.o
 *(.rel.iplt)

.init           0x0000000000004ebc       0x23
 *(SORT_NONE(.init))
 .init          0x0000000000004ebc       0x1e /usr/lib/gcc/i686-linux-gnu/7/../../../i386-linux-gnu/crti.o
                0x0000000000004ebc                _init
 .init          0x0000000000004eda        0x5 /usr/lib/gcc/i686-linux-gnu/7/../../../i386-linux-gnu/crtn.o

.plt            0x0000000000004ee0      0x930
 *(.plt)
 .plt           0x0000000000004ee0      0x930 /usr/lib/gcc/i686-linux-gnu/7/../../../i386-linux-gnu/crti.o
 *(.iplt)

.plt.got        0x0000000000005810       0x18
 *(.plt.got)
 .plt.got       0x0000000000005810       0x18 /usr/lib/gcc/i686-linux-gnu/7/../../../i386-linux-gnu/crti.o

.plt.sec
 *(.plt.sec)

.text           0x0000000000005830     0x8224
 *(.text.unlikely .text.*_unlikely .text.unlikely.*)
 *(.text.exit .text.exit.*)
 *(.text.startup .text.startup.*)
 *(.text.hot .text.hot.*)
 *(.text .stub .text.* .gnu.linkonce.t.*)
 .text          0x0000000000005830        0x0 /usr/lib/gcc/i686-linux-gnu/7/../../../i386-linux-gnu/crti.o
 .gnu.linkonce.t.__x86.get_pc_thunk.bx
                0x0000000000005830        0x4 /usr/lib/gcc/i686-linux-gnu/7/../../../i386-linux-gnu/crti.o
                0x0000000000005830                __x86.get_pc_thunk.bx
 *fill*         0x0000000000005834        0xc 
 .text          0x0000000000005840       0xe9 /usr/lib/gcc/i686-linux-gnu/7/crtbeginS.o
 .text.__x86.get_pc_thunk.dx
                0x0000000000005929        0x4 /usr/lib/gcc/i686-linux-gnu/7/crtbeginS.o
                0x0000000000005929                __x86.get_pc_thunk.dx
 .text          0x000000000000592d      0x30c node3.o
 .text          0x0000000000005c39      0x346 build/cooja/mtype985.o
                0x0000000000005cc6                platform_init_stage_one
                0x0000000000005ce9                platform_init_stage_two
                0x0000000000005d0c                platform_init_stage_three
                0x0000000000005d2f                platform_main_loop
                0x0000000000005dd5                Java_org_contikios_cooja_corecomm_Lib10_init
                0x0000000000005e23                Java_org_contikios_cooja_corecomm_Lib10_getMemory
                0x0000000000005e63                Java_org_contikios_cooja_corecomm_Lib10_setMemory
                0x0000000000005ed4                Java_org_contikios_cooja_corecomm_Lib10_tick
                0x0000000000005f5e                Java_org_contikios_cooja_corecomm_Lib10_setReferenceAddress
 .text.__x86.get_pc_thunk.ax
                0x0000000000005f7f        0x4 build/cooja/mtype985.o
                0x0000000000005f7f                __x86.get_pc_thunk.ax
 .text          0x0000000000005f83       0x8d build/cooja/mtype985.a(simEnvChange.o)
                0x0000000000005f83                doActionsBeforeTick
                0x0000000000005fc9                doActionsAfterTick
 .text          0x0000000000006010       0xb6 build/cooja/mtype985.a(cooja_mt.o)
                0x0000000000006010                cooja_mt_start
                0x000000000000604a                cooja_mt_exec
                0x0000000000006091                cooja_mt_yield
 .text          0x00000000000060c6       0xf2 build/cooja/mtype985.a(cooja_mtarch.o)
                0x00000000000060c6                cooja_mtarch_start
                0x000000000000614a                cooja_sw
                0x0000000000006178                cooja_mtarch_exec
                0x00000000000061a3                cooja_mtarch_yield
 .text          0x00000000000061b8      0x127 build/cooja/mtype985.a(rtimer-arch.o)
                0x00000000000061b8                rtimer_arch_init
                0x00000000000061e7                rtimer_arch_schedule
                0x0000000000006229                rtimer_arch_next
                0x0000000000006243                rtimer_arch_pending
                0x000000000000625a                rtimer_arch_check
                0x00000000000062c5                rtimer_arch_now
 .text.__x86.get_pc_thunk.cx
                0x00000000000062df        0x4 build/cooja/mtype985.a(rtimer-arch.o)
                0x00000000000062df                __x86.get_pc_thunk.cx
 .text          0x00000000000062e3      0x101 build/cooja/mtype985.a(beep.o)
                0x00000000000062e3                beep_alarm
                0x00000000000062fc                beep_beep
                0x0000000000006315                beep
                0x000000000000632e                beep_down
                0x0000000000006347                beep_on
                0x0000000000006360                beep_off
                0x0000000000006379                beep_spinup
                0x0000000000006392                beep_quick
                0x00000000000063ab                beep_long
 .text          0x00000000000063e4       0x9f build/cooja/mtype985.a(leds-arch.o)
                0x0000000000006408                leds_arch_init
 .text          0x0000000000006483       0x56 build/cooja/mtype985.a(moteid.o)
 .text          0x00000000000064d9      0x101 build/cooja/mtype985.a(pir-sensor.o)
 .text          0x00000000000065da      0x1cc build/cooja/mtype985.a(rs232.o)
                0x00000000000065da                rs232_init
                0x00000000000065ea                rs232_set_speed
                0x0000000000006603                rs232_set_input
                0x000000000000661c                rs232_send
                0x0000000000006652                rs232_print
                0x0000000000006680                slip_arch_writeb
 .text          0x00000000000067a6      0x101 build/cooja/mtype985.a(vib-sensor.o)
 .text          0x00000000000068a7       0x7a build/cooja/mtype985.a(clock.o)
                0x00000000000068a7                clock_init
                0x00000000000068b7                clock_time
                0x00000000000068ce                clock_seconds
                0x00000000000068f1                clock_delay
 .text          0x0000000000006921      0x2b5 build/cooja/mtype985.a(cooja-log.o)
                0x0000000000006921                simlog_char
                0x0000000000006985                simlog
                0x0000000000006a1f                log_message
                0x0000000000006a6e                log_set_putchar_with_slip
                0x0000000000006a87                log_putchar
                0x0000000000006b12                log_puts
                0x0000000000006b44                log_printf
 .text          0x0000000000006bd6      0x36c build/cooja/mtype985.a(cfs-cooja.o)
                0x0000000000006bd6                cfs_open
                0x0000000000006c4e                cfs_close
                0x0000000000006c65                cfs_read
                0x0000000000006d19                cfs_write
                0x0000000000006e17                cfs_seek
                0x0000000000006eb4                cfs_remove
                0x0000000000006eea                cfs_opendir
                0x0000000000006efe                cfs_readdir
                0x0000000000006f12                cfs_closedir
 .text          0x0000000000006f42      0x78b build/cooja/mtype985.a(cooja-radio.o)
                0x0000000000006fb0                radio_set_channel
                0x0000000000006fc9                radio_set_txpower
                0x0000000000006fec                radio_signal_strength_last
                0x0000000000007001                radio_signal_strength_current
                0x0000000000007016                radio_LQI
 .text          0x00000000000076cd      0x130 build/cooja/mtype985.a(eeprom.o)
                0x00000000000076cd                eeprom_init
                0x00000000000076dd                eeprom_read
                0x000000000000775d                eeprom_write
 .text          0x00000000000077fd       0x4e build/cooja/mtype985.a(random.o)
                0x00000000000077fd                random_init
                0x000000000000782d                random_rand
 .text          0x000000000000784b      0x332 build/cooja/mtype985.a(sensors.o)
                0x0000000000007892                sensors_first
                0x00000000000078a9                sensors_next
                0x00000000000078d4                sensors_changed
                0x0000000000007921                sensors_find
 .text          0x0000000000007b7d      0x3fc build/cooja/mtype985.a(leds.o)
                0x0000000000007b7d                leds_init
                0x0000000000007bd5                leds_single_on
                0x0000000000007c4d                leds_single_off
                0x0000000000007cc5                leds_single_toggle
                0x0000000000007d09                leds_on
                0x0000000000007da1                leds_off
                0x0000000000007e39                leds_toggle
                0x0000000000007e9f                leds_set
                0x0000000000007ed5                leds_get
 .text          0x0000000000007f79      0x401 build/cooja/mtype985.a(gpio-hal-arch.o)
                0x0000000000007f79                gpio_hal_arch_register_pin_callback
                0x0000000000007ffa                gpio_hal_arch_init
                0x0000000000008054                gpio_hal_arch_no_port_interrupt_enable
                0x000000000000808e                gpio_hal_arch_no_port_interrupt_disable
                0x00000000000080c8                gpio_hal_arch_no_port_pin_cfg_set
                0x00000000000080f7                gpio_hal_arch_no_port_pin_cfg_get
                0x0000000000008127                gpio_hal_arch_no_port_pin_set_input
                0x0000000000008143                gpio_hal_arch_no_port_pin_set_output
                0x000000000000815f                gpio_hal_arch_no_port_set_pin
                0x000000000000818a                gpio_hal_arch_no_port_clear_pin
                0x00000000000081b5                gpio_hal_arch_no_port_read_pin
                0x00000000000081e7                gpio_hal_arch_no_port_write_pin
                0x000000000000821b                gpio_hal_arch_no_port_set_pins
                0x000000000000826c                gpio_hal_arch_no_port_clear_pins
                0x00000000000082bd                gpio_hal_arch_no_port_read_pins
                0x0000000000008310                gpio_hal_arch_no_port_write_pins
 .text          0x000000000000837a       0xc6 build/cooja/mtype985.a(buttons.o)
 .text          0x0000000000008440      0x2fa build/cooja/mtype985.a(contiki-main.o)
                0x0000000000008440                main
 .text          0x000000000000873a       0xb0 build/cooja/mtype985.a(autostart.o)
                0x000000000000873a                autostart_start
                0x0000000000008793                autostart_exit
 .text          0x00000000000087ea      0x400 build/cooja/mtype985.a(ctimer.o)
                0x000000000000892d                ctimer_init
                0x0000000000008972                ctimer_set
                0x00000000000089a5                ctimer_set_with_process
                0x0000000000008a3c                ctimer_reset
                0x0000000000008aaa                ctimer_restart
                0x0000000000008b18                ctimer_stop
                0x0000000000008b78                ctimer_expired
 .text          0x0000000000008bea      0x31b build/cooja/mtype985.a(log.o)
                0x0000000000008bea                log_lladdr
                0x0000000000008c71                log_lladdr_compact
                0x0000000000008cee                log_bytes
                0x0000000000008d42                log_set_level
                0x0000000000008e20                log_get_level
                0x0000000000008eb1                log_level_to_str
 .text          0x0000000000008f05       0x39 build/cooja/mtype985.a(energest.o)
                0x0000000000008f05                energest_init
                0x0000000000008f15                energest_flush
                0x0000000000008f25                energest_get_total_time
 .text          0x0000000000008f3e      0x527 build/cooja/mtype985.a(etimer.o)
                0x0000000000009193                etimer_request_poll
                0x0000000000009244                etimer_set
                0x000000000000927d                etimer_reset_with_new_interval
                0x00000000000092bc                etimer_reset
                0x00000000000092f2                etimer_restart
                0x0000000000009328                etimer_adjust
                0x000000000000934f                etimer_expired
                0x000000000000936c                etimer_expiration_time
                0x0000000000009388                etimer_start_time
                0x000000000000939c                etimer_pending
                0x00000000000093b9                etimer_next_expiration_time
                0x00000000000093e1                etimer_stop
 .text          0x0000000000009465       0x36 build/cooja/mtype985.a(node-id.o)
                0x0000000000009465                node_id_init
 .text          0x000000000000949b      0x122 build/cooja/mtype985.a(rtimer.o)
                0x000000000000949b                rtimer_init
                0x00000000000094ba                rtimer_set
                0x0000000000009548                rtimer_run_next
 .text          0x00000000000095bd      0x5cb build/cooja/mtype985.a(process.o)
                0x00000000000095bd                process_alloc_event
                0x00000000000095de                process_start
                0x00000000000097e3                process_exit
                0x000000000000980b                process_init
                0x00000000000099d3                process_run
                0x0000000000009a16                process_nevents
                0x0000000000009a3b                process_post
                0x0000000000009ae8                process_post_synch
                0x0000000000009b2e                process_poll
                0x0000000000009b6a                process_is_running
 .text.__x86.get_pc_thunk.si
                0x0000000000009b88        0x4 build/cooja/mtype985.a(process.o)
                0x0000000000009b88                __x86.get_pc_thunk.si
 .text          0x0000000000009b8c       0xf6 build/cooja/mtype985.a(timer.o)
                0x0000000000009b8c                timer_set
                0x0000000000009bbb                timer_reset
                0x0000000000009bf2                timer_restart
                0x0000000000009c18                timer_expired
                0x0000000000009c56                timer_remaining
 .text          0x0000000000009c82      0x311 build/cooja/mtype985.a(list.o)
                0x0000000000009c82                list_init
                0x0000000000009c9b                list_head
                0x0000000000009caf                list_copy
                0x0000000000009cc9                list_tail
                0x0000000000009d09                list_add
                0x0000000000009d5f                list_push
                0x0000000000009d95                list_chop
                0x0000000000009e09                list_pop
                0x0000000000009e3b                list_remove
                0x0000000000009ead                list_length
                0x0000000000009ee5                list_insert
                0x0000000000009f34                list_item_next
                0x0000000000009f55                list_contains
 .text          0x0000000000009f93      0x566 build/cooja/mtype985.a(button-hal.o)
                0x000000000000a187                button_hal_get_by_id
                0x000000000000a1d1                button_hal_get_by_index
                0x000000000000a20b                button_hal_get_state
                0x000000000000a26d                button_hal_init
 .text          0x000000000000a4f9      0x242 build/cooja/mtype985.a(serial-line.o)
                0x000000000000a4f9                serial_line_input_byte
                0x000000000000a6f1                serial_line_init
 .text          0x000000000000a73b      0x1d6 build/cooja/mtype985.a(gpio-hal.o)
                0x000000000000a73b                gpio_hal_register_handler
                0x000000000000a769                gpio_hal_event_handler
                0x000000000000a7d6                gpio_hal_init
                0x000000000000a805                gpio_hal_arch_port_toggle_pin
                0x000000000000a850                gpio_hal_arch_port_toggle_pins
                0x000000000000a88d                gpio_hal_arch_no_port_toggle_pin
                0x000000000000a8da                gpio_hal_arch_no_port_toggle_pins
 .text          0x000000000000a911      0x3a9 build/cooja/mtype985.a(queuebuf.o)
                0x000000000000a925                queuebuf_init
                0x000000000000a961                queuebuf_numfree
                0x000000000000a98b                queuebuf_new_from_packetbuf
                0x000000000000aa3f                queuebuf_update_attr_from_packetbuf
                0x000000000000aa83                queuebuf_update_from_packetbuf
                0x000000000000aae2                queuebuf_free
                0x000000000000ab40                queuebuf_to_packetbuf
                0x000000000000abbd                queuebuf_dataptr
                0x000000000000ac09                queuebuf_datalen
                0x000000000000ac36                queuebuf_addr
                0x000000000000ac75                queuebuf_attr
                0x000000000000acaa                queuebuf_debug_print
 .text          0x000000000000acba      0x4dd build/cooja/mtype985.a(packetbuf.o)
                0x000000000000acba                packetbuf_clear
                0x000000000000acf0                packetbuf_copyfrom
                0x000000000000ad50                packetbuf_copyto
                0x000000000000adee                packetbuf_hdralloc
                0x000000000000ae7e                packetbuf_hdrreduce
                0x000000000000aed0                packetbuf_set_datalen
                0x000000000000aef5                packetbuf_dataptr
                0x000000000000af1c                packetbuf_hdrptr
                0x000000000000af31                packetbuf_datalen
                0x000000000000af47                packetbuf_hdrlen
                0x000000000000af66                packetbuf_totlen
                0x000000000000af86                packetbuf_remaininglen
                0x000000000000afa3                packetbuf_attr_clear
                0x000000000000b009                packetbuf_attr_copyto
                0x000000000000b04f                packetbuf_attr_copyfrom
                0x000000000000b095                packetbuf_set_attr
                0x000000000000b0cb                packetbuf_attr
                0x000000000000b0f1                packetbuf_set_addr
                0x000000000000b139                packetbuf_addr
                0x000000000000b163                packetbuf_holds_broadcast
 .text          0x000000000000b197      0x13c build/cooja/mtype985.a(netstack.o)
                0x000000000000b197                netstack_process_ip_callback
                0x000000000000b238                netstack_ip_packet_processor_add
                0x000000000000b26c                uip_ds6_ip_packet_processor_rm
                0x000000000000b29a                netstack_init
 .text          0x000000000000b2d3       0x75 build/cooja/mtype985.a(linkaddr.o)
                0x000000000000b2d3                linkaddr_copy
                0x000000000000b2f3                linkaddr_cmp
                0x000000000000b326                linkaddr_set_node_addr
 .text          0x000000000000b348      0x2ae build/cooja/mtype985.a(csma.o)
 .text          0x000000000000b5f6      0xa6f build/cooja/mtype985.a(csma-output.o)
                0x000000000000bd68                csma_output_packet
                0x000000000000c017                csma_output_init
 .text          0x000000000000c065      0x131 build/cooja/mtype985.a(nullnet.o)
                0x000000000000c0e6                nullnet_set_input_callback
 .text          0x000000000000c196      0x170 build/cooja/mtype985.a(nullrouting.o)
 .text          0x000000000000c306       0x6b build/cooja/mtype985.a(watchdog.o)
                0x000000000000c306                watchdog_init
                0x000000000000c316                watchdog_start
                0x000000000000c326                watchdog_periodic
                0x000000000000c351                watchdog_stop
                0x000000000000c361                watchdog_reboot
 .text          0x000000000000c371       0x75 build/cooja/mtype985.a(int-master.o)
                0x000000000000c371                int_master_enable
                0x000000000000c38b                int_master_read_and_disable
                0x000000000000c3b3                int_master_status_set
                0x000000000000c3cc                int_master_is_enabled
 .text          0x000000000000c3e6      0x188 build/cooja/mtype985.a(ringbuf.o)
                0x000000000000c3e6                ringbuf_init
                0x000000000000c422                ringbuf_put
                0x000000000000c4aa                ringbuf_get
                0x000000000000c521                ringbuf_size
                0x000000000000c53d                ringbuf_elements
 .text          0x000000000000c56e      0x1ec build/cooja/mtype985.a(memb.o)
                0x000000000000c56e                memb_init
                0x000000000000c5d2                memb_alloc
                0x000000000000c63f                memb_free
                0x000000000000c6c0                memb_inmemb
                0x000000000000c709                memb_numfree
 .text          0x000000000000c75a       0x31 build/cooja/mtype985.a(assert.o)
                0x000000000000c75a                _xassert
 .text          0x000000000000c78b      0x1a8 build/cooja/mtype985.a(mac-sequence.o)
                0x000000000000c78b                mac_sequence_is_duplicate
                0x000000000000c84b                mac_sequence_register_seqno
 .text          0x000000000000c933       0x2d build/cooja/mtype985.a(mac.o)
                0x000000000000c933                mac_call_sent_callback
 .text          0x000000000000c960      0x477 build/cooja/mtype985.a(framer-802154.o)
                0x000000000000cb03                framer_802154_setup_params
 .text          0x000000000000cdd7      0xc1a build/cooja/mtype985.a(frame802154.o)
                0x000000000000ce12                frame802154_get_pan_id
                0x000000000000ce28                frame802154_set_pan_id
                0x000000000000ce4d                frame802154_has_panid
                0x000000000000d006                frame802154_check_dest_panid
                0x000000000000d098                frame802154_is_broadcast_addr
                0x000000000000d0ef                frame802154_extract_linkaddr
                0x000000000000d378                frame802154_hdrlen
                0x000000000000d3f5                frame802154_create_fcf
                0x000000000000d4b7                frame802154_create
                0x000000000000d642                frame802154_parse_fcf
                0x000000000000d72e                frame802154_parse
 .text          0x000000000000d9f1       0x4e build/cooja/mtype985.a(csma-security.o)
                0x000000000000d9f1                csma_security_create_frame
                0x000000000000da22                csma_security_parse_frame
 *fill*         0x000000000000da3f        0x1 
 .text          0x000000000000da40       0x14 /usr/lib/i386-linux-gnu/libc_nonshared.a(stack_chk_fail_local.oS)
                0x000000000000da40                __stack_chk_fail_local
 .text          0x000000000000da54        0x0 /usr/lib/gcc/i686-linux-gnu/7/crtendS.o
 .text          0x000000000000da54        0x0 /usr/lib/gcc/i686-linux-gnu/7/../../../i386-linux-gnu/crtn.o
 *(.gnu.warning)

.fini           0x000000000000da54       0x14
 *(SORT_NONE(.fini))
 .fini          0x000000000000da54        0xf /usr/lib/gcc/i686-linux-gnu/7/../../../i386-linux-gnu/crti.o
                0x000000000000da54                _fini
 .fini          0x000000000000da63        0x5 /usr/lib/gcc/i686-linux-gnu/7/../../../i386-linux-gnu/crtn.o
                [!provide]                        PROVIDE (__etext = .)
                [!provide]                        PROVIDE (_etext = .)
                [!provide]                        PROVIDE (etext = .)

.rodata         0x000000000000da68      0x3ad
 *(.rodata .rodata.* .gnu.linkonce.r.*)
 .rodata        0x000000000000da68       0xbe node3.o
 *fill*         0x000000000000db26        0x2 
 .rodata        0x000000000000db28        0x6 build/cooja/mtype985.a(leds-arch.o)
                0x000000000000db28                leds_arch_leds
 .rodata        0x000000000000db2e        0x4 build/cooja/mtype985.a(pir-sensor.o)
 .rodata        0x000000000000db32        0x6 build/cooja/mtype985.a(rs232.o)
 .rodata        0x000000000000db38        0xa build/cooja/mtype985.a(vib-sensor.o)
 *fill*         0x000000000000db42        0x2 
 .rodata        0x000000000000db44       0x27 build/cooja/mtype985.a(cfs-cooja.o)
 *fill*         0x000000000000db6b        0x1 
 .rodata        0x000000000000db6c       0x68 build/cooja/mtype985.a(cooja-radio.o)
 .rodata        0x000000000000dbd4        0x8 build/cooja/mtype985.a(sensors.o)
 .rodata        0x000000000000dbdc       0x14 build/cooja/mtype985.a(buttons.o)
                0x000000000000dbe8                button_hal_button_count
 .rodata        0x000000000000dbf0       0xd0 build/cooja/mtype985.a(contiki-main.o)
 .rodata        0x000000000000dcc0        0xf build/cooja/mtype985.a(ctimer.o)
 *fill*         0x000000000000dccf        0x1 
 .rodata        0x000000000000dcd0       0xa8 build/cooja/mtype985.a(log.o)
 .rodata        0x000000000000dd78        0xc build/cooja/mtype985.a(etimer.o)
 .rodata        0x000000000000dd84       0x13 build/cooja/mtype985.a(button-hal.o)
 .rodata        0x000000000000dd97        0xe build/cooja/mtype985.a(serial-line.o)
 *fill*         0x000000000000dda5        0x3 
 .rodata        0x000000000000dda8        0x8 build/cooja/mtype985.a(linkaddr.o)
                0x000000000000dda8                linkaddr_null
 .rodata        0x000000000000ddb0        0x5 build/cooja/mtype985.a(csma.o)
 *fill*         0x000000000000ddb5        0x3 
 .rodata        0x000000000000ddb8       0x24 build/cooja/mtype985.a(csma-output.o)
 .rodata        0x000000000000dddc        0x8 build/cooja/mtype985.a(nullnet.o)
 .rodata        0x000000000000dde4        0xc build/cooja/mtype985.a(nullrouting.o)
 .rodata        0x000000000000ddf0       0x25 build/cooja/mtype985.a(assert.o)

.rodata1
 *(.rodata1)

.eh_frame_hdr   0x000000000000de18      0xc24
 *(.eh_frame_hdr)
 .eh_frame_hdr  0x000000000000de18      0xc24 node3.o
                0x000000000000de18                __GNU_EH_FRAME_HDR
 *(.eh_frame_entry .eh_frame_entry.*)

.eh_frame       0x000000000000ea3c     0x3344
 *(.eh_frame)
 .eh_frame      0x000000000000ea3c       0x3c /usr/lib/gcc/i686-linux-gnu/7/../../../i386-linux-gnu/crti.o
                                         0x40 (size before relaxing)
 .eh_frame      0x000000000000ea78       0x14 /usr/lib/gcc/i686-linux-gnu/7/../../../i386-linux-gnu/crti.o
                                         0x2c (size before relaxing)
 .eh_frame      0x000000000000ea8c       0x54 node3.o
                                         0x80 (size before relaxing)
 .eh_frame      0x000000000000eae0      0x1ac build/cooja/mtype985.o
                                        0x1ec (size before relaxing)
 .eh_frame      0x000000000000ec8c       0x48 build/cooja/mtype985.a(simEnvChange.o)
                                         0x74 (size before relaxing)
 .eh_frame      0x000000000000ecd4       0x6c build/cooja/mtype985.a(cooja_mt.o)
                                         0x98 (size before relaxing)
 .eh_frame      0x000000000000ed40       0x88 build/cooja/mtype985.a(cooja_mtarch.o)
                                         0xc8 (size before relaxing)
 .eh_frame      0x000000000000edc8       0xe4 build/cooja/mtype985.a(rtimer-arch.o)
                                        0x110 (size before relaxing)
 .eh_frame      0x000000000000eeac      0x160 build/cooja/mtype985.a(beep.o)
                                        0x18c (size before relaxing)
 .eh_frame      0x000000000000f00c       0x88 build/cooja/mtype985.a(leds-arch.o)
                                         0xc8 (size before relaxing)
 .eh_frame      0x000000000000f094       0x44 build/cooja/mtype985.a(moteid.o)
                                         0x70 (size before relaxing)
 .eh_frame      0x000000000000f0d8       0xa4 build/cooja/mtype985.a(pir-sensor.o)
                                         0xe4 (size before relaxing)
 .eh_frame      0x000000000000f17c      0x110 build/cooja/mtype985.a(rs232.o)
                                        0x150 (size before relaxing)
 .eh_frame      0x000000000000f28c       0xa4 build/cooja/mtype985.a(vib-sensor.o)
                                         0xe4 (size before relaxing)
 .eh_frame      0x000000000000f330       0xc0 build/cooja/mtype985.a(clock.o)
                                         0xec (size before relaxing)
 .eh_frame      0x000000000000f3f0      0x130 build/cooja/mtype985.a(cooja-log.o)
                                        0x170 (size before relaxing)
 .eh_frame      0x000000000000f520      0x16c build/cooja/mtype985.a(cfs-cooja.o)
                                        0x1ac (size before relaxing)
 .eh_frame      0x000000000000f68c      0x374 build/cooja/mtype985.a(cooja-radio.o)
                                        0x3b4 (size before relaxing)
 .eh_frame      0x000000000000fa00       0xa8 build/cooja/mtype985.a(eeprom.o)
                                         0xe8 (size before relaxing)
 .eh_frame      0x000000000000faa8       0x48 build/cooja/mtype985.a(random.o)
                                         0x74 (size before relaxing)
 .eh_frame      0x000000000000faf0       0xd0 build/cooja/mtype985.a(sensors.o)
                                        0x110 (size before relaxing)
 .eh_frame      0x000000000000fbc0      0x140 build/cooja/mtype985.a(leds.o)
                                        0x180 (size before relaxing)
 .eh_frame      0x000000000000fd00      0x228 build/cooja/mtype985.a(gpio-hal-arch.o)
                                        0x27c (size before relaxing)
 .eh_frame      0x000000000000ff28       0xa4 build/cooja/mtype985.a(buttons.o)
                                         0xe4 (size before relaxing)
 .eh_frame      0x000000000000ffcc       0x38 build/cooja/mtype985.a(contiki-main.o)
                                         0x64 (size before relaxing)
 .eh_frame      0x0000000000010004       0x48 build/cooja/mtype985.a(autostart.o)
                                         0x74 (size before relaxing)
 .eh_frame      0x000000000001004c      0x11c build/cooja/mtype985.a(ctimer.o)
                                        0x15c (size before relaxing)
 .eh_frame      0x0000000000010168       0xd8 build/cooja/mtype985.a(log.o)
                                        0x118 (size before relaxing)
 .eh_frame      0x0000000000010240       0x60 build/cooja/mtype985.a(energest.o)
                                         0x8c (size before relaxing)
 .eh_frame      0x00000000000102a0      0x204 build/cooja/mtype985.a(etimer.o)
                                        0x244 (size before relaxing)
 .eh_frame      0x00000000000104a4       0x20 build/cooja/mtype985.a(node-id.o)
                                         0x4c (size before relaxing)
 .eh_frame      0x00000000000104c4       0x6c build/cooja/mtype985.a(rtimer.o)
                                         0xc0 (size before relaxing)
 .eh_frame      0x0000000000010530      0x1ec build/cooja/mtype985.a(process.o)
                                        0x22c (size before relaxing)
 .eh_frame      0x000000000001071c       0xb4 build/cooja/mtype985.a(timer.o)
                                         0xe0 (size before relaxing)
 .eh_frame      0x00000000000107d0      0x1a0 build/cooja/mtype985.a(list.o)
                                        0x1cc (size before relaxing)
 .eh_frame      0x0000000000010970      0x188 build/cooja/mtype985.a(button-hal.o)
                                        0x1c8 (size before relaxing)
 .eh_frame      0x0000000000010af8       0x6c build/cooja/mtype985.a(serial-line.o)
                                         0x98 (size before relaxing)
 .eh_frame      0x0000000000010b64       0xfc build/cooja/mtype985.a(gpio-hal.o)
                                        0x13c (size before relaxing)
 .eh_frame      0x0000000000010c60      0x1c0 build/cooja/mtype985.a(queuebuf.o)
                                        0x200 (size before relaxing)
 .eh_frame      0x0000000000010e20      0x2b0 build/cooja/mtype985.a(packetbuf.o)
                                        0x2f0 (size before relaxing)
 .eh_frame      0x00000000000110d0       0x90 build/cooja/mtype985.a(netstack.o)
                                         0xd0 (size before relaxing)
 .eh_frame      0x0000000000011160       0x64 build/cooja/mtype985.a(linkaddr.o)
                                         0x90 (size before relaxing)
 .eh_frame      0x00000000000111c4       0xf0 build/cooja/mtype985.a(csma.o)
                                        0x130 (size before relaxing)
 .eh_frame      0x00000000000112b4      0x1f8 build/cooja/mtype985.a(csma-output.o)
                                        0x238 (size before relaxing)
 .eh_frame      0x00000000000114ac       0x90 build/cooja/mtype985.a(nullnet.o)
                                         0xd0 (size before relaxing)
 .eh_frame      0x000000000001153c      0x280 build/cooja/mtype985.a(nullrouting.o)
                                        0x2ac (size before relaxing)
 .eh_frame      0x00000000000117bc       0xa4 build/cooja/mtype985.a(watchdog.o)
                                         0xd0 (size before relaxing)
 .eh_frame      0x0000000000011860       0x80 build/cooja/mtype985.a(int-master.o)
                                         0xac (size before relaxing)
 .eh_frame      0x00000000000118e0       0xa0 build/cooja/mtype985.a(ringbuf.o)
                                         0xcc (size before relaxing)
 .eh_frame      0x0000000000011980       0xa4 build/cooja/mtype985.a(memb.o)
                                         0xe4 (size before relaxing)
 .eh_frame      0x0000000000011a24       0x24 build/cooja/mtype985.a(assert.o)
                                         0x50 (size before relaxing)
 .eh_frame      0x0000000000011a48       0x50 build/cooja/mtype985.a(mac-sequence.o)
                                         0x7c (size before relaxing)
 .eh_frame      0x0000000000011a98       0x20 build/cooja/mtype985.a(mac.o)
                                         0x4c (size before relaxing)
 .eh_frame      0x0000000000011ab8       0xb4 build/cooja/mtype985.a(framer-802154.o)
                                         0xf4 (size before relaxing)
 .eh_frame      0x0000000000011b6c      0x1b0 build/cooja/mtype985.a(frame802154.o)
                                        0x1f0 (size before relaxing)
 .eh_frame      0x0000000000011d1c       0x44 build/cooja/mtype985.a(csma-security.o)
                                         0x84 (size before relaxing)
 .eh_frame      0x0000000000011d60       0x1c /usr/lib/i386-linux-gnu/libc_nonshared.a(stack_chk_fail_local.oS)
                                         0x48 (size before relaxing)
 .eh_frame      0x0000000000011d7c        0x4 /usr/lib/gcc/i686-linux-gnu/7/crtendS.o
 *(.eh_frame.*)

.gcc_except_table
 *(.gcc_except_table .gcc_except_table.*)

.gnu_extab
 *(.gnu_extab*)

.exception_ranges
 *(.exception_ranges .exception_ranges*)
                0x0000000000013c78                . = DATA_SEGMENT_ALIGN (CONSTANT (MAXPAGESIZE), CONSTANT (COMMONPAGESIZE))

.eh_frame
 *(.eh_frame)
 *(.eh_frame.*)

.gnu_extab
 *(.gnu_extab)

.gcc_except_table
 *(.gcc_except_table .gcc_except_table.*)

.exception_ranges
 *(.exception_ranges .exception_ranges*)

.tdata
 *(.tdata .tdata.* .gnu.linkonce.td.*)

.tbss
 *(.tbss .tbss.* .gnu.linkonce.tb.*)
 *(.tcommon)

.preinit_array
 *(.preinit_array)

.init_array     0x0000000000013c78        0x4
 *(SORT_BY_INIT_PRIORITY(.init_array.*) SORT_BY_INIT_PRIORITY(.ctors.*))
 *(.init_array EXCLUDE_FILE(*crtend?.o *crtend.o *crtbegin?.o *crtbegin.o) .ctors)
 .init_array    0x0000000000013c78        0x4 /usr/lib/gcc/i686-linux-gnu/7/crtbeginS.o

.fini_array     0x0000000000013c7c        0x4
 *(SORT_BY_INIT_PRIORITY(.fini_array.*) SORT_BY_INIT_PRIORITY(.dtors.*))
 *(.fini_array EXCLUDE_FILE(*crtend?.o *crtend.o *crtbegin?.o *crtbegin.o) .dtors)
 .fini_array    0x0000000000013c7c        0x4 /usr/lib/gcc/i686-linux-gnu/7/crtbeginS.o

.ctors
 *crtbegin.o(.ctors)
 *crtbegin?.o(.ctors)
 *(EXCLUDE_FILE(*crtend?.o *crtend.o) .ctors)
 *(SORT_BY_NAME(.ctors.*))
 *(.ctors)

.dtors
 *crtbegin.o(.dtors)
 *crtbegin?.o(.dtors)
 *(EXCLUDE_FILE(*crtend?.o *crtend.o) .dtors)
 *(SORT_BY_NAME(.dtors.*))
 *(.dtors)

.jcr
 *(.jcr)

.data.rel.ro    0x0000000000013c80      0x1a0
 *(.data.rel.ro.local* .gnu.linkonce.d.rel.ro.local.*)
 .data.rel.ro.local
                0x0000000000013c80        0x8 node3.o
                0x0000000000013c80                autostart_processes
 .data.rel.ro.local
                0x0000000000013c88        0x8 build/cooja/mtype985.a(beep.o)
                0x0000000000013c88                beep_interface
 .data.rel.ro.local
                0x0000000000013c90        0x8 build/cooja/mtype985.a(leds-arch.o)
                0x0000000000013c90                leds_interface
 .data.rel.ro.local
                0x0000000000013c98        0x8 build/cooja/mtype985.a(moteid.o)
                0x0000000000013c98                moteid_interface
 .data.rel.ro.local
                0x0000000000013ca0       0x18 build/cooja/mtype985.a(pir-sensor.o)
                0x0000000000013ca0                pir_interface
                0x0000000000013ca8                pir_sensor
 .data.rel.ro.local
                0x0000000000013cb8        0x8 build/cooja/mtype985.a(rs232.o)
                0x0000000000013cb8                rs232_interface
 .data.rel.ro.local
                0x0000000000013cc0       0x18 build/cooja/mtype985.a(vib-sensor.o)
                0x0000000000013cc0                vib_interface
                0x0000000000013cc8                vib_sensor
 .data.rel.ro.local
                0x0000000000013cd8        0x8 build/cooja/mtype985.a(clock.o)
                0x0000000000013cd8                clock_interface
 .data.rel.ro.local
                0x0000000000013ce0        0x8 build/cooja/mtype985.a(cooja-log.o)
                0x0000000000013ce0                simlog_interface
 .data.rel.ro.local
                0x0000000000013ce8        0x8 build/cooja/mtype985.a(cfs-cooja.o)
                0x0000000000013ce8                cfs_interface
 *fill*         0x0000000000013cf0       0x10 
 .data.rel.ro.local
                0x0000000000013d00       0x58 build/cooja/mtype985.a(cooja-radio.o)
                0x0000000000013d00                radio_interface
                0x0000000000013d20                cooja_radio_driver
 .data.rel.ro.local
                0x0000000000013d58        0x8 build/cooja/mtype985.a(eeprom.o)
                0x0000000000013d58                eeprom_interface
 .data.rel.ro.local
                0x0000000000013d60       0x18 build/cooja/mtype985.a(buttons.o)
                0x0000000000013d60                button_interface
                0x0000000000013d68                button_sensor
 .data.rel.ro.local
                0x0000000000013d78       0x1c build/cooja/mtype985.a(csma.o)
                0x0000000000013d78                csma_driver
 .data.rel.ro.local
                0x0000000000013d94       0x10 build/cooja/mtype985.a(nullnet.o)
                0x0000000000013d94                nullnet_driver
 *fill*         0x0000000000013da4       0x1c 
 .data.rel.ro.local
                0x0000000000013dc0       0x54 build/cooja/mtype985.a(nullrouting.o)
                0x0000000000013dc0                nullrouting_driver
 .data.rel.ro.local
                0x0000000000013e14        0xc build/cooja/mtype985.a(framer-802154.o)
                0x0000000000013e14                framer_802154
 *(.data.rel.ro .data.rel.ro.* .gnu.linkonce.d.rel.ro.*)
 .data.rel.ro   0x0000000000013e20        0x0 /usr/lib/gcc/i686-linux-gnu/7/../../../i386-linux-gnu/crti.o

.dynamic        0x0000000000013e20       0xf0
 *(.dynamic)
 .dynamic       0x0000000000013e20       0xf0 /usr/lib/gcc/i686-linux-gnu/7/../../../i386-linux-gnu/crti.o
                0x0000000000013e20                _DYNAMIC

.got            0x0000000000013f10       0xf0
 *(.got)
 .got           0x0000000000013f10       0xf0 /usr/lib/gcc/i686-linux-gnu/7/../../../i386-linux-gnu/crti.o
 *(.igot)
                0x0000000000014ff4                . = DATA_SEGMENT_RELRO_END (., (SIZEOF (.got.plt) >= 0xc)?0xc:0x0)

.got.plt        0x0000000000014000      0x254
 *(.got.plt)
 .got.plt       0x0000000000014000      0x254 /usr/lib/gcc/i686-linux-gnu/7/../../../i386-linux-gnu/crti.o
                0x0000000000014000                _GLOBAL_OFFSET_TABLE_
 *(.igot.plt)

.data           0x0000000000014260      0x25a
 *(.data .data.* .gnu.linkonce.d.*)
 .data          0x0000000000014260        0x0 /usr/lib/gcc/i686-linux-gnu/7/../../../i386-linux-gnu/crti.o
 .data          0x0000000000014260        0x0 /usr/lib/gcc/i686-linux-gnu/7/crtbeginS.o
 .data.rel.local
                0x0000000000014260        0x4 /usr/lib/gcc/i686-linux-gnu/7/crtbeginS.o
                0x0000000000014260                __dso_handle
 .data          0x0000000000014264        0x8 node3.o
 .data.rel.local
                0x000000000001426c       0x10 node3.o
                0x000000000001426c                comm_proc
 .data          0x000000000001427c        0x0 build/cooja/mtype985.o
 *fill*         0x000000000001427c        0x4 
 .data.rel      0x0000000000014280       0x44 build/cooja/mtype985.o
                0x0000000000014280                simInterfaces
                0x00000000000142b4                sensors
 .data          0x00000000000142c4        0x0 build/cooja/mtype985.a(simEnvChange.o)
 .data          0x00000000000142c4        0x0 build/cooja/mtype985.a(cooja_mt.o)
 .data          0x00000000000142c4        0x0 build/cooja/mtype985.a(cooja_mtarch.o)
 .data          0x00000000000142c4        0x0 build/cooja/mtype985.a(rtimer-arch.o)
 .data          0x00000000000142c4        0x0 build/cooja/mtype985.a(beep.o)
 .data          0x00000000000142c4        0x0 build/cooja/mtype985.a(leds-arch.o)
 .data          0x00000000000142c4        0x0 build/cooja/mtype985.a(moteid.o)
 .data          0x00000000000142c4        0x0 build/cooja/mtype985.a(pir-sensor.o)
 .data          0x00000000000142c4        0x0 build/cooja/mtype985.a(rs232.o)
 .data          0x00000000000142c4        0x0 build/cooja/mtype985.a(vib-sensor.o)
 .data          0x00000000000142c4        0x0 build/cooja/mtype985.a(clock.o)
 .data          0x00000000000142c4        0x0 build/cooja/mtype985.a(cooja-log.o)
 .data          0x00000000000142c4        0x0 build/cooja/mtype985.a(cfs-cooja.o)
 .data          0x00000000000142c4       0x20 build/cooja/mtype985.a(cooja-radio.o)
                0x00000000000142c4                simRadioHWOn
                0x00000000000142c8                simSignalStrength
                0x00000000000142cc                simLastSignalStrength
                0x00000000000142d0                simPower
                0x00000000000142d4                simRadioChannel
                0x00000000000142d8                simLQI
                0x00000000000142dc                simLastLQI
 .data.rel.local
                0x00000000000142e4       0x10 build/cooja/mtype985.a(cooja-radio.o)
                0x00000000000142e4                cooja_radio_process
 .data          0x00000000000142f4        0x0 build/cooja/mtype985.a(eeprom.o)
 .data          0x00000000000142f4        0x0 build/cooja/mtype985.a(random.o)
 .data          0x00000000000142f4        0x0 build/cooja/mtype985.a(sensors.o)
 .data.rel.local
                0x00000000000142f4       0x10 build/cooja/mtype985.a(sensors.o)
                0x00000000000142f4                sensors_process
 .data          0x0000000000014304        0x0 build/cooja/mtype985.a(leds.o)
 .data          0x0000000000014304        0x0 build/cooja/mtype985.a(gpio-hal-arch.o)
 .data          0x0000000000014304        0x1 build/cooja/mtype985.a(buttons.o)
                0x0000000000014304                simButtonIsActive
 *fill*         0x0000000000014305       0x1b 
 .data.rel.local
                0x0000000000014320       0x58 build/cooja/mtype985.a(buttons.o)
                0x0000000000014370                button_hal_buttons
 .data          0x0000000000014378        0x0 build/cooja/mtype985.a(contiki-main.o)
 .data          0x0000000000014378        0x0 build/cooja/mtype985.a(autostart.o)
 .data          0x0000000000014378        0x0 build/cooja/mtype985.a(ctimer.o)
 .data.rel.local
                0x0000000000014378       0x14 build/cooja/mtype985.a(ctimer.o)
                0x000000000001437c                ctimer_process
 .data          0x000000000001438c        0x4 build/cooja/mtype985.a(log.o)
                0x000000000001438c                curr_log_level_main
 *fill*         0x0000000000014390       0x10 
 .data.rel.local
                0x00000000000143a0       0x9c build/cooja/mtype985.a(log.o)
                0x00000000000143a0                all_modules
 .data          0x000000000001443c        0x0 build/cooja/mtype985.a(energest.o)
 .data          0x000000000001443c        0x0 build/cooja/mtype985.a(etimer.o)
 .data.rel.local
                0x000000000001443c       0x10 build/cooja/mtype985.a(etimer.o)
                0x000000000001443c                etimer_process
 .data          0x000000000001444c        0x0 build/cooja/mtype985.a(node-id.o)
 .data          0x000000000001444c        0x0 build/cooja/mtype985.a(rtimer.o)
 .data          0x000000000001444c        0x0 build/cooja/mtype985.a(process.o)
 .data          0x000000000001444c        0x0 build/cooja/mtype985.a(timer.o)
 .data          0x000000000001444c        0x0 build/cooja/mtype985.a(list.o)
 .data          0x000000000001444c        0x0 build/cooja/mtype985.a(button-hal.o)
 .data.rel.local
                0x000000000001444c       0x10 build/cooja/mtype985.a(button-hal.o)
                0x000000000001444c                button_hal_process
 .data          0x000000000001445c        0x0 build/cooja/mtype985.a(serial-line.o)
 .data.rel.local
                0x000000000001445c       0x10 build/cooja/mtype985.a(serial-line.o)
                0x000000000001445c                serial_line_process
 .data          0x000000000001446c        0x0 build/cooja/mtype985.a(gpio-hal.o)
 .data.rel.local
                0x000000000001446c        0x4 build/cooja/mtype985.a(gpio-hal.o)
 .data          0x0000000000014470        0x0 build/cooja/mtype985.a(queuebuf.o)
 .data.rel.local
                0x0000000000014470       0x18 build/cooja/mtype985.a(queuebuf.o)
 .data          0x0000000000014488        0x0 build/cooja/mtype985.a(packetbuf.o)
 .data.rel.local
                0x0000000000014488        0x4 build/cooja/mtype985.a(packetbuf.o)
 .data          0x000000000001448c        0x0 build/cooja/mtype985.a(netstack.o)
 .data.rel.local
                0x000000000001448c        0x4 build/cooja/mtype985.a(netstack.o)
 .data          0x0000000000014490        0x0 build/cooja/mtype985.a(linkaddr.o)
 .data          0x0000000000014490        0x0 build/cooja/mtype985.a(csma.o)
 .data          0x0000000000014490        0x0 build/cooja/mtype985.a(csma-output.o)
 .data.rel.local
                0x0000000000014490       0x28 build/cooja/mtype985.a(csma-output.o)
 .data          0x00000000000144b8        0x0 build/cooja/mtype985.a(nullnet.o)
 .data          0x00000000000144b8        0x0 build/cooja/mtype985.a(nullrouting.o)
 .data          0x00000000000144b8        0x0 build/cooja/mtype985.a(watchdog.o)
 .data          0x00000000000144b8        0x0 build/cooja/mtype985.a(int-master.o)
 .data          0x00000000000144b8        0x0 build/cooja/mtype985.a(ringbuf.o)
 .data          0x00000000000144b8        0x0 build/cooja/mtype985.a(memb.o)
 .data          0x00000000000144b8        0x0 build/cooja/mtype985.a(assert.o)
 .data          0x00000000000144b8        0x0 build/cooja/mtype985.a(mac-sequence.o)
 .data          0x00000000000144b8        0x0 build/cooja/mtype985.a(mac.o)
 .data          0x00000000000144b8        0x0 build/cooja/mtype985.a(framer-802154.o)
 .data          0x00000000000144b8        0x2 build/cooja/mtype985.a(frame802154.o)
 .data          0x00000000000144ba        0x0 build/cooja/mtype985.a(csma-security.o)
 .data          0x00000000000144ba        0x0 /usr/lib/i386-linux-gnu/libc_nonshared.a(stack_chk_fail_local.oS)
 .data          0x00000000000144ba        0x0 /usr/lib/gcc/i686-linux-gnu/7/crtendS.o
 .data          0x00000000000144ba        0x0 /usr/lib/gcc/i686-linux-gnu/7/../../../i386-linux-gnu/crtn.o

.tm_clone_table
                0x00000000000144bc        0x0
 .tm_clone_table
                0x00000000000144bc        0x0 /usr/lib/gcc/i686-linux-gnu/7/crtbeginS.o
 .tm_clone_table
                0x00000000000144bc        0x0 /usr/lib/gcc/i686-linux-gnu/7/crtendS.o

.data1
 *(.data1)
                0x00000000000144bc                _edata = .
                [!provide]                        PROVIDE (edata = .)
                0x00000000000144bc                . = .
                0x00000000000144bc                __bss_start = .

.bss            0x00000000000144c0     0x8be4
 *(.dynbss)
 .dynbss        0x00000000000144c0        0x0 /usr/lib/gcc/i686-linux-gnu/7/../../../i386-linux-gnu/crti.o
 *(.bss .bss.* .gnu.linkonce.b.*)
 .bss           0x00000000000144c0        0x0 /usr/lib/gcc/i686-linux-gnu/7/../../../i386-linux-gnu/crti.o
 .bss           0x00000000000144c0        0x1 /usr/lib/gcc/i686-linux-gnu/7/crtbeginS.o
 *fill*         0x00000000000144c1       0x1f 
 .bss           0x00000000000144e0       0x78 node3.o
 *fill*         0x0000000000014558        0x8 
 .bss           0x0000000000014560     0x2040 build/cooja/mtype985.o
 .bss           0x00000000000165a0        0x1 build/cooja/mtype985.a(simEnvChange.o)
                0x00000000000165a0                simDontFallAsleep
 *fill*         0x00000000000165a1        0x3 
 .bss           0x00000000000165a4        0x4 build/cooja/mtype985.a(cooja_mt.o)
 .bss           0x00000000000165a8        0x4 build/cooja/mtype985.a(cooja_mtarch.o)
 .bss           0x00000000000165ac        0x0 build/cooja/mtype985.a(rtimer-arch.o)
 .bss           0x00000000000165ac        0x0 build/cooja/mtype985.a(beep.o)
 .bss           0x00000000000165ac        0x1 build/cooja/mtype985.a(leds-arch.o)
                0x00000000000165ac                simLedsValue
 .bss           0x00000000000165ad        0x0 build/cooja/mtype985.a(moteid.o)
 .bss           0x00000000000165ad        0x1 build/cooja/mtype985.a(pir-sensor.o)
                0x00000000000165ad                simPirValue
 *fill*         0x00000000000165ae        0x2 
 .bss           0x00000000000165b0        0x4 build/cooja/mtype985.a(rs232.o)
 .bss           0x00000000000165b4        0x1 build/cooja/mtype985.a(vib-sensor.o)
                0x00000000000165b4                simVibValue
 .bss           0x00000000000165b5        0x0 build/cooja/mtype985.a(clock.o)
 *fill*         0x00000000000165b5        0xb 
 .bss           0x00000000000165c0     0x2020 build/cooja/mtype985.a(cooja-log.o)
 .bss           0x00000000000185e0      0xfc0 build/cooja/mtype985.a(cfs-cooja.o)
                0x00000000000185e0                simCFSData
                0x0000000000019580                simCFSSize
                0x0000000000019584                simCFSChanged
                0x0000000000019588                simCFSRead
                0x000000000001958c                simCFSWritten
 .bss           0x00000000000195a0       0x24 build/cooja/mtype985.a(cooja-radio.o)
                0x00000000000195a0                simReceiving
                0x00000000000195a4                simInSize
                0x00000000000195a8                simLastPacketTimestamp
                0x00000000000195b0                simOutSize
 .bss           0x00000000000195c4        0xc build/cooja/mtype985.a(eeprom.o)
                0x00000000000195c4                simEEPROMChanged
                0x00000000000195c8                simEEPROMRead
                0x00000000000195cc                simEEPROMWritten
 .bss           0x00000000000195d0        0x0 build/cooja/mtype985.a(random.o)
 .bss           0x00000000000195d0        0xc build/cooja/mtype985.a(sensors.o)
 .bss           0x00000000000195dc        0x0 build/cooja/mtype985.a(leds.o)
 .bss           0x00000000000195dc       0x24 build/cooja/mtype985.a(gpio-hal-arch.o)
 .bss           0x0000000000019600        0x0 build/cooja/mtype985.a(buttons.o)
 .bss           0x0000000000019600        0x0 build/cooja/mtype985.a(contiki-main.o)
 .bss           0x0000000000019600        0x0 build/cooja/mtype985.a(autostart.o)
 .bss           0x0000000000019600        0x5 build/cooja/mtype985.a(ctimer.o)
 *fill*         0x0000000000019605        0x3 
 .bss           0x0000000000019608       0x2c build/cooja/mtype985.a(log.o)
                0x0000000000019608                curr_log_level_rpl
                0x000000000001960c                curr_log_level_tcpip
                0x0000000000019610                curr_log_level_ipv6
                0x0000000000019614                curr_log_level_6lowpan
                0x0000000000019618                curr_log_level_nullnet
                0x000000000001961c                curr_log_level_mac
                0x0000000000019620                curr_log_level_framer
                0x0000000000019624                curr_log_level_6top
                0x0000000000019628                curr_log_level_coap
                0x000000000001962c                curr_log_level_snmp
                0x0000000000019630                curr_log_level_lwm2m
 .bss           0x0000000000019634        0x0 build/cooja/mtype985.a(energest.o)
 .bss           0x0000000000019634        0x8 build/cooja/mtype985.a(etimer.o)
 .bss           0x000000000001963c        0x2 build/cooja/mtype985.a(node-id.o)
                0x000000000001963c                node_id
 *fill*         0x000000000001963e        0x2 
 .bss           0x0000000000019640        0x4 build/cooja/mtype985.a(rtimer.o)
 *fill*         0x0000000000019644       0x1c 
 .bss           0x0000000000019660      0x1a1 build/cooja/mtype985.a(process.o)
                0x0000000000019660                process_list
                0x0000000000019664                process_current
 .bss           0x0000000000019801        0x0 build/cooja/mtype985.a(timer.o)
 .bss           0x0000000000019801        0x0 build/cooja/mtype985.a(list.o)
 *fill*         0x0000000000019801        0x3 
 .bss           0x0000000000019804       0x10 build/cooja/mtype985.a(button-hal.o)
 *fill*         0x0000000000019814        0xc 
 .bss           0x0000000000019820      0x140 build/cooja/mtype985.a(serial-line.o)
 .bss           0x0000000000019960        0x4 build/cooja/mtype985.a(gpio-hal.o)
 *fill*         0x0000000000019964       0x1c 
 .bss           0x0000000000019980      0x5c0 build/cooja/mtype985.a(queuebuf.o)
 .bss           0x0000000000019f40       0xa0 build/cooja/mtype985.a(packetbuf.o)
 .bss           0x0000000000019fe0        0x4 build/cooja/mtype985.a(netstack.o)
 .bss           0x0000000000019fe4        0x0 build/cooja/mtype985.a(linkaddr.o)
 .bss           0x0000000000019fe4        0x0 build/cooja/mtype985.a(csma.o)
 *fill*         0x0000000000019fe4       0x1c 
 .bss           0x000000000001a000      0x186 build/cooja/mtype985.a(csma-output.o)
 *fill*         0x000000000001a186        0x2 
 .bss           0x000000000001a188        0x4 build/cooja/mtype985.a(nullnet.o)
 .bss           0x000000000001a18c        0x0 build/cooja/mtype985.a(nullrouting.o)
 .bss           0x000000000001a18c        0x0 build/cooja/mtype985.a(watchdog.o)
 .bss           0x000000000001a18c        0x4 build/cooja/mtype985.a(int-master.o)
 .bss           0x000000000001a190        0x0 build/cooja/mtype985.a(ringbuf.o)
 .bss           0x000000000001a190        0x0 build/cooja/mtype985.a(memb.o)
 .bss           0x000000000001a190        0x0 build/cooja/mtype985.a(assert.o)
 *fill*         0x000000000001a190       0x10 
 .bss           0x000000000001a1a0      0x100 build/cooja/mtype985.a(mac-sequence.o)
 .bss           0x000000000001a2a0        0x0 build/cooja/mtype985.a(mac.o)
 .bss           0x000000000001a2a0        0x2 build/cooja/mtype985.a(framer-802154.o)
 .bss           0x000000000001a2a2        0x0 build/cooja/mtype985.a(frame802154.o)
 .bss           0x000000000001a2a2        0x0 build/cooja/mtype985.a(csma-security.o)
 .bss           0x000000000001a2a2        0x0 /usr/lib/i386-linux-gnu/libc_nonshared.a(stack_chk_fail_local.oS)
 .bss           0x000000000001a2a2        0x0 /usr/lib/gcc/i686-linux-gnu/7/crtendS.o
 .bss           0x000000000001a2a2        0x0 /usr/lib/gcc/i686-linux-gnu/7/../../../i386-linux-gnu/crtn.o
 *(COMMON)
 *fill*         0x000000000001a2a2        0x2 
 COMMON         0x000000000001a2a4        0x8 build/cooja/mtype985.o
                0x000000000001a2a4                referenceVar
                0x000000000001a2a8                sensors_flags
 COMMON         0x000000000001a2ac        0xc build/cooja/mtype985.a(simEnvChange.o)
                0x000000000001a2ac                simEtimerPending
                0x000000000001a2b0                simProcessRunValue
                0x000000000001a2b4                simEtimerNextExpirationTime
 COMMON         0x000000000001a2b8       0x18 build/cooja/mtype985.a(rtimer-arch.o)
                0x000000000001a2b8                simRtimerPending
                0x000000000001a2c0                simRtimerCurrentTicks
                0x000000000001a2c8                simRtimerNextExpirationTime
 COMMON         0x000000000001a2d0        0x1 build/cooja/mtype985.a(beep.o)
                0x000000000001a2d0                simBeeped
 *fill*         0x000000000001a2d1        0x3 
 COMMON         0x000000000001a2d4        0xc build/cooja/mtype985.a(moteid.o)
                0x000000000001a2d4                simRandomSeed
                0x000000000001a2d8                simMoteIDChanged
                0x000000000001a2dc                simMoteID
 COMMON         0x000000000001a2e0        0x2 build/cooja/mtype985.a(pir-sensor.o)
                0x000000000001a2e0                simPirIsActive
                0x000000000001a2e1                simPirChanged
 *fill*         0x000000000001a2e2       0x1e 
 COMMON         0x000000000001a300      0x820 build/cooja/mtype985.a(rs232.o)
                0x000000000001a300                simSerialReceivingFlag
                0x000000000001a304                simSerialReceivingLength
                0x000000000001a320                simSerialReceivingData
 COMMON         0x000000000001ab20        0x2 build/cooja/mtype985.a(vib-sensor.o)
                0x000000000001ab20                simVibChanged
                0x000000000001ab21                simVibIsActive
 *fill*         0x000000000001ab22        0x2 
 COMMON         0x000000000001ab24        0x4 build/cooja/mtype985.a(clock.o)
                0x000000000001ab24                simCurrentTime
 *fill*         0x000000000001ab28       0x18 
 COMMON         0x000000000001ab40     0x2020 build/cooja/mtype985.a(cooja-log.o)
                0x000000000001ab40                simLoggedLength
                0x000000000001ab44                simLoggedFlag
                0x000000000001ab60                simLoggedData
 COMMON         0x000000000001cb60       0xfd build/cooja/mtype985.a(cooja-radio.o)
                0x000000000001cb60                simOutDataBuffer
                0x000000000001cbe0                simInDataBuffer
 *fill*         0x000000000001cc5d        0x3 
 COMMON         0x000000000001cc60      0x400 build/cooja/mtype985.a(eeprom.o)
                0x000000000001cc60                simEEPROMData
 COMMON         0x000000000001d060        0x1 build/cooja/mtype985.a(sensors.o)
                0x000000000001d060                sensors_event
 COMMON         0x000000000001d061        0x2 build/cooja/mtype985.a(buttons.o)
                0x000000000001d061                simButtonIsDown
                0x000000000001d062                simButtonChanged
 COMMON         0x000000000001d063        0x3 build/cooja/mtype985.a(button-hal.o)
                0x000000000001d063                button_hal_periodic_event
                0x000000000001d064                button_hal_press_event
                0x000000000001d065                button_hal_release_event
 COMMON         0x000000000001d066        0x1 build/cooja/mtype985.a(serial-line.o)
                0x000000000001d066                serial_line_event_message
 *fill*         0x000000000001d067        0x1 
 COMMON         0x000000000001d068       0x2c build/cooja/mtype985.a(packetbuf.o)
                0x000000000001d068                packetbuf_attrs
                0x000000000001d084                packetbuf_addrs
 COMMON         0x000000000001d094        0x8 build/cooja/mtype985.a(linkaddr.o)
                0x000000000001d094                linkaddr_node_addr
 COMMON         0x000000000001d09c        0x8 build/cooja/mtype985.a(nullnet.o)
                0x000000000001d09c                nullnet_len
                0x000000000001d0a0                nullnet_buf
                0x000000000001d0a4                . = ALIGN ((. != 0x0)?0x4:0x1)
                0x000000000001d0a4                . = ALIGN (0x4)
                0x000000000001d0a4                . = SEGMENT_START ("ldata-segment", .)
                0x000000000001d0a4                . = ALIGN (0x4)
                0x000000000001d0a4                _end = .
                [!provide]                        PROVIDE (end = .)
                0x000000000001d0a4                . = DATA_SEGMENT_END (.)

.stab
 *(.stab)

.stabstr
 *(.stabstr)

.stab.excl
 *(.stab.excl)

.stab.exclstr
 *(.stab.exclstr)

.stab.index
 *(.stab.index)

.stab.indexstr
 *(.stab.indexstr)

.comment        0x0000000000000000       0x29
 *(.comment)
 .comment       0x0000000000000000       0x29 /usr/lib/gcc/i686-linux-gnu/7/crtbeginS.o
                                         0x2a (size before relaxing)
 .comment       0x0000000000000029       0x2a node3.o
 .comment       0x0000000000000029       0x2a build/cooja/mtype985.o
 .comment       0x0000000000000029       0x2a build/cooja/mtype985.a(simEnvChange.o)
 .comment       0x0000000000000029       0x2a build/cooja/mtype985.a(cooja_mt.o)
 .comment       0x0000000000000029       0x2a build/cooja/mtype985.a(cooja_mtarch.o)
 .comment       0x0000000000000029       0x2a build/cooja/mtype985.a(rtimer-arch.o)
 .comment       0x0000000000000029       0x2a build/cooja/mtype985.a(beep.o)
 .comment       0x0000000000000029       0x2a build/cooja/mtype985.a(leds-arch.o)
 .comment       0x0000000000000029       0x2a build/cooja/mtype985.a(moteid.o)
 .comment       0x0000000000000029       0x2a build/cooja/mtype985.a(pir-sensor.o)
 .comment       0x0000000000000029       0x2a build/cooja/mtype985.a(rs232.o)
 .comment       0x0000000000000029       0x2a build/cooja/mtype985.a(vib-sensor.o)
 .comment       0x0000000000000029       0x2a build/cooja/mtype985.a(clock.o)
 .comment       0x0000000000000029       0x2a build/cooja/mtype985.a(cooja-log.o)
 .comment       0x0000000000000029       0x2a build/cooja/mtype985.a(cfs-cooja.o)
 .comment       0x0000000000000029       0x2a build/cooja/mtype985.a(cooja-radio.o)
 .comment       0x0000000000000029       0x2a build/cooja/mtype985.a(eeprom.o)
 .comment       0x0000000000000029       0x2a build/cooja/mtype985.a(random.o)
 .comment       0x0000000000000029       0x2a build/cooja/mtype985.a(sensors.o)
 .comment       0x0000000000000029       0x2a build/cooja/mtype985.a(leds.o)
 .comment       0x0000000000000029       0x2a build/cooja/mtype985.a(gpio-hal-arch.o)
 .comment       0x0000000000000029       0x2a build/cooja/mtype985.a(buttons.o)
 .comment       0x0000000000000029       0x2a build/cooja/mtype985.a(contiki-main.o)
 .comment       0x0000000000000029       0x2a build/cooja/mtype985.a(autostart.o)
 .comment       0x0000000000000029       0x2a build/cooja/mtype985.a(ctimer.o)
 .comment       0x0000000000000029       0x2a build/cooja/mtype985.a(log.o)
 .comment       0x0000000000000029       0x2a build/cooja/mtype985.a(energest.o)
 .comment       0x0000000000000029       0x2a build/cooja/mtype985.a(etimer.o)
 .comment       0x0000000000000029       0x2a build/cooja/mtype985.a(node-id.o)
 .comment       0x0000000000000029       0x2a build/cooja/mtype985.a(rtimer.o)
 .comment       0x0000000000000029       0x2a build/cooja/mtype985.a(process.o)
 .comment       0x0000000000000029       0x2a build/cooja/mtype985.a(timer.o)
 .comment       0x0000000000000029       0x2a build/cooja/mtype985.a(list.o)
 .comment       0x0000000000000029       0x2a build/cooja/mtype985.a(button-hal.o)
 .comment       0x0000000000000029       0x2a build/cooja/mtype985.a(serial-line.o)
 .comment       0x0000000000000029       0x2a build/cooja/mtype985.a(gpio-hal.o)
 .comment       0x0000000000000029       0x2a build/cooja/mtype985.a(queuebuf.o)
 .comment       0x0000000000000029       0x2a build/cooja/mtype985.a(packetbuf.o)
 .comment       0x0000000000000029       0x2a build/cooja/mtype985.a(netstack.o)
 .comment       0x0000000000000029       0x2a build/cooja/mtype985.a(linkaddr.o)
 .comment       0x0000000000000029       0x2a build/cooja/mtype985.a(csma.o)
 .comment       0x0000000000000029       0x2a build/cooja/mtype985.a(csma-output.o)
 .comment       0x0000000000000029       0x2a build/cooja/mtype985.a(nullnet.o)
 .comment       0x0000000000000029       0x2a build/cooja/mtype985.a(nullrouting.o)
 .comment       0x0000000000000029       0x2a build/cooja/mtype985.a(watchdog.o)
 .comment       0x0000000000000029       0x2a build/cooja/mtype985.a(int-master.o)
 .comment       0x0000000000000029       0x2a build/cooja/mtype985.a(ringbuf.o)
 .comment       0x0000000000000029       0x2a build/cooja/mtype985.a(memb.o)
 .comment       0x0000000000000029       0x2a build/cooja/mtype985.a(assert.o)
 .comment       0x0000000000000029       0x2a build/cooja/mtype985.a(mac-sequence.o)
 .comment       0x0000000000000029       0x2a build/cooja/mtype985.a(mac.o)
 .comment       0x0000000000000029       0x2a build/cooja/mtype985.a(framer-802154.o)
 .comment       0x0000000000000029       0x2a build/cooja/mtype985.a(frame802154.o)
 .comment       0x0000000000000029       0x2a build/cooja/mtype985.a(csma-security.o)
 .comment       0x0000000000000029       0x2a /usr/lib/gcc/i686-linux-gnu/7/crtendS.o

.debug
 *(.debug)

.line
 *(.line)

.debug_srcinfo
 *(.debug_srcinfo)

.debug_sfnames
 *(.debug_sfnames)

.debug_aranges  0x0000000000000000      0x6c0
 *(.debug_aranges)
 .debug_aranges
                0x0000000000000000       0x20 node3.o
 .debug_aranges
                0x0000000000000020       0x20 build/cooja/mtype985.o
 .debug_aranges
                0x0000000000000040       0x20 build/cooja/mtype985.a(simEnvChange.o)
 .debug_aranges
                0x0000000000000060       0x20 build/cooja/mtype985.a(cooja_mt.o)
 .debug_aranges
                0x0000000000000080       0x20 build/cooja/mtype985.a(cooja_mtarch.o)
 .debug_aranges
                0x00000000000000a0       0x20 build/cooja/mtype985.a(rtimer-arch.o)
 .debug_aranges
                0x00000000000000c0       0x20 build/cooja/mtype985.a(beep.o)
 .debug_aranges
                0x00000000000000e0       0x20 build/cooja/mtype985.a(leds-arch.o)
 .debug_aranges
                0x0000000000000100       0x20 build/cooja/mtype985.a(moteid.o)
 .debug_aranges
                0x0000000000000120       0x20 build/cooja/mtype985.a(pir-sensor.o)
 .debug_aranges
                0x0000000000000140       0x20 build/cooja/mtype985.a(rs232.o)
 .debug_aranges
                0x0000000000000160       0x20 build/cooja/mtype985.a(vib-sensor.o)
 .debug_aranges
                0x0000000000000180       0x20 build/cooja/mtype985.a(clock.o)
 .debug_aranges
                0x00000000000001a0       0x20 build/cooja/mtype985.a(cooja-log.o)
 .debug_aranges
                0x00000000000001c0       0x20 build/cooja/mtype985.a(cfs-cooja.o)
 .debug_aranges
                0x00000000000001e0       0x20 build/cooja/mtype985.a(cooja-radio.o)
 .debug_aranges
                0x0000000000000200       0x20 build/cooja/mtype985.a(eeprom.o)
 .debug_aranges
                0x0000000000000220       0x20 build/cooja/mtype985.a(random.o)
 .debug_aranges
                0x0000000000000240       0x20 build/cooja/mtype985.a(sensors.o)
 .debug_aranges
                0x0000000000000260       0x20 build/cooja/mtype985.a(leds.o)
 .debug_aranges
                0x0000000000000280       0x20 build/cooja/mtype985.a(gpio-hal-arch.o)
 .debug_aranges
                0x00000000000002a0       0x20 build/cooja/mtype985.a(buttons.o)
 .debug_aranges
                0x00000000000002c0       0x20 build/cooja/mtype985.a(contiki-main.o)
 .debug_aranges
                0x00000000000002e0       0x20 build/cooja/mtype985.a(autostart.o)
 .debug_aranges
                0x0000000000000300       0x20 build/cooja/mtype985.a(ctimer.o)
 .debug_aranges
                0x0000000000000320       0x20 build/cooja/mtype985.a(log.o)
 .debug_aranges
                0x0000000000000340       0x20 build/cooja/mtype985.a(energest.o)
 .debug_aranges
                0x0000000000000360       0x20 build/cooja/mtype985.a(etimer.o)
 .debug_aranges
                0x0000000000000380       0x20 build/cooja/mtype985.a(node-id.o)
 .debug_aranges
                0x00000000000003a0       0x20 build/cooja/mtype985.a(rtimer.o)
 .debug_aranges
                0x00000000000003c0       0x20 build/cooja/mtype985.a(process.o)
 .debug_aranges
                0x00000000000003e0       0x20 build/cooja/mtype985.a(timer.o)
 .debug_aranges
                0x0000000000000400       0x20 build/cooja/mtype985.a(list.o)
 .debug_aranges
                0x0000000000000420       0x20 build/cooja/mtype985.a(button-hal.o)
 .debug_aranges
                0x0000000000000440       0x20 build/cooja/mtype985.a(serial-line.o)
 .debug_aranges
                0x0000000000000460       0x20 build/cooja/mtype985.a(gpio-hal.o)
 .debug_aranges
                0x0000000000000480       0x20 build/cooja/mtype985.a(queuebuf.o)
 .debug_aranges
                0x00000000000004a0       0x20 build/cooja/mtype985.a(packetbuf.o)
 .debug_aranges
                0x00000000000004c0       0x20 build/cooja/mtype985.a(netstack.o)
 .debug_aranges
                0x00000000000004e0       0x20 build/cooja/mtype985.a(linkaddr.o)
 .debug_aranges
                0x0000000000000500       0x20 build/cooja/mtype985.a(csma.o)
 .debug_aranges
                0x0000000000000520       0x20 build/cooja/mtype985.a(csma-output.o)
 .debug_aranges
                0x0000000000000540       0x20 build/cooja/mtype985.a(nullnet.o)
 .debug_aranges
                0x0000000000000560       0x20 build/cooja/mtype985.a(nullrouting.o)
 .debug_aranges
                0x0000000000000580       0x20 build/cooja/mtype985.a(watchdog.o)
 .debug_aranges
                0x00000000000005a0       0x20 build/cooja/mtype985.a(int-master.o)
 .debug_aranges
                0x00000000000005c0       0x20 build/cooja/mtype985.a(ringbuf.o)
 .debug_aranges
                0x00000000000005e0       0x20 build/cooja/mtype985.a(memb.o)
 .debug_aranges
                0x0000000000000600       0x20 build/cooja/mtype985.a(assert.o)
 .debug_aranges
                0x0000000000000620       0x20 build/cooja/mtype985.a(mac-sequence.o)
 .debug_aranges
                0x0000000000000640       0x20 build/cooja/mtype985.a(mac.o)
 .debug_aranges
                0x0000000000000660       0x20 build/cooja/mtype985.a(framer-802154.o)
 .debug_aranges
                0x0000000000000680       0x20 build/cooja/mtype985.a(frame802154.o)
 .debug_aranges
                0x00000000000006a0       0x20 build/cooja/mtype985.a(csma-security.o)

.debug_pubnames
 *(.debug_pubnames)

.debug_info     0x0000000000000000    0x1d5df
 *(.debug_info .gnu.linkonce.wi.*)
 .debug_info    0x0000000000000000      0xad6 node3.o
 .debug_info    0x0000000000000ad6     0x4132 build/cooja/mtype985.o
 .debug_info    0x0000000000004c08      0x515 build/cooja/mtype985.a(simEnvChange.o)
 .debug_info    0x000000000000511d      0x2df build/cooja/mtype985.a(cooja_mt.o)
 .debug_info    0x00000000000053fc      0x5f2 build/cooja/mtype985.a(cooja_mtarch.o)
 .debug_info    0x00000000000059ee      0x30e build/cooja/mtype985.a(rtimer-arch.o)
 .debug_info    0x0000000000005cfc      0x334 build/cooja/mtype985.a(beep.o)
 .debug_info    0x0000000000006030      0x2e8 build/cooja/mtype985.a(leds-arch.o)
 .debug_info    0x0000000000006318      0x261 build/cooja/mtype985.a(moteid.o)
 .debug_info    0x0000000000006579      0x37f build/cooja/mtype985.a(pir-sensor.o)
 .debug_info    0x00000000000068f8      0x61e build/cooja/mtype985.a(rs232.o)
 .debug_info    0x0000000000006f16      0x37f build/cooja/mtype985.a(vib-sensor.o)
 .debug_info    0x0000000000007295      0x293 build/cooja/mtype985.a(clock.o)
 .debug_info    0x0000000000007528      0x686 build/cooja/mtype985.a(cooja-log.o)
 .debug_info    0x0000000000007bae      0x798 build/cooja/mtype985.a(cfs-cooja.o)
 .debug_info    0x0000000000008346     0x1328 build/cooja/mtype985.a(cooja-radio.o)
 .debug_info    0x000000000000966e      0x31e build/cooja/mtype985.a(eeprom.o)
 .debug_info    0x000000000000998c       0xa8 build/cooja/mtype985.a(random.o)
 .debug_info    0x0000000000009a34      0x3f5 build/cooja/mtype985.a(sensors.o)
 .debug_info    0x0000000000009e29      0x3da build/cooja/mtype985.a(leds.o)
 .debug_info    0x000000000000a203      0x945 build/cooja/mtype985.a(gpio-hal-arch.o)
 .debug_info    0x000000000000ab48      0x96f build/cooja/mtype985.a(buttons.o)
 .debug_info    0x000000000000b4b7     0x1a8c build/cooja/mtype985.a(contiki-main.o)
 .debug_info    0x000000000000cf43      0x225 build/cooja/mtype985.a(autostart.o)
 .debug_info    0x000000000000d168      0x4d6 build/cooja/mtype985.a(ctimer.o)
 .debug_info    0x000000000000d63e      0xb4e build/cooja/mtype985.a(log.o)
 .debug_info    0x000000000000e18c      0x210 build/cooja/mtype985.a(energest.o)
 .debug_info    0x000000000000e39c      0x4fe build/cooja/mtype985.a(etimer.o)
 .debug_info    0x000000000000e89a      0x5f1 build/cooja/mtype985.a(node-id.o)
 .debug_info    0x000000000000ee8b      0x314 build/cooja/mtype985.a(rtimer.o)
 .debug_info    0x000000000000f19f      0x7b2 build/cooja/mtype985.a(process.o)
 .debug_info    0x000000000000f951      0x2b8 build/cooja/mtype985.a(timer.o)
 .debug_info    0x000000000000fc09      0x4ce build/cooja/mtype985.a(list.o)
 .debug_info    0x00000000000100d7      0x70a build/cooja/mtype985.a(button-hal.o)
 .debug_info    0x00000000000107e1      0x365 build/cooja/mtype985.a(serial-line.o)
 .debug_info    0x0000000000010b46      0x792 build/cooja/mtype985.a(gpio-hal.o)
 .debug_info    0x00000000000112d8     0x14ad build/cooja/mtype985.a(queuebuf.o)
 .debug_info    0x0000000000012785     0x1471 build/cooja/mtype985.a(packetbuf.o)
 .debug_info    0x0000000000013bf6      0x73d build/cooja/mtype985.a(netstack.o)
 .debug_info    0x0000000000014333      0x2e9 build/cooja/mtype985.a(linkaddr.o)
 .debug_info    0x000000000001461c      0xeed build/cooja/mtype985.a(csma.o)
 .debug_info    0x0000000000015509     0x153f build/cooja/mtype985.a(csma-output.o)
 .debug_info    0x0000000000016a48      0xdf7 build/cooja/mtype985.a(nullnet.o)
 .debug_info    0x000000000001783f      0xfde build/cooja/mtype985.a(nullrouting.o)
 .debug_info    0x000000000001881d      0x218 build/cooja/mtype985.a(watchdog.o)
 .debug_info    0x0000000000018a35      0x26d build/cooja/mtype985.a(int-master.o)
 .debug_info    0x0000000000018ca2      0x30c build/cooja/mtype985.a(ringbuf.o)
 .debug_info    0x0000000000018fae      0x32b build/cooja/mtype985.a(memb.o)
 .debug_info    0x00000000000192d9      0x482 build/cooja/mtype985.a(assert.o)
 .debug_info    0x000000000001975b     0x1147 build/cooja/mtype985.a(mac-sequence.o)
 .debug_info    0x000000000001a8a2      0x61d build/cooja/mtype985.a(mac.o)
 .debug_info    0x000000000001aebf      0xd31 build/cooja/mtype985.a(framer-802154.o)
 .debug_info    0x000000000001bbf0      0xbe8 build/cooja/mtype985.a(frame802154.o)
 .debug_info    0x000000000001c7d8      0xe07 build/cooja/mtype985.a(csma-security.o)

.debug_abbrev   0x0000000000000000     0x6362
 *(.debug_abbrev)
 .debug_abbrev  0x0000000000000000      0x20d node3.o
 .debug_abbrev  0x000000000000020d      0x318 build/cooja/mtype985.o
 .debug_abbrev  0x0000000000000525      0x167 build/cooja/mtype985.a(simEnvChange.o)
 .debug_abbrev  0x000000000000068c      0x188 build/cooja/mtype985.a(cooja_mt.o)
 .debug_abbrev  0x0000000000000814      0x1c0 build/cooja/mtype985.a(cooja_mtarch.o)
 .debug_abbrev  0x00000000000009d4      0x18f build/cooja/mtype985.a(rtimer-arch.o)
 .debug_abbrev  0x0000000000000b63      0x18f build/cooja/mtype985.a(beep.o)
 .debug_abbrev  0x0000000000000cf2      0x15c build/cooja/mtype985.a(leds-arch.o)
 .debug_abbrev  0x0000000000000e4e      0x14a build/cooja/mtype985.a(moteid.o)
 .debug_abbrev  0x0000000000000f98      0x19a build/cooja/mtype985.a(pir-sensor.o)
 .debug_abbrev  0x0000000000001132      0x1ed build/cooja/mtype985.a(rs232.o)
 .debug_abbrev  0x000000000000131f      0x19a build/cooja/mtype985.a(vib-sensor.o)
 .debug_abbrev  0x00000000000014b9      0x18f build/cooja/mtype985.a(clock.o)
 .debug_abbrev  0x0000000000001648      0x201 build/cooja/mtype985.a(cooja-log.o)
 .debug_abbrev  0x0000000000001849      0x1eb build/cooja/mtype985.a(cfs-cooja.o)
 .debug_abbrev  0x0000000000001a34      0x399 build/cooja/mtype985.a(cooja-radio.o)
 .debug_abbrev  0x0000000000001dcd      0x180 build/cooja/mtype985.a(eeprom.o)
 .debug_abbrev  0x0000000000001f4d       0x6b build/cooja/mtype985.a(random.o)
 .debug_abbrev  0x0000000000001fb8      0x1cd build/cooja/mtype985.a(sensors.o)
 .debug_abbrev  0x0000000000002185      0x183 build/cooja/mtype985.a(leds.o)
 .debug_abbrev  0x0000000000002308      0x20b build/cooja/mtype985.a(gpio-hal-arch.o)
 .debug_abbrev  0x0000000000002513      0x1d1 build/cooja/mtype985.a(buttons.o)
 .debug_abbrev  0x00000000000026e4      0x203 build/cooja/mtype985.a(contiki-main.o)
 .debug_abbrev  0x00000000000028e7      0x12b build/cooja/mtype985.a(autostart.o)
 .debug_abbrev  0x0000000000002a12      0x1be build/cooja/mtype985.a(ctimer.o)
 .debug_abbrev  0x0000000000002bd0      0x221 build/cooja/mtype985.a(log.o)
 .debug_abbrev  0x0000000000002df1      0x10d build/cooja/mtype985.a(energest.o)
 .debug_abbrev  0x0000000000002efe      0x229 build/cooja/mtype985.a(etimer.o)
 .debug_abbrev  0x0000000000003127      0x180 build/cooja/mtype985.a(node-id.o)
 .debug_abbrev  0x00000000000032a7      0x1a6 build/cooja/mtype985.a(rtimer.o)
 .debug_abbrev  0x000000000000344d      0x27b build/cooja/mtype985.a(process.o)
 .debug_abbrev  0x00000000000036c8      0x174 build/cooja/mtype985.a(timer.o)
 .debug_abbrev  0x000000000000383c      0x1e2 build/cooja/mtype985.a(list.o)
 .debug_abbrev  0x0000000000003a1e      0x256 build/cooja/mtype985.a(button-hal.o)
 .debug_abbrev  0x0000000000003c74      0x1a0 build/cooja/mtype985.a(serial-line.o)
 .debug_abbrev  0x0000000000003e14      0x1b0 build/cooja/mtype985.a(gpio-hal.o)
 .debug_abbrev  0x0000000000003fc4      0x2b5 build/cooja/mtype985.a(queuebuf.o)
 .debug_abbrev  0x0000000000004279      0x2ce build/cooja/mtype985.a(packetbuf.o)
 .debug_abbrev  0x0000000000004547      0x207 build/cooja/mtype985.a(netstack.o)
 .debug_abbrev  0x000000000000474e      0x177 build/cooja/mtype985.a(linkaddr.o)
 .debug_abbrev  0x00000000000048c5      0x27f build/cooja/mtype985.a(csma.o)
 .debug_abbrev  0x0000000000004b44      0x2e1 build/cooja/mtype985.a(csma-output.o)
 .debug_abbrev  0x0000000000004e25      0x245 build/cooja/mtype985.a(nullnet.o)
 .debug_abbrev  0x000000000000506a      0x234 build/cooja/mtype985.a(nullrouting.o)
 .debug_abbrev  0x000000000000529e      0x10b build/cooja/mtype985.a(watchdog.o)
 .debug_abbrev  0x00000000000053a9      0x170 build/cooja/mtype985.a(int-master.o)
 .debug_abbrev  0x0000000000005519      0x15a build/cooja/mtype985.a(ringbuf.o)
 .debug_abbrev  0x0000000000005673      0x15a build/cooja/mtype985.a(memb.o)
 .debug_abbrev  0x00000000000057cd      0x13d build/cooja/mtype985.a(assert.o)
 .debug_abbrev  0x000000000000590a      0x21b build/cooja/mtype985.a(mac-sequence.o)
 .debug_abbrev  0x0000000000005b25      0x16f build/cooja/mtype985.a(mac.o)
 .debug_abbrev  0x0000000000005c94      0x22e build/cooja/mtype985.a(framer-802154.o)
 .debug_abbrev  0x0000000000005ec2      0x2cc build/cooja/mtype985.a(frame802154.o)
 .debug_abbrev  0x000000000000618e      0x1d4 build/cooja/mtype985.a(csma-security.o)

.debug_line     0x0000000000000000     0x70aa
 *(.debug_line .debug_line.* .debug_line_end)
 .debug_line    0x0000000000000000      0x2b0 node3.o
 .debug_line    0x00000000000002b0      0x4c1 build/cooja/mtype985.o
 .debug_line    0x0000000000000771      0x1c3 build/cooja/mtype985.a(simEnvChange.o)
 .debug_line    0x0000000000000934      0x157 build/cooja/mtype985.a(cooja_mt.o)
 .debug_line    0x0000000000000a8b      0x1fe build/cooja/mtype985.a(cooja_mtarch.o)
 .debug_line    0x0000000000000c89      0x193 build/cooja/mtype985.a(rtimer-arch.o)
 .debug_line    0x0000000000000e1c      0x11e build/cooja/mtype985.a(beep.o)
 .debug_line    0x0000000000000f3a      0x179 build/cooja/mtype985.a(leds-arch.o)
 .debug_line    0x00000000000010b3      0x136 build/cooja/mtype985.a(moteid.o)
 .debug_line    0x00000000000011e9      0x171 build/cooja/mtype985.a(pir-sensor.o)
 .debug_line    0x000000000000135a      0x21a build/cooja/mtype985.a(rs232.o)
 .debug_line    0x0000000000001574      0x171 build/cooja/mtype985.a(vib-sensor.o)
 .debug_line    0x00000000000016e5      0x10f build/cooja/mtype985.a(clock.o)
 .debug_line    0x00000000000017f4      0x1f4 build/cooja/mtype985.a(cooja-log.o)
 .debug_line    0x00000000000019e8      0x224 build/cooja/mtype985.a(cfs-cooja.o)
 .debug_line    0x0000000000001c0c      0x383 build/cooja/mtype985.a(cooja-radio.o)
 .debug_line    0x0000000000001f8f      0x140 build/cooja/mtype985.a(eeprom.o)
 .debug_line    0x00000000000020cf       0x4d build/cooja/mtype985.a(random.o)
 .debug_line    0x000000000000211c      0x1a2 build/cooja/mtype985.a(sensors.o)
 .debug_line    0x00000000000022be      0x200 build/cooja/mtype985.a(leds.o)
 .debug_line    0x00000000000024be      0x2be build/cooja/mtype985.a(gpio-hal-arch.o)
 .debug_line    0x000000000000277c      0x251 build/cooja/mtype985.a(buttons.o)
 .debug_line    0x00000000000029cd      0x4de build/cooja/mtype985.a(contiki-main.o)
 .debug_line    0x0000000000002eab      0x114 build/cooja/mtype985.a(autostart.o)
 .debug_line    0x0000000000002fbf      0x1b7 build/cooja/mtype985.a(ctimer.o)
 .debug_line    0x0000000000003176      0x260 build/cooja/mtype985.a(log.o)
 .debug_line    0x00000000000033d6      0x12b build/cooja/mtype985.a(energest.o)
 .debug_line    0x0000000000003501      0x1e8 build/cooja/mtype985.a(etimer.o)
 .debug_line    0x00000000000036e9      0x176 build/cooja/mtype985.a(node-id.o)
 .debug_line    0x000000000000385f      0x150 build/cooja/mtype985.a(rtimer.o)
 .debug_line    0x00000000000039af      0x295 build/cooja/mtype985.a(process.o)
 .debug_line    0x0000000000003c44      0x10f build/cooja/mtype985.a(timer.o)
 .debug_line    0x0000000000003d53      0x1bf build/cooja/mtype985.a(list.o)
 .debug_line    0x0000000000003f12      0x291 build/cooja/mtype985.a(button-hal.o)
 .debug_line    0x00000000000041a3      0x1d3 build/cooja/mtype985.a(serial-line.o)
 .debug_line    0x0000000000004376      0x219 build/cooja/mtype985.a(gpio-hal.o)
 .debug_line    0x000000000000458f      0x343 build/cooja/mtype985.a(queuebuf.o)
 .debug_line    0x00000000000048d2      0x37e build/cooja/mtype985.a(packetbuf.o)
 .debug_line    0x0000000000004c50      0x216 build/cooja/mtype985.a(netstack.o)
 .debug_line    0x0000000000004e66      0x14a build/cooja/mtype985.a(linkaddr.o)
 .debug_line    0x0000000000004fb0      0x2bb build/cooja/mtype985.a(csma.o)
 .debug_line    0x000000000000526b      0x42a build/cooja/mtype985.a(csma-output.o)
 .debug_line    0x0000000000005695      0x284 build/cooja/mtype985.a(nullnet.o)
 .debug_line    0x0000000000005919      0x2ca build/cooja/mtype985.a(nullrouting.o)
 .debug_line    0x0000000000005be3      0x110 build/cooja/mtype985.a(watchdog.o)
 .debug_line    0x0000000000005cf3      0x143 build/cooja/mtype985.a(int-master.o)
 .debug_line    0x0000000000005e36      0x16a build/cooja/mtype985.a(ringbuf.o)
 .debug_line    0x0000000000005fa0      0x169 build/cooja/mtype985.a(memb.o)
 .debug_line    0x0000000000006109      0x187 build/cooja/mtype985.a(assert.o)
 .debug_line    0x0000000000006290      0x326 build/cooja/mtype985.a(mac-sequence.o)
 .debug_line    0x00000000000065b6      0x1c7 build/cooja/mtype985.a(mac.o)
 .debug_line    0x000000000000677d      0x2e0 build/cooja/mtype985.a(framer-802154.o)
 .debug_line    0x0000000000006a5d      0x3bb build/cooja/mtype985.a(frame802154.o)
 .debug_line    0x0000000000006e18      0x292 build/cooja/mtype985.a(csma-security.o)

.debug_frame
 *(.debug_frame)

.debug_str      0x0000000000000000     0x5997
 *(.debug_str)
 .debug_str     0x0000000000000000      0x6ff node3.o
                                        0x823 (size before relaxing)
 .debug_str     0x00000000000006ff     0x1b48 build/cooja/mtype985.o
                                       0x2374 (size before relaxing)
 .debug_str     0x0000000000002247       0x2d build/cooja/mtype985.a(simEnvChange.o)
                                        0x460 (size before relaxing)
 .debug_str     0x0000000000002274       0x5e build/cooja/mtype985.a(cooja_mt.o)
                                        0x2ad (size before relaxing)
 .debug_str     0x00000000000022d2       0x94 build/cooja/mtype985.a(cooja_mtarch.o)
                                        0x4cf (size before relaxing)
 .debug_str     0x0000000000002366      0x124 build/cooja/mtype985.a(rtimer-arch.o)
                                        0x359 (size before relaxing)
 .debug_str     0x000000000000248a       0xc3 build/cooja/mtype985.a(beep.o)
                                        0x315 (size before relaxing)
 .debug_str     0x000000000000254d       0x9b build/cooja/mtype985.a(leds-arch.o)
                                        0x339 (size before relaxing)
 .debug_str     0x00000000000025e8       0x46 build/cooja/mtype985.a(moteid.o)
                                        0x2d8 (size before relaxing)
 .debug_str     0x000000000000262e       0x54 build/cooja/mtype985.a(pir-sensor.o)
                                        0x32d (size before relaxing)
 .debug_str     0x0000000000002682       0xce build/cooja/mtype985.a(rs232.o)
                                        0x596 (size before relaxing)
 .debug_str     0x0000000000002750       0x54 build/cooja/mtype985.a(vib-sensor.o)
                                        0x32d (size before relaxing)
 .debug_str     0x00000000000027a4       0x61 build/cooja/mtype985.a(clock.o)
                                        0x2e8 (size before relaxing)
 .debug_str     0x0000000000002805       0xd6 build/cooja/mtype985.a(cooja-log.o)
                                        0x576 (size before relaxing)
 .debug_str     0x00000000000028db      0x110 build/cooja/mtype985.a(cfs-cooja.o)
                                        0x581 (size before relaxing)
 .debug_str     0x00000000000029eb      0x6aa build/cooja/mtype985.a(cooja-radio.o)
                                        0xff4 (size before relaxing)
 .debug_str     0x0000000000003095       0x98 build/cooja/mtype985.a(eeprom.o)
                                        0x325 (size before relaxing)
 .debug_str     0x000000000000312d       0x33 build/cooja/mtype985.a(random.o)
                                        0x142 (size before relaxing)
 .debug_str     0x0000000000003160       0x8b build/cooja/mtype985.a(sensors.o)
                                        0x320 (size before relaxing)
 .debug_str     0x00000000000031eb       0x8a build/cooja/mtype985.a(leds.o)
                                        0x302 (size before relaxing)
 .debug_str     0x0000000000003275      0x2a5 build/cooja/mtype985.a(gpio-hal-arch.o)
                                        0x84c (size before relaxing)
 .debug_str     0x000000000000351a       0xf4 build/cooja/mtype985.a(buttons.o)
                                        0x82b (size before relaxing)
 .debug_str     0x000000000000360e      0xa14 build/cooja/mtype985.a(contiki-main.o)
                                       0x165d (size before relaxing)
 .debug_str     0x0000000000004022       0x38 build/cooja/mtype985.a(autostart.o)
                                        0x24c (size before relaxing)
 .debug_str     0x000000000000405a       0xcf build/cooja/mtype985.a(ctimer.o)
                                        0x330 (size before relaxing)
 .debug_str     0x0000000000004129       0x7a build/cooja/mtype985.a(log.o)
                                        0x805 (size before relaxing)
 .debug_str     0x00000000000041a3       0x4d build/cooja/mtype985.a(energest.o)
                                        0x26b (size before relaxing)
 .debug_str     0x00000000000041f0      0x150 build/cooja/mtype985.a(etimer.o)
                                        0x394 (size before relaxing)
 .debug_str     0x0000000000004340       0x24 build/cooja/mtype985.a(node-id.o)