Archive member included to satisfy reference by file (symbol)

build/cooja/mtype301.a(simEnvChange.o)
                              build/cooja/mtype301.o (simDontFallAsleep)
build/cooja/mtype301.a(cooja_mt.o)
                              build/cooja/mtype301.o (cooja_mt_start)
build/cooja/mtype301.a(cooja_mtarch.o)
                              build/cooja/mtype301.a(cooja_mt.o) (cooja_mtarch_start)
build/cooja/mtype301.a(rtimer-arch.o)
                              build/cooja/mtype301.o (rtimer_arch_check)
build/cooja/mtype301.a(beep.o)
                              build/cooja/mtype301.o (beep_interface)
build/cooja/mtype301.a(leds-arch.o)
                              build/cooja/mtype301.o (leds_interface)
build/cooja/mtype301.a(moteid.o)
                              build/cooja/mtype301.o (moteid_interface)
build/cooja/mtype301.a(pir-sensor.o)
                              build/cooja/mtype301.o (pir_interface)
build/cooja/mtype301.a(rs232.o)
                              build/cooja/mtype301.o (rs232_interface)
build/cooja/mtype301.a(vib-sensor.o)
                              build/cooja/mtype301.o (vib_interface)
build/cooja/mtype301.a(clock.o)
                              build/cooja/mtype301.o (clock_interface)
build/cooja/mtype301.a(cooja-log.o)
                              build/cooja/mtype301.o (simlog_interface)
build/cooja/mtype301.a(cfs-cooja.o)
                              build/cooja/mtype301.o (cfs_interface)
build/cooja/mtype301.a(cooja-radio.o)
                              build/cooja/mtype301.o (radio_interface)
build/cooja/mtype301.a(eeprom.o)
                              build/cooja/mtype301.o (eeprom_interface)
build/cooja/mtype301.a(random.o)
                              build/cooja/mtype301.a(moteid.o) (random_init)
build/cooja/mtype301.a(sensors.o)
                              build/cooja/mtype301.a(pir-sensor.o) (sensors_changed)
build/cooja/mtype301.a(leds.o)
                              build/cooja/mtype301.a(leds-arch.o) (leds_get)
build/cooja/mtype301.a(gpio-hal-arch.o)
                              build/cooja/mtype301.a(leds-arch.o) (gpio_hal_arch_register_pin_callback)
build/cooja/mtype301.a(buttons.o)
                              build/cooja/mtype301.o (button_interface)
build/cooja/mtype301.a(contiki-main.o)
                              build/cooja/mtype301.o (main)
build/cooja/mtype301.a(autostart.o)
                              build/cooja/mtype301.a(contiki-main.o) (autostart_start)
build/cooja/mtype301.a(ctimer.o)
                              build/cooja/mtype301.a(contiki-main.o) (ctimer_init)
build/cooja/mtype301.a(log.o)
                              build/cooja/mtype301.a(contiki-main.o) (curr_log_level_main)
build/cooja/mtype301.a(energest.o)
                              build/cooja/mtype301.a(contiki-main.o) (energest_init)
build/cooja/mtype301.a(etimer.o)
                              build/cooja/mtype301.a(contiki-main.o) (etimer_process)
build/cooja/mtype301.a(node-id.o)
                              rpl_client.o (node_id)
build/cooja/mtype301.a(rtimer.o)
                              build/cooja/mtype301.a(contiki-main.o) (rtimer_init)
build/cooja/mtype301.a(process.o)
                              build/cooja/mtype301.a(ctimer.o) (process_current)
build/cooja/mtype301.a(timer.o)
                              build/cooja/mtype301.a(etimer.o) (timer_set)
build/cooja/mtype301.a(list.o)
                              build/cooja/mtype301.a(ctimer.o) (list_init)
build/cooja/mtype301.a(button-hal.o)
                              build/cooja/mtype301.o (button_hal_init)
build/cooja/mtype301.a(serial-line.o)
                              build/cooja/mtype301.a(rs232.o) (serial_line_input_byte)
build/cooja/mtype301.a(gpio-hal.o)
                              build/cooja/mtype301.a(button-hal.o) (gpio_hal_register_handler)
build/cooja/mtype301.a(queuebuf.o)
                              build/cooja/mtype301.a(contiki-main.o) (queuebuf_init)
build/cooja/mtype301.a(packetbuf.o)
                              build/cooja/mtype301.a(cooja-radio.o) (packetbuf_clear)
build/cooja/mtype301.a(netstack.o)
                              build/cooja/mtype301.a(contiki-main.o) (netstack_init)
build/cooja/mtype301.a(linkaddr.o)
                              build/cooja/mtype301.a(contiki-main.o) (linkaddr_node_addr)
build/cooja/mtype301.a(csma.o)
                              build/cooja/mtype301.a(cooja-radio.o) (csma_driver)
build/cooja/mtype301.a(csma-output.o)
                              build/cooja/mtype301.a(csma.o) (csma_output_packet)
build/cooja/mtype301.a(uip-ds6.o)
                              build/cooja/mtype301.a(contiki-main.o) (uip_ds6_get_link_local)
build/cooja/mtype301.a(uip-ds6-route.o)
                              build/cooja/mtype301.a(uip-ds6.o) (uip_ds6_route_init)
build/cooja/mtype301.a(tcpip.o)
                              build/cooja/mtype301.a(contiki-main.o) (tcpip_process)
build/cooja/mtype301.a(uip6.o)
[...]
Memory Configuration

Name             Origin             Length             Attributes
*default*        0x0000000000000000 0xffffffffffffffff

Linker script and memory map

LOAD /usr/lib/gcc/i686-linux-gnu/7/../../../i386-linux-gnu/crti.o
LOAD /usr/lib/gcc/i686-linux-gnu/7/crtbeginS.o
LOAD rpl_client.o
LOAD build/cooja/mtype301.o
LOAD build/cooja/mtype301.a
LOAD /usr/lib/gcc/i686-linux-gnu/7/libgcc.a
LOAD /usr/lib/gcc/i686-linux-gnu/7/libgcc_s.so
START GROUP
LOAD /usr/lib/gcc/i686-linux-gnu/7/libgcc_s.so.1
LOAD /usr/lib/gcc/i686-linux-gnu/7/libgcc.a
END GROUP
LOAD /usr/lib/gcc/i686-linux-gnu/7/../../../i386-linux-gnu/libc.so
START GROUP
LOAD /lib/i386-linux-gnu/libc.so.6
LOAD /usr/lib/i386-linux-gnu/libc_nonshared.a
LOAD /lib/i386-linux-gnu/ld-linux.so.2
END GROUP
LOAD /usr/lib/gcc/i686-linux-gnu/7/libgcc.a
LOAD /usr/lib/gcc/i686-linux-gnu/7/libgcc_s.so
START GROUP
LOAD /usr/lib/gcc/i686-linux-gnu/7/libgcc_s.so.1
LOAD /usr/lib/gcc/i686-linux-gnu/7/libgcc.a
END GROUP
LOAD /usr/lib/gcc/i686-linux-gnu/7/crtendS.o
LOAD /usr/lib/gcc/i686-linux-gnu/7/../../../i386-linux-gnu/crtn.o
                0x0000000000000114                . = (SEGMENT_START ("text-segment", 0x0) + SIZEOF_HEADERS)

.note.gnu.build-id
                0x0000000000000114       0x24
 *(.note.gnu.build-id)
 .note.gnu.build-id
                0x0000000000000114       0x24 /usr/lib/gcc/i686-linux-gnu/7/../../../i386-linux-gnu/crti.o

.hash
 *(.hash)

.gnu.hash       0x0000000000000138     0x1438
 *(.gnu.hash)
 .gnu.hash      0x0000000000000138     0x1438 /usr/lib/gcc/i686-linux-gnu/7/../../../i386-linux-gnu/crti.o

.dynsym         0x0000000000001570     0x2930
 *(.dynsym)
 .dynsym        0x0000000000001570     0x2930 /usr/lib/gcc/i686-linux-gnu/7/../../../i386-linux-gnu/crti.o

.dynstr         0x0000000000003ea0     0x2ec6
 *(.dynstr)
 .dynstr        0x0000000000003ea0     0x2ec6 /usr/lib/gcc/i686-linux-gnu/7/../../../i386-linux-gnu/crti.o

.gnu.version    0x0000000000006d66      0x526
 *(.gnu.version)
 .gnu.version   0x0000000000006d66      0x526 /usr/lib/gcc/i686-linux-gnu/7/../../../i386-linux-gnu/crti.o

.gnu.version_d  0x000000000000728c        0x0
 *(.gnu.version_d)
 .gnu.version_d
                0x000000000000728c        0x0 /usr/lib/gcc/i686-linux-gnu/7/../../../i386-linux-gnu/crti.o

.gnu.version_r  0x000000000000728c       0x40
 *(.gnu.version_r)
 .gnu.version_r
                0x000000000000728c       0x40 /usr/lib/gcc/i686-linux-gnu/7/../../../i386-linux-gnu/crti.o

.rel.dyn        0x00000000000072cc      0xdb8
 *(.rel.init)
 .rel.init      0x00000000000072cc        0x0 /usr/lib/gcc/i686-linux-gnu/7/../../../i386-linux-gnu/crti.o
 *(.rel.text .rel.text.* .rel.gnu.linkonce.t.*)
 .rel.text      0x00000000000072cc      0x4f8 /usr/lib/gcc/i686-linux-gnu/7/../../../i386-linux-gnu/crti.o
 *(.rel.fini)
 .rel.fini      0x00000000000077c4        0x0 /usr/lib/gcc/i686-linux-gnu/7/../../../i386-linux-gnu/crti.o
 *(.rel.rodata .rel.rodata.* .rel.gnu.linkonce.r.*)
 *(.rel.data.rel.ro .rel.data.rel.ro.* .rel.gnu.linkonce.d.rel.ro.*)
 .rel.data.rel.ro.local
                0x00000000000077c4      0x208 /usr/lib/gcc/i686-linux-gnu/7/../../../i386-linux-gnu/crti.o
 .rel.data.rel.ro
                0x00000000000079cc       0xb0 /usr/lib/gcc/i686-linux-gnu/7/../../../i386-linux-gnu/crti.o
 *(.rel.data .rel.data.* .rel.gnu.linkonce.d.*)
 .rel.data.rel.local
                0x0000000000007a7c      0x2f0 /usr/lib/gcc/i686-linux-gnu/7/../../../i386-linux-gnu/crti.o
 .rel.data.rel  0x0000000000007d6c       0x78 /usr/lib/gcc/i686-linux-gnu/7/../../../i386-linux-gnu/crti.o
 *(.rel.tdata .rel.tdata.* .rel.gnu.linkonce.td.*)
 *(.rel.tbss .rel.tbss.* .rel.gnu.linkonce.tb.*)
 *(.rel.ctors)
 *(.rel.dtors)
 *(.rel.got)
 .rel.got       0x0000000000007de4      0x290 /usr/lib/gcc/i686-linux-gnu/7/../../../i386-linux-gnu/crti.o
 *(.rel.bss .rel.bss.* .rel.gnu.linkonce.b.*)
 *(.rel.ifunc)
 .rel.ifunc     0x0000000000008074        0x0 /usr/lib/gcc/i686-linux-gnu/7/../../../i386-linux-gnu/crti.o
 .rel.fini_array
                0x0000000000008074        0x8 /usr/lib/gcc/i686-linux-gnu/7/../../../i386-linux-gnu/crti.o
 .rel.init_array
                0x000000000000807c        0x8 /usr/lib/gcc/i686-linux-gnu/7/../../../i386-linux-gnu/crti.o

.rel.plt        0x0000000000008084      0x948
 *(.rel.plt)
 .rel.plt       0x0000000000008084      0x948 /usr/lib/gcc/i686-linux-gnu/7/../../../i386-linux-gnu/crti.o
 *(.rel.iplt)

.init           0x00000000000089cc       0x23
 *(SORT_NONE(.init))
 .init          0x00000000000089cc       0x1e /usr/lib/gcc/i686-linux-gnu/7/../../../i386-linux-gnu/crti.o
                0x00000000000089cc                _init
 .init          0x00000000000089ea        0x5 /usr/lib/gcc/i686-linux-gnu/7/../../../i386-linux-gnu/crtn.o

.plt            0x00000000000089f0     0x12a0
 *(.plt)
 .plt           0x00000000000089f0     0x12a0 /usr/lib/gcc/i686-linux-gnu/7/../../../i386-linux-gnu/crti.o
 *(.iplt)

.plt.got        0x0000000000009c90       0x18
 *(.plt.got)
 .plt.got       0x0000000000009c90       0x18 /usr/lib/gcc/i686-linux-gnu/7/../../../i386-linux-gnu/crti.o

.plt.sec
 *(.plt.sec)

.text           0x0000000000009cb0    0x17e64
 *(.text.unlikely .text.*_unlikely .text.unlikely.*)
 *(.text.exit .text.exit.*)
 *(.text.startup .text.startup.*)
 *(.text.hot .text.hot.*)
 *(.text .stub .text.* .gnu.linkonce.t.*)
 .text          0x0000000000009cb0        0x0 /usr/lib/gcc/i686-linux-gnu/7/../../../i386-linux-gnu/crti.o
 .gnu.linkonce.t.__x86.get_pc_thunk.bx
                0x0000000000009cb0        0x4 /usr/lib/gcc/i686-linux-gnu/7/../../../i386-linux-gnu/crti.o
                0x0000000000009cb0                __x86.get_pc_thunk.bx
 *fill*         0x0000000000009cb4        0xc 
 .text          0x0000000000009cc0       0xe9 /usr/lib/gcc/i686-linux-gnu/7/crtbeginS.o
 .text.__x86.get_pc_thunk.dx
                0x0000000000009da9        0x4 /usr/lib/gcc/i686-linux-gnu/7/crtbeginS.o
                0x0000000000009da9                __x86.get_pc_thunk.dx
 .text          0x0000000000009dad      0x2f8 rpl_client.o
 .text          0x000000000000a0a5      0x36b build/cooja/mtype301.o
                0x000000000000a157                platform_init_stage_one
                0x000000000000a17a                platform_init_stage_two
                0x000000000000a19d                platform_init_stage_three
                0x000000000000a1c0                platform_main_loop
                0x000000000000a266                Java_org_contikios_cooja_corecomm_Lib6_init
                0x000000000000a2b4                Java_org_contikios_cooja_corecomm_Lib6_getMemory
                0x000000000000a2f4                Java_org_contikios_cooja_corecomm_Lib6_setMemory
                0x000000000000a365                Java_org_contikios_cooja_corecomm_Lib6_tick
                0x000000000000a3ef                Java_org_contikios_cooja_corecomm_Lib6_setReferenceAddress
 .text.__x86.get_pc_thunk.ax
                0x000000000000a410        0x4 build/cooja/mtype301.o
                0x000000000000a410                __x86.get_pc_thunk.ax
 .text          0x000000000000a414       0x8d build/cooja/mtype301.a(simEnvChange.o)
                0x000000000000a414                doActionsBeforeTick
                0x000000000000a45a                doActionsAfterTick
 .text          0x000000000000a4a1       0xb6 build/cooja/mtype301.a(cooja_mt.o)
                0x000000000000a4a1                cooja_mt_start
                0x000000000000a4db                cooja_mt_exec
                0x000000000000a522                cooja_mt_yield
 .text          0x000000000000a557       0xf2 build/cooja/mtype301.a(cooja_mtarch.o)
                0x000000000000a557                cooja_mtarch_start
                0x000000000000a5db                cooja_sw
                0x000000000000a609                cooja_mtarch_exec
                0x000000000000a634                cooja_mtarch_yield
 .text          0x000000000000a649      0x127 build/cooja/mtype301.a(rtimer-arch.o)
                0x000000000000a649                rtimer_arch_init
                0x000000000000a678                rtimer_arch_schedule
                0x000000000000a6ba                rtimer_arch_next
                0x000000000000a6d4                rtimer_arch_pending
                0x000000000000a6eb                rtimer_arch_check
                0x000000000000a756                rtimer_arch_now
 .text.__x86.get_pc_thunk.cx
                0x000000000000a770        0x4 build/cooja/mtype301.a(rtimer-arch.o)
                0x000000000000a770                __x86.get_pc_thunk.cx
 .text          0x000000000000a774      0x101 build/cooja/mtype301.a(beep.o)
                0x000000000000a774                beep_alarm
                0x000000000000a78d                beep_beep
                0x000000000000a7a6                beep
                0x000000000000a7bf                beep_down
                0x000000000000a7d8                beep_on
                0x000000000000a7f1                beep_off
                0x000000000000a80a                beep_spinup
                0x000000000000a823                beep_quick
                0x000000000000a83c                beep_long
 .text          0x000000000000a875       0x9f build/cooja/mtype301.a(leds-arch.o)
                0x000000000000a899                leds_arch_init
 .text          0x000000000000a914       0x56 build/cooja/mtype301.a(moteid.o)
 .text          0x000000000000a96a      0x101 build/cooja/mtype301.a(pir-sensor.o)
 .text          0x000000000000aa6b      0x1cc build/cooja/mtype301.a(rs232.o)
                0x000000000000aa6b                rs232_init
                0x000000000000aa7b                rs232_set_speed
                0x000000000000aa94                rs232_set_input
                0x000000000000aaad                rs232_send
                0x000000000000aae3                rs232_print
                0x000000000000ab11                slip_arch_writeb
 .text          0x000000000000ac37      0x101 build/cooja/mtype301.a(vib-sensor.o)
 .text          0x000000000000ad38       0x7a build/cooja/mtype301.a(clock.o)
                0x000000000000ad38                clock_init
                0x000000000000ad48                clock_time
                0x000000000000ad5f                clock_seconds
                0x000000000000ad82                clock_delay
 .text          0x000000000000adb2      0x2b5 build/cooja/mtype301.a(cooja-log.o)
                0x000000000000adb2                simlog_char
                0x000000000000ae16                simlog
                0x000000000000aeb0                log_message
                0x000000000000aeff                log_set_putchar_with_slip
                0x000000000000af18                log_putchar
                0x000000000000afa3                log_puts
                0x000000000000afd5                log_printf
 .text          0x000000000000b067      0x36c build/cooja/mtype301.a(cfs-cooja.o)
                0x000000000000b067                cfs_open
                0x000000000000b0df                cfs_close
                0x000000000000b0f6                cfs_read
                0x000000000000b1aa                cfs_write
                0x000000000000b2a8                cfs_seek
                0x000000000000b345                cfs_remove
                0x000000000000b37b                cfs_opendir
                0x000000000000b38f                cfs_readdir
                0x000000000000b3a3                cfs_closedir
 .text          0x000000000000b3d3      0x78b build/cooja/mtype301.a(cooja-radio.o)
                0x000000000000b441                radio_set_channel
                0x000000000000b45a                radio_set_txpower
                0x000000000000b47d                radio_signal_strength_last
                0x000000000000b492                radio_signal_strength_current
                0x000000000000b4a7                radio_LQI
 .text          0x000000000000bb5e      0x130 build/cooja/mtype301.a(eeprom.o)
                0x000000000000bb5e                eeprom_init
                0x000000000000bb6e                eeprom_read
                0x000000000000bbee                eeprom_write
 .text          0x000000000000bc8e       0x4e build/cooja/mtype301.a(random.o)
                0x000000000000bc8e                random_init
                0x000000000000bcbe                random_rand
 .text          0x000000000000bcdc      0x332 build/cooja/mtype301.a(sensors.o)
                0x000000000000bd23                sensors_first
                0x000000000000bd3a                sensors_next
                0x000000000000bd65                sensors_changed
                0x000000000000bdb2                sensors_find
 .text          0x000000000000c00e      0x3fc build/cooja/mtype301.a(leds.o)
                0x000000000000c00e                leds_init
                0x000000000000c066                leds_single_on
                0x000000000000c0de                leds_single_off
                0x000000000000c156                leds_single_toggle
                0x000000000000c19a                leds_on
                0x000000000000c232                leds_off
                0x000000000000c2ca                leds_toggle
                0x000000000000c330                leds_set
                0x000000000000c366                leds_get
 .text          0x000000000000c40a      0x401 build/cooja/mtype301.a(gpio-hal-arch.o)
                0x000000000000c40a                gpio_hal_arch_register_pin_callback
                0x000000000000c48b                gpio_hal_arch_init
                0x000000000000c4e5                gpio_hal_arch_no_port_interrupt_enable
                0x000000000000c51f                gpio_hal_arch_no_port_interrupt_disable
                0x000000000000c559                gpio_hal_arch_no_port_pin_cfg_set
                0x000000000000c588                gpio_hal_arch_no_port_pin_cfg_get
                0x000000000000c5b8                gpio_hal_arch_no_port_pin_set_input
                0x000000000000c5d4                gpio_hal_arch_no_port_pin_set_output
                0x000000000000c5f0                gpio_hal_arch_no_port_set_pin
                0x000000000000c61b                gpio_hal_arch_no_port_clear_pin
                0x000000000000c646                gpio_hal_arch_no_port_read_pin
                0x000000000000c678                gpio_hal_arch_no_port_write_pin
                0x000000000000c6ac                gpio_hal_arch_no_port_set_pins
                0x000000000000c6fd                gpio_hal_arch_no_port_clear_pins
                0x000000000000c74e                gpio_hal_arch_no_port_read_pins
                0x000000000000c7a1                gpio_hal_arch_no_port_write_pins
 .text          0x000000000000c80b       0xc6 build/cooja/mtype301.a(buttons.o)
 .text          0x000000000000c8d1      0x3c1 build/cooja/mtype301.a(contiki-main.o)
                0x000000000000c8d1                main
 .text          0x000000000000cc92       0xb0 build/cooja/mtype301.a(autostart.o)
                0x000000000000cc92                autostart_start
                0x000000000000cceb                autostart_exit
 .text          0x000000000000cd42      0x400 build/cooja/mtype301.a(ctimer.o)
                0x000000000000ce85                ctimer_init
                0x000000000000ceca                ctimer_set
                0x000000000000cefd                ctimer_set_with_process
                0x000000000000cf94                ctimer_reset
                0x000000000000d002                ctimer_restart
                0x000000000000d070                ctimer_stop
                0x000000000000d0d0                ctimer_expired
 .text          0x000000000000d142      0x4a3 build/cooja/mtype301.a(log.o)
                0x000000000000d142                log_6addr
                0x000000000000d1a6                log_6addr_compact_snprint
                0x000000000000d266                log_6addr_compact
                0x000000000000d2ca                log_lladdr
                0x000000000000d351                log_lladdr_compact
                0x000000000000d3ce                log_bytes
                0x000000000000d422                log_set_level
                0x000000000000d500                log_get_level
                0x000000000000d591                log_level_to_str
 .text          0x000000000000d5e5       0x39 build/cooja/mtype301.a(energest.o)
                0x000000000000d5e5                energest_init
                0x000000000000d5f5                energest_flush
                0x000000000000d605                energest_get_total_time
 .text          0x000000000000d61e      0x527 build/cooja/mtype301.a(etimer.o)
                0x000000000000d873                etimer_request_poll
                0x000000000000d924                etimer_set
                0x000000000000d95d                etimer_reset_with_new_interval
                0x000000000000d99c                etimer_reset
                0x000000000000d9d2                etimer_restart
                0x000000000000da08                etimer_adjust
                0x000000000000da2f                etimer_expired
                0x000000000000da4c                etimer_expiration_time
                0x000000000000da68                etimer_start_time
                0x000000000000da7c                etimer_pending
                0x000000000000da99                etimer_next_expiration_time
                0x000000000000dac1                etimer_stop
 .text          0x000000000000db45       0x36 build/cooja/mtype301.a(node-id.o)
                0x000000000000db45                node_id_init
 .text          0x000000000000db7b      0x122 build/cooja/mtype301.a(rtimer.o)
                0x000000000000db7b                rtimer_init
                0x000000000000db9a                rtimer_set
                0x000000000000dc28                rtimer_run_next
 .text          0x000000000000dc9d      0x5cb build/cooja/mtype301.a(process.o)
                0x000000000000dc9d                process_alloc_event
                0x000000000000dcbe                process_start
                0x000000000000dec3                process_exit
                0x000000000000deeb                process_init
                0x000000000000e0b3                process_run
                0x000000000000e0f6                process_nevents
                0x000000000000e11b                process_post
                0x000000000000e1c8                process_post_synch
                0x000000000000e20e                process_poll
                0x000000000000e24a                process_is_running
 .text.__x86.get_pc_thunk.si
                0x000000000000e268        0x4 build/cooja/mtype301.a(process.o)
                0x000000000000e268                __x86.get_pc_thunk.si
 .text          0x000000000000e26c       0xf6 build/cooja/mtype301.a(timer.o)
                0x000000000000e26c                timer_set
                0x000000000000e29b                timer_reset
                0x000000000000e2d2                timer_restart
                0x000000000000e2f8                timer_expired
                0x000000000000e336                timer_remaining
 .text          0x000000000000e362      0x311 build/cooja/mtype301.a(list.o)
                0x000000000000e362                list_init
                0x000000000000e37b                list_head
                0x000000000000e38f                list_copy
                0x000000000000e3a9                list_tail
                0x000000000000e3e9                list_add
                0x000000000000e43f                list_push
                0x000000000000e475                list_chop
                0x000000000000e4e9                list_pop
                0x000000000000e51b                list_remove
                0x000000000000e58d                list_length
                0x000000000000e5c5                list_insert
                0x000000000000e614                list_item_next
                0x000000000000e635                list_contains
 .text          0x000000000000e673      0x566 build/cooja/mtype301.a(button-hal.o)
                0x000000000000e867                button_hal_get_by_id
                0x000000000000e8b1                button_hal_get_by_index
                0x000000000000e8eb                button_hal_get_state
                0x000000000000e94d                button_hal_init
 .text          0x000000000000ebd9      0x242 build/cooja/mtype301.a(serial-line.o)
                0x000000000000ebd9                serial_line_input_byte
                0x000000000000edd1                serial_line_init
 .text          0x000000000000ee1b      0x1d6 build/cooja/mtype301.a(gpio-hal.o)
                0x000000000000ee1b                gpio_hal_register_handler
                0x000000000000ee49                gpio_hal_event_handler
                0x000000000000eeb6                gpio_hal_init
                0x000000000000eee5                gpio_hal_arch_port_toggle_pin
                0x000000000000ef30                gpio_hal_arch_port_toggle_pins
                0x000000000000ef6d                gpio_hal_arch_no_port_toggle_pin
                0x000000000000efba                gpio_hal_arch_no_port_toggle_pins
 .text          0x000000000000eff1      0x3a9 build/cooja/mtype301.a(queuebuf.o)
                0x000000000000f005                queuebuf_init
                0x000000000000f041                queuebuf_numfree
                0x000000000000f06b                queuebuf_new_from_packetbuf
                0x000000000000f11f                queuebuf_update_attr_from_packetbuf
                0x000000000000f163                queuebuf_update_from_packetbuf
                0x000000000000f1c2                queuebuf_free
                0x000000000000f220                queuebuf_to_packetbuf
                0x000000000000f29d                queuebuf_dataptr
                0x000000000000f2e9                queuebuf_datalen
                0x000000000000f316                queuebuf_addr
                0x000000000000f355                queuebuf_attr
                0x000000000000f38a                queuebuf_debug_print
 .text          0x000000000000f39a      0x4dd build/cooja/mtype301.a(packetbuf.o)
                0x000000000000f39a                packetbuf_clear
                0x000000000000f3d0                packetbuf_copyfrom
                0x000000000000f430                packetbuf_copyto
                0x000000000000f4ce                packetbuf_hdralloc
                0x000000000000f55e                packetbuf_hdrreduce
                0x000000000000f5b0                packetbuf_set_datalen
                0x000000000000f5d5                packetbuf_dataptr
                0x000000000000f5fc                packetbuf_hdrptr
                0x000000000000f611                packetbuf_datalen
                0x000000000000f627                packetbuf_hdrlen
                0x000000000000f646                packetbuf_totlen
                0x000000000000f666                packetbuf_remaininglen
                0x000000000000f683                packetbuf_attr_clear
                0x000000000000f6e9                packetbuf_attr_copyto
                0x000000000000f72f                packetbuf_attr_copyfrom
                0x000000000000f775                packetbuf_set_attr
                0x000000000000f7ab                packetbuf_attr
                0x000000000000f7d1                packetbuf_set_addr
                0x000000000000f819                packetbuf_addr
                0x000000000000f843                packetbuf_holds_broadcast
 .text          0x000000000000f877      0x13c build/cooja/mtype301.a(netstack.o)
                0x000000000000f877                netstack_process_ip_callback
                0x000000000000f918                netstack_ip_packet_processor_add
                0x000000000000f94c                uip_ds6_ip_packet_processor_rm
                0x000000000000f97a                netstack_init
 .text          0x000000000000f9b3       0x75 build/cooja/mtype301.a(linkaddr.o)
                0x000000000000f9b3                linkaddr_copy
                0x000000000000f9d3                linkaddr_cmp
                0x000000000000fa06                linkaddr_set_node_addr
 .text          0x000000000000fa28      0x2ae build/cooja/mtype301.a(csma.o)
 .text          0x000000000000fcd6      0xa6f build/cooja/mtype301.a(csma-output.o)
                0x0000000000010448                csma_output_packet
                0x00000000000106f7                csma_output_init
 .text          0x0000000000010745      0xe47 build/cooja/mtype301.a(uip-ds6.o)
                0x0000000000010745                uip_ds6_default_prefix
                0x000000000001075a                uip_ds6_set_default_prefix
                0x0000000000010790                uip_ds6_init
                0x0000000000010a2b                uip_ds6_periodic
                0x0000000000010ad3                uip_ds6_list_loop
                0x0000000000010ba2                uip_ds6_prefix_add
                0x0000000000010c69                uip_ds6_prefix_rm
                0x0000000000010c86                uip_ds6_prefix_lookup
                0x0000000000010cd9                uip_ds6_is_addr_onlink
                0x0000000000010d66                uip_ds6_addr_add
                0x0000000000010ea8                uip_ds6_addr_rm
                0x0000000000010f67                uip_ds6_addr_lookup
                0x0000000000010fb7                uip_ds6_get_link_local
                0x0000000000011055                uip_ds6_get_global
                0x00000000000110f3                uip_ds6_maddr_add
                0x000000000001116f                uip_ds6_maddr_rm
                0x000000000001118c                uip_ds6_maddr_lookup
                0x00000000000111df                uip_ds6_aaddr_add
                0x0000000000011258                uip_ds6_aaddr_rm
                0x0000000000011275                uip_ds6_aaddr_lookup
                0x00000000000112c5                uip_ds6_select_src
                0x0000000000011433                uip_ds6_set_addr_iid
                0x0000000000011468                uip_ds6_set_lladdr_from_iid
                0x000000000001149b                get_match_length
                0x0000000000011536                uip_ds6_compute_reachable_time
 .text          0x000000000001158c      0x453 build/cooja/mtype301.a(uip-ds6-route.o)
                0x00000000000115ee                uip_ds6_route_init
                0x000000000001162a                uip_ds6_route_count_nexthop_neighbors
                0x000000000001163e                uip_ds6_route_nexthop
                0x0000000000011652                uip_ds6_route_head
                0x0000000000011666                uip_ds6_route_next
                0x000000000001167a                uip_ds6_route_is_nexthop
                0x000000000001168e                uip_ds6_route_num_routes
                0x00000000000116a2                uip_ds6_route_lookup
                0x00000000000116b6                uip_ds6_route_add
                0x00000000000116d3                uip_ds6_route_rm
                0x00000000000116e3                uip_ds6_route_rm_by_nexthop
                0x00000000000116f3                uip_ds6_defrt_head
                0x000000000001171d                uip_ds6_defrt_add
                0x00000000000117dd                uip_ds6_defrt_rm
                0x0000000000011856                uip_ds6_defrt_lookup
                0x00000000000118cd                uip_ds6_defrt_choose
                0x0000000000011953                uip_ds6_defrt_periodic
 .text          0x00000000000119df      0x870 build/cooja/mtype301.a(tcpip.o)
                0x0000000000011a05                tcpip_output
                0x0000000000011ab4                udp_attach
                0x0000000000011ad6                udp_new
                0x0000000000011b30                udp_broadcast_new
                0x0000000000011cd0                tcpip_input
                0x0000000000011ec6                tcpip_ipv6_output
                0x0000000000012102                tcpip_poll_udp
                0x0000000000012132                tcpip_uipcall
 .text          0x000000000001224f     0x1520 build/cooja/mtype301.a(uip6.o)
                0x0000000000012308                uip_chksum
                0x0000000000012400                uip_icmp6chksum
                0x000000000001241f                uip_udpchksum
                0x000000000001243e                uip_init
                0x000000000001249d                uip_remove_ext_hdr
                0x0000000000012598                uip_udp_new
                0x0000000000012911                uip_process
                0x00000000000135ff                uip_htons
                0x000000000001362b                uip_htonl
                0x0000000000013675                uip_send
 .text          0x000000000001376f      0x43e build/cooja/mtype301.a(uip-ds6-nbr.o)
                0x000000000001376f                uip_ds6_neighbors_init
                0x00000000000137a5                uip_ds6_nbr_add
                0x000000000001383f                uip_ds6_nbr_rm
                0x000000000001389e                uip_ds6_nbr_update_ll
                0x000000000001399b                uip_ds6_nbr_get_ipaddr
                0x00000000000139ba                uip_ds6_nbr_get_ll
                0x00000000000139e7                uip_ds6_nbr_num
                0x0000000000013a41                uip_ds6_nbr_head
                0x0000000000013a6b                uip_ds6_nbr_next
                0x0000000000013a98                uip_ds6_nbr_lookup
                0x0000000000013aff                uip_ds6_nbr_ll_lookup
                0x0000000000013b2c                uip_ds6_nbr_ipaddr_from_lladdr
                0x0000000000013b5f                uip_ds6_nbr_lladdr_from_ipaddr
                0x0000000000013b9d                uip_ds6_link_callback
 .text          0x0000000000013bad      0x810 build/cooja/mtype301.a(uip-nd6.o)
                0x0000000000014392                uip_nd6_init
 .text          0x00000000000143bd      0x44d build/cooja/mtype301.a(simple-udp.o)
                0x00000000000143fb                simple_udp_send
                0x000000000001446d                simple_udp_sendto
                0x00000000000144d8                simple_udp_sendto_port
                0x0000000000014541                simple_udp_register
 .text          0x000000000001480a     0x33b0 build/cooja/mtype301.a(sicslowpan.o)
                0x0000000000014f08                netstack_sniffer_add
                0x0000000000014f21                netstack_sniffer_remove
                0x0000000000017b79                sicslowpan_init
                0x0000000000017ba5                sicslowpan_get_last_rssi
 .text          0x0000000000017bba      0x51a build/cooja/mtype301.a(uiplib.o)
                0x0000000000017bba                uiplib_ip6addrconv
                0x0000000000017d80                uiplib_ip4addrconv
                0x0000000000017e4d                uiplib_ipaddr_print
                0x0000000000017eb1                uiplib_ipaddr_snprint
 .text          0x00000000000180d4      0x610 build/cooja/mtype301.a(rpl.o)
                0x00000000000180d4                rpl_lollipop_greater_than
                0x0000000000018137                rpl_get_global_address
                0x000000000001826d                rpl_link_callback
                0x00000000000182d0                rpl_has_joined
                0x0000000000018306                rpl_is_reachable
                0x00000000000183a9                rpl_reset_prefix
                0x0000000000018425                rpl_set_prefix_from_addr
                0x0000000000018537                rpl_set_prefix
                0x00000000000186ab                rpl_set_leaf_only
                0x00000000000186ce                rpl_get_leaf_only
 .text          0x00000000000186e4     0x1491 build/cooja/mtype301.a(rpl-icmp6.o)
                0x0000000000018841                rpl_icmp6_update_nbr_table
                0x00000000000188f3                rpl_icmp6_dis_output
                0x0000000000018f08                rpl_icmp6_dio_output
                0x0000000000019761                rpl_icmp6_dao_output
                0x0000000000019a8e                rpl_icmp6_dao_ack_output
                0x0000000000019b15                rpl_icmp6_init
 .text          0x0000000000019b75      0x2e4 build/cooja/mtype301.a(rpl-dag-root.o)
                0x0000000000019b75                rpl_dag_root_print_links
                0x0000000000019cce                rpl_dag_root_set_prefix
                0x0000000000019d09                rpl_dag_root_start
                0x0000000000019e17                rpl_dag_root_is_root
 .text          0x0000000000019e59       0x6b build/cooja/mtype301.a(watchdog.o)
                0x0000000000019e59                watchdog_init
                0x0000000000019e69                watchdog_start
                0x0000000000019e79                watchdog_periodic
                0x0000000000019ea4                watchdog_stop
                0x0000000000019eb4                watchdog_reboot
 .text          0x0000000000019ec4       0x75 build/cooja/mtype301.a(int-master.o)
                0x0000000000019ec4                int_master_enable
                0x0000000000019ede                int_master_read_and_disable
                0x0000000000019f06                int_master_status_set
                0x0000000000019f1f                int_master_is_enabled
 .text          0x0000000000019f39      0x11d build/cooja/mtype301.a(stimer.o)
                0x0000000000019f39                stimer_set
                0x0000000000019f68                stimer_reset
                0x0000000000019f9f                stimer_restart
                0x0000000000019fc5                stimer_expired
                0x000000000001a001                stimer_remaining
                0x000000000001a02d                stimer_elapsed
 .text          0x000000000001a056      0x188 build/cooja/mtype301.a(ringbuf.o)
                0x000000000001a056                ringbuf_init
                0x000000000001a092                ringbuf_put
                0x000000000001a11a                ringbuf_get
                0x000000000001a191                ringbuf_size
                0x000000000001a1ad                ringbuf_elements
 .text          0x000000000001a1de      0x1ec build/cooja/mtype301.a(memb.o)
                0x000000000001a1de                memb_init
                0x000000000001a242                memb_alloc
                0x000000000001a2af                memb_free
                0x000000000001a330                memb_inmemb
                0x000000000001a379                memb_numfree
 .text          0x000000000001a3ca       0x31 build/cooja/mtype301.a(assert.o)
                0x000000000001a3ca                _xassert
 .text          0x000000000001a3fb      0xb68 build/cooja/mtype301.a(nbr-table.o)
                0x000000000001a79d                nbr_table_count_entries
                0x000000000001a84a                nbr_table_gc_get_worst
                0x000000000001a88a                nbr_table_can_accept_new
                0x000000000001aa13                nbr_table_entry_is_allowed
                0x000000000001aab3                nbr_table_register
                0x000000000001ab31                nbr_table_is_registered
                0x000000000001ab76                nbr_table_head
                0x000000000001abe3                nbr_table_next
                0x000000000001ac55                nbr_table_add_lladdr
                0x000000000001ada4                nbr_table_get_from_lladdr
                0x000000000001ae01                nbr_table_remove
                0x000000000001ae4c                nbr_table_lock
                0x000000000001ae72                nbr_table_unlock
                0x000000000001ae98                nbr_table_get_lladdr
                0x000000000001aece                nbr_table_clear
                0x000000000001af13                nbr_table_key_head
                0x000000000001af3d                nbr_table_key_next
 .text          0x000000000001af63      0x450 build/cooja/mtype301.a(link-stats.o)
                0x000000000001af63                link_stats_from_lladdr
                0x000000000001af90                link_stats_get_lladdr
                0x000000000001afbd                link_stats_is_fresh
                0x000000000001b00a                guess_etx_from_rssi
                0x000000000001b090                link_stats_packet_sent
                0x000000000001b1d4                link_stats_input_callback
                0x000000000001b308                link_stats_reset
                0x000000000001b36a                link_stats_init
 .text          0x000000000001b3b3      0x1a8 build/cooja/mtype301.a(mac-sequence.o)
                0x000000000001b3b3                mac_sequence_is_duplicate
                0x000000000001b473                mac_sequence_register_seqno
 .text          0x000000000001b55b       0x2d build/cooja/mtype301.a(mac.o)
                0x000000000001b55b                mac_call_sent_callback
 .text          0x000000000001b588      0x477 build/cooja/mtype301.a(framer-802154.o)
                0x000000000001b72b                framer_802154_setup_params
 .text          0x000000000001b9ff      0xc1a build/cooja/mtype301.a(frame802154.o)
                0x000000000001ba3a                frame802154_get_pan_id
                0x000000000001ba50                frame802154_set_pan_id
                0x000000000001ba75                frame802154_has_panid
                0x000000000001bc2e                frame802154_check_dest_panid
                0x000000000001bcc0                frame802154_is_broadcast_addr
                0x000000000001bd17                frame802154_extract_linkaddr
                0x000000000001bfa0                frame802154_hdrlen
                0x000000000001c01d                frame802154_create_fcf
                0x000000000001c0df                frame802154_create
                0x000000000001c26a                frame802154_parse_fcf
                0x000000000001c356                frame802154_parse
 .text          0x000000000001c619       0x4e build/cooja/mtype301.a(csma-security.o)
                0x000000000001c619                csma_security_create_frame
                0x000000000001c64a                csma_security_parse_frame
 .text          0x000000000001c667      0x5d3 build/cooja/mtype301.a(uipbuf.o)
                0x000000000001c667                uipbuf_clear
                0x000000000001c69e                uipbuf_add_ext_hdr
                0x000000000001c739                uipbuf_set_len
                0x000000000001c773                uipbuf_set_len_field
                0x000000000001c7a9                uipbuf_get_len_field
                0x000000000001c7d3                uipbuf_get_next_header
                0x000000000001c924                uipbuf_get_last_header
                0x000000000001c9a7                uipbuf_search_header
                0x000000000001ca6b                uipbuf_get_attr
                0x000000000001ca9c                uipbuf_set_attr
                0x000000000001cadd                uipbuf_set_default_attr
                0x000000000001cb1e                uipbuf_clear_attr
                0x000000000001cb5e                uipbuf_set_attr_flag
                0x000000000001cb8a                uipbuf_clr_attr_flag
                0x000000000001cbbc                uipbuf_is_attr_flag
                0x000000000001cbea                uipbuf_init
 .text          0x000000000001cc3a      0x8b7 build/cooja/mtype301.a(uip-icmp6.o)
                0x000000000001ccbf                uip_icmp6_input
                0x000000000001cd20                uip_icmp6_register_input_handler
                0x000000000001ced4                uip_icmp6_error_output
                0x000000000001d216                uip_icmp6_send
                0x000000000001d444                uip_icmp6_echo_reply_callback_add
                0x000000000001d487                uip_icmp6_echo_reply_callback_rm
                0x000000000001d4b5                uip_icmp6_init
 .text          0x000000000001d4f1      0x772 build/cooja/mtype301.a(uip-sr.o)
                0x000000000001d4f1                uip_sr_num_nodes
                0x000000000001d59d                uip_sr_get_node
                0x000000000001d604                uip_sr_is_addr_reachable
                0x000000000001d6c1                uip_sr_expire_parent
                0x000000000001d714                uip_sr_update_node
                0x000000000001d858                uip_sr_init
                0x000000000001d89e                uip_sr_node_head
                0x000000000001d8c8                uip_sr_node_next
                0x000000000001d8ee                uip_sr_periodic
                0x000000000001da0a                uip_sr_free_all
                0x000000000001da8f                uip_sr_link_snprint
 .text          0x000000000001dc63      0x1a5 build/cooja/mtype301.a(uip-packetqueue)
                0x000000000001dca3                uip_packetqueue_new
                0x000000000001dcbc                uip_packetqueue_alloc
                0x000000000001dd2b                uip_packetqueue_free
                0x000000000001dd83                uip_packetqueue_buf
                0x000000000001ddaa                uip_packetqueue_buflen
                0x000000000001ddd5                uip_packetqueue_set_buflen
 .text          0x000000000001de08      0x152 build/cooja/mtype301.a(uip-udp-packet.)
                0x000000000001de08                uip_udp_packet_send
                0x000000000001de81                uip_udp_packet_sendto
 .text          0x000000000001df5a       0x8d build/cooja/mtype301.a(rpl-nbr-policy.)
                0x000000000001dfa6                rpl_nbr_gc_get_worst
 .text          0x000000000001dfe7      0xaad build/cooja/mtype301.a(rpl-neighbor.o)
                0x000000000001e083                rpl_neighbor_snprint
                0x000000000001e36b                rpl_neighbor_print_list
                0x000000000001e43e                rpl_neighbor_count
                0x000000000001e521                rpl_neighbor_get_from_lladdr
                0x000000000001e54e                rpl_neighbor_is_acceptable_parent
                0x000000000001e594                rpl_neighbor_get_link_metric
                0x000000000001e5da                rpl_neighbor_rank_via_nbr
                0x000000000001e620                rpl_neighbor_get_lladdr
                0x000000000001e64d                rpl_neighbor_get_ipaddr
                0x000000000001e683                rpl_neighbor_get_link_stats
                0x000000000001e6b9                rpl_neighbor_is_fresh
                0x000000000001e6ef                rpl_neighbor_is_parent
                0x000000000001e726                rpl_neighbor_set_preferred_parent
                0x000000000001e7e0                rpl_neighbor_remove_all
                0x000000000001e84d                rpl_neighbor_get_from_ipaddr
                0x000000000001e987                rpl_neighbor_select_best
                0x000000000001ea62                rpl_neighbor_init
 .text          0x000000000001ea94     0x11f4 build/cooja/mtype301.a(rpl-dag.o)
                0x000000000001ea94                rpl_dag_state_to_str
                0x000000000001eae2                rpl_dag_get_root_ipaddr
                0x000000000001eb32                rpl_dag_leave
                0x000000000001ebe8                rpl_dag_poison_and_leave
                0x000000000001ec14                rpl_dag_periodic
                0x000000000001ecd9                rpl_is_addr_in_our_dag
                0x000000000001ed38                rpl_get_default_instance
                0x000000000001ed62                rpl_get_any_dag
                0x000000000001edd8                rpl_refresh_routes
                0x000000000001ee3b                rpl_global_repair
                0x000000000001ef0c                rpl_local_repair
                0x000000000001ef71                rpl_dag_ready_to_advertise
                0x000000000001efca                rpl_dag_update_state
                0x000000000001f846                rpl_process_dio
                0x000000000001f8e1                rpl_process_dis
                0x000000000001f937                rpl_process_dao
                0x000000000001f9d8                rpl_process_dao_ack
                0x000000000001fa94                rpl_process_hbh
                0x000000000001faf4                rpl_dag_init_root
                0x000000000001fc56                rpl_dag_init
 .text          0x000000000001fc88      0xd8d build/cooja/mtype301.a(rpl-timers.o)
                0x000000000001fc88                rpl_timers_schedule_periodic_dis
                0x000000000001fe32                rpl_timers_dio_reset
                0x000000000001ffaa                rpl_timers_schedule_unicast_dio
                0x000000000002017d                rpl_timers_schedule_dao
                0x0000000000020283                rpl_timers_schedule_dao_ack
                0x0000000000020352                rpl_timers_notify_dao_ack
                0x00000000000203d8                get_probing_delay
                0x000000000002041d                get_probing_target
                0x0000000000020652                rpl_schedule_probing
                0x000000000002069e                rpl_schedule_probing_now
                0x0000000000020738                rpl_timers_unschedule_leaving
                0x0000000000020792                rpl_timers_schedule_leaving
                0x00000000000207f7                rpl_timers_init
                0x00000000000208b9                rpl_timers_stop_dag_timers
                0x0000000000020976                rpl_timers_unschedule_state_update
                0x00000000000209b2                rpl_timers_schedule_state_update
 .text          0x0000000000020a15      0xd42 build/cooja/mtype301.a(rpl-ext-header.)
                0x0000000000020a15                rpl_ext_header_srh_get_next_hop
                0x0000000000020b20                rpl_ext_header_srh_update
                0x0000000000021152                rpl_ext_header_hbh_update
                0x00000000000214d1                rpl_ext_header_update
                0x0000000000021580                rpl_ext_header_remove
 .text          0x0000000000021757      0x39b build/cooja/mtype301.a(rpl-mrhof.o)
 *fill*         0x0000000000021af2        0xe 
 .text          0x0000000000021b00       0x14 /usr/lib/i386-linux-gnu/libc_nonshared.a(stack_chk_fail_local.oS)
                0x0000000000021b00                __stack_chk_fail_local
 .text          0x0000000000021b14        0x0 /usr/lib/gcc/i686-linux-gnu/7/crtendS.o
 .text          0x0000000000021b14        0x0 /usr/lib/gcc/i686-linux-gnu/7/../../../i386-linux-gnu/crtn.o
 *(.gnu.warning)

.fini           0x0000000000021b14       0x14
 *(SORT_NONE(.fini))
 .fini          0x0000000000021b14        0xf /usr/lib/gcc/i686-linux-gnu/7/../../../i386-linux-gnu/crti.o
                0x0000000000021b14                _fini
 .fini          0x0000000000021b23        0x5 /usr/lib/gcc/i686-linux-gnu/7/../../../i386-linux-gnu/crtn.o
                [!provide]                        PROVIDE (__etext = .)
                [!provide]                        PROVIDE (_etext = .)
                [!provide]                        PROVIDE (etext = .)

.rodata         0x0000000000021b28      0x5df
 *(.rodata .rodata.* .gnu.linkonce.r.*)
 .rodata        0x0000000000021b28       0x7c rpl_client.o
 .rodata        0x0000000000021ba4        0x6 build/cooja/mtype301.a(leds-arch.o)
                0x0000000000021ba4                leds_arch_leds
 .rodata        0x0000000000021baa        0x4 build/cooja/mtype301.a(pir-sensor.o)
 .rodata        0x0000000000021bae        0x6 build/cooja/mtype301.a(rs232.o)
 .rodata        0x0000000000021bb4        0xa build/cooja/mtype301.a(vib-sensor.o)
 *fill*         0x0000000000021bbe        0x2 
 .rodata        0x0000000000021bc0       0x27 build/cooja/mtype301.a(cfs-cooja.o)
 *fill*         0x0000000000021be7        0x1 
 .rodata        0x0000000000021be8       0x68 build/cooja/mtype301.a(cooja-radio.o)
 .rodata        0x0000000000021c50        0x8 build/cooja/mtype301.a(sensors.o)
 .rodata        0x0000000000021c58       0x14 build/cooja/mtype301.a(buttons.o)
                0x0000000000021c64                button_hal_button_count
 .rodata        0x0000000000021c6c       0xf4 build/cooja/mtype301.a(contiki-main.o)
 .rodata        0x0000000000021d60        0xf build/cooja/mtype301.a(ctimer.o)
 *fill*         0x0000000000021d6f        0x1 
 .rodata        0x0000000000021d70       0xc4 build/cooja/mtype301.a(log.o)
 .rodata        0x0000000000021e34        0xc build/cooja/mtype301.a(etimer.o)
 .rodata        0x0000000000021e40       0x13 build/cooja/mtype301.a(button-hal.o)
 .rodata        0x0000000000021e53        0xe build/cooja/mtype301.a(serial-line.o)
 *fill*         0x0000000000021e61        0x3 
 .rodata        0x0000000000021e64        0x8 build/cooja/mtype301.a(linkaddr.o)
                0x0000000000021e64                linkaddr_null
 .rodata        0x0000000000021e6c        0x5 build/cooja/mtype301.a(csma.o)
 *fill*         0x0000000000021e71        0x3 
 .rodata        0x0000000000021e74       0x24 build/cooja/mtype301.a(csma-output.o)
 .rodata        0x0000000000021e98       0x4d build/cooja/mtype301.a(uip-ds6-route.o)
 .rodata        0x0000000000021ee5        0xd build/cooja/mtype301.a(tcpip.o)
 .rodata        0x0000000000021ef2       0x13 build/cooja/mtype301.a(simple-udp.o)
 *fill*         0x0000000000021f05        0x3 
 .rodata        0x0000000000021f08       0x1f build/cooja/mtype301.a(sicslowpan.o)
                0x0000000000021f08                unc_llconf
                0x0000000000021f0c                unc_ctxconf
                0x0000000000021f10                unc_mxconf
                0x0000000000021f14                llprefix
 .rodata        0x0000000000021f27       0x2d build/cooja/mtype301.a(uiplib.o)
 .rodata        0x0000000000021f54        0x9 build/cooja/mtype301.a(rpl.o)
 *fill*         0x0000000000021f5d        0x3 
 .rodata        0x0000000000021f60       0x25 build/cooja/mtype301.a(assert.o)
 .rodata        0x0000000000021f85       0x44 build/cooja/mtype301.a(uip-sr.o)
 *fill*         0x0000000000021fc9        0x3 
 .rodata        0x0000000000021fcc       0x58 build/cooja/mtype301.a(rpl-neighbor.o)
 .rodata        0x0000000000022024       0xd7 build/cooja/mtype301.a(rpl-dag.o)
 .rodata        0x00000000000220fb        0xc build/cooja/mtype301.a(rpl-timers.o)

.rodata1
 *(.rodata1)

.eh_frame_hdr   0x0000000000022108     0x167c
 *(.eh_frame_hdr)
 .eh_frame_hdr  0x0000000000022108     0x167c rpl_client.o
                0x0000000000022108                __GNU_EH_FRAME_HDR
 *(.eh_frame_entry .eh_frame_entry.*)

.eh_frame       0x0000000000023784     0x60ec
 *(.eh_frame)
 .eh_frame      0x0000000000023784       0x3c /usr/lib/gcc/i686-linux-gnu/7/../../../i386-linux-gnu/crti.o
                                         0x40 (size before relaxing)
 .eh_frame      0x00000000000237c0       0x14 /usr/lib/gcc/i686-linux-gnu/7/../../../i386-linux-gnu/crti.o
                                         0x2c (size before relaxing)
 .eh_frame      0x00000000000237d4       0x48 rpl_client.o
                                         0x74 (size before relaxing)
 .eh_frame      0x000000000002381c      0x1ac build/cooja/mtype301.o
                                        0x1ec (size before relaxing)
 .eh_frame      0x00000000000239c8       0x48 build/cooja/mtype301.a(simEnvChange.o)
                                         0x74 (size before relaxing)
 .eh_frame      0x0000000000023a10       0x6c build/cooja/mtype301.a(cooja_mt.o)
                                         0x98 (size before relaxing)
 .eh_frame      0x0000000000023a7c       0x88 build/cooja/mtype301.a(cooja_mtarch.o)
                                         0xc8 (size before relaxing)
 .eh_frame      0x0000000000023b04       0xe4 build/cooja/mtype301.a(rtimer-arch.o)
                                        0x110 (size before relaxing)
 .eh_frame      0x0000000000023be8      0x160 build/cooja/mtype301.a(beep.o)
                                        0x18c (size before relaxing)
 .eh_frame      0x0000000000023d48       0x88 build/cooja/mtype301.a(leds-arch.o)
                                         0xc8 (size before relaxing)
 .eh_frame      0x0000000000023dd0       0x44 build/cooja/mtype301.a(moteid.o)
                                         0x70 (size before relaxing)
 .eh_frame      0x0000000000023e14       0xa4 build/cooja/mtype301.a(pir-sensor.o)
                                         0xe4 (size before relaxing)
 .eh_frame      0x0000000000023eb8      0x110 build/cooja/mtype301.a(rs232.o)
                                        0x150 (size before relaxing)
 .eh_frame      0x0000000000023fc8       0xa4 build/cooja/mtype301.a(vib-sensor.o)
                                         0xe4 (size before relaxing)
 .eh_frame      0x000000000002406c       0xc0 build/cooja/mtype301.a(clock.o)
                                         0xec (size before relaxing)
 .eh_frame      0x000000000002412c      0x130 build/cooja/mtype301.a(cooja-log.o)
                                        0x170 (size before relaxing)
 .eh_frame      0x000000000002425c      0x16c build/cooja/mtype301.a(cfs-cooja.o)
                                        0x1ac (size before relaxing)
 .eh_frame      0x00000000000243c8      0x374 build/cooja/mtype301.a(cooja-radio.o)
                                        0x3b4 (size before relaxing)
 .eh_frame      0x000000000002473c       0xa8 build/cooja/mtype301.a(eeprom.o)
                                         0xe8 (size before relaxing)
 .eh_frame      0x00000000000247e4       0x48 build/cooja/mtype301.a(random.o)
                                         0x74 (size before relaxing)
 .eh_frame      0x000000000002482c       0xd0 build/cooja/mtype301.a(sensors.o)
                                        0x110 (size before relaxing)
 .eh_frame      0x00000000000248fc      0x140 build/cooja/mtype301.a(leds.o)
                                        0x180 (size before relaxing)
 .eh_frame      0x0000000000024a3c      0x228 build/cooja/mtype301.a(gpio-hal-arch.o)
                                        0x27c (size before relaxing)
 .eh_frame      0x0000000000024c64       0xa4 build/cooja/mtype301.a(buttons.o)
                                         0xe4 (size before relaxing)
 .eh_frame      0x0000000000024d08       0x38 build/cooja/mtype301.a(contiki-main.o)
                                         0x64 (size before relaxing)
 .eh_frame      0x0000000000024d40       0x48 build/cooja/mtype301.a(autostart.o)
                                         0x74 (size before relaxing)
 .eh_frame      0x0000000000024d88      0x11c build/cooja/mtype301.a(ctimer.o)
                                        0x15c (size before relaxing)
 .eh_frame      0x0000000000024ea4      0x144 build/cooja/mtype301.a(log.o)
                                        0x184 (size before relaxing)
 .eh_frame      0x0000000000024fe8       0x60 build/cooja/mtype301.a(energest.o)
                                         0x8c (size before relaxing)
 .eh_frame      0x0000000000025048      0x204 build/cooja/mtype301.a(etimer.o)
                                        0x244 (size before relaxing)
 .eh_frame      0x000000000002524c       0x20 build/cooja/mtype301.a(node-id.o)
                                         0x4c (size before relaxing)
 .eh_frame      0x000000000002526c       0x6c build/cooja/mtype301.a(rtimer.o)
                                         0xc0 (size before relaxing)
 .eh_frame      0x00000000000252d8      0x1ec build/cooja/mtype301.a(process.o)
                                        0x22c (size before relaxing)
 .eh_frame      0x00000000000254c4       0xb4 build/cooja/mtype301.a(timer.o)
                                         0xe0 (size before relaxing)
 .eh_frame      0x0000000000025578      0x1a0 build/cooja/mtype301.a(list.o)
                                        0x1cc (size before relaxing)
 .eh_frame      0x0000000000025718      0x188 build/cooja/mtype301.a(button-hal.o)
                                        0x1c8 (size before relaxing)
 .eh_frame      0x00000000000258a0       0x6c build/cooja/mtype301.a(serial-line.o)
                                         0x98 (size before relaxing)
 .eh_frame      0x000000000002590c       0xfc build/cooja/mtype301.a(gpio-hal.o)
                                        0x13c (size before relaxing)
 .eh_frame      0x0000000000025a08      0x1c0 build/cooja/mtype301.a(queuebuf.o)
                                        0x200 (size before relaxing)
 .eh_frame      0x0000000000025bc8      0x2b0 build/cooja/mtype301.a(packetbuf.o)
                                        0x2f0 (size before relaxing)
 .eh_frame      0x0000000000025e78       0x90 build/cooja/mtype301.a(netstack.o)
                                         0xd0 (size before relaxing)
 .eh_frame      0x0000000000025f08       0x64 build/cooja/mtype301.a(linkaddr.o)
                                         0x90 (size before relaxing)
 .eh_frame      0x0000000000025f6c       0xf0 build/cooja/mtype301.a(csma.o)
                                        0x130 (size before relaxing)
 .eh_frame      0x000000000002605c      0x1f8 build/cooja/mtype301.a(csma-output.o)
                                        0x238 (size before relaxing)
 .eh_frame      0x0000000000026254      0x364 build/cooja/mtype301.a(uip-ds6.o)
                                        0x3a4 (size before relaxing)
 .eh_frame      0x00000000000265b8      0x260 build/cooja/mtype301.a(uip-ds6-route.o)
                                        0x2a0 (size before relaxing)
 .eh_frame      0x0000000000026818      0x270 build/cooja/mtype301.a(tcpip.o)
                                        0x2b0 (size before relaxing)
 .eh_frame      0x0000000000026a88      0x20c build/cooja/mtype301.a(uip6.o)
                                        0x24c (size before relaxing)
 .eh_frame      0x0000000000026c94      0x1e8 build/cooja/mtype301.a(uip-ds6-nbr.o)
                                        0x228 (size before relaxing)
 .eh_frame      0x0000000000026e7c       0x8c build/cooja/mtype301.a(uip-nd6.o)
                                         0xe0 (size before relaxing)
 .eh_frame      0x0000000000026f08       0xe8 build/cooja/mtype301.a(simple-udp.o)
                                        0x128 (size before relaxing)
 .eh_frame      0x0000000000026ff0      0x354 build/cooja/mtype301.a(sicslowpan.o)
                                        0x3a8 (size before relaxing)
 .eh_frame      0x0000000000027344       0x9c build/cooja/mtype301.a(uiplib.o)
                                         0xdc (size before relaxing)
 .eh_frame      0x00000000000273e0      0x1fc build/cooja/mtype301.a(rpl.o)
                                        0x23c (size before relaxing)
 .eh_frame      0x00000000000275dc      0x1f0 build/cooja/mtype301.a(rpl-icmp6.o)
                                        0x230 (size before relaxing)
 .eh_frame      0x00000000000277cc       0xb0 build/cooja/mtype301.a(rpl-dag-root.o)
                                         0xf0 (size before relaxing)
 .eh_frame      0x000000000002787c       0xa4 build/cooja/mtype301.a(watchdog.o)
                                         0xd0 (size before relaxing)
 .eh_frame      0x0000000000027920       0x80 build/cooja/mtype301.a(int-master.o)
                                         0xac (size before relaxing)
 .eh_frame      0x00000000000279a0       0xd8 build/cooja/mtype301.a(stimer.o)
                                        0x104 (size before relaxing)
 .eh_frame      0x0000000000027a78       0xa0 build/cooja/mtype301.a(ringbuf.o)
                                         0xcc (size before relaxing)
 .eh_frame      0x0000000000027b18       0xa4 build/cooja/mtype301.a(memb.o)
                                         0xe4 (size before relaxing)
 .eh_frame      0x0000000000027bbc       0x24 build/cooja/mtype301.a(assert.o)
                                         0x50 (size before relaxing)
 .eh_frame      0x0000000000027be0      0x428 build/cooja/mtype301.a(nbr-table.o)
                                        0x468 (size before relaxing)
 .eh_frame      0x0000000000028008      0x140 build/cooja/mtype301.a(link-stats.o)
                                        0x180 (size before relaxing)
 .eh_frame      0x0000000000028148       0x50 build/cooja/mtype301.a(mac-sequence.o)
                                         0x7c (size before relaxing)
 .eh_frame      0x0000000000028198       0x20 build/cooja/mtype301.a(mac.o)
                                         0x4c (size before relaxing)
 .eh_frame      0x00000000000281b8       0xb4 build/cooja/mtype301.a(framer-802154.o)
                                         0xf4 (size before relaxing)
 .eh_frame      0x000000000002826c      0x1b0 build/cooja/mtype301.a(frame802154.o)
                                        0x1f0 (size before relaxing)
 .eh_frame      0x000000000002841c       0x44 build/cooja/mtype301.a(csma-security.o)
                                         0x84 (size before relaxing)
 .eh_frame      0x0000000000028460      0x204 build/cooja/mtype301.a(uipbuf.o)
                                        0x230 (size before relaxing)
 .eh_frame      0x0000000000028664      0x170 build/cooja/mtype301.a(uip-icmp6.o)
                                        0x1b0 (size before relaxing)
 .eh_frame      0x00000000000287d4      0x1ac build/cooja/mtype301.a(uip-sr.o)
                                        0x1ec (size before relaxing)
 .eh_frame      0x0000000000028980       0xec build/cooja/mtype301.a(uip-packetqueue)
                                        0x12c (size before relaxing)
 .eh_frame      0x0000000000028a6c       0x44 build/cooja/mtype301.a(uip-udp-packet.)
                                         0x84 (size before relaxing)
 .eh_frame      0x0000000000028ab0       0x48 build/cooja/mtype301.a(rpl-nbr-policy.)
                                         0x88 (size before relaxing)
 .eh_frame      0x0000000000028af8      0x2ec build/cooja/mtype301.a(rpl-neighbor.o)
                                        0x340 (size before relaxing)
 .eh_frame      0x0000000000028de4      0x3c0 build/cooja/mtype301.a(rpl-dag.o)
                                        0x414 (size before relaxing)
 .eh_frame      0x00000000000291a4      0x418 build/cooja/mtype301.a(rpl-timers.o)
                                        0x458 (size before relaxing)
 .eh_frame      0x00000000000295bc      0x144 build/cooja/mtype301.a(rpl-ext-header.)
                                        0x184 (size before relaxing)
 .eh_frame      0x0000000000029700      0x150 build/cooja/mtype301.a(rpl-mrhof.o)
                                        0x190 (size before relaxing)
 .eh_frame      0x0000000000029850       0x1c /usr/lib/i386-linux-gnu/libc_nonshared.a(stack_chk_fail_local.oS)
                                         0x48 (size before relaxing)
 .eh_frame      0x000000000002986c        0x4 /usr/lib/gcc/i686-linux-gnu/7/crtendS.o
 *(.eh_frame.*)

.gcc_except_table
 *(.gcc_except_table .gcc_except_table.*)

.gnu_extab
 *(.gnu_extab*)

.exception_ranges
 *(.exception_ranges .exception_ranges*)
                0x000000000002ac18                . = DATA_SEGMENT_ALIGN (CONSTANT (MAXPAGESIZE), CONSTANT (COMMONPAGESIZE))

.eh_frame
 *(.eh_frame)
 *(.eh_frame.*)

.gnu_extab
 *(.gnu_extab)

.gcc_except_table
 *(.gcc_except_table .gcc_except_table.*)

.exception_ranges
 *(.exception_ranges .exception_ranges*)

.tdata
 *(.tdata .tdata.* .gnu.linkonce.td.*)

.tbss
 *(.tbss .tbss.* .gnu.linkonce.tb.*)
 *(.tcommon)

.preinit_array
 *(.preinit_array)

.init_array     0x000000000002ac18        0x4
 *(SORT_BY_INIT_PRIORITY(.init_array.*) SORT_BY_INIT_PRIORITY(.ctors.*))
 *(.init_array EXCLUDE_FILE(*crtend?.o *crtend.o *crtbegin?.o *crtbegin.o) .ctors)
 .init_array    0x000000000002ac18        0x4 /usr/lib/gcc/i686-linux-gnu/7/crtbeginS.o

.fini_array     0x000000000002ac1c        0x4
 *(SORT_BY_INIT_PRIORITY(.fini_array.*) SORT_BY_INIT_PRIORITY(.dtors.*))
 *(.fini_array EXCLUDE_FILE(*crtend?.o *crtend.o *crtbegin?.o *crtbegin.o) .dtors)
 .fini_array    0x000000000002ac1c        0x4 /usr/lib/gcc/i686-linux-gnu/7/crtbeginS.o

.ctors
 *crtbegin.o(.ctors)
 *crtbegin?.o(.ctors)
 *(EXCLUDE_FILE(*crtend?.o *crtend.o) .ctors)
 *(SORT_BY_NAME(.ctors.*))
 *(.ctors)

.dtors
 *crtbegin.o(.dtors)
 *crtbegin?.o(.dtors)
 *(EXCLUDE_FILE(*crtend?.o *crtend.o) .dtors)
 *(SORT_BY_NAME(.dtors.*))
 *(.dtors)

.jcr
 *(.jcr)

.data.rel.ro    0x000000000002ac20      0x198
 *(.data.rel.ro.local* .gnu.linkonce.d.rel.ro.local.*)
 .data.rel.ro.local
                0x000000000002ac20        0x8 rpl_client.o
                0x000000000002ac20                autostart_processes
 .data.rel.ro.local
                0x000000000002ac28        0x8 build/cooja/mtype301.a(beep.o)
                0x000000000002ac28                beep_interface
 .data.rel.ro.local
                0x000000000002ac30        0x8 build/cooja/mtype301.a(leds-arch.o)
                0x000000000002ac30                leds_interface
 .data.rel.ro.local
                0x000000000002ac38        0x8 build/cooja/mtype301.a(moteid.o)
                0x000000000002ac38                moteid_interface
 .data.rel.ro.local
                0x000000000002ac40       0x18 build/cooja/mtype301.a(pir-sensor.o)
                0x000000000002ac40                pir_interface
                0x000000000002ac48                pir_sensor
 .data.rel.ro.local
                0x000000000002ac58        0x8 build/cooja/mtype301.a(rs232.o)
                0x000000000002ac58                rs232_interface
 .data.rel.ro.local
                0x000000000002ac60       0x18 build/cooja/mtype301.a(vib-sensor.o)
                0x000000000002ac60                vib_interface
                0x000000000002ac68                vib_sensor
 .data.rel.ro.local
                0x000000000002ac78        0x8 build/cooja/mtype301.a(clock.o)
                0x000000000002ac78                clock_interface
 .data.rel.ro.local
                0x000000000002ac80        0x8 build/cooja/mtype301.a(cooja-log.o)
                0x000000000002ac80                simlog_interface
 .data.rel.ro.local
                0x000000000002ac88        0x8 build/cooja/mtype301.a(cfs-cooja.o)
                0x000000000002ac88                cfs_interface
 *fill*         0x000000000002ac90       0x10 
 .data.rel.ro.local
                0x000000000002aca0       0x58 build/cooja/mtype301.a(cooja-radio.o)
                0x000000000002aca0                radio_interface
                0x000000000002acc0                cooja_radio_driver
 .data.rel.ro.local
                0x000000000002acf8        0x8 build/cooja/mtype301.a(eeprom.o)
                0x000000000002acf8                eeprom_interface
 .data.rel.ro.local
                0x000000000002ad00       0x18 build/cooja/mtype301.a(buttons.o)
                0x000000000002ad00                button_interface
                0x000000000002ad08                button_sensor
 .data.rel.ro.local
                0x000000000002ad18       0x1c build/cooja/mtype301.a(csma.o)
                0x000000000002ad18                csma_driver
 .data.rel.ro.local
                0x000000000002ad34       0x10 build/cooja/mtype301.a(sicslowpan.o)
                0x000000000002ad34                sicslowpan_driver
 .data.rel.ro.local
                0x000000000002ad44        0xc build/cooja/mtype301.a(framer-802154.o)
                0x000000000002ad44                framer_802154
 *(.data.rel.ro .data.rel.ro.* .gnu.linkonce.d.rel.ro.*)
 .data.rel.ro   0x000000000002ad50        0x0 /usr/lib/gcc/i686-linux-gnu/7/../../../i386-linux-gnu/crti.o
 *fill*         0x000000000002ad50       0x10 
 .data.rel.ro   0x000000000002ad60       0x54 build/cooja/mtype301.a(rpl.o)
                0x000000000002ad60                rpl_lite_driver
 .data.rel.ro   0x000000000002adb4        0x4 build/cooja/mtype301.a(rpl-dag.o)

.dynamic        0x000000000002adb8       0xf0
 *(.dynamic)
 .dynamic       0x000000000002adb8       0xf0 /usr/lib/gcc/i686-linux-gnu/7/../../../i386-linux-gnu/crti.o
                0x000000000002adb8                _DYNAMIC

.got            0x000000000002aea8      0x148
 *(.got)
 .got           0x000000000002aea8      0x148 /usr/lib/gcc/i686-linux-gnu/7/../../../i386-linux-gnu/crti.o
 *(.igot)
                0x000000000002aff4                . = DATA_SEGMENT_RELRO_END (., (SIZEOF (.got.plt) >= 0xc)?0xc:0x0)

.got.plt        0x000000000002b000      0x4b0
 *(.got.plt)
 .got.plt       0x000000000002b000      0x4b0 /usr/lib/gcc/i686-linux-gnu/7/../../../i386-linux-gnu/crti.o
                0x000000000002b000                _GLOBAL_OFFSET_TABLE_
 *(.igot.plt)

.data           0x000000000002b4c0      0x384
 *(.data .data.* .gnu.linkonce.d.*)
 .data          0x000000000002b4c0        0x0 /usr/lib/gcc/i686-linux-gnu/7/../../../i386-linux-gnu/crti.o
 .data          0x000000000002b4c0        0x0 /usr/lib/gcc/i686-linux-gnu/7/crtbeginS.o
 .data.rel.local
                0x000000000002b4c0        0x4 /usr/lib/gcc/i686-linux-gnu/7/crtbeginS.o
                0x000000000002b4c0                __dso_handle
 .data          0x000000000002b4c4        0x0 rpl_client.o
 .data.rel.local
                0x000000000002b4c4       0x10 rpl_client.o
                0x000000000002b4c4                udp_client_process
 .data          0x000000000002b4d4        0x0 build/cooja/mtype301.o
 *fill*         0x000000000002b4d4        0xc 
 .data.rel      0x000000000002b4e0       0x44 build/cooja/mtype301.o
                0x000000000002b4e0                simInterfaces
                0x000000000002b514                sensors
 .data          0x000000000002b524        0x0 build/cooja/mtype301.a(simEnvChange.o)
 .data          0x000000000002b524        0x0 build/cooja/mtype301.a(cooja_mt.o)
 .data          0x000000000002b524        0x0 build/cooja/mtype301.a(cooja_mtarch.o)
 .data          0x000000000002b524        0x0 build/cooja/mtype301.a(rtimer-arch.o)
 .data          0x000000000002b524        0x0 build/cooja/mtype301.a(beep.o)
 .data          0x000000000002b524        0x0 build/cooja/mtype301.a(leds-arch.o)
 .data          0x000000000002b524        0x0 build/cooja/mtype301.a(moteid.o)
 .data          0x000000000002b524        0x0 build/cooja/mtype301.a(pir-sensor.o)
 .data          0x000000000002b524        0x0 build/cooja/mtype301.a(rs232.o)
 .data          0x000000000002b524        0x0 build/cooja/mtype301.a(vib-sensor.o)
 .data          0x000000000002b524        0x0 build/cooja/mtype301.a(clock.o)
 .data          0x000000000002b524        0x0 build/cooja/mtype301.a(cooja-log.o)
 .data          0x000000000002b524        0x0 build/cooja/mtype301.a(cfs-cooja.o)
 .data          0x000000000002b524       0x20 build/cooja/mtype301.a(cooja-radio.o)
                0x000000000002b524                simRadioHWOn
                0x000000000002b528                simSignalStrength
                0x000000000002b52c                simLastSignalStrength
                0x000000000002b530                simPower
                0x000000000002b534                simRadioChannel
                0x000000000002b538                simLQI
                0x000000000002b53c                simLastLQI
 .data.rel.local
                0x000000000002b544       0x10 build/cooja/mtype301.a(cooja-radio.o)
                0x000000000002b544                cooja_radio_process
 .data          0x000000000002b554        0x0 build/cooja/mtype301.a(eeprom.o)
 .data          0x000000000002b554        0x0 build/cooja/mtype301.a(random.o)
 .data          0x000000000002b554        0x0 build/cooja/mtype301.a(sensors.o)
 .data.rel.local
                0x000000000002b554       0x10 build/cooja/mtype301.a(sensors.o)
                0x000000000002b554                sensors_process
 .data          0x000000000002b564        0x0 build/cooja/mtype301.a(leds.o)
 .data          0x000000000002b564        0x0 build/cooja/mtype301.a(gpio-hal-arch.o)
 .data          0x000000000002b564        0x1 build/cooja/mtype301.a(buttons.o)
                0x000000000002b564                simButtonIsActive
 *fill*         0x000000000002b565       0x1b 
 .data.rel.local
                0x000000000002b580       0x58 build/cooja/mtype301.a(buttons.o)
                0x000000000002b5d0                button_hal_buttons
 .data          0x000000000002b5d8        0x0 build/cooja/mtype301.a(contiki-main.o)
 .data          0x000000000002b5d8        0x0 build/cooja/mtype301.a(autostart.o)
 .data          0x000000000002b5d8        0x0 build/cooja/mtype301.a(ctimer.o)
 .data.rel.local
                0x000000000002b5d8       0x14 build/cooja/mtype301.a(ctimer.o)
                0x000000000002b5dc                ctimer_process
 .data          0x000000000002b5ec        0x4 build/cooja/mtype301.a(log.o)
                0x000000000002b5ec                curr_log_level_main
 *fill*         0x000000000002b5f0       0x10 
 .data.rel.local
                0x000000000002b600       0x9c build/cooja/mtype301.a(log.o)
                0x000000000002b600                all_modules
 .data          0x000000000002b69c        0x0 build/cooja/mtype301.a(energest.o)
 .data          0x000000000002b69c        0x0 build/cooja/mtype301.a(etimer.o)
 .data.rel.local
                0x000000000002b69c       0x10 build/cooja/mtype301.a(etimer.o)
                0x000000000002b69c                etimer_process
 .data          0x000000000002b6ac        0x0 build/cooja/mtype301.a(node-id.o)
 .data          0x000000000002b6ac        0x0 build/cooja/mtype301.a(rtimer.o)
 .data          0x000000000002b6ac        0x0 build/cooja/mtype301.a(process.o)
 .data          0x000000000002b6ac        0x0 build/cooja/mtype301.a(timer.o)
 .data          0x000000000002b6ac        0x0 build/cooja/mtype301.a(list.o)
 .data          0x000000000002b6ac        0x0 build/cooja/mtype301.a(button-hal.o)
 .data.rel.local
                0x000000000002b6ac       0x10 build/cooja/mtype301.a(button-hal.o)
                0x000000000002b6ac                button_hal_process
 .data          0x000000000002b6bc        0x0 build/cooja/mtype301.a(serial-line.o)
 .data.rel.local
                0x000000000002b6bc       0x10 build/cooja/mtype301.a(serial-line.o)
                0x000000000002b6bc                serial_line_process
 .data          0x000000000002b6cc        0x0 build/cooja/mtype301.a(gpio-hal.o)
 .data.rel.local
                0x000000000002b6cc        0x4 build/cooja/mtype301.a(gpio-hal.o)
 .data          0x000000000002b6d0        0x0 build/cooja/mtype301.a(queuebuf.o)
 .data.rel.local
                0x000000000002b6d0       0x18 build/cooja/mtype301.a(queuebuf.o)
 .data          0x000000000002b6e8        0x0 build/cooja/mtype301.a(packetbuf.o)
 .data.rel.local
                0x000000000002b6e8        0x4 build/cooja/mtype301.a(packetbuf.o)
 .data          0x000000000002b6ec        0x0 build/cooja/mtype301.a(netstack.o)
 .data.rel.local
                0x000000000002b6ec        0x4 build/cooja/mtype301.a(netstack.o)
 .data          0x000000000002b6f0        0x0 build/cooja/mtype301.a(linkaddr.o)
 .data          0x000000000002b6f0        0x0 build/cooja/mtype301.a(csma.o)
 .data          0x000000000002b6f0        0x0 build/cooja/mtype301.a(csma-output.o)
 .data.rel.local
                0x000000000002b6f0       0x28 build/cooja/mtype301.a(csma-output.o)
 .data          0x000000000002b718        0x0 build/cooja/mtype301.a(uip-ds6.o)
 .data          0x000000000002b718        0x0 build/cooja/mtype301.a(uip-ds6-route.o)
 .data.rel.local
                0x000000000002b718       0x10 build/cooja/mtype301.a(uip-ds6-route.o)
 .data          0x000000000002b728        0x0 build/cooja/mtype301.a(tcpip.o)
 .data.rel.local
                0x000000000002b728       0x10 build/cooja/mtype301.a(tcpip.o)
                0x000000000002b728                tcpip_process
 .data          0x000000000002b738        0x0 build/cooja/mtype301.a(uip6.o)
 .data          0x000000000002b738        0x0 build/cooja/mtype301.a(uip-ds6-nbr.o)
 .data.rel.local
                0x000000000002b738       0x14 build/cooja/mtype301.a(uip-ds6-nbr.o)
 .data          0x000000000002b74c        0x0 build/cooja/mtype301.a(uip-nd6.o)
 .data.rel.local
                0x000000000002b74c        0xc build/cooja/mtype301.a(uip-nd6.o)
 .data          0x000000000002b758        0x0 build/cooja/mtype301.a(simple-udp.o)
 .data.rel.local
                0x000000000002b758       0x10 build/cooja/mtype301.a(simple-udp.o)
                0x000000000002b758                simple_udp_process
 .data          0x000000000002b768        0x0 build/cooja/mtype301.a(sicslowpan.o)
 .data          0x000000000002b768        0x0 build/cooja/mtype301.a(uiplib.o)
 .data          0x000000000002b768        0x0 build/cooja/mtype301.a(rpl.o)
 .data          0x000000000002b768        0x0 build/cooja/mtype301.a(rpl-icmp6.o)
 .data.rel.local
                0x000000000002b768       0x30 build/cooja/mtype301.a(rpl-icmp6.o)
 .data          0x000000000002b798        0x0 build/cooja/mtype301.a(rpl-dag-root.o)
 .data          0x000000000002b798        0x0 build/cooja/mtype301.a(watchdog.o)
 .data          0x000000000002b798        0x0 build/cooja/mtype301.a(int-master.o)
 .data          0x000000000002b798        0x0 build/cooja/mtype301.a(stimer.o)
 .data          0x000000000002b798        0x0 build/cooja/mtype301.a(ringbuf.o)
 .data          0x000000000002b798        0x0 build/cooja/mtype301.a(memb.o)
 .data          0x000000000002b798        0x0 build/cooja/mtype301.a(assert.o)
 .data          0x000000000002b798        0x0 build/cooja/mtype301.a(nbr-table.o)
 .data.rel.local
                0x000000000002b798       0x10 build/cooja/mtype301.a(nbr-table.o)
 .data          0x000000000002b7a8        0x0 build/cooja/mtype301.a(link-stats.o)
 .data.rel.local
                0x000000000002b7a8       0x14 build/cooja/mtype301.a(link-stats.o)
 .data          0x000000000002b7bc        0x0 build/cooja/mtype301.a(mac-sequence.o)
 .data          0x000000000002b7bc        0x0 build/cooja/mtype301.a(mac.o)
 .data          0x000000000002b7bc        0x0 build/cooja/mtype301.a(framer-802154.o)
 .data          0x000000000002b7bc        0x2 build/cooja/mtype301.a(frame802154.o)
 .data          0x000000000002b7be        0x0 build/cooja/mtype301.a(csma-security.o)
 .data          0x000000000002b7be        0x0 build/cooja/mtype301.a(uipbuf.o)
 .data          0x000000000002b7be        0x0 build/cooja/mtype301.a(uip-icmp6.o)
 *fill*         0x000000000002b7be        0x2 
 .data.rel.local
                0x000000000002b7c0       0x20 build/cooja/mtype301.a(uip-icmp6.o)
 .data          0x000000000002b7e0        0x0 build/cooja/mtype301.a(uip-sr.o)
 .data.rel.local
                0x000000000002b7e0       0x10 build/cooja/mtype301.a(uip-sr.o)
 .data          0x000000000002b7f0        0x0 build/cooja/mtype301.a(uip-packetqueue)
 .data.rel.local
                0x000000000002b7f0        0xc build/cooja/mtype301.a(uip-packetqueue)
 .data          0x000000000002b7fc        0x0 build/cooja/mtype301.a(uip-udp-packet.)
 .data          0x000000000002b7fc        0x0 build/cooja/mtype301.a(rpl-nbr-policy.)
 .data          0x000000000002b7fc        0x0 build/cooja/mtype301.a(rpl-neighbor.o)
 .data.rel.local
                0x000000000002b7fc       0x14 build/cooja/mtype301.a(rpl-neighbor.o)
                0x000000000002b80c                rpl_neighbors
 .data          0x000000000002b810        0x0 build/cooja/mtype301.a(rpl-dag.o)
 .data          0x000000000002b810        0x0 build/cooja/mtype301.a(rpl-timers.o)
 .data          0x000000000002b810        0x0 build/cooja/mtype301.a(rpl-ext-header.)
 .data          0x000000000002b810        0x0 build/cooja/mtype301.a(rpl-mrhof.o)
 *fill*         0x000000000002b810       0x10 
 .data.rel.local
                0x000000000002b820       0x24 build/cooja/mtype301.a(rpl-mrhof.o)
                0x000000000002b820                rpl_mrhof
 .data          0x000000000002b844        0x0 /usr/lib/i386-linux-gnu/libc_nonshared.a(stack_chk_fail_local.oS)
 .data          0x000000000002b844        0x0 /usr/lib/gcc/i686-linux-gnu/7/crtendS.o
 .data          0x000000000002b844        0x0 /usr/lib/gcc/i686-linux-gnu/7/../../../i386-linux-gnu/crtn.o

.tm_clone_table
                0x000000000002b844        0x0
 .tm_clone_table
                0x000000000002b844        0x0 /usr/lib/gcc/i686-linux-gnu/7/crtbeginS.o
 .tm_clone_table
                0x000000000002b844        0x0 /usr/lib/gcc/i686-linux-gnu/7/crtendS.o

.data1
 *(.data1)
                0x000000000002b844                _edata = .
                [!provide]                        PROVIDE (edata = .)
                0x000000000002b844                . = .
                0x000000000002b844                __bss_start = .

.bss            0x000000000002b860    0x13d04
 *(.dynbss)
 .dynbss        0x000000000002b860        0x0 /usr/lib/gcc/i686-linux-gnu/7/../../../i386-linux-gnu/crti.o
 *(.bss .bss.* .gnu.linkonce.b.*)
 .bss           0x000000000002b860        0x0 /usr/lib/gcc/i686-linux-gnu/7/../../../i386-linux-gnu/crti.o
 .bss           0x000000000002b860        0x1 /usr/lib/gcc/i686-linux-gnu/7/crtbeginS.o
 *fill*         0x000000000002b861       0x1f 
 .bss           0x000000000002b880       0x38 rpl_client.o
 *fill*         0x000000000002b8b8        0x8 
 .bss           0x000000000002b8c0     0x2040 build/cooja/mtype301.o
 .bss           0x000000000002d900        0x1 build/cooja/mtype301.a(simEnvChange.o)
                0x000000000002d900                simDontFallAsleep
 *fill*         0x000000000002d901        0x3 
 .bss           0x000000000002d904        0x4 build/cooja/mtype301.a(cooja_mt.o)
 .bss           0x000000000002d908        0x4 build/cooja/mtype301.a(cooja_mtarch.o)
 .bss           0x000000000002d90c        0x0 build/cooja/mtype301.a(rtimer-arch.o)
 .bss           0x000000000002d90c        0x0 build/cooja/mtype301.a(beep.o)
 .bss           0x000000000002d90c        0x1 build/cooja/mtype301.a(leds-arch.o)
                0x000000000002d90c                simLedsValue
 .bss           0x000000000002d90d        0x0 build/cooja/mtype301.a(moteid.o)
 .bss           0x000000000002d90d        0x1 build/cooja/mtype301.a(pir-sensor.o)
                0x000000000002d90d                simPirValue
 *fill*         0x000000000002d90e        0x2 
 .bss           0x000000000002d910        0x4 build/cooja/mtype301.a(rs232.o)
 .bss           0x000000000002d914        0x1 build/cooja/mtype301.a(vib-sensor.o)
                0x000000000002d914                simVibValue
 .bss           0x000000000002d915        0x0 build/cooja/mtype301.a(clock.o)
 *fill*         0x000000000002d915        0xb 
 .bss           0x000000000002d920     0x2020 build/cooja/mtype301.a(cooja-log.o)
 .bss           0x000000000002f940      0xfc0 build/cooja/mtype301.a(cfs-cooja.o)
                0x000000000002f940                simCFSData
                0x00000000000308e0                simCFSSize
                0x00000000000308e4                simCFSChanged
                0x00000000000308e8                simCFSRead
                0x00000000000308ec                simCFSWritten
 .bss           0x0000000000030900       0x24 build/cooja/mtype301.a(cooja-radio.o)
                0x0000000000030900                simReceiving
                0x0000000000030904                simInSize
                0x0000000000030908                simLastPacketTimestamp
                0x0000000000030910                simOutSize
 .bss           0x0000000000030924        0xc build/cooja/mtype301.a(eeprom.o)
                0x0000000000030924                simEEPROMChanged
                0x0000000000030928                simEEPROMRead
                0x000000000003092c                simEEPROMWritten
 .bss           0x0000000000030930        0x0 build/cooja/mtype301.a(random.o)
 .bss           0x0000000000030930        0xc build/cooja/mtype301.a(sensors.o)
 .bss           0x000000000003093c        0x0 build/cooja/mtype301.a(leds.o)
 .bss           0x000000000003093c       0x24 build/cooja/mtype301.a(gpio-hal-arch.o)
 .bss           0x0000000000030960        0x0 build/cooja/mtype301.a(buttons.o)
 .bss           0x0000000000030960        0x0 build/cooja/mtype301.a(contiki-main.o)
 .bss           0x0000000000030960        0x0 build/cooja/mtype301.a(autostart.o)
 .bss           0x0000000000030960        0x5 build/cooja/mtype301.a(ctimer.o)
 *fill*         0x0000000000030965        0x3 
 .bss           0x0000000000030968       0x2c build/cooja/mtype301.a(log.o)
                0x0000000000030968                curr_log_level_rpl
                0x000000000003096c                curr_log_level_tcpip
                0x0000000000030970                curr_log_level_ipv6
                0x0000000000030974                curr_log_level_6lowpan
                0x0000000000030978                curr_log_level_nullnet
                0x000000000003097c                curr_log_level_mac
                0x0000000000030980                curr_log_level_framer
                0x0000000000030984                curr_log_level_6top
                0x0000000000030988                curr_log_level_coap
                0x000000000003098c                curr_log_level_snmp
                0x0000000000030990                curr_log_level_lwm2m
 .bss           0x0000000000030994        0x0 build/cooja/mtype301.a(energest.o)
 .bss           0x0000000000030994        0x8 build/cooja/mtype301.a(etimer.o)
 .bss           0x000000000003099c        0x2 build/cooja/mtype301.a(node-id.o)
                0x000000000003099c                node_id
 *fill*         0x000000000003099e        0x2 
 .bss           0x00000000000309a0        0x4 build/cooja/mtype301.a(rtimer.o)
 *fill*         0x00000000000309a4       0x1c 
 .bss           0x00000000000309c0      0x1a1 build/cooja/mtype301.a(process.o)
                0x00000000000309c0                process_list
                0x00000000000309c4                process_current
 .bss           0x0000000000030b61        0x0 build/cooja/mtype301.a(timer.o)
 .bss           0x0000000000030b61        0x0 build/cooja/mtype301.a(list.o)
 *fill*         0x0000000000030b61        0x3 
 .bss           0x0000000000030b64       0x10 build/cooja/mtype301.a(button-hal.o)
 *fill*         0x0000000000030b74        0xc 
 .bss           0x0000000000030b80      0x140 build/cooja/mtype301.a(serial-line.o)
 .bss           0x0000000000030cc0        0x4 build/cooja/mtype301.a(gpio-hal.o)
 *fill*         0x0000000000030cc4       0x1c 
 .bss           0x0000000000030ce0     0x2c80 build/cooja/mtype301.a(queuebuf.o)
 .bss           0x0000000000033960       0xa0 build/cooja/mtype301.a(packetbuf.o)
 .bss           0x0000000000033a00        0x4 build/cooja/mtype301.a(netstack.o)
 .bss           0x0000000000033a04        0x0 build/cooja/mtype301.a(linkaddr.o)
 .bss           0x0000000000033a04        0x0 build/cooja/mtype301.a(csma.o)
 *fill*         0x0000000000033a04       0x1c 
 .bss           0x0000000000033a20      0x726 build/cooja/mtype301.a(csma-output.o)
 *fill*         0x0000000000034146        0x2 
 .bss           0x0000000000034148       0x30 build/cooja/mtype301.a(uip-ds6.o)
 *fill*         0x0000000000034178        0x8 
 .bss           0x0000000000034180       0x60 build/cooja/mtype301.a(uip-ds6-route.o)
 .bss           0x00000000000341e0       0x10 build/cooja/mtype301.a(tcpip.o)
 .bss           0x00000000000341f0        0x8 build/cooja/mtype301.a(uip6.o)
                0x00000000000341f0                uip_ext_bitmap
                0x00000000000341f2                uip_ext_len
                0x00000000000341f4                uip_last_proto
 *fill*         0x00000000000341f8        0x8 
 .bss           0x0000000000034200     0x1c20 build/cooja/mtype301.a(uip-ds6-nbr.o)
 .bss           0x0000000000035e20       0x10 build/cooja/mtype301.a(uip-nd6.o)
 *fill*         0x0000000000035e30       0x10 
 .bss           0x0000000000035e40      0x520 build/cooja/mtype301.a(simple-udp.o)
 .bss           0x0000000000036360      0x724 build/cooja/mtype301.a(sicslowpan.o)
 .bss           0x0000000000036a84        0x0 build/cooja/mtype301.a(uiplib.o)
 .bss           0x0000000000036a84        0x1 build/cooja/mtype301.a(rpl.o)
 .bss           0x0000000000036a85        0x0 build/cooja/mtype301.a(rpl-icmp6.o)
 *fill*         0x0000000000036a85        0x3 
 .bss           0x0000000000036a88       0x11 build/cooja/mtype301.a(rpl-dag-root.o)
 .bss           0x0000000000036a99        0x0 build/cooja/mtype301.a(watchdog.o)
 *fill*         0x0000000000036a99        0x3 
 .bss           0x0000000000036a9c        0x4 build/cooja/mtype301.a(int-master.o)
 .bss           0x0000000000036aa0        0x0 build/cooja/mtype301.a(stimer.o)
 .bss           0x0000000000036aa0        0x0 build/cooja/mtype301.a(ringbuf.o)
 .bss           0x0000000000036aa0        0x0 build/cooja/mtype301.a(memb.o)
 .bss           0x0000000000036aa0        0x0 build/cooja/mtype301.a(assert.o)
 .bss           0x0000000000036aa0     0x1214 build/cooja/mtype301.a(nbr-table.o)
 *fill*         0x0000000000037cb4        0xc 
 .bss           0x0000000000037cc0      0xe10 build/cooja/mtype301.a(link-stats.o)
 *fill*         0x0000000000038ad0       0x10 
 .bss           0x0000000000038ae0      0x100 build/cooja/mtype301.a(mac-sequence.o)
 .bss           0x0000000000038be0        0x0 build/cooja/mtype301.a(mac.o)
 .bss           0x0000000000038be0        0x2 build/cooja/mtype301.a(framer-802154.o)
 .bss           0x0000000000038be2        0x0 build/cooja/mtype301.a(frame802154.o)
 .bss           0x0000000000038be2        0x0 build/cooja/mtype301.a(csma-security.o)
 *fill*         0x0000000000038be2        0x2 
 .bss           0x0000000000038be4       0x20 build/cooja/mtype301.a(uipbuf.o)
 .bss           0x0000000000038c04       0x18 build/cooja/mtype301.a(uip-icmp6.o)
 *fill*         0x0000000000038c1c        0x4 
 .bss           0x0000000000038c20     0x1d80 build/cooja/mtype301.a(uip-sr.o)
 .bss           0x000000000003a9a0      0xa78 build/cooja/mtype301.a(uip-packetqueue)
 .bss           0x000000000003b418        0x0 build/cooja/mtype301.a(uip-udp-packet.)
 .bss           0x000000000003b418        0x0 build/cooja/mtype301.a(rpl-nbr-policy.)
 *fill*         0x000000000003b418        0x8 
 .bss           0x000000000003b420      0x960 build/cooja/mtype301.a(rpl-neighbor.o)
 .bss           0x000000000003bd80        0x0 build/cooja/mtype301.a(rpl-dag.o)
 .bss           0x000000000003bd80       0x40 build/cooja/mtype301.a(rpl-timers.o)
 .bss           0x000000000003bdc0        0x0 build/cooja/mtype301.a(rpl-ext-header.)
 .bss           0x000000000003bdc0        0x0 build/cooja/mtype301.a(rpl-mrhof.o)
 .bss           0x000000000003bdc0        0x0 /usr/lib/i386-linux-gnu/libc_nonshared.a(stack_chk_fail_local.oS)
 .bss           0x000000000003bdc0        0x0 /usr/lib/gcc/i686-linux-gnu/7/crtendS.o
 .bss           0x000000000003bdc0        0x0 /usr/lib/gcc/i686-linux-gnu/7/../../../i386-linux-gnu/crtn.o
 *(COMMON)
 COMMON         0x000000000003bdc0        0x8 build/cooja/mtype301.o
                0x000000000003bdc0                referenceVar
                0x000000000003bdc4                sensors_flags
 COMMON         0x000000000003bdc8        0xc build/cooja/mtype301.a(simEnvChange.o)
                0x000000000003bdc8                simEtimerPending
                0x000000000003bdcc                simProcessRunValue
                0x000000000003bdd0                simEtimerNextExpirationTime
 *fill*         0x000000000003bdd4        0x4 
 COMMON         0x000000000003bdd8       0x18 build/cooja/mtype301.a(rtimer-arch.o)
                0x000000000003bdd8                simRtimerPending
                0x000000000003bde0                simRtimerCurrentTicks
                0x000000000003bde8                simRtimerNextExpirationTime
 COMMON         0x000000000003bdf0        0x1 build/cooja/mtype301.a(beep.o)
                0x000000000003bdf0                simBeeped
 *fill*         0x000000000003bdf1        0x3 
 COMMON         0x000000000003bdf4        0xc build/cooja/mtype301.a(moteid.o)
                0x000000000003bdf4                simRandomSeed
                0x000000000003bdf8                simMoteIDChanged
                0x000000000003bdfc                simMoteID
 COMMON         0x000000000003be00        0x2 build/cooja/mtype301.a(pir-sensor.o)
                0x000000000003be00                simPirIsActive
                0x000000000003be01                simPirChanged
 *fill*         0x000000000003be02       0x1e 
 COMMON         0x000000000003be20      0x820 build/cooja/mtype301.a(rs232.o)
                0x000000000003be20                simSerialReceivingFlag
                0x000000000003be24                simSerialReceivingLength
                0x000000000003be40                simSerialReceivingData
 COMMON         0x000000000003c640        0x2 build/cooja/mtype301.a(vib-sensor.o)
                0x000000000003c640                simVibChanged
                0x000000000003c641                simVibIsActive
 *fill*         0x000000000003c642        0x2 
 COMMON         0x000000000003c644        0x4 build/cooja/mtype301.a(clock.o)
                0x000000000003c644                simCurrentTime
 *fill*         0x000000000003c648       0x18 
 COMMON         0x000000000003c660     0x2020 build/cooja/mtype301.a(cooja-log.o)
                0x000000000003c660                simLoggedLength
                0x000000000003c664                simLoggedFlag
                0x000000000003c680                simLoggedData
 COMMON         0x000000000003e680       0xfd build/cooja/mtype301.a(cooja-radio.o)
                0x000000000003e680                simOutDataBuffer
                0x000000000003e700                simInDataBuffer